2026-07-08 01:07:42,099 work dir: work_dirs/abl-noskip
2026-07-08 01:07:42,669 mixed dataset: 21120 clips from 1 sources
2026-07-08 01:07:43,245 step    0  loss 8.4073  skip 0.00
2026-07-08 01:07:48,409 step   50  loss 3.1610  skip 0.00
2026-07-08 01:07:53,572 step  100  loss 2.9135  skip 0.00
2026-07-08 01:07:58,741 step  150  loss 2.3138  skip 0.00
2026-07-08 01:08:03,903 step  200  loss 2.7042  skip 0.00
2026-07-08 01:08:09,070 step  250  loss 2.2805  skip 0.00
2026-07-08 01:08:14,240 step  300  loss 3.2602  skip 0.00
2026-07-08 01:08:19,414 step  350  loss 3.0093  skip 0.00
2026-07-08 01:08:24,583 step  400  loss 2.9397  skip 0.00
2026-07-08 01:08:29,969 step  450  loss 2.9019  skip 0.00
2026-07-08 01:08:36,125 step  500  loss 2.5476  skip 0.00
2026-07-08 01:08:42,344 step  550  loss 3.6185  skip 0.00
2026-07-08 01:08:48,517 step  600  loss 2.4082  skip 0.00
2026-07-08 01:08:54,584 step  650  loss 2.4280  skip 0.00
2026-07-08 01:09:00,709 step  700  loss 2.6792  skip 0.00
2026-07-08 01:09:06,867 step  750  loss 2.4753  skip 0.00
2026-07-08 01:09:13,024 step  800  loss 2.1963  skip 0.00
2026-07-08 01:09:19,127 step  850  loss 2.3506  skip 0.00
2026-07-08 01:09:25,274 step  900  loss 2.2281  skip 0.00
2026-07-08 01:09:31,455 step  950  loss 2.7246  skip 0.00
2026-07-08 01:09:37,603 step 1000  loss 2.6528  skip 0.00
2026-07-08 01:09:43,775 step 1050  loss 2.4283  skip 0.00
2026-07-08 01:09:49,916 step 1100  loss 1.9272  skip 0.00
2026-07-08 01:09:55,844 step 1150  loss 2.0823  skip 0.00
2026-07-08 01:10:01,035 step 1200  loss 3.0080  skip 0.00
2026-07-08 01:10:06,230 step 1250  loss 2.5726  skip 0.00
2026-07-08 01:10:11,427 step 1300  loss 2.7056  skip 0.00
2026-07-08 01:10:16,614 step 1350  loss 2.2690  skip 0.00
2026-07-08 01:10:21,810 step 1400  loss 2.6515  skip 0.00
2026-07-08 01:10:27,002 step 1450  loss 2.9664  skip 0.00
2026-07-08 01:10:32,201 step 1500  loss 2.0917  skip 0.00
2026-07-08 01:10:37,388 step 1550  loss 2.9747  skip 0.00
2026-07-08 01:10:43,281 step 1600  loss 3.2313  skip 0.00
2026-07-08 01:10:49,604 step 1650  loss 2.9157  skip 0.00
2026-07-08 01:10:55,957 step 1700  loss 2.7885  skip 0.00
2026-07-08 01:11:02,066 step 1750  loss 2.4573  skip 0.00
2026-07-08 01:11:08,345 step 1800  loss 3.0834  skip 0.00
2026-07-08 01:11:14,667 step 1850  loss 2.2060  skip 0.00
2026-07-08 01:11:20,938 step 1900  loss 2.7200  skip 0.00
2026-07-08 01:11:27,259 step 1950  loss 3.0915  skip 0.00
2026-07-08 01:11:33,564 step 2000  loss 2.0869  skip 0.00
2026-07-08 01:11:39,854 step 2050  loss 2.7676  skip 0.00
2026-07-08 01:11:46,011 step 2100  loss 2.5768  skip 0.00
2026-07-08 01:11:52,251 step 2150  loss 2.8673  skip 0.00
2026-07-08 01:11:58,478 step 2200  loss 3.0006  skip 0.00
2026-07-08 01:12:04,693 step 2250  loss 2.3519  skip 0.00
2026-07-08 01:12:10,856 step 2300  loss 2.5497  skip 0.00
2026-07-08 01:12:17,070 step 2350  loss 3.1178  skip 0.00
2026-07-08 01:12:23,418 step 2400  loss 3.0637  skip 0.00
2026-07-08 01:12:29,663 step 2450  loss 2.4194  skip 0.00
2026-07-08 01:12:35,983 step 2500  loss 2.6941  skip 0.00
2026-07-08 01:12:42,248 step 2550  loss 2.1303  skip 0.00
2026-07-08 01:12:48,457 step 2600  loss 2.3650  skip 0.00
2026-07-08 01:12:54,943 step 2650  loss 2.5523  skip 0.00
2026-07-08 01:13:01,199 step 2700  loss 2.7381  skip 0.00
2026-07-08 01:13:07,486 step 2750  loss 2.7232  skip 0.00
2026-07-08 01:13:13,801 step 2800  loss 2.4659  skip 0.00
2026-07-08 01:13:20,074 step 2850  loss 2.3037  skip 0.00
2026-07-08 01:13:26,323 step 2900  loss 2.5399  skip 0.00
2026-07-08 01:13:32,503 step 2950  loss 2.0815  skip 0.00
2026-07-08 01:13:37,689 step 3000  loss 2.3127  skip 0.00
2026-07-08 01:13:42,880 step 3050  loss 2.6620  skip 0.00
2026-07-08 01:13:48,075 step 3100  loss 2.7446  skip 0.00
2026-07-08 01:13:53,269 step 3150  loss 2.7402  skip 0.00
2026-07-08 01:13:58,465 step 3200  loss 2.7229  skip 0.00
2026-07-08 01:14:03,655 step 3250  loss 2.6889  skip 0.00
2026-07-08 01:14:08,847 step 3300  loss 2.7233  skip 0.00
2026-07-08 01:14:14,040 step 3350  loss 2.3896  skip 0.00
2026-07-08 01:14:19,241 step 3400  loss 2.7735  skip 0.00
2026-07-08 01:14:24,436 step 3450  loss 2.6575  skip 0.00
2026-07-08 01:14:29,651 step 3500  loss 2.3403  skip 0.00
2026-07-08 01:14:34,905 step 3550  loss 2.7028  skip 0.00
2026-07-08 01:14:40,155 step 3600  loss 2.4957  skip 0.00
2026-07-08 01:14:45,386 step 3650  loss 2.6280  skip 0.00
2026-07-08 01:14:50,581 step 3700  loss 1.9545  skip 0.00
2026-07-08 01:14:55,781 step 3750  loss 2.2311  skip 0.00
2026-07-08 01:15:00,980 step 3800  loss 3.0413  skip 0.00
2026-07-08 01:15:06,170 step 3850  loss 2.9022  skip 0.00
2026-07-08 01:15:11,371 step 3900  loss 3.2188  skip 0.00
2026-07-08 01:15:16,569 step 3950  loss 2.8821  skip 0.00
2026-07-08 01:15:21,791 step 4000  loss 2.4262  skip 0.00
2026-07-08 01:15:26,996 step 4050  loss 2.4625  skip 0.00
2026-07-08 01:15:32,195 step 4100  loss 2.2012  skip 0.00
2026-07-08 01:15:37,390 step 4150  loss 2.3049  skip 0.00
2026-07-08 01:15:42,576 step 4200  loss 2.4892  skip 0.00
2026-07-08 01:15:47,770 step 4250  loss 3.1465  skip 0.00
2026-07-08 01:15:52,969 step 4300  loss 2.4785  skip 0.00
2026-07-08 01:15:58,177 step 4350  loss 2.7025  skip 0.00
2026-07-08 01:16:03,381 step 4400  loss 2.2363  skip 0.00
2026-07-08 01:16:08,588 step 4450  loss 2.7197  skip 0.00
2026-07-08 01:16:13,786 step 4500  loss 2.3787  skip 0.00
2026-07-08 01:16:18,981 step 4550  loss 2.1836  skip 0.00
2026-07-08 01:16:24,181 step 4600  loss 3.0955  skip 0.00
2026-07-08 01:16:29,374 step 4650  loss 2.7061  skip 0.00
2026-07-08 01:16:34,561 step 4700  loss 2.6430  skip 0.00
2026-07-08 01:16:39,759 step 4750  loss 2.4445  skip 0.00
2026-07-08 01:16:44,957 step 4800  loss 2.4218  skip 0.00
2026-07-08 01:16:50,153 step 4850  loss 2.4683  skip 0.00
2026-07-08 01:16:55,350 step 4900  loss 2.2210  skip 0.00
2026-07-08 01:17:00,556 step 4950  loss 2.8698  skip 0.00
2026-07-08 01:17:05,781 step 5000  loss 2.3913  skip 0.00
2026-07-08 01:17:11,039 step 5050  loss 2.8121  skip 0.00
2026-07-08 01:17:16,288 step 5100  loss 1.9899  skip 0.00
2026-07-08 01:17:21,491 step 5150  loss 2.8406  skip 0.00
2026-07-08 01:17:26,712 step 5200  loss 2.9266  skip 0.00
2026-07-08 01:17:31,914 step 5250  loss 2.0046  skip 0.00
2026-07-08 01:17:37,344 step 5300  loss 3.0886  skip 0.00
2026-07-08 01:17:42,533 step 5350  loss 1.9053  skip 0.00
2026-07-08 01:17:47,724 step 5400  loss 2.5819  skip 0.00
2026-07-08 01:17:52,917 step 5450  loss 2.9781  skip 0.00
2026-07-08 01:17:58,108 step 5500  loss 2.7602  skip 0.00
2026-07-08 01:18:03,301 step 5550  loss 2.5647  skip 0.00
2026-07-08 01:18:08,496 step 5600  loss 3.2167  skip 0.00
2026-07-08 01:18:13,685 step 5650  loss 2.6381  skip 0.00
2026-07-08 01:18:18,874 step 5700  loss 1.6985  skip 0.00
2026-07-08 01:18:24,063 step 5750  loss 2.3986  skip 0.00
2026-07-08 01:18:29,274 step 5800  loss 1.9616  skip 0.00
2026-07-08 01:18:34,470 step 5850  loss 2.1905  skip 0.00
2026-07-08 01:18:39,659 step 5900  loss 1.8494  skip 0.00
2026-07-08 01:18:44,846 step 5950  loss 2.0536  skip 0.00
2026-07-08 01:18:50,039 step 6000  loss 2.2272  skip 0.00
2026-07-08 01:18:55,235 step 6050  loss 2.5325  skip 0.00
2026-07-08 01:19:00,439 step 6100  loss 2.1567  skip 0.00
2026-07-08 01:19:05,636 step 6150  loss 2.3293  skip 0.00
2026-07-08 01:19:10,838 step 6200  loss 2.7636  skip 0.00
2026-07-08 01:19:16,035 step 6250  loss 2.7658  skip 0.00
2026-07-08 01:19:21,235 step 6300  loss 2.4573  skip 0.00
2026-07-08 01:19:26,433 step 6350  loss 2.2206  skip 0.00
2026-07-08 01:19:31,675 step 6400  loss 2.8200  skip 0.00
2026-07-08 01:19:36,874 step 6450  loss 2.6817  skip 0.00
2026-07-08 01:19:42,072 step 6500  loss 2.5928  skip 0.00
2026-07-08 01:19:47,268 step 6550  loss 2.5745  skip 0.00
2026-07-08 01:19:52,463 step 6600  loss 2.4439  skip 0.00
2026-07-08 01:19:57,667 step 6650  loss 2.2991  skip 0.00
2026-07-08 01:20:02,863 step 6700  loss 2.6159  skip 0.00
2026-07-08 01:20:08,056 step 6750  loss 2.3970  skip 0.00
2026-07-08 01:20:13,254 step 6800  loss 2.1590  skip 0.00
2026-07-08 01:20:18,445 step 6850  loss 2.7134  skip 0.00
2026-07-08 01:20:23,642 step 6900  loss 2.9455  skip 0.00
2026-07-08 01:20:28,844 step 6950  loss 2.1230  skip 0.00
2026-07-08 01:20:34,036 step 7000  loss 1.7841  skip 0.00
2026-07-08 01:20:39,229 step 7050  loss 2.4587  skip 0.00
2026-07-08 01:20:44,435 step 7100  loss 2.7369  skip 0.00
2026-07-08 01:20:49,633 step 7150  loss 2.5672  skip 0.00
2026-07-08 01:20:54,831 step 7200  loss 2.9874  skip 0.00
2026-07-08 01:21:00,029 step 7250  loss 2.0750  skip 0.00
2026-07-08 01:21:05,231 step 7300  loss 1.7151  skip 0.00
2026-07-08 01:21:10,422 step 7350  loss 2.7134  skip 0.00
2026-07-08 01:21:15,621 step 7400  loss 2.2630  skip 0.00
2026-07-08 01:21:20,819 step 7450  loss 2.7913  skip 0.00
2026-07-08 01:21:26,028 step 7500  loss 2.7155  skip 0.00
2026-07-08 01:21:31,233 step 7550  loss 2.4758  skip 0.00
2026-07-08 01:21:36,451 step 7600  loss 2.9748  skip 0.00
2026-07-08 01:21:41,650 step 7650  loss 2.9071  skip 0.00
2026-07-08 01:21:46,843 step 7700  loss 1.9357  skip 0.00
2026-07-08 01:21:52,048 step 7750  loss 2.6637  skip 0.00
2026-07-08 01:21:57,244 step 7800  loss 2.0607  skip 0.00
2026-07-08 01:22:02,444 step 7850  loss 2.5125  skip 0.00
2026-07-08 01:22:07,644 step 7900  loss 2.3322  skip 0.00
2026-07-08 01:22:13,231 step 7950  loss 2.6797  skip 0.00
2026-07-08 01:22:18,425 step 8000  loss 3.0185  skip 0.00
2026-07-08 01:22:23,619 step 8050  loss 2.3657  skip 0.00
2026-07-08 01:22:28,810 step 8100  loss 2.2785  skip 0.00
2026-07-08 01:22:34,004 step 8150  loss 2.7571  skip 0.00
2026-07-08 01:22:39,203 step 8200  loss 2.3054  skip 0.00
2026-07-08 01:22:44,405 step 8250  loss 2.9305  skip 0.00
2026-07-08 01:22:49,639 step 8300  loss 2.8836  skip 0.00
2026-07-08 01:22:54,842 step 8350  loss 2.2310  skip 0.00
2026-07-08 01:23:00,091 step 8400  loss 2.2750  skip 0.00
2026-07-08 01:23:05,329 step 8450  loss 2.7645  skip 0.00
2026-07-08 01:23:10,570 step 8500  loss 3.0043  skip 0.00
2026-07-08 01:23:15,772 step 8550  loss 2.5667  skip 0.00
2026-07-08 01:23:20,970 step 8600  loss 3.0029  skip 0.00
2026-07-08 01:23:26,164 step 8650  loss 2.8959  skip 0.00
2026-07-08 01:23:31,362 step 8700  loss 2.1013  skip 0.00
2026-07-08 01:23:36,553 step 8750  loss 2.4862  skip 0.00
2026-07-08 01:23:41,784 step 8800  loss 2.4414  skip 0.00
2026-07-08 01:23:46,989 step 8850  loss 2.4561  skip 0.00
2026-07-08 01:23:52,182 step 8900  loss 2.4971  skip 0.00
2026-07-08 01:23:57,376 step 8950  loss 2.8010  skip 0.00
2026-07-08 01:24:02,573 step 9000  loss 2.2131  skip 0.00
2026-07-08 01:24:07,774 step 9050  loss 2.5122  skip 0.00
2026-07-08 01:24:12,976 step 9100  loss 1.9077  skip 0.00
2026-07-08 01:24:18,181 step 9150  loss 2.4665  skip 0.00
2026-07-08 01:24:23,428 step 9200  loss 2.1237  skip 0.00
2026-07-08 01:24:28,645 step 9250  loss 2.6177  skip 0.00
2026-07-08 01:24:33,842 step 9300  loss 2.2432  skip 0.00
2026-07-08 01:24:39,043 step 9350  loss 2.6067  skip 0.00
2026-07-08 01:24:44,241 step 9400  loss 2.0426  skip 0.00
2026-07-08 01:24:49,449 step 9450  loss 2.4336  skip 0.00
2026-07-08 01:24:54,667 step 9500  loss 2.7612  skip 0.00
2026-07-08 01:24:59,864 step 9550  loss 2.0215  skip 0.00
2026-07-08 01:25:05,055 step 9600  loss 2.0896  skip 0.00
2026-07-08 01:25:10,248 step 9650  loss 2.7359  skip 0.00
2026-07-08 01:25:15,449 step 9700  loss 2.5739  skip 0.00
2026-07-08 01:25:20,663 step 9750  loss 2.6635  skip 0.00
2026-07-08 01:25:25,859 step 9800  loss 1.9704  skip 0.00
2026-07-08 01:25:31,055 step 9850  loss 3.0432  skip 0.00
2026-07-08 01:25:36,260 step 9900  loss 2.8969  skip 0.00
2026-07-08 01:25:41,467 step 9950  loss 2.9812  skip 0.00
2026-07-08 01:25:46,707 step 10000  loss 3.1050  skip 0.00
2026-07-08 01:25:51,930 step 10050  loss 2.3291  skip 0.00
2026-07-08 01:25:57,129 step 10100  loss 2.3449  skip 0.00
2026-07-08 01:26:02,330 step 10150  loss 2.3369  skip 0.00
2026-07-08 01:26:07,521 step 10200  loss 2.1230  skip 0.00
2026-07-08 01:26:12,716 step 10250  loss 1.7652  skip 0.00
2026-07-08 01:26:17,930 step 10300  loss 2.3456  skip 0.00
2026-07-08 01:26:23,129 step 10350  loss 2.7706  skip 0.00
2026-07-08 01:26:28,326 step 10400  loss 3.1004  skip 0.00
2026-07-08 01:26:33,522 step 10450  loss 2.1490  skip 0.00
2026-07-08 01:26:38,722 step 10500  loss 2.0144  skip 0.00
2026-07-08 01:26:43,918 step 10550  loss 2.6463  skip 0.00
2026-07-08 01:26:49,598 step 10600  loss 1.6047  skip 0.00
2026-07-08 01:26:54,792 step 10650  loss 2.5479  skip 0.00
2026-07-08 01:26:59,982 step 10700  loss 2.1557  skip 0.00
2026-07-08 01:27:05,170 step 10750  loss 2.1681  skip 0.00
2026-07-08 01:27:10,372 step 10800  loss 3.0113  skip 0.00
2026-07-08 01:27:15,592 step 10850  loss 2.2560  skip 0.00
2026-07-08 01:27:20,782 step 10900  loss 2.5311  skip 0.00
2026-07-08 01:27:25,969 step 10950  loss 2.1307  skip 0.00
2026-07-08 01:27:31,162 step 11000  loss 2.2454  skip 0.00
2026-07-08 01:27:36,355 step 11050  loss 2.2768  skip 0.00
2026-07-08 01:27:41,565 step 11100  loss 2.7344  skip 0.00
2026-07-08 01:27:46,767 step 11150  loss 2.6207  skip 0.00
2026-07-08 01:27:52,036 step 11200  loss 2.0094  skip 0.00
2026-07-08 01:27:57,242 step 11250  loss 2.4239  skip 0.00
2026-07-08 01:28:02,431 step 11300  loss 2.6804  skip 0.00
2026-07-08 01:28:07,618 step 11350  loss 2.3586  skip 0.00
2026-07-08 01:28:12,808 step 11400  loss 2.2191  skip 0.00
2026-07-08 01:28:18,000 step 11450  loss 2.6077  skip 0.00
2026-07-08 01:28:23,199 step 11500  loss 2.2750  skip 0.00
2026-07-08 01:28:28,399 step 11550  loss 1.7717  skip 0.00
2026-07-08 01:28:33,602 step 11600  loss 2.5918  skip 0.00
2026-07-08 01:28:38,801 step 11650  loss 2.0009  skip 0.00
2026-07-08 01:28:44,020 step 11700  loss 2.7027  skip 0.00
2026-07-08 01:28:49,219 step 11750  loss 2.5070  skip 0.00
2026-07-08 01:28:54,429 step 11800  loss 2.1927  skip 0.00
2026-07-08 01:28:59,621 step 11850  loss 2.9197  skip 0.00
2026-07-08 01:29:04,815 step 11900  loss 1.9181  skip 0.00
2026-07-08 01:29:10,024 step 11950  loss 1.6629  skip 0.00
2026-07-08 01:29:15,432 step 12000  loss 2.6447  skip 0.00
2026-07-08 01:29:20,636 step 12050  loss 2.7539  skip 0.00
2026-07-08 01:29:25,830 step 12100  loss 2.8708  skip 0.00
2026-07-08 01:29:31,020 step 12150  loss 2.4237  skip 0.00
2026-07-08 01:29:36,215 step 12200  loss 2.2852  skip 0.00
2026-07-08 01:29:41,415 step 12250  loss 2.4716  skip 0.00
2026-07-08 01:29:46,816 step 12300  loss 2.2372  skip 0.00
2026-07-08 01:29:52,810 step 12350  loss 1.9925  skip 0.00
2026-07-08 01:29:58,847 step 12400  loss 1.7462  skip 0.00
2026-07-08 01:30:04,759 step 12450  loss 2.2379  skip 0.00
2026-07-08 01:30:10,812 step 12500  loss 2.6497  skip 0.00
2026-07-08 01:30:16,912 step 12550  loss 2.1528  skip 0.00
2026-07-08 01:30:23,000 step 12600  loss 2.1071  skip 0.00
2026-07-08 01:30:29,068 step 12650  loss 2.6828  skip 0.00
2026-07-08 01:30:35,137 step 12700  loss 2.7203  skip 0.00
2026-07-08 01:30:41,335 step 12750  loss 2.1326  skip 0.00
2026-07-08 01:30:47,261 step 12800  loss 2.3627  skip 0.00
2026-07-08 01:30:53,531 step 12850  loss 2.6458  skip 0.00
2026-07-08 01:30:59,532 step 12900  loss 2.4523  skip 0.00
2026-07-08 01:31:05,764 step 12950  loss 2.7389  skip 0.00
2026-07-08 01:31:11,745 step 13000  loss 2.3452  skip 0.00
2026-07-08 01:31:20,709 step 13050  loss 2.5777  skip 0.00
2026-07-08 01:31:32,143 step 13100  loss 1.9499  skip 0.00
2026-07-08 01:31:43,149 step 13150  loss 2.5442  skip 0.00
2026-07-08 01:31:54,215 step 13200  loss 2.3667  skip 0.00
2026-07-08 01:32:05,084 step 13250  loss 2.2376  skip 0.00
2026-07-08 01:32:15,903 step 13300  loss 2.3781  skip 0.00
2026-07-08 01:32:26,749 step 13350  loss 2.3214  skip 0.00
2026-07-08 01:32:37,574 step 13400  loss 2.8194  skip 0.00
2026-07-08 01:32:48,394 step 13450  loss 2.0406  skip 0.00
2026-07-08 01:32:59,219 step 13500  loss 2.7605  skip 0.00
2026-07-08 01:33:10,087 step 13550  loss 2.0873  skip 0.00
2026-07-08 01:33:20,941 step 13600  loss 2.3373  skip 0.00
2026-07-08 01:33:31,786 step 13650  loss 2.8885  skip 0.00
2026-07-08 01:33:42,624 step 13700  loss 1.7532  skip 0.00
2026-07-08 01:33:53,448 step 13750  loss 2.1740  skip 0.00
2026-07-08 01:33:58,833 step 13800  loss 2.7346  skip 0.00
2026-07-08 01:34:04,028 step 13850  loss 2.1222  skip 0.00
2026-07-08 01:34:09,241 step 13900  loss 2.1036  skip 0.00
2026-07-08 01:34:14,445 step 13950  loss 2.4258  skip 0.00
2026-07-08 01:34:19,670 step 14000  loss 2.5341  skip 0.00
2026-07-08 01:34:24,906 step 14050  loss 2.5380  skip 0.00
2026-07-08 01:34:30,106 step 14100  loss 2.2249  skip 0.00
2026-07-08 01:34:35,306 step 14150  loss 2.6257  skip 0.00
2026-07-08 01:34:40,514 step 14200  loss 3.2334  skip 0.00
2026-07-08 01:34:45,728 step 14250  loss 2.2640  skip 0.00
2026-07-08 01:34:50,929 step 14300  loss 2.7724  skip 0.00
2026-07-08 01:34:56,130 step 14350  loss 1.8295  skip 0.00
2026-07-08 01:35:01,352 step 14400  loss 2.8830  skip 0.00
2026-07-08 01:35:06,554 step 14450  loss 2.2108  skip 0.00
2026-07-08 01:35:11,821 step 14500  loss 1.9731  skip 0.00
2026-07-08 01:35:17,018 step 14550  loss 2.9728  skip 0.00
2026-07-08 01:35:22,215 step 14600  loss 2.3372  skip 0.00
2026-07-08 01:35:27,411 step 14650  loss 2.4090  skip 0.00
2026-07-08 01:35:32,619 step 14700  loss 2.2601  skip 0.00
2026-07-08 01:35:37,831 step 14750  loss 3.0800  skip 0.00
2026-07-08 01:35:43,039 step 14800  loss 2.0342  skip 0.00
2026-07-08 01:35:48,281 step 14850  loss 3.1440  skip 0.00
2026-07-08 01:35:53,494 step 14900  loss 1.9430  skip 0.00
2026-07-08 01:35:58,690 step 14950  loss 3.0216  skip 0.00
2026-07-08 01:36:03,904 step 15000  loss 2.5544  skip 0.00
2026-07-08 01:36:09,116 step 15050  loss 2.8018  skip 0.00
2026-07-08 01:36:14,335 step 15100  loss 2.5424  skip 0.00
2026-07-08 01:36:19,556 step 15150  loss 2.6170  skip 0.00
2026-07-08 01:36:24,761 step 15200  loss 2.4528  skip 0.00
2026-07-08 01:36:29,955 step 15250  loss 3.2234  skip 0.00
2026-07-08 01:36:35,156 step 15300  loss 2.9662  skip 0.00
2026-07-08 01:36:40,356 step 15350  loss 2.5077  skip 0.00
2026-07-08 01:36:45,549 step 15400  loss 2.3536  skip 0.00
2026-07-08 01:36:50,747 step 15450  loss 2.1236  skip 0.00
2026-07-08 01:36:55,955 step 15500  loss 2.4625  skip 0.00
2026-07-08 01:37:01,205 step 15550  loss 2.5016  skip 0.00
2026-07-08 01:37:06,404 step 15600  loss 1.6842  skip 0.00
2026-07-08 01:37:11,599 step 15650  loss 1.8938  skip 0.00
2026-07-08 01:37:16,797 step 15700  loss 2.5534  skip 0.00
2026-07-08 01:37:22,000 step 15750  loss 2.2822  skip 0.00
2026-07-08 01:37:27,209 step 15800  loss 2.2241  skip 0.00
2026-07-08 01:37:33,042 step 15850  loss 1.7866  skip 0.00
2026-07-08 01:37:38,238 step 15900  loss 2.1629  skip 0.00
2026-07-08 01:37:43,434 step 15950  loss 2.7013  skip 0.00
2026-07-08 01:37:48,681 step 16000  loss 2.4817  skip 0.00
2026-07-08 01:37:53,887 step 16050  loss 2.6728  skip 0.00
2026-07-08 01:37:59,148 step 16100  loss 2.1856  skip 0.00
2026-07-08 01:38:04,348 step 16150  loss 2.7443  skip 0.00
2026-07-08 01:38:09,555 step 16200  loss 2.5540  skip 0.00
2026-07-08 01:38:14,750 step 16250  loss 2.2854  skip 0.00
2026-07-08 01:38:19,951 step 16300  loss 2.2009  skip 0.00
2026-07-08 01:38:25,300 step 16350  loss 2.4565  skip 0.00
2026-07-08 01:38:30,500 step 16400  loss 2.5771  skip 0.00
2026-07-08 01:38:35,693 step 16450  loss 2.4016  skip 0.00
2026-07-08 01:38:40,893 step 16500  loss 2.2248  skip 0.00
2026-07-08 01:38:46,095 step 16550  loss 2.3254  skip 0.00
2026-07-08 01:38:51,313 step 16600  loss 2.6314  skip 0.00
2026-07-08 01:38:56,534 step 16650  loss 3.0868  skip 0.00
2026-07-08 01:39:01,734 step 16700  loss 2.1370  skip 0.00
2026-07-08 01:39:06,949 step 16750  loss 2.3651  skip 0.00
2026-07-08 01:39:12,151 step 16800  loss 1.9505  skip 0.00
2026-07-08 01:39:17,361 step 16850  loss 1.4758  skip 0.00
2026-07-08 01:39:22,563 step 16900  loss 2.1477  skip 0.00
2026-07-08 01:39:27,767 step 16950  loss 2.6370  skip 0.00
2026-07-08 01:39:32,993 step 17000  loss 2.4751  skip 0.00
2026-07-08 01:39:38,207 step 17050  loss 2.4648  skip 0.00
2026-07-08 01:39:43,430 step 17100  loss 2.3775  skip 0.00
2026-07-08 01:39:48,662 step 17150  loss 2.2828  skip 0.00
2026-07-08 01:39:53,874 step 17200  loss 2.3740  skip 0.00
2026-07-08 01:39:59,117 step 17250  loss 2.2667  skip 0.00
2026-07-08 01:40:04,332 step 17300  loss 1.9547  skip 0.00
2026-07-08 01:40:09,535 step 17350  loss 2.3827  skip 0.00
2026-07-08 01:40:14,746 step 17400  loss 1.7606  skip 0.00
2026-07-08 01:40:19,957 step 17450  loss 3.2768  skip 0.00
2026-07-08 01:40:25,163 step 17500  loss 2.5262  skip 0.00
2026-07-08 01:40:30,359 step 17550  loss 2.3253  skip 0.00
2026-07-08 01:40:35,568 step 17600  loss 2.0783  skip 0.00
2026-07-08 01:40:40,786 step 17650  loss 2.7790  skip 0.00
2026-07-08 01:40:45,997 step 17700  loss 1.9208  skip 0.00
2026-07-08 01:40:51,209 step 17750  loss 2.8003  skip 0.00
2026-07-08 01:40:56,423 step 17800  loss 2.3543  skip 0.00
2026-07-08 01:41:01,637 step 17850  loss 2.1726  skip 0.00
2026-07-08 01:41:06,853 step 17900  loss 2.6610  skip 0.00
2026-07-08 01:41:12,054 step 17950  loss 1.6563  skip 0.00
2026-07-08 01:41:17,263 step 18000  loss 2.0900  skip 0.00
2026-07-08 01:41:22,471 step 18050  loss 2.3678  skip 0.00
2026-07-08 01:41:27,679 step 18100  loss 3.0413  skip 0.00
2026-07-08 01:41:32,885 step 18150  loss 2.4111  skip 0.00
2026-07-08 01:41:38,091 step 18200  loss 2.5156  skip 0.00
2026-07-08 01:41:43,307 step 18250  loss 2.7341  skip 0.00
2026-07-08 01:41:48,516 step 18300  loss 2.2880  skip 0.00
2026-07-08 01:41:53,726 step 18350  loss 2.9077  skip 0.00
2026-07-08 01:41:58,939 step 18400  loss 2.7907  skip 0.00
2026-07-08 01:42:04,184 step 18450  loss 1.6883  skip 0.00
2026-07-08 01:42:09,670 step 18500  loss 2.4758  skip 0.00
2026-07-08 01:42:14,882 step 18550  loss 2.3848  skip 0.00
2026-07-08 01:42:20,089 step 18600  loss 2.9692  skip 0.00
2026-07-08 01:42:25,300 step 18650  loss 2.6068  skip 0.00
2026-07-08 01:42:30,517 step 18700  loss 2.3542  skip 0.00
2026-07-08 01:42:35,720 step 18750  loss 2.5103  skip 0.00
2026-07-08 01:42:40,932 step 18800  loss 2.8848  skip 0.00
2026-07-08 01:42:46,138 step 18850  loss 2.3767  skip 0.00
2026-07-08 01:42:51,356 step 18900  loss 2.2765  skip 0.00
2026-07-08 01:42:56,565 step 18950  loss 2.6788  skip 0.00
2026-07-08 01:43:01,777 step 19000  loss 2.2619  skip 0.00
2026-07-08 01:43:06,993 step 19050  loss 2.0585  skip 0.00
2026-07-08 01:43:12,194 step 19100  loss 2.6105  skip 0.00
2026-07-08 01:43:17,398 step 19150  loss 2.0896  skip 0.00
2026-07-08 01:43:22,593 step 19200  loss 2.7100  skip 0.00
2026-07-08 01:43:27,801 step 19250  loss 2.2965  skip 0.00
2026-07-08 01:43:33,017 step 19300  loss 2.4283  skip 0.00
2026-07-08 01:43:38,235 step 19350  loss 2.7721  skip 0.00
2026-07-08 01:43:43,437 step 19400  loss 2.0263  skip 0.00
2026-07-08 01:43:48,636 step 19450  loss 1.7380  skip 0.00
2026-07-08 01:43:53,839 step 19500  loss 3.0990  skip 0.00
2026-07-08 01:43:59,043 step 19550  loss 2.7615  skip 0.00
2026-07-08 01:44:04,277 step 19600  loss 2.2409  skip 0.00
2026-07-08 01:44:09,544 step 19650  loss 2.6911  skip 0.00
2026-07-08 01:44:14,758 step 19700  loss 1.7115  skip 0.00
2026-07-08 01:44:19,976 step 19750  loss 2.2336  skip 0.00
2026-07-08 01:44:25,191 step 19800  loss 2.6085  skip 0.00
2026-07-08 01:44:30,406 step 19850  loss 2.2333  skip 0.00
2026-07-08 01:44:35,613 step 19900  loss 2.5190  skip 0.00
2026-07-08 01:44:40,816 step 19950  loss 2.5779  skip 0.00
2026-07-08 01:44:46,026 step 20000  loss 3.3646  skip 0.00
2026-07-08 01:44:51,237 step 20050  loss 2.3121  skip 0.00
2026-07-08 01:44:56,449 step 20100  loss 2.5606  skip 0.00
2026-07-08 01:45:01,652 step 20150  loss 2.6717  skip 0.00
2026-07-08 01:45:06,865 step 20200  loss 2.4088  skip 0.00
2026-07-08 01:45:12,070 step 20250  loss 2.5804  skip 0.00
2026-07-08 01:45:17,289 step 20300  loss 2.4430  skip 0.00
2026-07-08 01:45:22,496 step 20350  loss 2.3698  skip 0.00
2026-07-08 01:45:27,713 step 20400  loss 2.9610  skip 0.00
2026-07-08 01:45:32,928 step 20450  loss 2.4588  skip 0.00
2026-07-08 01:45:38,123 step 20500  loss 2.0917  skip 0.00
2026-07-08 01:45:43,328 step 20550  loss 2.7615  skip 0.00
2026-07-08 01:45:48,538 step 20600  loss 2.0238  skip 0.00
2026-07-08 01:45:53,748 step 20650  loss 2.5933  skip 0.00
2026-07-08 01:45:58,958 step 20700  loss 2.4440  skip 0.00
2026-07-08 01:46:04,166 step 20750  loss 2.3250  skip 0.00
2026-07-08 01:46:09,370 step 20800  loss 2.3700  skip 0.00
2026-07-08 01:46:14,607 step 20850  loss 1.9937  skip 0.00
2026-07-08 01:46:19,818 step 20900  loss 2.5217  skip 0.00
2026-07-08 01:46:25,013 step 20950  loss 2.4641  skip 0.00
2026-07-08 01:46:30,208 step 21000  loss 2.8797  skip 0.00
2026-07-08 01:46:35,405 step 21050  loss 2.4130  skip 0.00
2026-07-08 01:46:40,592 step 21100  loss 2.2059  skip 0.00
2026-07-08 01:46:46,089 step 21150  loss 2.2167  skip 0.00
2026-07-08 01:46:51,302 step 21200  loss 2.6616  skip 0.00
2026-07-08 01:46:56,506 step 21250  loss 1.8993  skip 0.00
2026-07-08 01:47:01,707 step 21300  loss 2.0199  skip 0.00
2026-07-08 01:47:06,962 step 21350  loss 2.5562  skip 0.00
2026-07-08 01:47:12,157 step 21400  loss 2.6867  skip 0.00
2026-07-08 01:47:17,350 step 21450  loss 1.6625  skip 0.00
2026-07-08 01:47:22,542 step 21500  loss 2.2849  skip 0.00
2026-07-08 01:47:27,738 step 21550  loss 2.1629  skip 0.00
2026-07-08 01:47:33,024 step 21600  loss 1.4433  skip 0.00
2026-07-08 01:47:38,221 step 21650  loss 2.0293  skip 0.00
2026-07-08 01:47:43,420 step 21700  loss 2.8156  skip 0.00
2026-07-08 01:47:48,615 step 21750  loss 3.2489  skip 0.00
2026-07-08 01:47:53,814 step 21800  loss 2.5038  skip 0.00
2026-07-08 01:47:59,024 step 21850  loss 1.7938  skip 0.00
2026-07-08 01:48:04,252 step 21900  loss 2.3394  skip 0.00
2026-07-08 01:48:09,562 step 21950  loss 2.7923  skip 0.00
2026-07-08 01:48:14,806 step 22000  loss 2.3647  skip 0.00
2026-07-08 01:48:19,997 step 22050  loss 2.5521  skip 0.00
2026-07-08 01:48:25,198 step 22100  loss 2.6125  skip 0.00
2026-07-08 01:48:30,408 step 22150  loss 2.1518  skip 0.00
2026-07-08 01:48:35,751 step 22200  loss 2.5982  skip 0.00
2026-07-08 01:48:40,952 step 22250  loss 2.6386  skip 0.00
2026-07-08 01:48:46,151 step 22300  loss 2.2127  skip 0.00
2026-07-08 01:48:51,346 step 22350  loss 2.3745  skip 0.00
2026-07-08 01:48:56,545 step 22400  loss 1.9782  skip 0.00
2026-07-08 01:49:01,750 step 22450  loss 2.3810  skip 0.00
2026-07-08 01:49:06,950 step 22500  loss 2.4864  skip 0.00
2026-07-08 01:49:12,167 step 22550  loss 2.4595  skip 0.00
2026-07-08 01:49:17,377 step 22600  loss 2.7548  skip 0.00
2026-07-08 01:49:22,581 step 22650  loss 2.1902  skip 0.00
2026-07-08 01:49:27,791 step 22700  loss 2.5160  skip 0.00
2026-07-08 01:49:33,002 step 22750  loss 1.9996  skip 0.00
2026-07-08 01:49:38,222 step 22800  loss 2.3538  skip 0.00
2026-07-08 01:49:43,425 step 22850  loss 1.6699  skip 0.00
2026-07-08 01:49:48,630 step 22900  loss 2.3963  skip 0.00
2026-07-08 01:49:53,835 step 22950  loss 2.3014  skip 0.00
2026-07-08 01:49:59,025 step 23000  loss 2.2213  skip 0.00
2026-07-08 01:50:04,236 step 23050  loss 2.0650  skip 0.00
2026-07-08 01:50:09,439 step 23100  loss 2.2731  skip 0.00
2026-07-08 01:50:14,646 step 23150  loss 2.4864  skip 0.00
2026-07-08 01:50:19,847 step 23200  loss 2.2290  skip 0.00
2026-07-08 01:50:25,091 step 23250  loss 2.4227  skip 0.00
2026-07-08 01:50:30,299 step 23300  loss 2.3363  skip 0.00
2026-07-08 01:50:35,518 step 23350  loss 3.1796  skip 0.00
2026-07-08 01:50:40,746 step 23400  loss 1.9506  skip 0.00
2026-07-08 01:50:45,946 step 23450  loss 2.1961  skip 0.00
2026-07-08 01:50:51,146 step 23500  loss 2.3401  skip 0.00
2026-07-08 01:50:56,367 step 23550  loss 2.4751  skip 0.00
2026-07-08 01:51:01,572 step 23600  loss 2.9960  skip 0.00
2026-07-08 01:51:06,772 step 23650  loss 2.2032  skip 0.00
2026-07-08 01:51:11,989 step 23700  loss 2.6242  skip 0.00
2026-07-08 01:51:17,190 step 23750  loss 2.2190  skip 0.00
2026-07-08 01:51:23,093 step 23800  loss 2.6814  skip 0.00
2026-07-08 01:51:28,291 step 23850  loss 2.7386  skip 0.00
2026-07-08 01:51:33,485 step 23900  loss 2.5110  skip 0.00
2026-07-08 01:51:38,683 step 23950  loss 2.4680  skip 0.00
2026-07-08 01:51:43,889 step 24000  loss 1.7877  skip 0.00
2026-07-08 01:51:49,089 step 24050  loss 1.5378  skip 0.00
2026-07-08 01:51:54,300 step 24100  loss 2.6618  skip 0.00
2026-07-08 01:51:59,508 step 24150  loss 2.3110  skip 0.00
2026-07-08 01:52:04,788 step 24200  loss 1.8937  skip 0.00
2026-07-08 01:52:09,986 step 24250  loss 2.0910  skip 0.00
2026-07-08 01:52:15,182 step 24300  loss 2.2516  skip 0.00
2026-07-08 01:52:20,375 step 24350  loss 2.3990  skip 0.00
2026-07-08 01:52:25,579 step 24400  loss 2.2676  skip 0.00
2026-07-08 01:52:30,836 step 24450  loss 3.0495  skip 0.00
2026-07-08 01:52:36,045 step 24500  loss 2.3825  skip 0.00
2026-07-08 01:52:41,260 step 24550  loss 2.1245  skip 0.00
2026-07-08 01:52:46,466 step 24600  loss 2.4589  skip 0.00
2026-07-08 01:52:51,690 step 24650  loss 2.5675  skip 0.00
2026-07-08 01:52:56,900 step 24700  loss 2.0849  skip 0.00
2026-07-08 01:53:02,116 step 24750  loss 2.5559  skip 0.00
2026-07-08 01:53:07,329 step 24800  loss 2.8443  skip 0.00
2026-07-08 01:53:12,539 step 24850  loss 2.3837  skip 0.00
2026-07-08 01:53:17,748 step 24900  loss 3.4735  skip 0.00
2026-07-08 01:53:22,969 step 24950  loss 2.0501  skip 0.00
2026-07-08 01:53:28,171 step 25000  loss 2.2733  skip 0.00
2026-07-08 01:53:33,380 step 25050  loss 2.5315  skip 0.00
2026-07-08 01:53:38,588 step 25100  loss 2.0557  skip 0.00
2026-07-08 01:53:43,800 step 25150  loss 2.2737  skip 0.00
2026-07-08 01:53:49,009 step 25200  loss 2.0664  skip 0.00
2026-07-08 01:53:54,221 step 25250  loss 2.2999  skip 0.00
2026-07-08 01:53:59,434 step 25300  loss 2.7780  skip 0.00
2026-07-08 01:54:04,643 step 25350  loss 2.5816  skip 0.00
2026-07-08 01:54:09,849 step 25400  loss 2.6773  skip 0.00
2026-07-08 01:54:15,056 step 25450  loss 2.3028  skip 0.00
2026-07-08 01:54:20,261 step 25500  loss 1.9759  skip 0.00
2026-07-08 01:54:25,467 step 25550  loss 2.4456  skip 0.00
2026-07-08 01:54:30,680 step 25600  loss 2.4561  skip 0.00
2026-07-08 01:54:35,922 step 25650  loss 2.6474  skip 0.00
2026-07-08 01:54:41,124 step 25700  loss 2.0458  skip 0.00
2026-07-08 01:54:46,336 step 25750  loss 2.9474  skip 0.00
2026-07-08 01:54:51,560 step 25800  loss 2.3611  skip 0.00
2026-07-08 01:54:56,775 step 25850  loss 2.3728  skip 0.00
2026-07-08 01:55:01,985 step 25900  loss 2.6722  skip 0.00
2026-07-08 01:55:07,201 step 25950  loss 2.1300  skip 0.00
2026-07-08 01:55:12,404 step 26000  loss 2.3699  skip 0.00
2026-07-08 01:55:17,620 step 26050  loss 1.8801  skip 0.00
2026-07-08 01:55:22,844 step 26100  loss 2.3982  skip 0.00
2026-07-08 01:55:28,050 step 26150  loss 2.1131  skip 0.00
2026-07-08 01:55:33,261 step 26200  loss 2.5780  skip 0.00
2026-07-08 01:55:38,465 step 26250  loss 1.7685  skip 0.00
2026-07-08 01:55:43,666 step 26300  loss 2.5924  skip 0.00
2026-07-08 01:55:48,874 step 26350  loss 2.2927  skip 0.00
2026-07-08 01:55:54,369 step 26400  loss 2.1608  skip 0.00
2026-07-08 01:55:59,578 step 26450  loss 2.0329  skip 0.00
2026-07-08 01:56:04,797 step 26500  loss 2.4474  skip 0.00
2026-07-08 01:56:10,013 step 26550  loss 2.4840  skip 0.00
2026-07-08 01:56:15,223 step 26600  loss 2.0954  skip 0.00
2026-07-08 01:56:20,441 step 26650  loss 2.0490  skip 0.00
2026-07-08 01:56:25,643 step 26700  loss 2.3282  skip 0.00
2026-07-08 01:56:30,844 step 26750  loss 2.5032  skip 0.00
2026-07-08 01:56:36,103 step 26800  loss 2.8048  skip 0.00
2026-07-08 01:56:41,312 step 26850  loss 1.4658  skip 0.00
2026-07-08 01:56:46,526 step 26900  loss 1.9237  skip 0.00
2026-07-08 01:56:51,723 step 26950  loss 2.1141  skip 0.00
2026-07-08 01:56:56,936 step 27000  loss 2.7353  skip 0.00
2026-07-08 01:57:02,146 step 27050  loss 2.3992  skip 0.00
2026-07-08 01:57:07,353 step 27100  loss 2.5145  skip 0.00
2026-07-08 01:57:12,560 step 27150  loss 2.0958  skip 0.00
2026-07-08 01:57:17,792 step 27200  loss 2.6321  skip 0.00
2026-07-08 01:57:22,997 step 27250  loss 2.0684  skip 0.00
2026-07-08 01:57:28,203 step 27300  loss 3.3650  skip 0.00
2026-07-08 01:57:33,482 step 27350  loss 1.9228  skip 0.00
2026-07-08 01:57:38,752 step 27400  loss 2.6975  skip 0.00
2026-07-08 01:57:43,951 step 27450  loss 1.6820  skip 0.00
2026-07-08 01:57:49,144 step 27500  loss 2.6113  skip 0.00
2026-07-08 01:57:54,343 step 27550  loss 2.4322  skip 0.00
2026-07-08 01:57:59,535 step 27600  loss 2.3613  skip 0.00
2026-07-08 01:58:04,746 step 27650  loss 1.9869  skip 0.00
2026-07-08 01:58:09,951 step 27700  loss 2.8234  skip 0.00
2026-07-08 01:58:15,153 step 27750  loss 2.2186  skip 0.00
2026-07-08 01:58:20,361 step 27800  loss 2.3793  skip 0.00
2026-07-08 01:58:25,561 step 27850  loss 2.0428  skip 0.00
2026-07-08 01:58:30,758 step 27900  loss 2.4051  skip 0.00
2026-07-08 01:58:35,958 step 27950  loss 2.3564  skip 0.00
2026-07-08 01:58:41,201 step 28000  loss 2.6111  skip 0.00
2026-07-08 01:58:46,410 step 28050  loss 2.3497  skip 0.00
2026-07-08 01:58:51,615 step 28100  loss 2.8376  skip 0.00
2026-07-08 01:58:56,820 step 28150  loss 2.0339  skip 0.00
2026-07-08 01:59:02,031 step 28200  loss 2.3702  skip 0.00
2026-07-08 01:59:07,238 step 28250  loss 2.1956  skip 0.00
2026-07-08 01:59:12,445 step 28300  loss 2.7651  skip 0.00
2026-07-08 01:59:17,641 step 28350  loss 2.3858  skip 0.00
2026-07-08 01:59:22,849 step 28400  loss 1.7226  skip 0.00
2026-07-08 01:59:28,056 step 28450  loss 2.1939  skip 0.00
2026-07-08 01:59:33,264 step 28500  loss 1.8789  skip 0.00
2026-07-08 01:59:38,478 step 28550  loss 2.5305  skip 0.00
2026-07-08 01:59:43,685 step 28600  loss 2.6001  skip 0.00
2026-07-08 01:59:48,901 step 28650  loss 1.8244  skip 0.00
2026-07-08 01:59:54,118 step 28700  loss 2.3836  skip 0.00
2026-07-08 01:59:59,316 step 28750  loss 2.0567  skip 0.00
2026-07-08 02:00:04,514 step 28800  loss 2.1467  skip 0.00
2026-07-08 02:00:09,709 step 28850  loss 1.5739  skip 0.00
2026-07-08 02:00:14,910 step 28900  loss 2.3034  skip 0.00
2026-07-08 02:00:20,145 step 28950  loss 2.2363  skip 0.00
2026-07-08 02:00:25,343 step 29000  loss 2.6571  skip 0.00
2026-07-08 02:00:30,765 step 29050  loss 2.1890  skip 0.00
2026-07-08 02:00:35,960 step 29100  loss 2.1242  skip 0.00
2026-07-08 02:00:41,162 step 29150  loss 2.7629  skip 0.00
2026-07-08 02:00:46,430 step 29200  loss 2.7847  skip 0.00
2026-07-08 02:00:51,650 step 29250  loss 2.5918  skip 0.00
2026-07-08 02:00:56,856 step 29300  loss 1.8419  skip 0.00
2026-07-08 02:01:02,052 step 29350  loss 1.9413  skip 0.00
2026-07-08 02:01:07,271 step 29400  loss 2.4490  skip 0.00
2026-07-08 02:01:12,476 step 29450  loss 2.4618  skip 0.00
2026-07-08 02:01:17,673 step 29500  loss 2.1397  skip 0.00
2026-07-08 02:01:22,890 step 29550  loss 2.1881  skip 0.00
2026-07-08 02:01:28,115 step 29600  loss 2.6741  skip 0.00
2026-07-08 02:01:33,329 step 29650  loss 3.1713  skip 0.00
2026-07-08 02:01:38,540 step 29700  loss 2.9718  skip 0.00
2026-07-08 02:01:43,740 step 29750  loss 3.0492  skip 0.00
2026-07-08 02:01:48,954 step 29800  loss 2.1987  skip 0.00
2026-07-08 02:01:54,163 step 29850  loss 2.9565  skip 0.00
2026-07-08 02:01:59,353 step 29900  loss 2.1490  skip 0.00
2026-07-08 02:02:04,559 step 29950  loss 2.4730  skip 0.00
2026-07-08 02:02:09,844 saved -> work_dirs/abl-noskip/latest.pt
