2026-08-24 22:55:07,174 work dir: work_dirs/v12c-teachergrad-s0  seed 0  commit 1d4d01a6
2026-08-24 22:55:08,774 HTTP Request: HEAD https://huggingface.co/depth-anything/Depth-Anything-V2-Small-hf/resolve/main/config.json "HTTP/1.1 307 Temporary Redirect"
2026-08-24 22:55:08,775 Warning: You are sending unauthenticated requests to the HF Hub. Please set a HF_TOKEN to enable higher rate limits and faster downloads.
2026-08-24 22:55:08,847 HTTP Request: HEAD https://huggingface.co/api/resolve-cache/models/depth-anything/Depth-Anything-V2-Small-hf/5426e4f0f36572d16453bbda7a8389317b1bef99/config.json "HTTP/1.1 200 OK"
2026-08-24 22:55:09,237 partial init from work_dirs/v10-longclip/latest.pt: 1 new tensors kept at init, 0 checkpoint tensors unused
2026-08-24 22:55:10,197 mixed dataset: 205650 clips from 5 sources (size 256)
2026-08-24 22:55:15,851 step    0  loss 4.1854  skip 0.00  lr 3.00e-07  depth_std 37.5223
2026-08-24 22:57:59,833 step   50  loss 1.8370  skip 0.01  lr 1.53e-05  depth_std 32.2799
2026-08-24 23:01:10,527 step  100  loss 2.1783  skip 0.01  lr 3.03e-05  depth_std 12.1325
2026-08-24 23:04:23,614 step  150  loss 2.2182  skip 0.02  lr 4.53e-05  depth_std 42.6071
2026-08-24 23:07:36,957 step  200  loss 5.2069  skip 0.03  lr 6.03e-05  depth_std 27.9977
2026-08-24 23:10:50,182 step  250  loss 4.8167  skip 0.03  lr 7.53e-05  depth_std 30.8603
2026-08-24 23:14:03,436 step  300  loss 1.8401  skip 0.04  lr 9.03e-05  depth_std 23.5315
2026-08-24 23:17:16,280 step  350  loss 0.6001  skip 0.04  lr 1.05e-04  depth_std 2.2379
2026-08-24 23:20:28,023 step  400  loss 1.1967  skip 0.05  lr 1.20e-04  depth_std 40.9580
2026-08-24 23:23:38,736 step  450  loss 4.2873  skip 0.06  lr 1.35e-04  depth_std 10.8090
2026-08-24 23:26:47,706 step  500  loss 2.5822  skip 0.06  lr 1.50e-04  depth_std 38.6866
2026-08-24 23:29:55,107 step  550  loss 1.8851  skip 0.07  lr 1.65e-04  depth_std 1.2946
2026-08-24 23:33:01,195 step  600  loss 2.3165  skip 0.07  lr 1.80e-04  depth_std 21.0763
2026-08-24 23:36:06,226 step  650  loss 1.7443  skip 0.08  lr 1.95e-04  depth_std 21.4419
2026-08-24 23:39:10,476 step  700  loss 0.6708  skip 0.09  lr 2.10e-04  depth_std 1.8747
2026-08-24 23:42:14,224 step  750  loss 2.1558  skip 0.09  lr 2.25e-04  depth_std 1.4750
2026-08-24 23:45:17,798 step  800  loss 0.7217  skip 0.10  lr 2.40e-04  depth_std 0.4436
2026-08-24 23:48:20,273 step  850  loss 2.0421  skip 0.11  lr 2.55e-04  depth_std 1.4447
2026-08-24 23:51:21,568 step  900  loss 0.9290  skip 0.11  lr 2.70e-04  depth_std 0.9427
2026-08-24 23:54:21,789 step  950  loss 4.4262  skip 0.12  lr 2.85e-04  depth_std 9.8915
2026-08-24 23:57:20,913 step 1000  loss 2.1502  skip 0.12  lr 3.00e-04  depth_std 16.6413
2026-08-25 00:00:18,968 step 1050  loss 1.9243  skip 0.13  lr 3.00e-04  depth_std 6.3486
2026-08-25 00:03:15,693 step 1100  loss 1.4725  skip 0.14  lr 3.00e-04  depth_std 8.3474
2026-08-25 00:06:11,466 step 1150  loss 1.5346  skip 0.14  lr 3.00e-04  depth_std 16.3296
2026-08-25 00:09:06,256 step 1200  loss 3.2652  skip 0.15  lr 2.99e-04  depth_std 6.8727
2026-08-25 00:12:00,287 step 1250  loss 2.8275  skip 0.16  lr 2.99e-04  depth_std 41.5694
2026-08-25 00:14:53,569 step 1300  loss 2.0740  skip 0.16  lr 2.99e-04  depth_std 5.0134
2026-08-25 00:17:45,864 step 1350  loss 0.9089  skip 0.17  lr 2.98e-04  depth_std 0.6791
2026-08-25 00:20:37,080 step 1400  loss 2.4044  skip 0.17  lr 2.98e-04  depth_std 4.7843
2026-08-25 00:23:27,550 step 1450  loss 2.8243  skip 0.18  lr 2.97e-04  depth_std 42.5260
2026-08-25 00:26:16,784 step 1500  loss 1.5341  skip 0.19  lr 2.96e-04  depth_std 35.7510
2026-08-25 00:29:04,959 step 1550  loss 2.4913  skip 0.19  lr 2.95e-04  depth_std 3.0817
2026-08-25 00:31:52,181 step 1600  loss 2.2049  skip 0.20  lr 2.95e-04  depth_std 1.8324
2026-08-25 00:34:38,264 step 1650  loss 1.1346  skip 0.21  lr 2.94e-04  depth_std 2.5161
2026-08-25 00:37:23,134 step 1700  loss 3.4445  skip 0.21  lr 2.93e-04  depth_std 0.3080
2026-08-25 00:40:07,541 step 1750  loss 7.1402  skip 0.22  lr 2.92e-04  depth_std 5.8450
2026-08-25 00:42:51,929 step 1800  loss 1.6670  skip 0.23  lr 2.90e-04  depth_std 1.3483
2026-08-25 00:45:35,103 step 1850  loss 0.8337  skip 0.23  lr 2.89e-04  depth_std 0.7850
2026-08-25 00:48:16,746 step 1900  loss 1.7970  skip 0.24  lr 2.88e-04  depth_std 5.3119
2026-08-25 00:50:56,997 step 1950  loss 0.7984  skip 0.24  lr 2.87e-04  depth_std 4.8585
2026-08-25 00:53:36,621 step 2000  loss 5.9249  skip 0.25  lr 2.85e-04  depth_std 32.6853
2026-08-25 00:56:15,088 step 2050  loss 3.8037  skip 0.26  lr 2.84e-04  depth_std 32.2108
2026-08-25 00:58:52,579 step 2100  loss 1.6992  skip 0.26  lr 2.82e-04  depth_std 2.8608
2026-08-25 01:01:29,183 step 2150  loss 2.4276  skip 0.27  lr 2.80e-04  depth_std 7.1744
2026-08-25 01:04:04,511 step 2200  loss 0.6211  skip 0.28  lr 2.79e-04  depth_std 2.2997
2026-08-25 01:06:39,037 step 2250  loss 1.0140  skip 0.28  lr 2.77e-04  depth_std 1.2542
2026-08-25 01:09:12,784 step 2300  loss 0.6879  skip 0.29  lr 2.75e-04  depth_std 0.9487
2026-08-25 01:11:45,437 step 2350  loss 1.3130  skip 0.29  lr 2.73e-04  depth_std 0.9022
2026-08-25 01:14:16,977 step 2400  loss 2.2226  skip 0.30  lr 2.71e-04  depth_std 2.9857
2026-08-25 01:16:47,555 step 2450  loss 3.6626  skip 0.31  lr 2.69e-04  depth_std 8.5811
2026-08-25 01:19:16,822 step 2500  loss 2.9221  skip 0.31  lr 2.67e-04  depth_std 6.3009
2026-08-25 01:21:45,028 step 2550  loss 5.4253  skip 0.32  lr 2.65e-04  depth_std 8.1967
2026-08-25 01:24:12,480 step 2600  loss 3.0091  skip 0.33  lr 2.63e-04  depth_std 0.5592
2026-08-25 01:26:38,578 step 2650  loss 1.5238  skip 0.33  lr 2.61e-04  depth_std 23.7851
2026-08-25 01:29:03,851 step 2700  loss 0.7382  skip 0.34  lr 2.58e-04  depth_std 1.0722
2026-08-25 01:31:28,167 step 2750  loss 3.2252  skip 0.34  lr 2.56e-04  depth_std 4.2774
2026-08-25 01:33:51,387 step 2800  loss 1.5883  skip 0.35  lr 2.54e-04  depth_std 23.6123
2026-08-25 01:36:13,783 step 2850  loss 1.3911  skip 0.36  lr 2.51e-04  depth_std 1.0376
2026-08-25 01:38:35,338 step 2900  loss 1.2024  skip 0.36  lr 2.49e-04  depth_std 11.0867
2026-08-25 01:40:55,730 step 2950  loss 2.1680  skip 0.37  lr 2.46e-04  depth_std 17.8337
2026-08-25 01:43:15,207 step 3000  loss 0.6174  skip 0.38  lr 2.44e-04  depth_std 0.4648
2026-08-25 01:45:33,412 step 3050  loss 0.7573  skip 0.38  lr 2.41e-04  depth_std 1.2724
2026-08-25 01:47:50,800 step 3100  loss 3.0248  skip 0.39  lr 2.38e-04  depth_std 1.4704
2026-08-25 01:50:07,008 step 3150  loss 3.7307  skip 0.39  lr 2.35e-04  depth_std 6.5734
2026-08-25 01:52:22,634 step 3200  loss 1.6741  skip 0.40  lr 2.33e-04  depth_std 16.6347
2026-08-25 01:54:36,783 step 3250  loss 1.7879  skip 0.41  lr 2.30e-04  depth_std 0.8352
2026-08-25 01:56:49,246 step 3300  loss 5.4633  skip 0.41  lr 2.27e-04  depth_std 14.5859
2026-08-25 01:59:00,732 step 3350  loss 3.2482  skip 0.42  lr 2.24e-04  depth_std 1.3265
2026-08-25 02:01:11,317 step 3400  loss 1.9135  skip 0.42  lr 2.21e-04  depth_std 4.0067
2026-08-25 02:03:20,929 step 3450  loss 9.0400  skip 0.43  lr 2.18e-04  depth_std 22.9314
2026-08-25 02:05:29,263 step 3500  loss 2.2211  skip 0.44  lr 2.15e-04  depth_std 1.9025
2026-08-25 02:07:36,227 step 3550  loss 1.0602  skip 0.44  lr 2.12e-04  depth_std 1.7862
2026-08-25 02:09:42,283 step 3600  loss 4.5872  skip 0.45  lr 2.09e-04  depth_std 20.3099
2026-08-25 02:11:47,599 step 3650  loss 0.7006  skip 0.46  lr 2.06e-04  depth_std 0.5265
2026-08-25 02:13:51,691 step 3700  loss 3.4162  skip 0.46  lr 2.03e-04  depth_std 7.1222
2026-08-25 02:15:54,833 step 3750  loss 0.6663  skip 0.47  lr 2.00e-04  depth_std 0.5978
2026-08-25 02:17:57,021 step 3800  loss 2.7659  skip 0.47  lr 1.96e-04  depth_std 20.8188
2026-08-25 02:19:58,210 step 3850  loss 1.9678  skip 0.48  lr 1.93e-04  depth_std 18.7181
2026-08-25 02:21:58,358 step 3900  loss 1.7399  skip 0.49  lr 1.90e-04  depth_std 44.6137
2026-08-25 02:23:57,057 step 3950  loss 2.5544  skip 0.49  lr 1.87e-04  depth_std 7.0367
2026-08-25 02:25:55,313 step 4000  loss 1.6274  skip 0.50  lr 1.83e-04  depth_std 26.2946
2026-08-25 02:27:53,206 step 4050  loss 1.8289  skip 0.50  lr 1.80e-04  depth_std 5.4829
2026-08-25 02:29:50,864 step 4100  loss 2.8493  skip 0.50  lr 1.77e-04  depth_std 2.3199
2026-08-25 02:31:48,136 step 4150  loss 2.0697  skip 0.50  lr 1.73e-04  depth_std 2.4823
2026-08-25 02:33:45,570 step 4200  loss 1.0390  skip 0.50  lr 1.70e-04  depth_std 14.9972
2026-08-25 02:35:42,891 step 4250  loss 1.0073  skip 0.50  lr 1.67e-04  depth_std 15.3169
2026-08-25 02:37:40,588 step 4300  loss 3.4779  skip 0.50  lr 1.63e-04  depth_std 7.0037
2026-08-25 02:39:38,162 step 4350  loss 1.8499  skip 0.50  lr 1.60e-04  depth_std 0.7106
2026-08-25 02:41:35,708 step 4400  loss 3.0538  skip 0.50  lr 1.57e-04  depth_std 14.7942
2026-08-25 02:43:33,195 step 4450  loss 4.4072  skip 0.50  lr 1.53e-04  depth_std 48.0395
2026-08-25 02:45:31,165 step 4500  loss 1.5769  skip 0.50  lr 1.50e-04  depth_std 2.5061
2026-08-25 02:47:28,500 step 4550  loss 1.0291  skip 0.50  lr 1.47e-04  depth_std 1.6082
2026-08-25 02:49:26,203 step 4600  loss 2.4845  skip 0.50  lr 1.43e-04  depth_std 49.8139
2026-08-25 02:51:23,975 step 4650  loss 2.0057  skip 0.50  lr 1.40e-04  depth_std 1.7762
2026-08-25 02:53:21,608 step 4700  loss 6.4039  skip 0.50  lr 1.37e-04  depth_std 13.3273
2026-08-25 02:55:19,076 step 4750  loss 3.2176  skip 0.50  lr 1.33e-04  depth_std 50.6399
2026-08-25 02:57:16,756 step 4800  loss 0.8522  skip 0.50  lr 1.30e-04  depth_std 1.7515
2026-08-25 02:59:14,356 step 4850  loss 1.5719  skip 0.50  lr 1.27e-04  depth_std 32.0522
2026-08-25 03:01:11,930 step 4900  loss 1.9034  skip 0.50  lr 1.23e-04  depth_std 0.5023
2026-08-25 03:03:09,506 step 4950  loss 2.6157  skip 0.50  lr 1.20e-04  depth_std 2.0030
2026-08-25 03:05:07,184 step 5000  loss 4.5945  skip 0.50  lr 1.17e-04  depth_std 14.6859
2026-08-25 03:07:04,740 step 5050  loss 1.1232  skip 0.50  lr 1.13e-04  depth_std 3.7978
2026-08-25 03:09:02,385 step 5100  loss 0.6392  skip 0.50  lr 1.10e-04  depth_std 0.5890
2026-08-25 03:11:00,188 step 5150  loss 3.7125  skip 0.50  lr 1.07e-04  depth_std 2.3046
2026-08-25 03:12:57,864 step 5200  loss 2.6129  skip 0.50  lr 1.04e-04  depth_std 0.8638
2026-08-25 03:14:55,561 step 5250  loss 4.2559  skip 0.50  lr 1.00e-04  depth_std 8.0340
2026-08-25 03:16:53,027 step 5300  loss 2.0544  skip 0.50  lr 9.73e-05  depth_std 5.0202
2026-08-25 03:18:51,065 step 5350  loss 3.4197  skip 0.50  lr 9.42e-05  depth_std 14.7093
2026-08-25 03:20:48,681 step 5400  loss 1.5681  skip 0.50  lr 9.10e-05  depth_std 1.7156
2026-08-25 03:22:46,306 step 5450  loss 0.9866  skip 0.50  lr 8.80e-05  depth_std 1.1182
2026-08-25 03:24:43,775 step 5500  loss 3.1033  skip 0.50  lr 8.49e-05  depth_std 35.4550
2026-08-25 03:26:41,403 step 5550  loss 1.6335  skip 0.50  lr 8.19e-05  depth_std 22.0035
2026-08-25 03:28:39,086 step 5600  loss 2.5862  skip 0.50  lr 7.89e-05  depth_std 2.2553
2026-08-25 03:30:36,553 step 5650  loss 1.5589  skip 0.50  lr 7.60e-05  depth_std 34.6575
2026-08-25 03:32:34,549 step 5700  loss 0.5529  skip 0.50  lr 7.31e-05  depth_std 2.1211
2026-08-25 03:34:32,025 step 5750  loss 3.4474  skip 0.50  lr 7.02e-05  depth_std 34.8462
2026-08-25 03:36:29,563 step 5800  loss 2.2497  skip 0.50  lr 6.74e-05  depth_std 4.6229
2026-08-25 03:38:27,242 step 5850  loss 1.2809  skip 0.50  lr 6.46e-05  depth_std 3.8959
2026-08-25 03:40:24,858 step 5900  loss 4.2825  skip 0.50  lr 6.18e-05  depth_std 10.6258
2026-08-25 03:42:22,276 step 5950  loss 0.9617  skip 0.50  lr 5.91e-05  depth_std 0.5915
2026-08-25 03:44:20,066 step 6000  loss 1.4531  skip 0.50  lr 5.65e-05  depth_std 8.1261
2026-08-25 03:46:17,577 step 6050  loss 0.9910  skip 0.50  lr 5.39e-05  depth_std 1.4541
2026-08-25 03:48:15,196 step 6100  loss 1.9774  skip 0.50  lr 5.13e-05  depth_std 18.3324
2026-08-25 03:50:12,967 step 6150  loss 1.1641  skip 0.50  lr 4.88e-05  depth_std 0.5543
2026-08-25 03:52:10,603 step 6200  loss 1.4062  skip 0.50  lr 4.63e-05  depth_std 0.8130
2026-08-25 03:54:08,195 step 6250  loss 1.9392  skip 0.50  lr 4.39e-05  depth_std 5.3815
2026-08-25 03:56:06,023 step 6300  loss 0.9152  skip 0.50  lr 4.16e-05  depth_std 2.0895
2026-08-25 03:58:04,488 step 6350  loss 1.0095  skip 0.50  lr 3.93e-05  depth_std 0.9509
2026-08-25 04:00:02,788 step 6400  loss 2.1392  skip 0.50  lr 3.70e-05  depth_std 13.8381
2026-08-25 04:02:00,498 step 6450  loss 1.5530  skip 0.50  lr 3.49e-05  depth_std 2.0414
2026-08-25 04:03:58,423 step 6500  loss 0.7169  skip 0.50  lr 3.27e-05  depth_std 0.4394
2026-08-25 04:05:56,241 step 6550  loss 3.1439  skip 0.50  lr 3.07e-05  depth_std 45.3450
2026-08-25 04:07:54,050 step 6600  loss 3.5145  skip 0.50  lr 2.86e-05  depth_std 17.4458
2026-08-25 04:09:51,909 step 6650  loss 1.7370  skip 0.50  lr 2.67e-05  depth_std 1.1088
2026-08-25 04:11:49,748 step 6700  loss 0.8988  skip 0.50  lr 2.48e-05  depth_std 1.7806
2026-08-25 04:13:47,159 step 6750  loss 1.5164  skip 0.50  lr 2.30e-05  depth_std 7.4303
2026-08-25 04:15:45,308 step 6800  loss 0.6023  skip 0.50  lr 2.12e-05  depth_std 0.3797
2026-08-25 04:17:42,941 step 6850  loss 1.1217  skip 0.50  lr 1.95e-05  depth_std 0.8429
2026-08-25 04:19:40,734 step 6900  loss 2.5407  skip 0.50  lr 1.79e-05  depth_std 2.3768
2026-08-25 04:21:38,626 step 6950  loss 1.9658  skip 0.50  lr 1.63e-05  depth_std 7.7026
2026-08-25 04:23:36,565 step 7000  loss 3.2367  skip 0.50  lr 1.49e-05  depth_std 40.0632
2026-08-25 04:25:34,586 step 7050  loss 0.6501  skip 0.50  lr 1.34e-05  depth_std 1.5046
2026-08-25 04:27:32,124 step 7100  loss 0.6611  skip 0.50  lr 1.21e-05  depth_std 1.6675
2026-08-25 04:29:29,922 step 7150  loss 2.3485  skip 0.50  lr 1.08e-05  depth_std 54.5724
2026-08-25 04:31:27,824 step 7200  loss 2.5763  skip 0.50  lr 9.56e-06  depth_std 42.4839
2026-08-25 04:33:25,877 step 7250  loss 0.7675  skip 0.50  lr 8.42e-06  depth_std 2.2118
2026-08-25 04:35:24,028 step 7300  loss 1.1923  skip 0.50  lr 7.34e-06  depth_std 1.0934
2026-08-25 04:37:21,804 step 7350  loss 2.0009  skip 0.50  lr 6.34e-06  depth_std 6.2866
2026-08-25 04:39:20,086 step 7400  loss 1.4862  skip 0.50  lr 5.41e-06  depth_std 14.7672
2026-08-25 04:41:17,818 step 7450  loss 6.6776  skip 0.50  lr 4.55e-06  depth_std 27.2214
2026-08-25 04:43:15,825 step 7500  loss 7.1374  skip 0.50  lr 3.76e-06  depth_std 40.0450
2026-08-25 04:45:13,837 step 7550  loss 3.9130  skip 0.50  lr 3.05e-06  depth_std 45.4508
2026-08-25 04:47:11,514 step 7600  loss 2.4493  skip 0.50  lr 2.41e-06  depth_std 6.4061
2026-08-25 04:49:08,981 step 7650  loss 4.6545  skip 0.50  lr 1.85e-06  depth_std 15.6691
2026-08-25 04:51:06,953 step 7700  loss 2.0570  skip 0.50  lr 1.36e-06  depth_std 34.7531
2026-08-25 04:53:04,692 step 7750  loss 1.9158  skip 0.50  lr 9.43e-07  depth_std 19.3195
2026-08-25 04:55:02,483 step 7800  loss 2.2401  skip 0.50  lr 6.04e-07  depth_std 14.7022
2026-08-25 04:56:59,946 step 7850  loss 0.5823  skip 0.50  lr 3.40e-07  depth_std 1.3581
2026-08-25 04:58:57,745 step 7900  loss 1.1252  skip 0.50  lr 1.51e-07  depth_std 8.9951
2026-08-25 05:00:55,578 step 7950  loss 3.6313  skip 0.50  lr 3.78e-08  depth_std 35.8258
2026-08-25 05:02:51,480 saved -> work_dirs/v12c-teachergrad-s0/latest.pt
