2026-08-06 08:22:27,105 work dir: work_dirs/t1-edge2-warp1  seed 0  commit c77b7f40
2026-08-06 08:22:27,551 partial init from work_dirs/main_v8/latest.pt: 1 new tensors kept at init, 0 checkpoint tensors unused
2026-08-06 08:22:28,382 mixed dataset: 208720 clips from 5 sources (size 256)
2026-08-06 08:22:30,447 step    0  loss 3.6584  skip 0.00  lr 3.00e-07  depth_std 25.3118
2026-08-06 08:23:18,974 step   50  loss 2.5938  skip 0.01  lr 1.53e-05  depth_std 6.6773
2026-08-06 08:24:11,852 step  100  loss 3.6600  skip 0.01  lr 3.03e-05  depth_std 11.5949
2026-08-06 08:25:05,010 step  150  loss 1.7321  skip 0.02  lr 4.53e-05  depth_std 20.9952
2026-08-06 08:25:58,111 step  200  loss 1.7550  skip 0.03  lr 6.03e-05  depth_std 18.7201
2026-08-06 08:26:51,264 step  250  loss 2.6514  skip 0.03  lr 7.53e-05  depth_std 18.1140
2026-08-06 08:27:44,409 step  300  loss 3.1447  skip 0.04  lr 9.03e-05  depth_std 24.5701
2026-08-06 08:28:37,292 step  350  loss 0.8806  skip 0.04  lr 1.05e-04  depth_std 2.4316
2026-08-06 08:29:29,958 step  400  loss 3.1909  skip 0.05  lr 1.20e-04  depth_std 27.9459
2026-08-06 08:30:22,355 step  450  loss 0.9409  skip 0.06  lr 1.35e-04  depth_std 0.4740
2026-08-06 08:31:14,409 step  500  loss 2.5621  skip 0.06  lr 1.50e-04  depth_std 26.4461
2026-08-06 08:32:06,036 step  550  loss 3.6236  skip 0.07  lr 1.65e-04  depth_std 13.1346
2026-08-06 08:32:57,254 step  600  loss 2.1483  skip 0.07  lr 1.80e-04  depth_std 1.7575
2026-08-06 08:33:48,192 step  650  loss 2.2717  skip 0.08  lr 1.95e-04  depth_std 8.1153
2026-08-06 08:34:39,061 step  700  loss 2.6002  skip 0.09  lr 2.10e-04  depth_std 30.8815
2026-08-06 08:35:29,625 step  750  loss 1.5247  skip 0.09  lr 2.25e-04  depth_std 28.0894
2026-08-06 08:36:20,264 step  800  loss 2.4171  skip 0.10  lr 2.40e-04  depth_std 2.5249
2026-08-06 08:37:10,526 step  850  loss 1.9723  skip 0.11  lr 2.55e-04  depth_std 0.6763
2026-08-06 08:38:00,685 step  900  loss 2.1466  skip 0.11  lr 2.70e-04  depth_std 19.7618
2026-08-06 08:38:50,511 step  950  loss 1.9475  skip 0.12  lr 2.85e-04  depth_std 2.9869
2026-08-06 08:39:40,020 step 1000  loss 3.3113  skip 0.12  lr 3.00e-04  depth_std 31.7712
2026-08-06 08:40:29,238 step 1050  loss 1.6625  skip 0.13  lr 3.00e-04  depth_std 2.1362
2026-08-06 08:41:18,235 step 1100  loss 2.3682  skip 0.14  lr 3.00e-04  depth_std 35.0502
2026-08-06 08:42:06,847 step 1150  loss 1.7869  skip 0.14  lr 3.00e-04  depth_std 27.7106
2026-08-06 08:42:55,351 step 1200  loss 6.1131  skip 0.15  lr 2.99e-04  depth_std 36.4853
2026-08-06 08:43:43,708 step 1250  loss 2.7507  skip 0.16  lr 2.99e-04  depth_std 9.5550
2026-08-06 08:44:31,821 step 1300  loss 2.1417  skip 0.16  lr 2.99e-04  depth_std 4.3557
2026-08-06 08:45:19,701 step 1350  loss 1.4742  skip 0.17  lr 2.98e-04  depth_std 1.5649
2026-08-06 08:46:07,370 step 1400  loss 3.0355  skip 0.17  lr 2.98e-04  depth_std 34.0294
2026-08-06 08:46:54,870 step 1450  loss 2.3553  skip 0.18  lr 2.97e-04  depth_std 17.2247
2026-08-06 08:47:42,011 step 1500  loss 1.8187  skip 0.19  lr 2.96e-04  depth_std 33.3685
2026-08-06 08:48:28,927 step 1550  loss 3.4115  skip 0.19  lr 2.95e-04  depth_std 6.2454
2026-08-06 08:49:15,449 step 1600  loss 2.0215  skip 0.20  lr 2.95e-04  depth_std 11.1989
2026-08-06 08:50:01,700 step 1650  loss 4.0987  skip 0.21  lr 2.94e-04  depth_std 12.1313
2026-08-06 08:50:47,847 step 1700  loss 1.7775  skip 0.21  lr 2.93e-04  depth_std 5.4427
2026-08-06 08:51:33,840 step 1750  loss 3.0308  skip 0.22  lr 2.92e-04  depth_std 5.0240
2026-08-06 08:52:19,412 step 1800  loss 3.3925  skip 0.23  lr 2.90e-04  depth_std 29.3529
2026-08-06 08:53:04,974 step 1850  loss 2.2773  skip 0.23  lr 2.89e-04  depth_std 9.8197
2026-08-06 08:53:50,090 step 1900  loss 2.8319  skip 0.24  lr 2.88e-04  depth_std 19.5801
2026-08-06 08:54:34,952 step 1950  loss 4.4425  skip 0.24  lr 2.87e-04  depth_std 42.1591
2026-08-06 08:55:19,807 step 2000  loss 2.1260  skip 0.25  lr 2.85e-04  depth_std 27.5761
2026-08-06 08:56:04,283 step 2050  loss 3.3735  skip 0.26  lr 2.84e-04  depth_std 6.0786
2026-08-06 08:56:48,412 step 2100  loss 3.5374  skip 0.26  lr 2.82e-04  depth_std 55.6888
2026-08-06 08:57:32,302 step 2150  loss 2.7322  skip 0.27  lr 2.80e-04  depth_std 2.3762
2026-08-06 08:58:16,018 step 2200  loss 2.5043  skip 0.28  lr 2.79e-04  depth_std 7.6195
2026-08-06 08:58:59,386 step 2250  loss 2.1336  skip 0.28  lr 2.77e-04  depth_std 2.3431
2026-08-06 08:59:42,677 step 2300  loss 2.9237  skip 0.29  lr 2.75e-04  depth_std 32.7542
2026-08-06 09:00:25,593 step 2350  loss 4.7094  skip 0.29  lr 2.73e-04  depth_std 7.1216
2026-08-06 09:01:08,223 step 2400  loss 1.9319  skip 0.30  lr 2.71e-04  depth_std 1.7901
2026-08-06 09:01:50,668 step 2450  loss 1.6868  skip 0.31  lr 2.69e-04  depth_std 1.2340
2026-08-06 09:02:32,874 step 2500  loss 3.3805  skip 0.31  lr 2.67e-04  depth_std 30.6095
2026-08-06 09:03:14,773 step 2550  loss 0.6871  skip 0.32  lr 2.65e-04  depth_std 1.8402
2026-08-06 09:03:56,517 step 2600  loss 1.3929  skip 0.33  lr 2.63e-04  depth_std 1.7247
2026-08-06 09:04:37,999 step 2650  loss 2.3637  skip 0.33  lr 2.61e-04  depth_std 8.2947
2026-08-06 09:05:19,371 step 2700  loss 1.2769  skip 0.34  lr 2.58e-04  depth_std 14.7843
2026-08-06 09:06:00,372 step 2750  loss 2.5446  skip 0.34  lr 2.56e-04  depth_std 30.8497
2026-08-06 09:06:41,079 step 2800  loss 2.1672  skip 0.35  lr 2.54e-04  depth_std 1.3671
2026-08-06 09:07:21,633 step 2850  loss 1.0644  skip 0.36  lr 2.51e-04  depth_std 1.2558
2026-08-06 09:08:01,923 step 2900  loss 2.5307  skip 0.36  lr 2.49e-04  depth_std 2.3267
2026-08-06 09:08:42,043 step 2950  loss 3.8651  skip 0.37  lr 2.46e-04  depth_std 18.3787
2026-08-06 09:09:21,993 step 3000  loss 4.1711  skip 0.38  lr 2.44e-04  depth_std 4.5657
2026-08-06 09:10:01,644 step 3050  loss 2.2361  skip 0.38  lr 2.41e-04  depth_std 41.6930
2026-08-06 09:10:41,086 step 3100  loss 3.9097  skip 0.39  lr 2.38e-04  depth_std 2.1725
2026-08-06 09:11:20,028 step 3150  loss 2.9643  skip 0.39  lr 2.35e-04  depth_std 4.5420
2026-08-06 09:11:58,945 step 3200  loss 2.6153  skip 0.40  lr 2.33e-04  depth_std 14.5396
2026-08-06 09:12:37,633 step 3250  loss 0.8221  skip 0.41  lr 2.30e-04  depth_std 1.5223
2026-08-06 09:13:15,909 step 3300  loss 1.8425  skip 0.41  lr 2.27e-04  depth_std 24.7199
2026-08-06 09:13:54,026 step 3350  loss 0.8600  skip 0.42  lr 2.24e-04  depth_std 1.4581
2026-08-06 09:14:31,897 step 3400  loss 1.7203  skip 0.42  lr 2.21e-04  depth_std 25.2832
2026-08-06 09:15:09,556 step 3450  loss 1.7373  skip 0.43  lr 2.18e-04  depth_std 1.5406
2026-08-06 09:15:47,094 step 3500  loss 2.0736  skip 0.44  lr 2.15e-04  depth_std 30.6630
2026-08-06 09:16:24,110 step 3550  loss 0.7536  skip 0.44  lr 2.12e-04  depth_std 5.8402
2026-08-06 09:17:00,889 step 3600  loss 1.7519  skip 0.45  lr 2.09e-04  depth_std 33.5951
2026-08-06 09:17:37,345 step 3650  loss 2.0487  skip 0.46  lr 2.06e-04  depth_std 17.6069
2026-08-06 09:18:13,581 step 3700  loss 1.5202  skip 0.46  lr 2.03e-04  depth_std 27.1724
2026-08-06 09:18:49,712 step 3750  loss 4.4919  skip 0.47  lr 2.00e-04  depth_std 38.9300
2026-08-06 09:19:25,642 step 3800  loss 3.1073  skip 0.47  lr 1.96e-04  depth_std 12.1079
2026-08-06 09:20:01,298 step 3850  loss 1.5084  skip 0.48  lr 1.93e-04  depth_std 13.3331
2026-08-06 09:20:36,592 step 3900  loss 2.2963  skip 0.49  lr 1.90e-04  depth_std 18.0386
2026-08-06 09:21:11,640 step 3950  loss 1.8562  skip 0.49  lr 1.87e-04  depth_std 22.6790
2026-08-06 09:21:46,551 step 4000  loss 1.3417  skip 0.50  lr 1.83e-04  depth_std 2.1917
2026-08-06 09:22:21,265 step 4050  loss 2.1423  skip 0.50  lr 1.80e-04  depth_std 22.6315
2026-08-06 09:22:55,798 step 4100  loss 2.5833  skip 0.50  lr 1.77e-04  depth_std 4.1183
2026-08-06 09:23:30,489 step 4150  loss 2.2049  skip 0.50  lr 1.73e-04  depth_std 40.1141
2026-08-06 09:24:05,271 step 4200  loss 1.5679  skip 0.50  lr 1.70e-04  depth_std 18.0624
2026-08-06 09:24:39,934 step 4250  loss 1.6663  skip 0.50  lr 1.67e-04  depth_std 13.6949
2026-08-06 09:25:14,654 step 4300  loss 1.2016  skip 0.50  lr 1.63e-04  depth_std 5.8631
2026-08-06 09:25:49,310 step 4350  loss 1.6789  skip 0.50  lr 1.60e-04  depth_std 20.5706
2026-08-06 09:26:24,086 step 4400  loss 1.6333  skip 0.50  lr 1.57e-04  depth_std 3.9886
2026-08-06 09:26:58,676 step 4450  loss 2.4586  skip 0.50  lr 1.53e-04  depth_std 2.6947
2026-08-06 09:27:33,569 step 4500  loss 2.4166  skip 0.50  lr 1.50e-04  depth_std 12.8436
2026-08-06 09:28:08,238 step 4550  loss 2.1578  skip 0.50  lr 1.47e-04  depth_std 19.5422
2026-08-06 09:28:43,079 step 4600  loss 0.9120  skip 0.50  lr 1.43e-04  depth_std 0.5355
2026-08-06 09:29:17,879 step 4650  loss 3.2913  skip 0.50  lr 1.40e-04  depth_std 5.7478
2026-08-06 09:29:52,734 step 4700  loss 2.0498  skip 0.50  lr 1.37e-04  depth_std 33.3733
2026-08-06 09:30:27,401 step 4750  loss 2.0794  skip 0.50  lr 1.33e-04  depth_std 5.1995
2026-08-06 09:31:02,140 step 4800  loss 1.7296  skip 0.50  lr 1.30e-04  depth_std 10.7749
2026-08-06 09:31:36,879 step 4850  loss 1.7710  skip 0.50  lr 1.27e-04  depth_std 33.0951
2026-08-06 09:32:11,645 step 4900  loss 0.7598  skip 0.50  lr 1.23e-04  depth_std 1.7230
2026-08-06 09:32:46,497 step 4950  loss 1.6908  skip 0.50  lr 1.20e-04  depth_std 22.1242
2026-08-06 09:33:21,166 step 5000  loss 4.3958  skip 0.50  lr 1.17e-04  depth_std 5.1361
2026-08-06 09:33:55,831 step 5050  loss 3.0372  skip 0.50  lr 1.13e-04  depth_std 8.3818
2026-08-06 09:34:30,688 step 5100  loss 2.3011  skip 0.50  lr 1.10e-04  depth_std 12.1325
2026-08-06 09:35:05,375 step 5150  loss 1.8047  skip 0.50  lr 1.07e-04  depth_std 6.2542
2026-08-06 09:35:40,107 step 5200  loss 2.6494  skip 0.50  lr 1.04e-04  depth_std 23.6170
2026-08-06 09:36:14,723 step 5250  loss 1.3526  skip 0.50  lr 1.00e-04  depth_std 4.1716
2026-08-06 09:36:49,399 step 5300  loss 2.5052  skip 0.50  lr 9.73e-05  depth_std 41.2930
2026-08-06 09:37:24,221 step 5350  loss 1.6217  skip 0.50  lr 9.42e-05  depth_std 31.6928
2026-08-06 09:37:58,911 step 5400  loss 1.8267  skip 0.50  lr 9.10e-05  depth_std 9.7548
2026-08-06 09:38:33,715 step 5450  loss 1.3931  skip 0.50  lr 8.80e-05  depth_std 1.1514
2026-08-06 09:39:08,434 step 5500  loss 1.8939  skip 0.50  lr 8.49e-05  depth_std 2.9756
2026-08-06 09:39:42,936 step 5550  loss 2.9190  skip 0.50  lr 8.19e-05  depth_std 10.1391
2026-08-06 09:40:17,590 step 5600  loss 1.0455  skip 0.50  lr 7.89e-05  depth_std 3.7088
2026-08-06 09:40:52,269 step 5650  loss 1.7180  skip 0.50  lr 7.60e-05  depth_std 14.5129
2026-08-06 09:41:27,051 step 5700  loss 1.1872  skip 0.50  lr 7.31e-05  depth_std 1.7253
2026-08-06 09:42:01,765 step 5750  loss 2.0743  skip 0.50  lr 7.02e-05  depth_std 36.1271
2026-08-06 09:42:36,517 step 5800  loss 2.8092  skip 0.50  lr 6.74e-05  depth_std 38.7601
2026-08-06 09:43:11,304 step 5850  loss 2.4761  skip 0.50  lr 6.46e-05  depth_std 26.9848
2026-08-06 09:43:46,019 step 5900  loss 3.5748  skip 0.50  lr 6.18e-05  depth_std 4.8951
2026-08-06 09:44:20,802 step 5950  loss 0.8267  skip 0.50  lr 5.91e-05  depth_std 1.9279
2026-08-06 09:44:55,603 step 6000  loss 2.0457  skip 0.50  lr 5.65e-05  depth_std 2.8462
2026-08-06 09:45:30,361 step 6050  loss 2.9480  skip 0.50  lr 5.39e-05  depth_std 6.8218
2026-08-06 09:46:05,181 step 6100  loss 0.9649  skip 0.50  lr 5.13e-05  depth_std 1.2763
2026-08-06 09:46:40,025 step 6150  loss 6.0651  skip 0.50  lr 4.88e-05  depth_std 38.0344
2026-08-06 09:47:14,647 step 6200  loss 2.5917  skip 0.50  lr 4.63e-05  depth_std 27.5007
2026-08-06 09:47:49,463 step 6250  loss 3.7907  skip 0.50  lr 4.39e-05  depth_std 8.1522
2026-08-06 09:48:24,122 step 6300  loss 1.5924  skip 0.50  lr 4.16e-05  depth_std 42.1756
2026-08-06 09:48:58,873 step 6350  loss 2.5253  skip 0.50  lr 3.93e-05  depth_std 31.7470
2026-08-06 09:49:33,709 step 6400  loss 5.4886  skip 0.50  lr 3.70e-05  depth_std 39.6991
2026-08-06 09:50:08,427 step 6450  loss 2.6512  skip 0.50  lr 3.49e-05  depth_std 29.6808
2026-08-06 09:50:43,257 step 6500  loss 6.6604  skip 0.50  lr 3.27e-05  depth_std 35.5934
2026-08-06 09:51:17,925 step 6550  loss 1.0048  skip 0.50  lr 3.07e-05  depth_std 9.8046
2026-08-06 09:51:52,554 step 6600  loss 3.4769  skip 0.50  lr 2.86e-05  depth_std 25.0510
2026-08-06 09:52:27,312 step 6650  loss 4.9415  skip 0.50  lr 2.67e-05  depth_std 17.7854
2026-08-06 09:53:02,126 step 6700  loss 2.9088  skip 0.50  lr 2.48e-05  depth_std 7.8869
2026-08-06 09:53:36,801 step 6750  loss 1.9122  skip 0.50  lr 2.30e-05  depth_std 4.1827
2026-08-06 09:54:11,553 step 6800  loss 2.3540  skip 0.50  lr 2.12e-05  depth_std 39.7153
2026-08-06 09:54:46,229 step 6850  loss 2.2263  skip 0.50  lr 1.95e-05  depth_std 30.8391
2026-08-06 09:55:20,834 step 6900  loss 3.0182  skip 0.50  lr 1.79e-05  depth_std 36.8569
2026-08-06 09:55:55,644 step 6950  loss 1.3306  skip 0.50  lr 1.63e-05  depth_std 9.8686
2026-08-06 09:56:30,364 step 7000  loss 1.9821  skip 0.50  lr 1.49e-05  depth_std 35.7228
2026-08-06 09:57:05,175 step 7050  loss 6.4904  skip 0.50  lr 1.34e-05  depth_std 6.8994
2026-08-06 09:57:39,979 step 7100  loss 1.9209  skip 0.50  lr 1.21e-05  depth_std 6.5284
2026-08-06 09:58:14,784 step 7150  loss 1.8886  skip 0.50  lr 1.08e-05  depth_std 11.9429
2026-08-06 09:58:49,529 step 7200  loss 2.9429  skip 0.50  lr 9.56e-06  depth_std 3.7943
2026-08-06 09:59:24,334 step 7250  loss 3.1611  skip 0.50  lr 8.42e-06  depth_std 2.6200
2026-08-06 09:59:59,124 step 7300  loss 2.2225  skip 0.50  lr 7.34e-06  depth_std 8.2982
2026-08-06 10:00:33,884 step 7350  loss 2.7165  skip 0.50  lr 6.34e-06  depth_std 6.7002
2026-08-06 10:01:08,635 step 7400  loss 3.8017  skip 0.50  lr 5.41e-06  depth_std 29.2895
2026-08-06 10:01:43,387 step 7450  loss 2.9966  skip 0.50  lr 4.55e-06  depth_std 18.5321
2026-08-06 10:02:18,266 step 7500  loss 2.3243  skip 0.50  lr 3.76e-06  depth_std 9.7029
2026-08-06 10:02:53,213 step 7550  loss 3.5082  skip 0.50  lr 3.05e-06  depth_std 25.6335
2026-08-06 10:03:27,887 step 7600  loss 1.4408  skip 0.50  lr 2.41e-06  depth_std 9.5115
2026-08-06 10:04:02,667 step 7650  loss 6.1507  skip 0.50  lr 1.85e-06  depth_std 10.7188
2026-08-06 10:04:37,518 step 7700  loss 2.2092  skip 0.50  lr 1.36e-06  depth_std 26.0928
2026-08-06 10:05:12,405 step 7750  loss 1.1593  skip 0.50  lr 9.43e-07  depth_std 2.9218
2026-08-06 10:05:47,235 step 7800  loss 4.3922  skip 0.50  lr 6.04e-07  depth_std 8.6704
2026-08-06 10:06:22,075 step 7850  loss 3.1969  skip 0.50  lr 3.40e-07  depth_std 41.9215
2026-08-06 10:06:57,010 step 7900  loss 2.1502  skip 0.50  lr 1.51e-07  depth_std 34.9748
2026-08-06 10:07:31,868 step 7950  loss 1.0521  skip 0.50  lr 3.78e-08  depth_std 17.1694
2026-08-06 10:08:06,272 saved -> work_dirs/t1-edge2-warp1/latest.pt
