2026-07-08 02:02:12,080 work dir: work_dirs/abl-detmask
2026-07-08 02:02:12,643 mixed dataset: 18440 clips from 1 sources
2026-07-08 02:02:13,315 step    0  loss 1.9956  skip 0.00
2026-07-08 02:02:20,305 step   50  loss 1.3988  skip 0.00
2026-07-08 02:02:27,270 step  100  loss 2.5656  skip 0.00
2026-07-08 02:02:34,243 step  150  loss 3.3575  skip 0.00
2026-07-08 02:02:41,269 step  200  loss 2.3654  skip 0.00
2026-07-08 02:02:48,279 step  250  loss 2.1515  skip 0.00
2026-07-08 02:02:55,292 step  300  loss 2.5489  skip 0.00
2026-07-08 02:03:02,291 step  350  loss 2.3152  skip 0.00
2026-07-08 02:03:09,313 step  400  loss 2.4240  skip 0.00
2026-07-08 02:03:18,621 step  450  loss 2.3362  skip 0.00
2026-07-08 02:03:28,686 step  500  loss 2.2869  skip 0.00
2026-07-08 02:03:38,515 step  550  loss 2.3379  skip 0.00
2026-07-08 02:03:49,190 step  600  loss 3.5833  skip 0.00
2026-07-08 02:03:58,779 step  650  loss 3.3412  skip 0.00
2026-07-08 02:04:08,815 step  700  loss 2.9453  skip 0.00
2026-07-08 02:04:19,006 step  750  loss 2.4573  skip 0.00
2026-07-08 02:04:29,405 step  800  loss 3.4486  skip 0.00
2026-07-08 02:04:39,329 step  850  loss 1.9781  skip 0.00
2026-07-08 02:04:49,179 step  900  loss 2.1032  skip 0.00
2026-07-08 02:04:59,328 step  950  loss 2.3845  skip 0.00
2026-07-08 02:05:10,170 step 1000  loss 1.8802  skip 0.00
2026-07-08 02:05:20,548 step 1050  loss 2.0517  skip 0.00
2026-07-08 02:05:30,724 step 1100  loss 2.3302  skip 0.00
2026-07-08 02:05:40,867 step 1150  loss 2.4254  skip 0.00
2026-07-08 02:05:50,929 step 1200  loss 2.5793  skip 0.00
2026-07-08 02:06:00,932 step 1250  loss 3.1980  skip 0.00
2026-07-08 02:06:10,844 step 1300  loss 2.9152  skip 0.00
2026-07-08 02:06:21,382 step 1350  loss 3.0127  skip 0.00
2026-07-08 02:06:31,165 step 1400  loss 2.6408  skip 0.00
2026-07-08 02:06:41,014 step 1450  loss 2.5765  skip 0.00
2026-07-08 02:06:51,388 step 1500  loss 2.7771  skip 0.00
2026-07-08 02:07:01,488 step 1550  loss 1.5900  skip 0.00
2026-07-08 02:07:09,423 step 1600  loss 1.3550  skip 0.00
2026-07-08 02:07:16,410 step 1650  loss 3.4037  skip 0.00
2026-07-08 02:07:23,349 step 1700  loss 2.1080  skip 0.00
2026-07-08 02:07:30,387 step 1750  loss 1.7388  skip 0.00
2026-07-08 02:07:37,372 step 1800  loss 2.2847  skip 0.00
2026-07-08 02:07:44,387 step 1850  loss 2.1660  skip 0.00
2026-07-08 02:07:51,331 step 1900  loss 2.6241  skip 0.00
2026-07-08 02:07:58,337 step 1950  loss 2.9030  skip 0.00
2026-07-08 02:08:05,459 step 2000  loss 2.8831  skip 0.00
2026-07-08 02:08:12,467 step 2050  loss 2.7233  skip 0.00
2026-07-08 02:08:19,407 step 2100  loss 3.3757  skip 0.00
2026-07-08 02:08:26,410 step 2150  loss 2.7860  skip 0.00
2026-07-08 02:08:33,416 step 2200  loss 2.7219  skip 0.00
2026-07-08 02:08:40,478 step 2250  loss 1.7471  skip 0.00
2026-07-08 02:08:47,453 step 2300  loss 2.1299  skip 0.00
2026-07-08 02:08:54,795 step 2350  loss 2.1737  skip 0.00
2026-07-08 02:09:01,792 step 2400  loss 2.1953  skip 0.00
2026-07-08 02:09:08,839 step 2450  loss 1.7602  skip 0.00
2026-07-08 02:09:15,796 step 2500  loss 2.3582  skip 0.00
2026-07-08 02:09:22,770 step 2550  loss 1.8905  skip 0.00
2026-07-08 02:09:29,785 step 2600  loss 2.1799  skip 0.00
2026-07-08 02:09:36,842 step 2650  loss 2.1639  skip 0.00
2026-07-08 02:09:43,802 step 2700  loss 2.3297  skip 0.00
2026-07-08 02:09:50,801 step 2750  loss 2.3160  skip 0.00
2026-07-08 02:09:57,801 step 2800  loss 1.5905  skip 0.00
2026-07-08 02:10:04,816 step 2850  loss 1.7687  skip 0.00
2026-07-08 02:10:11,838 step 2900  loss 1.8952  skip 0.00
2026-07-08 02:10:18,841 step 2950  loss 1.4953  skip 0.00
2026-07-08 02:10:25,867 step 3000  loss 1.8314  skip 0.00
2026-07-08 02:10:32,876 step 3050  loss 2.6436  skip 0.00
2026-07-08 02:10:39,893 step 3100  loss 2.6786  skip 0.00
2026-07-08 02:10:46,887 step 3150  loss 2.4655  skip 0.00
2026-07-08 02:10:53,870 step 3200  loss 3.0513  skip 0.00
2026-07-08 02:11:00,857 step 3250  loss 1.8670  skip 0.00
2026-07-08 02:11:07,864 step 3300  loss 2.7089  skip 0.00
2026-07-08 02:11:14,889 step 3350  loss 2.3139  skip 0.00
2026-07-08 02:11:22,131 step 3400  loss 1.0826  skip 0.00
2026-07-08 02:11:29,096 step 3450  loss 2.7592  skip 0.00
2026-07-08 02:11:36,060 step 3500  loss 2.4985  skip 0.00
2026-07-08 02:11:43,057 step 3550  loss 2.6989  skip 0.00
2026-07-08 02:11:50,082 step 3600  loss 3.0145  skip 0.00
2026-07-08 02:11:57,121 step 3650  loss 2.2464  skip 0.00
2026-07-08 02:12:04,132 step 3700  loss 1.7209  skip 0.00
2026-07-08 02:12:11,162 step 3750  loss 2.1089  skip 0.00
2026-07-08 02:12:18,186 step 3800  loss 2.5232  skip 0.00
2026-07-08 02:12:25,216 step 3850  loss 2.3062  skip 0.00
2026-07-08 02:12:32,238 step 3900  loss 2.0443  skip 0.00
2026-07-08 02:12:39,254 step 3950  loss 2.3762  skip 0.00
2026-07-08 02:12:46,273 step 4000  loss 2.7134  skip 0.00
2026-07-08 02:12:53,286 step 4050  loss 2.4072  skip 0.00
2026-07-08 02:13:00,295 step 4100  loss 2.0848  skip 0.00
2026-07-08 02:13:07,307 step 4150  loss 2.8315  skip 0.00
2026-07-08 02:13:14,312 step 4200  loss 1.9985  skip 0.00
2026-07-08 02:13:21,337 step 4250  loss 1.9901  skip 0.00
2026-07-08 02:13:28,342 step 4300  loss 2.6271  skip 0.00
2026-07-08 02:13:35,341 step 4350  loss 2.3647  skip 0.00
2026-07-08 02:13:42,333 step 4400  loss 2.5123  skip 0.00
2026-07-08 02:13:49,339 step 4450  loss 2.9563  skip 0.00
2026-07-08 02:13:56,356 step 4500  loss 2.6552  skip 0.00
2026-07-08 02:14:03,378 step 4550  loss 1.4749  skip 0.00
2026-07-08 02:14:10,386 step 4600  loss 2.1477  skip 0.00
2026-07-08 02:14:18,319 step 4650  loss 2.2438  skip 0.00
2026-07-08 02:14:25,288 step 4700  loss 1.8174  skip 0.00
2026-07-08 02:14:32,264 step 4750  loss 2.7991  skip 0.00
2026-07-08 02:14:39,223 step 4800  loss 2.1493  skip 0.00
2026-07-08 02:14:46,277 step 4850  loss 2.2192  skip 0.00
2026-07-08 02:14:53,275 step 4900  loss 2.2995  skip 0.00
2026-07-08 02:15:00,258 step 4950  loss 1.0547  skip 0.00
2026-07-08 02:15:07,426 step 5000  loss 2.3086  skip 0.00
2026-07-08 02:15:14,451 step 5050  loss 2.4200  skip 0.00
2026-07-08 02:15:21,413 step 5100  loss 2.0258  skip 0.00
2026-07-08 02:15:28,362 step 5150  loss 3.3529  skip 0.00
2026-07-08 02:15:35,393 step 5200  loss 2.1734  skip 0.00
2026-07-08 02:15:42,419 step 5250  loss 2.6589  skip 0.00
2026-07-08 02:15:49,467 step 5300  loss 2.8301  skip 0.00
2026-07-08 02:15:56,423 step 5350  loss 1.9506  skip 0.00
2026-07-08 02:16:03,439 step 5400  loss 2.5612  skip 0.00
2026-07-08 02:16:10,443 step 5450  loss 2.5997  skip 0.00
2026-07-08 02:16:17,494 step 5500  loss 2.2317  skip 0.00
2026-07-08 02:16:24,470 step 5550  loss 2.8488  skip 0.00
2026-07-08 02:16:31,470 step 5600  loss 2.7914  skip 0.00
2026-07-08 02:16:38,476 step 5650  loss 1.9879  skip 0.00
2026-07-08 02:16:45,559 step 5700  loss 2.0072  skip 0.00
2026-07-08 02:16:52,504 step 5750  loss 1.7475  skip 0.00
2026-07-08 02:16:59,498 step 5800  loss 3.1518  skip 0.00
2026-07-08 02:17:06,488 step 5850  loss 2.4208  skip 0.00
2026-07-08 02:17:13,554 step 5900  loss 2.2895  skip 0.00
2026-07-08 02:17:20,537 step 5950  loss 2.2135  skip 0.00
2026-07-08 02:17:27,562 step 6000  loss 3.0528  skip 0.00
2026-07-08 02:17:34,567 step 6050  loss 2.8814  skip 0.00
2026-07-08 02:17:41,579 step 6100  loss 2.3712  skip 0.00
2026-07-08 02:17:48,592 step 6150  loss 2.2340  skip 0.00
2026-07-08 02:17:55,573 step 6200  loss 2.2018  skip 0.00
2026-07-08 02:18:02,559 step 6250  loss 2.4494  skip 0.00
2026-07-08 02:18:09,565 step 6300  loss 2.3875  skip 0.00
2026-07-08 02:18:16,585 step 6350  loss 3.5099  skip 0.00
2026-07-08 02:18:23,570 step 6400  loss 2.7166  skip 0.00
2026-07-08 02:18:30,581 step 6450  loss 2.9144  skip 0.00
2026-07-08 02:18:37,594 step 6500  loss 2.1946  skip 0.00
2026-07-08 02:18:44,630 step 6550  loss 3.1171  skip 0.00
2026-07-08 02:18:51,645 step 6600  loss 3.4565  skip 0.00
2026-07-08 02:18:58,659 step 6650  loss 1.5041  skip 0.00
2026-07-08 02:19:05,695 step 6700  loss 1.8171  skip 0.00
2026-07-08 02:19:12,700 step 6750  loss 2.5655  skip 0.00
2026-07-08 02:19:19,696 step 6800  loss 1.9843  skip 0.00
2026-07-08 02:19:26,697 step 6850  loss 2.2169  skip 0.00
2026-07-08 02:19:33,711 step 6900  loss 2.0348  skip 0.00
2026-07-08 02:19:41,057 step 6950  loss 1.9029  skip 0.00
2026-07-08 02:19:48,107 step 7000  loss 1.8781  skip 0.00
2026-07-08 02:19:55,120 step 7050  loss 2.5866  skip 0.00
2026-07-08 02:20:02,128 step 7100  loss 2.7521  skip 0.00
2026-07-08 02:20:09,138 step 7150  loss 1.5626  skip 0.00
2026-07-08 02:20:16,135 step 7200  loss 2.3464  skip 0.00
2026-07-08 02:20:23,145 step 7250  loss 2.1586  skip 0.00
2026-07-08 02:20:30,134 step 7300  loss 2.1804  skip 0.00
2026-07-08 02:20:37,136 step 7350  loss 1.8253  skip 0.00
2026-07-08 02:20:44,158 step 7400  loss 3.2917  skip 0.00
2026-07-08 02:20:51,173 step 7450  loss 1.6883  skip 0.00
2026-07-08 02:20:58,178 step 7500  loss 1.7547  skip 0.00
2026-07-08 02:21:05,167 step 7550  loss 2.7275  skip 0.00
2026-07-08 02:21:12,186 step 7600  loss 1.5490  skip 0.00
2026-07-08 02:21:19,194 step 7650  loss 2.3974  skip 0.00
2026-07-08 02:21:26,196 step 7700  loss 2.0315  skip 0.00
2026-07-08 02:21:33,221 step 7750  loss 1.8774  skip 0.00
2026-07-08 02:21:40,217 step 7800  loss 1.4366  skip 0.00
2026-07-08 02:21:47,218 step 7850  loss 2.3957  skip 0.00
2026-07-08 02:21:54,233 step 7900  loss 2.4060  skip 0.00
2026-07-08 02:22:01,241 step 7950  loss 2.2430  skip 0.00
2026-07-08 02:22:08,249 step 8000  loss 2.7461  skip 0.00
2026-07-08 02:22:15,228 step 8050  loss 3.5827  skip 0.00
2026-07-08 02:22:22,269 step 8100  loss 2.5453  skip 0.00
2026-07-08 02:22:29,534 step 8150  loss 2.0755  skip 0.00
2026-07-08 02:22:36,528 step 8200  loss 2.7250  skip 0.00
2026-07-08 02:22:43,455 step 8250  loss 2.0542  skip 0.00
2026-07-08 02:22:50,470 step 8300  loss 2.0493  skip 0.00
2026-07-08 02:22:57,457 step 8350  loss 3.8628  skip 0.00
2026-07-08 02:23:04,405 step 8400  loss 2.0978  skip 0.00
2026-07-08 02:23:11,541 step 8450  loss 2.4044  skip 0.00
2026-07-08 02:23:18,508 step 8500  loss 1.4517  skip 0.00
2026-07-08 02:23:25,521 step 8550  loss 3.0564  skip 0.00
2026-07-08 02:23:32,468 step 8600  loss 2.6766  skip 0.00
2026-07-08 02:23:39,479 step 8650  loss 2.5454  skip 0.00
2026-07-08 02:23:46,482 step 8700  loss 2.4438  skip 0.00
2026-07-08 02:23:53,539 step 8750  loss 1.2692  skip 0.00
2026-07-08 02:24:00,506 step 8800  loss 2.8534  skip 0.00
2026-07-08 02:24:07,525 step 8850  loss 2.2292  skip 0.00
2026-07-08 02:24:14,549 step 8900  loss 2.2764  skip 0.00
2026-07-08 02:24:21,612 step 8950  loss 2.0005  skip 0.00
2026-07-08 02:24:28,582 step 9000  loss 2.2715  skip 0.00
2026-07-08 02:24:35,590 step 9050  loss 1.6912  skip 0.00
2026-07-08 02:24:42,582 step 9100  loss 1.5888  skip 0.00
2026-07-08 02:24:49,634 step 9150  loss 2.3418  skip 0.00
2026-07-08 02:24:56,589 step 9200  loss 2.6386  skip 0.00
2026-07-08 02:25:03,916 step 9250  loss 2.6057  skip 0.00
2026-07-08 02:25:10,953 step 9300  loss 2.8011  skip 0.00
2026-07-08 02:25:18,001 step 9350  loss 2.6145  skip 0.00
2026-07-08 02:25:24,954 step 9400  loss 2.6571  skip 0.00
2026-07-08 02:25:31,949 step 9450  loss 2.5898  skip 0.00
2026-07-08 02:25:38,952 step 9500  loss 2.2846  skip 0.00
2026-07-08 02:25:45,961 step 9550  loss 3.0522  skip 0.00
2026-07-08 02:25:52,975 step 9600  loss 2.8624  skip 0.00
2026-07-08 02:25:59,978 step 9650  loss 2.8680  skip 0.00
2026-07-08 02:26:07,004 step 9700  loss 2.0393  skip 0.00
2026-07-08 02:26:14,014 step 9750  loss 1.9676  skip 0.00
2026-07-08 02:26:21,025 step 9800  loss 2.8236  skip 0.00
2026-07-08 02:26:28,051 step 9850  loss 3.1973  skip 0.00
2026-07-08 02:26:35,061 step 9900  loss 2.3850  skip 0.00
2026-07-08 02:26:42,062 step 9950  loss 2.6619  skip 0.00
2026-07-08 02:26:49,068 saved -> work_dirs/abl-detmask/latest.pt
