2026-08-29 06:32:49,566 work dir: work_dirs/e1-boundary-s0  seed 0  commit 1d4d01a6
2026-08-29 06:32:49,988 partial init from work_dirs/v11-longclip-spread-s0/latest.pt: 1 new tensors kept at init, 0 checkpoint tensors unused
2026-08-29 06:32:50,829 mixed dataset: 208720 clips from 5 sources (size 256)
2026-08-29 06:32:53,067 step    0  loss 3.0877  skip 0.00  lr 2.00e-07  depth_std 29.5725
2026-08-29 06:33:43,939 step   50  loss 2.6713  skip 0.01  lr 1.02e-05  depth_std 7.8314
2026-08-29 06:34:37,189 step  100  loss 3.2404  skip 0.03  lr 2.02e-05  depth_std 14.1736
2026-08-29 06:35:30,594 step  150  loss 1.8378  skip 0.04  lr 3.02e-05  depth_std 21.1083
2026-08-29 06:36:23,786 step  200  loss 1.5439  skip 0.05  lr 4.02e-05  depth_std 20.6683
2026-08-29 06:37:16,398 step  250  loss 2.5856  skip 0.06  lr 5.02e-05  depth_std 28.8574
2026-08-29 06:38:08,227 step  300  loss 2.9641  skip 0.07  lr 6.02e-05  depth_std 34.6292
2026-08-29 06:38:59,662 step  350  loss 0.8602  skip 0.09  lr 7.02e-05  depth_std 1.9028
2026-08-29 06:39:50,716 step  400  loss 3.1314  skip 0.10  lr 8.02e-05  depth_std 40.6023
2026-08-29 06:40:41,392 step  450  loss 0.9096  skip 0.11  lr 9.02e-05  depth_std 0.6293
2026-08-29 06:41:31,524 step  500  loss 2.6962  skip 0.12  lr 1.00e-04  depth_std 22.4747
2026-08-29 06:42:21,072 step  550  loss 3.9565  skip 0.14  lr 9.99e-05  depth_std 11.4380
2026-08-29 06:43:10,811 step  600  loss 2.7618  skip 0.15  lr 9.98e-05  depth_std 1.6146
2026-08-29 06:43:59,770 step  650  loss 2.5979  skip 0.16  lr 9.95e-05  depth_std 3.7637
2026-08-29 06:44:47,967 step  700  loss 2.6019  skip 0.17  lr 9.92e-05  depth_std 40.0286
2026-08-29 06:45:35,582 step  750  loss 2.1337  skip 0.19  lr 9.87e-05  depth_std 27.0145
2026-08-29 06:46:22,798 step  800  loss 3.3552  skip 0.20  lr 9.82e-05  depth_std 3.1778
2026-08-29 06:47:09,384 step  850  loss 1.8205  skip 0.21  lr 9.76e-05  depth_std 0.7837
2026-08-29 06:47:55,442 step  900  loss 2.2902  skip 0.23  lr 9.68e-05  depth_std 24.1581
2026-08-29 06:48:41,046 step  950  loss 2.0528  skip 0.24  lr 9.60e-05  depth_std 3.2501
2026-08-29 06:49:26,002 step 1000  loss 3.6796  skip 0.25  lr 9.50e-05  depth_std 30.8382
2026-08-29 06:50:10,657 step 1050  loss 1.9667  skip 0.26  lr 9.40e-05  depth_std 2.3121
2026-08-29 06:50:54,763 step 1100  loss 2.1896  skip 0.28  lr 9.29e-05  depth_std 39.4561
2026-08-29 06:51:38,462 step 1150  loss 1.7662  skip 0.29  lr 9.17e-05  depth_std 33.2585
2026-08-29 06:52:21,649 step 1200  loss 3.6303  skip 0.30  lr 9.05e-05  depth_std 32.5869
2026-08-29 06:53:04,418 step 1250  loss 3.2425  skip 0.31  lr 8.91e-05  depth_std 11.1622
2026-08-29 06:53:46,784 step 1300  loss 2.3880  skip 0.33  lr 8.77e-05  depth_std 7.6102
2026-08-29 06:54:28,375 step 1350  loss 2.8088  skip 0.34  lr 8.61e-05  depth_std 1.4573
2026-08-29 06:55:09,465 step 1400  loss 3.3417  skip 0.35  lr 8.46e-05  depth_std 28.6941
2026-08-29 06:55:50,387 step 1450  loss 2.5909  skip 0.36  lr 8.29e-05  depth_std 15.2667
2026-08-29 06:56:30,610 step 1500  loss 1.9411  skip 0.38  lr 8.12e-05  depth_std 28.8947
2026-08-29 06:57:10,406 step 1550  loss 3.4188  skip 0.39  lr 7.94e-05  depth_std 8.5977
2026-08-29 06:57:49,629 step 1600  loss 2.4274  skip 0.40  lr 7.75e-05  depth_std 11.4362
2026-08-29 06:58:28,409 step 1650  loss 4.6569  skip 0.41  lr 7.56e-05  depth_std 11.1898
2026-08-29 06:59:06,759 step 1700  loss 2.3001  skip 0.42  lr 7.37e-05  depth_std 5.0173
2026-08-29 06:59:44,476 step 1750  loss 3.6859  skip 0.44  lr 7.17e-05  depth_std 5.2139
2026-08-29 07:00:21,717 step 1800  loss 3.8318  skip 0.45  lr 6.97e-05  depth_std 26.1806
2026-08-29 07:00:58,467 step 1850  loss 2.3249  skip 0.46  lr 6.76e-05  depth_std 10.0636
2026-08-29 07:01:34,692 step 1900  loss 2.9835  skip 0.47  lr 6.55e-05  depth_std 28.7783
2026-08-29 07:02:10,525 step 1950  loss 4.4713  skip 0.49  lr 6.33e-05  depth_std 35.4888
2026-08-29 07:02:45,909 step 2000  loss 2.0974  skip 0.50  lr 6.11e-05  depth_std 24.7900
2026-08-29 07:03:21,023 step 2050  loss 5.3540  skip 0.50  lr 5.89e-05  depth_std 5.6934
2026-08-29 07:03:56,094 step 2100  loss 3.6095  skip 0.50  lr 5.67e-05  depth_std 53.8797
2026-08-29 07:04:31,266 step 2150  loss 2.9927  skip 0.50  lr 5.45e-05  depth_std 2.5212
2026-08-29 07:05:06,296 step 2200  loss 3.1931  skip 0.50  lr 5.22e-05  depth_std 8.9191
2026-08-29 07:05:41,387 step 2250  loss 2.9980  skip 0.50  lr 5.00e-05  depth_std 3.5946
2026-08-29 07:06:16,486 step 2300  loss 3.0741  skip 0.50  lr 4.78e-05  depth_std 29.2465
2026-08-29 07:06:51,573 step 2350  loss 5.0996  skip 0.50  lr 4.55e-05  depth_std 7.1718
2026-08-29 07:07:26,635 step 2400  loss 2.4314  skip 0.50  lr 4.33e-05  depth_std 1.8582
2026-08-29 07:08:01,668 step 2450  loss 1.8446  skip 0.50  lr 4.11e-05  depth_std 1.2288
2026-08-29 07:08:36,572 step 2500  loss 3.4647  skip 0.50  lr 3.89e-05  depth_std 37.9826
2026-08-29 07:09:11,605 step 2550  loss 0.9732  skip 0.50  lr 3.67e-05  depth_std 1.8186
2026-08-29 07:09:46,660 step 2600  loss 1.6035  skip 0.50  lr 3.45e-05  depth_std 1.6394
2026-08-29 07:10:21,727 step 2650  loss 2.7229  skip 0.50  lr 3.24e-05  depth_std 8.9028
2026-08-29 07:10:56,830 step 2700  loss 2.5069  skip 0.50  lr 3.03e-05  depth_std 17.7037
2026-08-29 07:11:31,872 step 2750  loss 2.5111  skip 0.50  lr 2.83e-05  depth_std 33.9670
2026-08-29 07:12:06,870 step 2800  loss 2.4779  skip 0.50  lr 2.63e-05  depth_std 1.8592
2026-08-29 07:12:41,924 step 2850  loss 1.3001  skip 0.50  lr 2.44e-05  depth_std 1.3143
2026-08-29 07:13:16,869 step 2900  loss 2.5771  skip 0.50  lr 2.25e-05  depth_std 5.9662
2026-08-29 07:13:51,910 step 2950  loss 3.5530  skip 0.50  lr 2.06e-05  depth_std 21.2317
2026-08-29 07:14:27,076 step 3000  loss 5.1910  skip 0.50  lr 1.88e-05  depth_std 5.3671
2026-08-29 07:15:02,054 step 3050  loss 2.3013  skip 0.50  lr 1.71e-05  depth_std 31.5292
2026-08-29 07:15:37,135 step 3100  loss 5.1855  skip 0.50  lr 1.54e-05  depth_std 2.0992
2026-08-29 07:16:12,047 step 3150  loss 2.7278  skip 0.50  lr 1.39e-05  depth_std 7.0391
2026-08-29 07:16:47,090 step 3200  loss 3.5055  skip 0.50  lr 1.23e-05  depth_std 10.0040
2026-08-29 07:17:22,140 step 3250  loss 1.1771  skip 0.50  lr 1.09e-05  depth_std 1.5791
2026-08-29 07:17:57,039 step 3300  loss 1.7851  skip 0.50  lr 9.55e-06  depth_std 23.9835
2026-08-29 07:18:31,967 step 3350  loss 1.1190  skip 0.50  lr 8.27e-06  depth_std 1.5332
2026-08-29 07:19:06,862 step 3400  loss 1.8698  skip 0.50  lr 7.08e-06  depth_std 28.1873
2026-08-29 07:19:41,994 step 3450  loss 1.8269  skip 0.50  lr 5.97e-06  depth_std 1.9912
2026-08-29 07:20:17,148 step 3500  loss 2.2626  skip 0.50  lr 4.95e-06  depth_std 30.0449
2026-08-29 07:20:52,156 step 3550  loss 0.9265  skip 0.50  lr 4.02e-06  depth_std 5.8421
2026-08-29 07:21:27,138 step 3600  loss 1.9323  skip 0.50  lr 3.19e-06  depth_std 33.1081
2026-08-29 07:22:02,126 step 3650  loss 2.3416  skip 0.50  lr 2.45e-06  depth_std 17.6292
2026-08-29 07:22:37,190 step 3700  loss 1.6927  skip 0.50  lr 1.80e-06  depth_std 33.0398
2026-08-29 07:23:12,378 step 3750  loss 5.5785  skip 0.50  lr 1.25e-06  depth_std 32.4492
2026-08-29 07:23:47,495 step 3800  loss 2.6151  skip 0.50  lr 8.04e-07  depth_std 12.1020
2026-08-29 07:24:22,524 step 3850  loss 1.6125  skip 0.50  lr 4.53e-07  depth_std 15.2890
2026-08-29 07:24:57,427 step 3900  loss 2.0943  skip 0.50  lr 2.01e-07  depth_std 13.9909
2026-08-29 07:25:32,471 step 3950  loss 1.7657  skip 0.50  lr 5.03e-08  depth_std 25.7467
2026-08-29 07:26:07,011 saved -> work_dirs/e1-boundary-s0/latest.pt
