2026-07-07 15:36:48,373 work dir: work_dirs/vkitti2
2026-07-07 15:36:50,078 mixed dataset: 21120 clips from 1 sources
2026-07-07 15:36:50,838 step    0  loss 8.3601  skip 0.00
2026-07-07 15:37:02,076 step   50  loss 3.0824  skip 0.00
2026-07-07 15:37:13,287 step  100  loss 3.1545  skip 0.00
2026-07-07 15:37:24,475 step  150  loss 2.6215  skip 0.01
2026-07-07 15:37:35,720 step  200  loss 2.8193  skip 0.01
2026-07-07 15:37:46,924 step  250  loss 3.2058  skip 0.01
2026-07-07 15:37:58,166 step  300  loss 2.7496  skip 0.01
2026-07-07 15:38:09,343 step  350  loss 2.5780  skip 0.01
2026-07-07 15:38:20,558 step  400  loss 2.8971  skip 0.01
2026-07-07 15:38:31,802 step  450  loss 3.1941  skip 0.01
2026-07-07 15:38:42,988 step  500  loss 2.8960  skip 0.02
2026-07-07 15:38:54,232 step  550  loss 3.0864  skip 0.02
2026-07-07 15:39:05,410 step  600  loss 2.9980  skip 0.02
2026-07-07 15:39:16,658 step  650  loss 2.5632  skip 0.02
2026-07-07 15:39:27,852 step  700  loss 3.1224  skip 0.02
2026-07-07 15:39:39,101 step  750  loss 2.4205  skip 0.03
2026-07-07 15:39:50,328 step  800  loss 2.5423  skip 0.03
2026-07-07 15:40:01,521 step  850  loss 2.9199  skip 0.03
2026-07-07 15:40:12,764 step  900  loss 2.2735  skip 0.03
2026-07-07 15:40:23,949 step  950  loss 2.7948  skip 0.03
2026-07-07 15:40:35,182 step 1000  loss 2.6896  skip 0.03
2026-07-07 15:40:46,430 step 1050  loss 2.3513  skip 0.04
2026-07-07 15:40:57,600 step 1100  loss 2.7716  skip 0.04
2026-07-07 15:41:08,840 step 1150  loss 2.8506  skip 0.04
2026-07-07 15:41:20,039 step 1200  loss 2.5641  skip 0.04
2026-07-07 15:41:31,252 step 1250  loss 2.7973  skip 0.04
2026-07-07 15:41:42,428 step 1300  loss 2.4834  skip 0.04
2026-07-07 15:41:53,619 step 1350  loss 2.8324  skip 0.04
2026-07-07 15:42:04,783 step 1400  loss 2.5860  skip 0.05
2026-07-07 15:42:15,968 step 1450  loss 2.5762  skip 0.05
2026-07-07 15:42:27,165 step 1500  loss 2.4540  skip 0.05
2026-07-07 15:42:38,305 step 1550  loss 3.2640  skip 0.05
2026-07-07 15:42:49,525 step 1600  loss 2.9706  skip 0.05
2026-07-07 15:43:00,691 step 1650  loss 2.1128  skip 0.06
2026-07-07 15:43:27,994 work dir: work_dirs/vkitti2
2026-07-07 15:43:28,568 mixed dataset: 21120 clips from 1 sources
2026-07-07 15:43:29,239 step    0  loss 8.5831  skip 0.00
2026-07-07 15:43:40,356 step   50  loss 3.4121  skip 0.00
2026-07-07 15:43:51,435 step  100  loss 2.9412  skip 0.00
2026-07-07 15:44:02,584 step  150  loss 2.7700  skip 0.01
2026-07-07 15:44:13,670 step  200  loss 2.6827  skip 0.01
2026-07-07 15:44:24,785 step  250  loss 2.8824  skip 0.01
2026-07-07 15:44:35,869 step  300  loss 3.0591  skip 0.01
2026-07-07 15:44:46,923 step  350  loss 2.3921  skip 0.01
2026-07-07 15:44:58,006 step  400  loss 2.6048  skip 0.01
2026-07-07 15:45:09,066 step  450  loss 2.6428  skip 0.01
2026-07-07 15:45:20,134 step  500  loss 2.7369  skip 0.02
2026-07-07 15:45:31,161 step  550  loss 3.5957  skip 0.02
2026-07-07 15:45:42,243 step  600  loss 2.4995  skip 0.02
2026-07-07 15:45:53,355 step  650  loss 2.5141  skip 0.02
2026-07-07 15:46:04,410 step  700  loss 3.1476  skip 0.02
2026-07-07 15:46:15,491 step  750  loss 3.1073  skip 0.03
2026-07-07 15:46:26,579 step  800  loss 2.6370  skip 0.03
2026-07-07 15:46:37,659 step  850  loss 2.3399  skip 0.03
2026-07-07 15:46:48,719 step  900  loss 2.7601  skip 0.03
2026-07-07 15:46:59,750 step  950  loss 2.2984  skip 0.03
2026-07-07 15:47:10,853 step 1000  loss 2.9744  skip 0.03
2026-07-07 15:47:21,887 step 1050  loss 2.9450  skip 0.04
2026-07-07 15:47:32,976 step 1100  loss 2.9516  skip 0.04
2026-07-07 15:47:44,020 step 1150  loss 2.6941  skip 0.04
2026-07-07 15:47:55,127 step 1200  loss 3.1068  skip 0.04
2026-07-07 15:48:06,174 step 1250  loss 2.7476  skip 0.04
2026-07-07 15:48:17,256 step 1300  loss 2.2667  skip 0.04
2026-07-07 15:48:28,338 step 1350  loss 1.9949  skip 0.04
2026-07-07 15:48:39,387 step 1400  loss 3.6216  skip 0.05
2026-07-07 15:48:50,486 step 1450  loss 2.2944  skip 0.05
2026-07-07 15:49:01,531 step 1500  loss 2.9844  skip 0.05
2026-07-07 15:49:12,639 step 1550  loss 2.5034  skip 0.05
2026-07-07 15:49:23,674 step 1600  loss 2.7987  skip 0.05
2026-07-07 15:49:34,752 step 1650  loss 2.2591  skip 0.06
2026-07-07 15:49:45,831 step 1700  loss 2.6154  skip 0.06
2026-07-07 15:49:56,854 step 1750  loss 3.0062  skip 0.06
2026-07-07 15:50:07,932 step 1800  loss 2.4779  skip 0.06
2026-07-07 15:50:18,969 step 1850  loss 2.6009  skip 0.06
2026-07-07 15:50:30,047 step 1900  loss 3.1991  skip 0.06
2026-07-07 15:50:41,100 step 1950  loss 2.6253  skip 0.07
2026-07-07 15:50:52,170 step 2000  loss 2.7380  skip 0.07
2026-07-07 15:51:03,311 step 2050  loss 2.3977  skip 0.07
2026-07-07 15:51:14,379 step 2100  loss 2.7264  skip 0.07
2026-07-07 15:51:25,518 step 2150  loss 2.3121  skip 0.07
2026-07-07 15:51:36,648 step 2200  loss 2.5769  skip 0.07
2026-07-07 15:51:47,774 step 2250  loss 2.1662  skip 0.07
2026-07-07 15:51:58,897 step 2300  loss 3.4062  skip 0.08
2026-07-07 15:52:10,023 step 2350  loss 2.2536  skip 0.08
2026-07-07 15:52:21,170 step 2400  loss 2.2094  skip 0.08
2026-07-07 15:52:32,231 step 2450  loss 2.6279  skip 0.08
2026-07-07 15:52:43,346 step 2500  loss 2.8920  skip 0.08
2026-07-07 15:52:54,406 step 2550  loss 2.4122  skip 0.09
2026-07-07 15:53:05,498 step 2600  loss 2.0576  skip 0.09
2026-07-07 15:53:16,747 step 2650  loss 3.0885  skip 0.09
2026-07-07 15:53:27,844 step 2700  loss 2.7659  skip 0.09
2026-07-07 15:53:38,934 step 2750  loss 2.5901  skip 0.09
2026-07-07 15:53:49,965 step 2800  loss 2.6753  skip 0.09
2026-07-07 15:54:01,057 step 2850  loss 2.5832  skip 0.10
2026-07-07 15:54:12,132 step 2900  loss 2.0565  skip 0.10
2026-07-07 15:54:23,232 step 2950  loss 2.1366  skip 0.10
2026-07-07 15:54:34,269 step 3000  loss 2.4079  skip 0.10
2026-07-07 15:54:45,363 step 3050  loss 2.4709  skip 0.10
2026-07-07 15:54:56,464 step 3100  loss 2.5616  skip 0.10
2026-07-07 15:55:07,498 step 3150  loss 2.5224  skip 0.10
2026-07-07 15:55:18,596 step 3200  loss 2.5564  skip 0.11
2026-07-07 15:55:29,658 step 3250  loss 2.3353  skip 0.11
2026-07-07 15:55:40,744 step 3300  loss 2.3839  skip 0.11
2026-07-07 15:55:51,803 step 3350  loss 2.2247  skip 0.11
2026-07-07 15:56:02,885 step 3400  loss 3.0711  skip 0.11
2026-07-07 15:56:13,982 step 3450  loss 3.0667  skip 0.12
2026-07-07 15:56:25,025 step 3500  loss 2.3842  skip 0.12
2026-07-07 15:56:36,120 step 3550  loss 3.4288  skip 0.12
2026-07-07 15:56:47,176 step 3600  loss 2.3028  skip 0.12
2026-07-07 15:56:58,276 step 3650  loss 2.2545  skip 0.12
2026-07-07 15:57:09,371 step 3700  loss 2.5534  skip 0.12
2026-07-07 15:57:20,408 step 3750  loss 2.8583  skip 0.12
2026-07-07 15:57:31,564 step 3800  loss 2.1642  skip 0.13
2026-07-07 15:57:42,608 step 3850  loss 2.6360  skip 0.13
2026-07-07 15:57:53,699 step 3900  loss 1.9547  skip 0.13
2026-07-07 15:58:04,758 step 3950  loss 2.6385  skip 0.13
2026-07-07 15:58:15,848 step 4000  loss 2.5076  skip 0.13
2026-07-07 15:58:26,910 step 4050  loss 2.5103  skip 0.14
2026-07-07 15:58:38,025 step 4100  loss 2.3123  skip 0.14
2026-07-07 15:58:49,110 step 4150  loss 2.9027  skip 0.14
2026-07-07 15:59:00,182 step 4200  loss 2.5412  skip 0.14
2026-07-07 15:59:11,324 step 4250  loss 2.7524  skip 0.14
2026-07-07 15:59:22,407 step 4300  loss 2.2922  skip 0.14
2026-07-07 15:59:33,540 step 4350  loss 2.5983  skip 0.14
2026-07-07 15:59:44,614 step 4400  loss 1.8040  skip 0.15
2026-07-07 15:59:55,702 step 4450  loss 2.2825  skip 0.15
2026-07-07 16:00:06,797 step 4500  loss 2.5109  skip 0.15
2026-07-07 16:00:17,849 step 4550  loss 2.4023  skip 0.15
2026-07-07 16:00:28,948 step 4600  loss 3.0428  skip 0.15
2026-07-07 16:00:39,991 step 4650  loss 2.2978  skip 0.15
2026-07-07 16:00:51,069 step 4700  loss 3.5381  skip 0.16
2026-07-07 16:01:02,119 step 4750  loss 2.7157  skip 0.16
2026-07-07 16:01:13,219 step 4800  loss 2.3865  skip 0.16
2026-07-07 16:01:24,337 step 4850  loss 2.7644  skip 0.16
2026-07-07 16:01:35,424 step 4900  loss 2.8513  skip 0.16
2026-07-07 16:01:46,554 step 4950  loss 2.1400  skip 0.17
2026-07-07 16:01:57,643 step 5000  loss 2.5542  skip 0.17
2026-07-07 16:02:08,789 step 5050  loss 2.6167  skip 0.17
2026-07-07 16:02:19,898 step 5100  loss 2.5203  skip 0.17
2026-07-07 16:02:30,951 step 5150  loss 2.2806  skip 0.17
2026-07-07 16:02:42,076 step 5200  loss 2.6697  skip 0.17
2026-07-07 16:02:53,119 step 5250  loss 3.1029  skip 0.17
2026-07-07 16:03:04,443 step 5300  loss 2.4864  skip 0.18
2026-07-07 16:03:15,552 step 5350  loss 2.3710  skip 0.18
2026-07-07 16:03:26,711 step 5400  loss 2.6659  skip 0.18
2026-07-07 16:03:37,825 step 5450  loss 2.3806  skip 0.18
2026-07-07 16:03:48,973 step 5500  loss 3.0456  skip 0.18
2026-07-07 16:04:00,124 step 5550  loss 1.8836  skip 0.18
2026-07-07 16:04:11,218 step 5600  loss 2.3801  skip 0.19
2026-07-07 16:04:22,369 step 5650  loss 2.1770  skip 0.19
2026-07-07 16:04:33,470 step 5700  loss 2.6008  skip 0.19
2026-07-07 16:04:44,637 step 5750  loss 1.9018  skip 0.19
2026-07-07 16:04:55,788 step 5800  loss 2.7679  skip 0.19
2026-07-07 16:05:06,916 step 5850  loss 2.6857  skip 0.20
2026-07-07 16:05:18,076 step 5900  loss 2.0195  skip 0.20
2026-07-07 16:05:29,202 step 5950  loss 2.9028  skip 0.20
2026-07-07 16:05:40,361 step 6000  loss 2.7383  skip 0.20
2026-07-07 16:05:51,499 step 6050  loss 2.5494  skip 0.20
2026-07-07 16:06:02,690 step 6100  loss 3.0127  skip 0.20
2026-07-07 16:06:13,788 step 6150  loss 2.0316  skip 0.20
2026-07-07 16:06:24,905 step 6200  loss 2.0654  skip 0.21
2026-07-07 16:06:36,039 step 6250  loss 2.9119  skip 0.21
2026-07-07 16:06:47,149 step 6300  loss 2.8267  skip 0.21
2026-07-07 16:06:58,280 step 6350  loss 2.6885  skip 0.21
2026-07-07 16:07:09,374 step 6400  loss 2.7482  skip 0.21
2026-07-07 16:07:20,515 step 6450  loss 1.9721  skip 0.21
2026-07-07 16:07:31,656 step 6500  loss 2.5229  skip 0.22
2026-07-07 16:07:42,752 step 6550  loss 2.7986  skip 0.22
2026-07-07 16:07:53,942 step 6600  loss 2.4905  skip 0.22
2026-07-07 16:08:05,099 step 6650  loss 2.6932  skip 0.22
2026-07-07 16:08:16,309 step 6700  loss 2.3368  skip 0.22
2026-07-07 16:08:27,533 step 6750  loss 2.8031  skip 0.23
2026-07-07 16:08:38,786 step 6800  loss 2.7922  skip 0.23
2026-07-07 16:08:49,938 step 6850  loss 2.3792  skip 0.23
2026-07-07 16:09:01,084 step 6900  loss 2.4743  skip 0.23
2026-07-07 16:09:12,256 step 6950  loss 2.5801  skip 0.23
2026-07-07 16:09:23,405 step 7000  loss 2.7037  skip 0.23
2026-07-07 16:09:34,521 step 7050  loss 2.8659  skip 0.23
2026-07-07 16:09:45,658 step 7100  loss 2.4984  skip 0.24
2026-07-07 16:09:56,799 step 7150  loss 2.1792  skip 0.24
2026-07-07 16:10:07,883 step 7200  loss 2.4892  skip 0.24
2026-07-07 16:10:19,004 step 7250  loss 2.0053  skip 0.24
2026-07-07 16:10:30,185 step 7300  loss 2.2431  skip 0.24
2026-07-07 16:10:41,328 step 7350  loss 2.8594  skip 0.24
2026-07-07 16:10:52,633 step 7400  loss 2.5524  skip 0.25
2026-07-07 16:11:03,719 step 7450  loss 2.3174  skip 0.25
2026-07-07 16:11:14,969 step 7500  loss 2.6545  skip 0.25
2026-07-07 16:11:26,132 step 7550  loss 2.5918  skip 0.25
2026-07-07 16:11:37,275 step 7600  loss 2.0814  skip 0.25
2026-07-07 16:11:48,419 step 7650  loss 2.3822  skip 0.26
2026-07-07 16:11:59,590 step 7700  loss 1.5685  skip 0.26
2026-07-07 16:12:10,847 step 7750  loss 2.7314  skip 0.26
2026-07-07 16:12:22,073 step 7800  loss 2.4284  skip 0.26
2026-07-07 16:12:33,474 step 7850  loss 2.1124  skip 0.26
2026-07-07 16:12:44,684 step 7900  loss 2.4841  skip 0.26
2026-07-07 16:12:56,001 step 7950  loss 2.3136  skip 0.27
2026-07-07 16:13:07,103 step 8000  loss 2.1427  skip 0.27
2026-07-07 16:13:18,193 step 8050  loss 2.3184  skip 0.27
2026-07-07 16:13:29,383 step 8100  loss 2.7104  skip 0.27
2026-07-07 16:13:40,567 step 8150  loss 1.4769  skip 0.27
2026-07-07 16:13:51,777 step 8200  loss 2.2821  skip 0.27
2026-07-07 16:14:02,871 step 8250  loss 1.8896  skip 0.28
2026-07-07 16:14:14,065 step 8300  loss 2.2322  skip 0.28
2026-07-07 16:14:25,184 step 8350  loss 2.4363  skip 0.28
2026-07-07 16:14:36,219 step 8400  loss 2.7770  skip 0.28
2026-07-07 16:14:47,334 step 8450  loss 2.5558  skip 0.28
2026-07-07 16:14:58,395 step 8500  loss 2.4953  skip 0.28
2026-07-07 16:15:09,503 step 8550  loss 2.3666  skip 0.28
2026-07-07 16:15:20,623 step 8600  loss 2.3981  skip 0.29
2026-07-07 16:15:31,712 step 8650  loss 2.7602  skip 0.29
2026-07-07 16:15:42,794 step 8700  loss 2.6618  skip 0.29
2026-07-07 16:15:53,861 step 8750  loss 2.9128  skip 0.29
2026-07-07 16:16:05,004 step 8800  loss 2.1179  skip 0.29
2026-07-07 16:16:16,149 step 8850  loss 2.5059  skip 0.29
2026-07-07 16:16:27,350 step 8900  loss 2.2621  skip 0.30
2026-07-07 16:16:38,426 step 8950  loss 2.0747  skip 0.30
2026-07-07 16:16:49,535 step 9000  loss 2.7668  skip 0.30
2026-07-07 16:17:00,698 step 9050  loss 2.6179  skip 0.30
2026-07-07 16:17:11,773 step 9100  loss 1.9021  skip 0.30
2026-07-07 16:17:22,923 step 9150  loss 1.7325  skip 0.30
2026-07-07 16:17:34,010 step 9200  loss 2.7807  skip 0.31
2026-07-07 16:17:45,154 step 9250  loss 2.2162  skip 0.31
2026-07-07 16:17:56,346 step 9300  loss 2.3367  skip 0.31
2026-07-07 16:18:07,448 step 9350  loss 2.6235  skip 0.31
2026-07-07 16:18:18,589 step 9400  loss 3.0070  skip 0.31
2026-07-07 16:18:29,735 step 9450  loss 2.3172  skip 0.32
2026-07-07 16:18:40,890 step 9500  loss 2.0769  skip 0.32
2026-07-07 16:18:52,028 step 9550  loss 2.1679  skip 0.32
2026-07-07 16:19:03,259 step 9600  loss 2.3611  skip 0.32
2026-07-07 16:19:14,326 step 9650  loss 2.1805  skip 0.32
2026-07-07 16:19:25,541 step 9700  loss 2.6867  skip 0.32
2026-07-07 16:19:36,717 step 9750  loss 2.2264  skip 0.33
2026-07-07 16:19:47,864 step 9800  loss 2.6747  skip 0.33
2026-07-07 16:19:58,962 step 9850  loss 2.7428  skip 0.33
2026-07-07 16:20:10,049 step 9900  loss 2.4166  skip 0.33
2026-07-07 16:20:21,202 step 9950  loss 2.6905  skip 0.33
2026-07-07 16:20:32,349 step 10000  loss 2.3615  skip 0.33
2026-07-07 16:20:43,522 step 10050  loss 2.5464  skip 0.34
2026-07-07 16:20:54,654 step 10100  loss 2.3731  skip 0.34
2026-07-07 16:21:05,736 step 10150  loss 2.4020  skip 0.34
2026-07-07 16:21:16,871 step 10200  loss 2.4556  skip 0.34
2026-07-07 16:21:28,080 step 10250  loss 2.4876  skip 0.34
2026-07-07 16:21:39,245 step 10300  loss 2.9023  skip 0.34
2026-07-07 16:21:50,444 step 10350  loss 2.3756  skip 0.34
2026-07-07 16:22:01,626 step 10400  loss 2.5726  skip 0.35
2026-07-07 16:22:12,788 step 10450  loss 2.2296  skip 0.35
2026-07-07 16:22:23,919 step 10500  loss 2.2171  skip 0.35
2026-07-07 16:22:35,044 step 10550  loss 3.2171  skip 0.35
2026-07-07 16:22:46,474 step 10600  loss 3.4035  skip 0.35
2026-07-07 16:22:57,673 step 10650  loss 2.0293  skip 0.35
2026-07-07 16:23:08,897 step 10700  loss 1.9210  skip 0.36
2026-07-07 16:23:20,102 step 10750  loss 1.8511  skip 0.36
2026-07-07 16:23:31,227 step 10800  loss 2.5614  skip 0.36
2026-07-07 16:23:42,332 step 10850  loss 2.5842  skip 0.36
2026-07-07 16:23:53,459 step 10900  loss 2.5250  skip 0.36
2026-07-07 16:24:04,657 step 10950  loss 3.0754  skip 0.36
2026-07-07 16:24:15,768 step 11000  loss 2.5798  skip 0.37
2026-07-07 16:24:26,914 step 11050  loss 1.9501  skip 0.37
2026-07-07 16:24:38,139 step 11100  loss 3.2577  skip 0.37
2026-07-07 16:24:49,261 step 11150  loss 1.7858  skip 0.37
2026-07-07 16:25:00,494 step 11200  loss 3.0573  skip 0.37
2026-07-07 16:25:11,683 step 11250  loss 2.3108  skip 0.38
2026-07-07 16:25:22,830 step 11300  loss 2.9675  skip 0.38
2026-07-07 16:25:34,090 step 11350  loss 3.4354  skip 0.38
2026-07-07 16:25:45,184 step 11400  loss 2.1183  skip 0.38
2026-07-07 16:25:56,352 step 11450  loss 2.6920  skip 0.38
2026-07-07 16:26:07,542 step 11500  loss 2.4019  skip 0.38
2026-07-07 16:26:18,644 step 11550  loss 2.6841  skip 0.39
2026-07-07 16:26:29,767 step 11600  loss 2.2880  skip 0.39
2026-07-07 16:26:40,965 step 11650  loss 2.3992  skip 0.39
2026-07-07 16:26:52,212 step 11700  loss 2.2738  skip 0.39
2026-07-07 16:27:03,299 step 11750  loss 2.5325  skip 0.39
2026-07-07 16:27:14,553 step 11800  loss 1.5062  skip 0.39
2026-07-07 16:27:25,824 step 11850  loss 2.3619  skip 0.40
2026-07-07 16:27:37,033 step 11900  loss 2.2674  skip 0.40
2026-07-07 16:27:48,134 step 11950  loss 2.8077  skip 0.40
2026-07-07 16:27:59,232 step 12000  loss 2.5613  skip 0.40
2026-07-07 16:28:10,418 step 12050  loss 3.0932  skip 0.40
2026-07-07 16:28:21,567 step 12100  loss 2.5941  skip 0.40
2026-07-07 16:28:32,788 step 12150  loss 2.4443  skip 0.41
2026-07-07 16:28:43,998 step 12200  loss 2.3489  skip 0.41
2026-07-07 16:28:55,263 step 12250  loss 2.9292  skip 0.41
2026-07-07 16:29:06,518 step 12300  loss 2.1736  skip 0.41
2026-07-07 16:29:17,637 step 12350  loss 2.3983  skip 0.41
2026-07-07 16:29:28,841 step 12400  loss 2.5989  skip 0.41
2026-07-07 16:29:39,926 step 12450  loss 3.0083  skip 0.41
2026-07-07 16:29:51,051 step 12500  loss 2.3169  skip 0.42
2026-07-07 16:30:02,278 step 12550  loss 1.6456  skip 0.42
2026-07-07 16:30:13,412 step 12600  loss 2.2667  skip 0.42
2026-07-07 16:30:24,550 step 12650  loss 2.3426  skip 0.42
2026-07-07 16:30:35,672 step 12700  loss 2.8349  skip 0.42
2026-07-07 16:30:46,850 step 12750  loss 2.3969  skip 0.42
2026-07-07 16:30:57,996 step 12800  loss 2.3881  skip 0.43
2026-07-07 16:31:09,303 step 12850  loss 2.0144  skip 0.43
2026-07-07 16:31:20,538 step 12900  loss 1.9293  skip 0.43
2026-07-07 16:31:31,607 step 12950  loss 2.3795  skip 0.43
2026-07-07 16:31:42,792 step 13000  loss 2.6733  skip 0.43
2026-07-07 16:31:53,981 step 13050  loss 2.2479  skip 0.43
2026-07-07 16:32:05,221 step 13100  loss 2.3996  skip 0.44
2026-07-07 16:32:16,329 step 13150  loss 2.3016  skip 0.44
2026-07-07 16:32:27,686 step 13200  loss 2.0586  skip 0.44
2026-07-07 16:32:38,897 step 13250  loss 2.0539  skip 0.44
2026-07-07 16:32:50,145 step 13300  loss 2.3956  skip 0.44
2026-07-07 16:33:01,551 step 13350  loss 2.6287  skip 0.45
2026-07-07 16:33:12,669 step 13400  loss 2.6539  skip 0.45
2026-07-07 16:33:24,020 step 13450  loss 1.7326  skip 0.45
2026-07-07 16:33:35,302 step 13500  loss 2.1524  skip 0.45
2026-07-07 16:33:46,488 step 13550  loss 2.0867  skip 0.45
2026-07-07 16:33:57,775 step 13600  loss 2.7351  skip 0.45
2026-07-07 16:34:08,986 step 13650  loss 1.7266  skip 0.46
2026-07-07 16:34:20,246 step 13700  loss 2.6826  skip 0.46
2026-07-07 16:34:31,343 step 13750  loss 2.6497  skip 0.46
2026-07-07 16:34:42,504 step 13800  loss 3.1344  skip 0.46
2026-07-07 16:34:53,619 step 13850  loss 2.3614  skip 0.46
2026-07-07 16:35:04,779 step 13900  loss 2.6738  skip 0.46
2026-07-07 16:35:16,142 step 13950  loss 2.8457  skip 0.47
2026-07-07 16:35:27,366 step 14000  loss 2.4841  skip 0.47
2026-07-07 16:35:38,603 step 14050  loss 3.0465  skip 0.47
2026-07-07 16:35:49,763 step 14100  loss 2.6160  skip 0.47
2026-07-07 16:36:00,918 step 14150  loss 2.4728  skip 0.47
2026-07-07 16:36:12,067 step 14200  loss 2.0076  skip 0.47
2026-07-07 16:36:23,282 step 14250  loss 2.3041  skip 0.47
2026-07-07 16:36:34,437 step 14300  loss 2.0488  skip 0.48
2026-07-07 16:36:45,522 step 14350  loss 2.6933  skip 0.48
2026-07-07 16:36:56,687 step 14400  loss 2.5067  skip 0.48
2026-07-07 16:37:07,759 step 14450  loss 2.2064  skip 0.48
2026-07-07 16:37:18,895 step 14500  loss 2.6846  skip 0.48
2026-07-07 16:37:30,103 step 14550  loss 2.3048  skip 0.48
2026-07-07 16:37:41,377 step 14600  loss 2.7062  skip 0.49
2026-07-07 16:37:52,627 step 14650  loss 2.4454  skip 0.49
2026-07-07 16:38:03,715 step 14700  loss 2.4074  skip 0.49
2026-07-07 16:38:14,856 step 14750  loss 2.3788  skip 0.49
2026-07-07 16:38:26,088 step 14800  loss 3.0526  skip 0.49
2026-07-07 16:38:37,274 step 14850  loss 2.5252  skip 0.49
2026-07-07 16:38:48,467 step 14900  loss 2.6432  skip 0.50
2026-07-07 16:38:59,590 step 14950  loss 2.2355  skip 0.50
2026-07-07 16:39:10,738 step 15000  loss 2.2776  skip 0.50
2026-07-07 16:39:21,887 step 15050  loss 2.7149  skip 0.50
2026-07-07 16:39:33,195 step 15100  loss 1.8866  skip 0.50
2026-07-07 16:39:44,463 step 15150  loss 2.6180  skip 0.50
2026-07-07 16:39:55,581 step 15200  loss 1.9341  skip 0.50
2026-07-07 16:40:06,797 step 15250  loss 2.4332  skip 0.50
2026-07-07 16:40:18,138 step 15300  loss 2.9656  skip 0.50
2026-07-07 16:40:29,305 step 15350  loss 2.1853  skip 0.50
2026-07-07 16:40:40,443 step 15400  loss 2.9514  skip 0.50
2026-07-07 16:40:51,538 step 15450  loss 2.3025  skip 0.50
2026-07-07 16:41:02,676 step 15500  loss 2.5974  skip 0.50
2026-07-07 16:41:13,880 step 15550  loss 2.5694  skip 0.50
2026-07-07 16:41:24,972 step 15600  loss 2.0806  skip 0.50
2026-07-07 16:41:36,158 step 15650  loss 2.5716  skip 0.50
2026-07-07 16:41:47,286 step 15700  loss 2.1237  skip 0.50
2026-07-07 16:41:58,410 step 15750  loss 2.4267  skip 0.50
2026-07-07 16:42:09,524 step 15800  loss 2.1869  skip 0.50
2026-07-07 16:42:20,853 step 15850  loss 2.1142  skip 0.50
2026-07-07 16:42:31,988 step 15900  loss 2.4472  skip 0.50
2026-07-07 16:42:43,100 step 15950  loss 2.7570  skip 0.50
2026-07-07 16:42:54,264 step 16000  loss 2.3834  skip 0.50
2026-07-07 16:43:05,372 step 16050  loss 2.5295  skip 0.50
2026-07-07 16:43:16,467 step 16100  loss 2.5041  skip 0.50
2026-07-07 16:43:27,575 step 16150  loss 2.6511  skip 0.50
2026-07-07 16:43:38,731 step 16200  loss 2.5015  skip 0.50
2026-07-07 16:43:49,855 step 16250  loss 2.7537  skip 0.50
2026-07-07 16:44:01,016 step 16300  loss 2.8610  skip 0.50
2026-07-07 16:44:12,090 step 16350  loss 2.4899  skip 0.50
2026-07-07 16:44:23,235 step 16400  loss 3.2908  skip 0.50
2026-07-07 16:44:34,286 step 16450  loss 2.8736  skip 0.50
2026-07-07 16:44:45,387 step 16500  loss 2.3782  skip 0.50
2026-07-07 16:44:56,435 step 16550  loss 2.3358  skip 0.50
2026-07-07 16:45:07,606 step 16600  loss 2.6199  skip 0.50
2026-07-07 16:45:18,732 step 16650  loss 2.0279  skip 0.50
2026-07-07 16:45:29,858 step 16700  loss 2.6576  skip 0.50
2026-07-07 16:45:40,963 step 16750  loss 2.0886  skip 0.50
2026-07-07 16:45:52,100 step 16800  loss 2.3144  skip 0.50
2026-07-07 16:46:03,223 step 16850  loss 2.3492  skip 0.50
2026-07-07 16:46:14,356 step 16900  loss 2.1671  skip 0.50
2026-07-07 16:46:25,466 step 16950  loss 2.2294  skip 0.50
2026-07-07 16:46:36,513 step 17000  loss 2.4278  skip 0.50
2026-07-07 16:46:47,672 step 17050  loss 2.1933  skip 0.50
2026-07-07 16:46:58,906 step 17100  loss 2.1524  skip 0.50
2026-07-07 16:47:09,975 step 17150  loss 3.1599  skip 0.50
2026-07-07 16:47:21,086 step 17200  loss 1.9661  skip 0.50
2026-07-07 16:47:32,188 step 17250  loss 2.0386  skip 0.50
2026-07-07 16:47:43,358 step 17300  loss 2.2606  skip 0.50
2026-07-07 16:47:54,554 step 17350  loss 2.3717  skip 0.50
2026-07-07 16:48:05,831 step 17400  loss 2.6150  skip 0.50
2026-07-07 16:48:16,935 step 17450  loss 2.4245  skip 0.50
2026-07-07 16:48:28,029 step 17500  loss 2.2433  skip 0.50
2026-07-07 16:48:39,171 step 17550  loss 2.2503  skip 0.50
2026-07-07 16:48:50,300 step 17600  loss 2.5637  skip 0.50
2026-07-07 16:49:01,406 step 17650  loss 2.7750  skip 0.50
2026-07-07 16:49:12,530 step 17700  loss 2.6138  skip 0.50
2026-07-07 16:49:23,724 step 17750  loss 2.4117  skip 0.50
2026-07-07 16:49:35,047 step 17800  loss 3.1906  skip 0.50
2026-07-07 16:49:46,113 step 17850  loss 2.3597  skip 0.50
2026-07-07 16:49:57,250 step 17900  loss 2.3570  skip 0.50
2026-07-07 16:50:08,400 step 17950  loss 3.0169  skip 0.50
2026-07-07 16:50:19,638 step 18000  loss 2.6330  skip 0.50
2026-07-07 16:50:30,719 step 18050  loss 2.5299  skip 0.50
2026-07-07 16:50:41,827 step 18100  loss 2.3211  skip 0.50
2026-07-07 16:50:52,922 step 18150  loss 2.1192  skip 0.50
2026-07-07 16:51:03,999 step 18200  loss 2.4836  skip 0.50
2026-07-07 16:51:15,104 step 18250  loss 2.5501  skip 0.50
2026-07-07 16:51:26,287 step 18300  loss 2.6219  skip 0.50
2026-07-07 16:51:37,447 step 18350  loss 2.1756  skip 0.50
2026-07-07 16:51:48,596 step 18400  loss 2.0369  skip 0.50
2026-07-07 16:51:59,831 step 18450  loss 2.6009  skip 0.50
2026-07-07 16:52:11,270 step 18500  loss 2.9739  skip 0.50
2026-07-07 16:52:22,420 step 18550  loss 2.5775  skip 0.50
2026-07-07 16:52:33,532 step 18600  loss 1.9056  skip 0.50
2026-07-07 16:52:44,628 step 18650  loss 2.3175  skip 0.50
2026-07-07 16:52:55,715 step 18700  loss 2.8010  skip 0.50
2026-07-07 16:53:06,822 step 18750  loss 2.6995  skip 0.50
2026-07-07 16:53:18,008 step 18800  loss 1.8384  skip 0.50
2026-07-07 16:53:29,155 step 18850  loss 2.4912  skip 0.50
2026-07-07 16:53:40,251 step 18900  loss 2.8613  skip 0.50
2026-07-07 16:53:51,351 step 18950  loss 1.8808  skip 0.50
2026-07-07 16:54:02,446 step 19000  loss 2.6281  skip 0.50
2026-07-07 16:54:13,624 step 19050  loss 2.4266  skip 0.50
2026-07-07 16:54:24,923 step 19100  loss 2.2869  skip 0.50
2026-07-07 16:54:36,035 step 19150  loss 2.0641  skip 0.50
2026-07-07 16:54:47,238 step 19200  loss 2.5363  skip 0.50
2026-07-07 16:54:58,406 step 19250  loss 2.2713  skip 0.50
2026-07-07 16:55:09,661 step 19300  loss 2.6113  skip 0.50
2026-07-07 16:55:20,878 step 19350  loss 2.1725  skip 0.50
2026-07-07 16:55:32,085 step 19400  loss 2.5128  skip 0.50
2026-07-07 16:55:43,159 step 19450  loss 2.5802  skip 0.50
2026-07-07 16:55:54,265 step 19500  loss 2.5502  skip 0.50
2026-07-07 16:56:05,378 step 19550  loss 2.5985  skip 0.50
2026-07-07 16:56:16,507 step 19600  loss 2.4053  skip 0.50
2026-07-07 16:56:27,657 step 19650  loss 2.2181  skip 0.50
2026-07-07 16:56:38,750 step 19700  loss 2.1266  skip 0.50
2026-07-07 16:56:49,935 step 19750  loss 2.4032  skip 0.50
2026-07-07 16:57:01,043 step 19800  loss 2.5384  skip 0.50
2026-07-07 16:57:12,154 step 19850  loss 2.5823  skip 0.50
2026-07-07 16:57:23,256 step 19900  loss 2.7333  skip 0.50
2026-07-07 16:57:34,336 step 19950  loss 2.3715  skip 0.50
2026-07-07 16:57:45,579 step 20000  loss 2.6725  skip 0.50
2026-07-07 16:57:56,802 step 20050  loss 2.6847  skip 0.50
2026-07-07 16:58:08,000 step 20100  loss 2.4336  skip 0.50
2026-07-07 16:58:19,191 step 20150  loss 2.9613  skip 0.50
2026-07-07 16:58:30,457 step 20200  loss 2.2993  skip 0.50
2026-07-07 16:58:41,628 step 20250  loss 3.2562  skip 0.50
2026-07-07 16:58:52,740 step 20300  loss 2.1802  skip 0.50
2026-07-07 16:59:03,971 step 20350  loss 2.0799  skip 0.50
2026-07-07 16:59:15,309 step 20400  loss 2.9786  skip 0.50
2026-07-07 16:59:26,502 step 20450  loss 2.1270  skip 0.50
2026-07-07 16:59:37,746 step 20500  loss 2.1039  skip 0.50
2026-07-07 16:59:48,839 step 20550  loss 2.5414  skip 0.50
2026-07-07 17:00:00,039 step 20600  loss 2.7594  skip 0.50
2026-07-07 17:00:11,229 step 20650  loss 2.7195  skip 0.50
2026-07-07 17:00:22,432 step 20700  loss 2.3393  skip 0.50
2026-07-07 17:00:33,774 step 20750  loss 2.8723  skip 0.50
2026-07-07 17:00:44,922 step 20800  loss 2.4316  skip 0.50
2026-07-07 17:00:56,073 step 20850  loss 1.7755  skip 0.50
2026-07-07 17:01:07,274 step 20900  loss 2.1944  skip 0.50
2026-07-07 17:01:18,374 step 20950  loss 2.3188  skip 0.50
2026-07-07 17:01:29,466 step 21000  loss 1.8721  skip 0.50
2026-07-07 17:01:40,688 step 21050  loss 2.1835  skip 0.50
2026-07-07 17:01:51,995 step 21100  loss 2.0538  skip 0.50
2026-07-07 17:02:03,504 step 21150  loss 2.3693  skip 0.50
2026-07-07 17:02:14,629 step 21200  loss 2.3542  skip 0.50
2026-07-07 17:02:25,788 step 21250  loss 3.1995  skip 0.50
2026-07-07 17:02:36,921 step 21300  loss 2.8753  skip 0.50
2026-07-07 17:02:48,097 step 21350  loss 1.3585  skip 0.50
2026-07-07 17:02:59,423 step 21400  loss 2.4118  skip 0.50
2026-07-07 17:03:10,476 step 21450  loss 2.2939  skip 0.50
2026-07-07 17:03:21,614 step 21500  loss 1.9727  skip 0.50
2026-07-07 17:03:32,835 step 21550  loss 1.9222  skip 0.50
2026-07-07 17:03:44,091 step 21600  loss 2.5379  skip 0.50
2026-07-07 17:03:55,251 step 21650  loss 2.0058  skip 0.50
2026-07-07 17:04:06,327 step 21700  loss 2.2683  skip 0.50
2026-07-07 17:04:17,469 step 21750  loss 2.6091  skip 0.50
2026-07-07 17:04:28,587 step 21800  loss 1.8917  skip 0.50
2026-07-07 17:04:39,865 step 21850  loss 1.9466  skip 0.50
2026-07-07 17:04:51,212 step 21900  loss 2.1860  skip 0.50
2026-07-07 17:05:02,515 step 21950  loss 2.2797  skip 0.50
2026-07-07 17:05:13,756 step 22000  loss 2.8448  skip 0.50
2026-07-07 17:05:24,829 step 22050  loss 2.5841  skip 0.50
2026-07-07 17:05:35,994 step 22100  loss 2.4852  skip 0.50
2026-07-07 17:05:47,094 step 22150  loss 2.6585  skip 0.50
2026-07-07 17:05:58,215 step 22200  loss 2.6476  skip 0.50
2026-07-07 17:06:09,408 step 22250  loss 2.6282  skip 0.50
2026-07-07 17:06:20,564 step 22300  loss 3.2057  skip 0.50
2026-07-07 17:06:31,773 step 22350  loss 2.6188  skip 0.50
2026-07-07 17:06:42,823 step 22400  loss 2.3937  skip 0.50
2026-07-07 17:06:53,973 step 22450  loss 2.9952  skip 0.50
2026-07-07 17:07:05,021 step 22500  loss 2.7372  skip 0.50
2026-07-07 17:07:16,194 step 22550  loss 2.5130  skip 0.50
2026-07-07 17:07:27,400 step 22600  loss 2.2189  skip 0.50
2026-07-07 17:07:38,767 step 22650  loss 3.0248  skip 0.50
2026-07-07 17:07:49,916 step 22700  loss 2.9547  skip 0.50
2026-07-07 17:08:00,987 step 22750  loss 2.0200  skip 0.50
2026-07-07 17:08:12,169 step 22800  loss 2.1801  skip 0.50
2026-07-07 17:08:23,463 step 22850  loss 2.3180  skip 0.50
2026-07-07 17:08:34,890 step 22900  loss 2.5132  skip 0.50
2026-07-07 17:08:46,131 step 22950  loss 2.4859  skip 0.50
2026-07-07 17:08:57,230 step 23000  loss 2.9225  skip 0.50
2026-07-07 17:09:08,354 step 23050  loss 2.8921  skip 0.50
2026-07-07 17:09:19,447 step 23100  loss 2.2271  skip 0.50
2026-07-07 17:09:30,566 step 23150  loss 2.4744  skip 0.50
2026-07-07 17:09:41,671 step 23200  loss 2.2921  skip 0.50
2026-07-07 17:09:52,790 step 23250  loss 2.5030  skip 0.50
2026-07-07 17:10:04,032 step 23300  loss 2.9011  skip 0.50
2026-07-07 17:10:15,208 step 23350  loss 2.1290  skip 0.50
2026-07-07 17:10:26,335 step 23400  loss 2.5963  skip 0.50
2026-07-07 17:10:37,406 step 23450  loss 2.2669  skip 0.50
2026-07-07 17:10:48,526 step 23500  loss 2.1320  skip 0.50
2026-07-07 17:10:59,645 step 23550  loss 1.7227  skip 0.50
2026-07-07 17:11:10,799 step 23600  loss 2.6073  skip 0.50
2026-07-07 17:11:21,919 step 23650  loss 2.0935  skip 0.50
2026-07-07 17:11:33,029 step 23700  loss 2.7036  skip 0.50
2026-07-07 17:11:44,159 step 23750  loss 2.4854  skip 0.50
2026-07-07 17:11:55,518 step 23800  loss 1.9896  skip 0.50
2026-07-07 17:12:06,629 step 23850  loss 2.0418  skip 0.50
2026-07-07 17:12:17,707 step 23900  loss 2.3680  skip 0.50
2026-07-07 17:12:28,803 step 23950  loss 2.0018  skip 0.50
2026-07-07 17:12:39,936 step 24000  loss 2.8361  skip 0.50
2026-07-07 17:12:51,173 step 24050  loss 2.3545  skip 0.50
2026-07-07 17:13:02,355 step 24100  loss 1.9872  skip 0.50
2026-07-07 17:13:13,463 step 24150  loss 2.4407  skip 0.50
2026-07-07 17:13:24,603 step 24200  loss 2.5284  skip 0.50
2026-07-07 17:13:35,666 step 24250  loss 2.7571  skip 0.50
2026-07-07 17:13:46,841 step 24300  loss 2.3778  skip 0.50
2026-07-07 17:13:58,018 step 24350  loss 2.1203  skip 0.50
2026-07-07 17:14:09,235 step 24400  loss 2.8477  skip 0.50
2026-07-07 17:14:20,343 step 24450  loss 2.3289  skip 0.50
2026-07-07 17:14:31,378 step 24500  loss 2.5458  skip 0.50
2026-07-07 17:14:42,513 step 24550  loss 1.7611  skip 0.50
2026-07-07 17:14:53,682 step 24600  loss 2.1991  skip 0.50
2026-07-07 17:15:04,807 step 24650  loss 2.5588  skip 0.50
2026-07-07 17:15:15,954 step 24700  loss 1.8613  skip 0.50
2026-07-07 17:15:27,047 step 24750  loss 2.5027  skip 0.50
2026-07-07 17:15:38,172 step 24800  loss 2.6756  skip 0.50
2026-07-07 17:15:49,281 step 24850  loss 2.7526  skip 0.50
2026-07-07 17:16:00,392 step 24900  loss 2.2506  skip 0.50
2026-07-07 17:16:11,532 step 24950  loss 2.6672  skip 0.50
2026-07-07 17:16:22,669 step 25000  loss 2.4980  skip 0.50
2026-07-07 17:16:33,891 step 25050  loss 2.6626  skip 0.50
2026-07-07 17:16:44,993 step 25100  loss 2.2128  skip 0.50
2026-07-07 17:16:56,140 step 25150  loss 1.7006  skip 0.50
2026-07-07 17:17:07,296 step 25200  loss 2.0287  skip 0.50
2026-07-07 17:17:18,398 step 25250  loss 2.5515  skip 0.50
2026-07-07 17:17:29,485 step 25300  loss 2.2934  skip 0.50
2026-07-07 17:17:40,678 step 25350  loss 2.1178  skip 0.50
2026-07-07 17:17:51,844 step 25400  loss 2.0273  skip 0.50
2026-07-07 17:18:02,990 step 25450  loss 2.9732  skip 0.50
2026-07-07 17:18:14,099 step 25500  loss 1.9130  skip 0.50
2026-07-07 17:18:25,247 step 25550  loss 2.2508  skip 0.50
2026-07-07 17:18:36,396 step 25600  loss 2.7470  skip 0.50
2026-07-07 17:18:47,461 step 25650  loss 2.4575  skip 0.50
2026-07-07 17:18:58,586 step 25700  loss 2.0531  skip 0.50
2026-07-07 17:19:09,715 step 25750  loss 1.8806  skip 0.50
2026-07-07 17:19:20,831 step 25800  loss 2.4457  skip 0.50
2026-07-07 17:19:31,933 step 25850  loss 2.6839  skip 0.50
2026-07-07 17:19:43,063 step 25900  loss 2.0367  skip 0.50
2026-07-07 17:19:54,245 step 25950  loss 1.6940  skip 0.50
2026-07-07 17:20:05,313 step 26000  loss 2.8214  skip 0.50
2026-07-07 17:20:16,466 step 26050  loss 2.6115  skip 0.50
2026-07-07 17:20:27,552 step 26100  loss 2.6651  skip 0.50
2026-07-07 17:20:38,613 step 26150  loss 1.9379  skip 0.50
2026-07-07 17:20:49,730 step 26200  loss 2.5890  skip 0.50
2026-07-07 17:21:00,859 step 26250  loss 2.5655  skip 0.50
2026-07-07 17:21:12,109 step 26300  loss 2.5220  skip 0.50
2026-07-07 17:21:23,355 step 26350  loss 2.3666  skip 0.50
2026-07-07 17:21:34,955 step 26400  loss 2.6536  skip 0.50
2026-07-07 17:21:46,027 step 26450  loss 2.6638  skip 0.50
2026-07-07 17:21:57,148 step 26500  loss 2.7389  skip 0.50
2026-07-07 17:22:08,247 step 26550  loss 2.6800  skip 0.50
2026-07-07 17:22:19,319 step 26600  loss 2.4188  skip 0.50
2026-07-07 17:22:30,487 step 26650  loss 2.6358  skip 0.50
2026-07-07 17:22:41,655 step 26700  loss 2.3218  skip 0.50
2026-07-07 17:22:52,823 step 26750  loss 2.3928  skip 0.50
2026-07-07 17:23:03,921 step 26800  loss 2.3249  skip 0.50
2026-07-07 17:23:15,129 step 26850  loss 2.5529  skip 0.50
2026-07-07 17:23:26,412 step 26900  loss 2.7000  skip 0.50
2026-07-07 17:23:37,641 step 26950  loss 2.2221  skip 0.50
2026-07-07 17:23:48,897 step 27000  loss 2.1608  skip 0.50
2026-07-07 17:23:59,998 step 27050  loss 2.2693  skip 0.50
2026-07-07 17:24:11,131 step 27100  loss 2.4525  skip 0.50
2026-07-07 17:24:22,247 step 27150  loss 3.6063  skip 0.50
2026-07-07 17:24:33,410 step 27200  loss 2.8624  skip 0.50
2026-07-07 17:24:44,496 step 27250  loss 2.4306  skip 0.50
2026-07-07 17:24:55,578 step 27300  loss 2.8843  skip 0.50
2026-07-07 17:25:06,853 step 27350  loss 2.5038  skip 0.50
2026-07-07 17:25:18,078 step 27400  loss 2.4201  skip 0.50
2026-07-07 17:25:29,204 step 27450  loss 2.6983  skip 0.50
2026-07-07 17:25:40,380 step 27500  loss 2.0167  skip 0.50
2026-07-07 17:25:51,515 step 27550  loss 2.2225  skip 0.50
2026-07-07 17:26:02,670 step 27600  loss 1.7547  skip 0.50
2026-07-07 17:26:13,850 step 27650  loss 2.8465  skip 0.50
2026-07-07 17:26:25,200 step 27700  loss 2.2537  skip 0.50
2026-07-07 17:26:36,278 step 27750  loss 2.6798  skip 0.50
2026-07-07 17:26:47,376 step 27800  loss 2.1276  skip 0.50
2026-07-07 17:26:58,426 step 27850  loss 2.5269  skip 0.50
2026-07-07 17:27:09,513 step 27900  loss 2.5277  skip 0.50
2026-07-07 17:27:20,667 step 27950  loss 2.2672  skip 0.50
2026-07-07 17:27:31,779 step 28000  loss 2.4632  skip 0.50
2026-07-07 17:27:42,917 step 28050  loss 2.7906  skip 0.50
2026-07-07 17:27:54,139 step 28100  loss 2.7892  skip 0.50
2026-07-07 17:28:05,299 step 28150  loss 2.3848  skip 0.50
2026-07-07 17:28:16,379 step 28200  loss 2.8678  skip 0.50
2026-07-07 17:28:27,513 step 28250  loss 2.2502  skip 0.50
2026-07-07 17:28:38,821 step 28300  loss 2.4813  skip 0.50
2026-07-07 17:28:49,867 step 28350  loss 1.8821  skip 0.50
2026-07-07 17:29:01,051 step 28400  loss 2.4392  skip 0.50
2026-07-07 17:29:12,181 step 28450  loss 2.0386  skip 0.50
2026-07-07 17:29:23,432 step 28500  loss 2.9239  skip 0.50
2026-07-07 17:29:34,678 step 28550  loss 2.5464  skip 0.50
2026-07-07 17:29:45,820 step 28600  loss 2.4477  skip 0.50
2026-07-07 17:29:56,994 step 28650  loss 2.4653  skip 0.50
2026-07-07 17:30:08,100 step 28700  loss 2.0023  skip 0.50
2026-07-07 17:30:19,215 step 28750  loss 2.4978  skip 0.50
2026-07-07 17:30:30,264 step 28800  loss 2.5114  skip 0.50
2026-07-07 17:30:41,483 step 28850  loss 1.5352  skip 0.50
2026-07-07 17:30:52,728 step 28900  loss 2.5378  skip 0.50
2026-07-07 17:31:04,040 step 28950  loss 2.8383  skip 0.50
2026-07-07 17:31:15,346 step 29000  loss 2.7628  skip 0.50
2026-07-07 17:31:26,658 step 29050  loss 2.9153  skip 0.50
2026-07-07 17:31:37,836 step 29100  loss 2.8308  skip 0.50
2026-07-07 17:31:48,915 step 29150  loss 2.4674  skip 0.50
2026-07-07 17:32:00,182 step 29200  loss 3.0835  skip 0.50
2026-07-07 17:32:11,286 step 29250  loss 3.0118  skip 0.50
2026-07-07 17:32:22,425 step 29300  loss 2.6381  skip 0.50
2026-07-07 17:32:33,570 step 29350  loss 2.3808  skip 0.50
2026-07-07 17:32:44,622 step 29400  loss 2.7389  skip 0.50
2026-07-07 17:32:55,766 step 29450  loss 1.8837  skip 0.50
2026-07-07 17:33:07,024 step 29500  loss 2.2881  skip 0.50
2026-07-07 17:33:18,161 step 29550  loss 2.3093  skip 0.50
2026-07-07 17:33:29,287 step 29600  loss 1.9970  skip 0.50
2026-07-07 17:33:40,505 step 29650  loss 2.4263  skip 0.50
2026-07-07 17:33:51,695 step 29700  loss 2.4005  skip 0.50
2026-07-07 17:34:02,766 step 29750  loss 1.9966  skip 0.50
2026-07-07 17:34:13,864 step 29800  loss 2.1783  skip 0.50
2026-07-07 17:34:25,060 step 29850  loss 3.3287  skip 0.50
2026-07-07 17:34:36,254 step 29900  loss 2.4618  skip 0.50
2026-07-07 17:34:47,323 step 29950  loss 1.8093  skip 0.50
2026-07-07 17:34:58,246 saved -> work_dirs/vkitti2/latest.pt
