2026-08-06 10:09:24,223 work dir: work_dirs/t1-edge2-warp2  seed 0  commit c77b7f40
2026-08-06 10:09:24,675 partial init from work_dirs/main_v8/latest.pt: 1 new tensors kept at init, 0 checkpoint tensors unused
2026-08-06 10:09:25,510 mixed dataset: 208720 clips from 5 sources (size 256)
2026-08-06 10:09:27,897 step    0  loss 3.7014  skip 0.00  lr 3.00e-07  depth_std 25.3118
2026-08-06 10:10:16,793 step   50  loss 2.6471  skip 0.01  lr 1.53e-05  depth_std 6.6579
2026-08-06 10:11:10,245 step  100  loss 3.7303  skip 0.01  lr 3.03e-05  depth_std 11.5469
2026-08-06 10:12:03,883 step  150  loss 1.7590  skip 0.02  lr 4.53e-05  depth_std 20.8867
2026-08-06 10:12:57,361 step  200  loss 1.7742  skip 0.03  lr 6.03e-05  depth_std 18.7788
2026-08-06 10:13:50,844 step  250  loss 2.6680  skip 0.03  lr 7.53e-05  depth_std 18.2162
2026-08-06 10:14:44,515 step  300  loss 3.1898  skip 0.04  lr 9.03e-05  depth_std 24.5408
2026-08-06 10:15:38,046 step  350  loss 0.8996  skip 0.04  lr 1.05e-04  depth_std 2.4155
2026-08-06 10:16:31,210 step  400  loss 3.2218  skip 0.05  lr 1.20e-04  depth_std 28.0897
2026-08-06 10:17:24,231 step  450  loss 0.9739  skip 0.06  lr 1.35e-04  depth_std 0.4438
2026-08-06 10:18:16,827 step  500  loss 2.6915  skip 0.06  lr 1.50e-04  depth_std 26.2351
2026-08-06 10:19:09,055 step  550  loss 3.6690  skip 0.07  lr 1.65e-04  depth_std 12.6496
2026-08-06 10:20:00,926 step  600  loss 2.2898  skip 0.07  lr 1.80e-04  depth_std 1.7401
2026-08-06 10:20:52,440 step  650  loss 2.3887  skip 0.08  lr 1.95e-04  depth_std 8.0371
2026-08-06 10:21:43,913 step  700  loss 2.6260  skip 0.09  lr 2.10e-04  depth_std 30.5274
2026-08-06 10:22:35,202 step  750  loss 1.5373  skip 0.09  lr 2.25e-04  depth_std 27.5872
2026-08-06 10:23:26,355 step  800  loss 2.5124  skip 0.10  lr 2.40e-04  depth_std 2.3653
2026-08-06 10:24:17,173 step  850  loss 2.1581  skip 0.11  lr 2.55e-04  depth_std 0.5857
2026-08-06 10:25:07,942 step  900  loss 2.3025  skip 0.11  lr 2.70e-04  depth_std 19.4635
2026-08-06 10:25:58,307 step  950  loss 2.0118  skip 0.12  lr 2.85e-04  depth_std 3.0901
2026-08-06 10:26:48,303 step 1000  loss 3.6070  skip 0.12  lr 3.00e-04  depth_std 31.4514
2026-08-06 10:27:38,006 step 1050  loss 1.7265  skip 0.13  lr 3.00e-04  depth_std 2.0953
2026-08-06 10:28:27,436 step 1100  loss 2.4904  skip 0.14  lr 3.00e-04  depth_std 26.8757
2026-08-06 10:29:16,500 step 1150  loss 1.9061  skip 0.14  lr 3.00e-04  depth_std 26.2409
2026-08-06 10:30:05,513 step 1200  loss 5.9746  skip 0.15  lr 2.99e-04  depth_std 32.1202
2026-08-06 10:30:54,339 step 1250  loss 3.0025  skip 0.16  lr 2.99e-04  depth_std 8.9671
2026-08-06 10:31:42,992 step 1300  loss 2.1806  skip 0.16  lr 2.99e-04  depth_std 3.6403
2026-08-06 10:32:31,380 step 1350  loss 1.5758  skip 0.17  lr 2.98e-04  depth_std 1.4788
2026-08-06 10:33:19,534 step 1400  loss 3.0824  skip 0.17  lr 2.98e-04  depth_std 33.4580
2026-08-06 10:34:07,471 step 1450  loss 2.4776  skip 0.18  lr 2.97e-04  depth_std 17.2959
2026-08-06 10:34:55,141 step 1500  loss 1.9718  skip 0.19  lr 2.96e-04  depth_std 41.9146
2026-08-06 10:35:42,527 step 1550  loss 3.4253  skip 0.19  lr 2.95e-04  depth_std 7.5421
2026-08-06 10:36:29,434 step 1600  loss 2.3468  skip 0.20  lr 2.95e-04  depth_std 9.6404
2026-08-06 10:37:16,075 step 1650  loss 4.2342  skip 0.21  lr 2.94e-04  depth_std 13.3149
2026-08-06 10:38:02,525 step 1700  loss 1.7138  skip 0.21  lr 2.93e-04  depth_std 3.9297
2026-08-06 10:38:48,674 step 1750  loss 2.9001  skip 0.22  lr 2.92e-04  depth_std 5.0151
2026-08-06 10:39:34,505 step 1800  loss 3.6433  skip 0.23  lr 2.90e-04  depth_std 29.0204
2026-08-06 10:40:20,331 step 1850  loss 2.3626  skip 0.23  lr 2.89e-04  depth_std 8.8126
2026-08-06 10:41:05,681 step 1900  loss 4.3546  skip 0.24  lr 2.88e-04  depth_std 20.9025
2026-08-06 10:41:50,927 step 1950  loss 4.4599  skip 0.24  lr 2.87e-04  depth_std 43.7996
2026-08-06 10:42:36,039 step 2000  loss 2.1606  skip 0.25  lr 2.85e-04  depth_std 24.2102
2026-08-06 10:43:20,725 step 2050  loss 3.6010  skip 0.26  lr 2.84e-04  depth_std 7.2516
2026-08-06 10:44:05,158 step 2100  loss 3.5720  skip 0.26  lr 2.82e-04  depth_std 52.5662
2026-08-06 10:44:49,202 step 2150  loss 2.8406  skip 0.27  lr 2.80e-04  depth_std 2.4754
2026-08-06 10:45:33,021 step 2200  loss 2.6482  skip 0.28  lr 2.79e-04  depth_std 8.6017
2026-08-06 10:46:16,638 step 2250  loss 2.1223  skip 0.28  lr 2.77e-04  depth_std 2.6607
2026-08-06 10:47:00,095 step 2300  loss 2.9687  skip 0.29  lr 2.75e-04  depth_std 33.2145
2026-08-06 10:47:43,233 step 2350  loss 4.9080  skip 0.29  lr 2.73e-04  depth_std 6.3360
2026-08-06 10:48:26,220 step 2400  loss 1.9199  skip 0.30  lr 2.71e-04  depth_std 1.8902
2026-08-06 10:49:08,824 step 2450  loss 1.6414  skip 0.31  lr 2.69e-04  depth_std 1.2233
2026-08-06 10:49:51,451 step 2500  loss 3.3970  skip 0.31  lr 2.67e-04  depth_std 36.8291
2026-08-06 10:50:33,562 step 2550  loss 0.7032  skip 0.32  lr 2.65e-04  depth_std 1.8780
2026-08-06 10:51:15,665 step 2600  loss 1.4758  skip 0.33  lr 2.63e-04  depth_std 1.7678
2026-08-06 10:51:57,385 step 2650  loss 2.3685  skip 0.33  lr 2.61e-04  depth_std 10.1573
2026-08-06 10:52:38,998 step 2700  loss 1.4747  skip 0.34  lr 2.58e-04  depth_std 11.9197
2026-08-06 10:53:20,240 step 2750  loss 2.6649  skip 0.34  lr 2.56e-04  depth_std 35.6348
2026-08-06 10:54:01,189 step 2800  loss 2.3191  skip 0.35  lr 2.54e-04  depth_std 1.0580
2026-08-06 10:54:42,109 step 2850  loss 1.0905  skip 0.36  lr 2.51e-04  depth_std 1.1684
2026-08-06 10:55:22,612 step 2900  loss 2.3682  skip 0.36  lr 2.49e-04  depth_std 3.0989
2026-08-06 10:56:03,000 step 2950  loss 3.8759  skip 0.37  lr 2.46e-04  depth_std 19.6957
2026-08-06 10:56:43,216 step 3000  loss 4.2887  skip 0.38  lr 2.44e-04  depth_std 4.2321
2026-08-06 10:57:23,085 step 3050  loss 2.2294  skip 0.38  lr 2.41e-04  depth_std 41.0418
2026-08-06 10:58:02,744 step 3100  loss 4.1551  skip 0.39  lr 2.38e-04  depth_std 2.2030
2026-08-06 10:58:41,969 step 3150  loss 2.8890  skip 0.39  lr 2.35e-04  depth_std 7.8938
2026-08-06 10:59:21,130 step 3200  loss 2.6506  skip 0.40  lr 2.33e-04  depth_std 12.6627
2026-08-06 11:00:00,042 step 3250  loss 0.8316  skip 0.41  lr 2.30e-04  depth_std 1.5477
2026-08-06 11:00:38,578 step 3300  loss 1.9160  skip 0.41  lr 2.27e-04  depth_std 18.4615
2026-08-06 11:01:16,770 step 3350  loss 0.8911  skip 0.42  lr 2.24e-04  depth_std 1.4647
2026-08-06 11:01:54,798 step 3400  loss 1.7437  skip 0.42  lr 2.21e-04  depth_std 26.0482
2026-08-06 11:02:32,627 step 3450  loss 1.7517  skip 0.43  lr 2.18e-04  depth_std 1.4073
2026-08-06 11:03:10,262 step 3500  loss 2.1797  skip 0.44  lr 2.15e-04  depth_std 33.4257
2026-08-06 11:03:47,421 step 3550  loss 0.7752  skip 0.44  lr 2.12e-04  depth_std 5.8536
2026-08-06 11:04:24,490 step 3600  loss 1.7857  skip 0.45  lr 2.09e-04  depth_std 30.6978
2026-08-06 11:05:01,184 step 3650  loss 1.9427  skip 0.46  lr 2.06e-04  depth_std 17.2124
2026-08-06 11:05:37,619 step 3700  loss 1.5346  skip 0.46  lr 2.03e-04  depth_std 26.0230
2026-08-06 11:06:13,959 step 3750  loss 4.4794  skip 0.47  lr 2.00e-04  depth_std 33.9540
2026-08-06 11:06:50,064 step 3800  loss 3.0343  skip 0.47  lr 1.96e-04  depth_std 13.0997
2026-08-06 11:07:25,963 step 3850  loss 1.5600  skip 0.48  lr 1.93e-04  depth_std 13.0171
2026-08-06 11:08:01,423 step 3900  loss 2.3100  skip 0.49  lr 1.90e-04  depth_std 17.2488
2026-08-06 11:08:36,690 step 3950  loss 1.8624  skip 0.49  lr 1.87e-04  depth_std 21.7858
2026-08-06 11:09:11,801 step 4000  loss 1.4091  skip 0.50  lr 1.83e-04  depth_std 1.6932
2026-08-06 11:09:46,714 step 4050  loss 2.2070  skip 0.50  lr 1.80e-04  depth_std 22.6816
2026-08-06 11:10:21,551 step 4100  loss 2.6196  skip 0.50  lr 1.77e-04  depth_std 4.3380
2026-08-06 11:10:56,455 step 4150  loss 2.1463  skip 0.50  lr 1.73e-04  depth_std 39.0058
2026-08-06 11:11:31,484 step 4200  loss 1.6348  skip 0.50  lr 1.70e-04  depth_std 18.8334
2026-08-06 11:12:06,415 step 4250  loss 1.6296  skip 0.50  lr 1.67e-04  depth_std 14.8362
2026-08-06 11:12:41,387 step 4300  loss 1.2217  skip 0.50  lr 1.63e-04  depth_std 5.7650
2026-08-06 11:13:16,241 step 4350  loss 1.6322  skip 0.50  lr 1.60e-04  depth_std 17.8496
2026-08-06 11:13:51,257 step 4400  loss 1.7309  skip 0.50  lr 1.57e-04  depth_std 4.4662
2026-08-06 11:14:26,095 step 4450  loss 2.5326  skip 0.50  lr 1.53e-04  depth_std 2.4730
2026-08-06 11:15:01,217 step 4500  loss 2.4279  skip 0.50  lr 1.50e-04  depth_std 14.6868
2026-08-06 11:15:36,166 step 4550  loss 2.1447  skip 0.50  lr 1.47e-04  depth_std 17.7673
2026-08-06 11:16:11,165 step 4600  loss 0.9149  skip 0.50  lr 1.43e-04  depth_std 0.5848
2026-08-06 11:16:46,227 step 4650  loss 3.3940  skip 0.50  lr 1.40e-04  depth_std 5.5464
2026-08-06 11:17:21,277 step 4700  loss 1.9912  skip 0.50  lr 1.37e-04  depth_std 35.3031
2026-08-06 11:17:56,163 step 4750  loss 2.1828  skip 0.50  lr 1.33e-04  depth_std 5.7283
2026-08-06 11:18:31,141 step 4800  loss 1.7281  skip 0.50  lr 1.30e-04  depth_std 10.2769
2026-08-06 11:19:05,922 step 4850  loss 1.8315  skip 0.50  lr 1.27e-04  depth_std 32.6572
2026-08-06 11:19:40,869 step 4900  loss 0.7753  skip 0.50  lr 1.23e-04  depth_std 1.7294
2026-08-06 11:20:15,857 step 4950  loss 1.6635  skip 0.50  lr 1.20e-04  depth_std 19.9085
2026-08-06 11:20:50,787 step 5000  loss 4.4370  skip 0.50  lr 1.17e-04  depth_std 4.9456
2026-08-06 11:21:25,695 step 5050  loss 3.0791  skip 0.50  lr 1.13e-04  depth_std 8.7368
2026-08-06 11:22:00,627 step 5100  loss 2.4805  skip 0.50  lr 1.10e-04  depth_std 11.0392
2026-08-06 11:22:35,556 step 5150  loss 2.0362  skip 0.50  lr 1.07e-04  depth_std 5.8155
2026-08-06 11:23:10,554 step 5200  loss 2.6789  skip 0.50  lr 1.04e-04  depth_std 24.1343
2026-08-06 11:23:45,505 step 5250  loss 1.3701  skip 0.50  lr 1.00e-04  depth_std 3.8914
2026-08-06 11:24:20,431 step 5300  loss 2.5247  skip 0.50  lr 9.73e-05  depth_std 41.2827
2026-08-06 11:24:55,420 step 5350  loss 1.6692  skip 0.50  lr 9.42e-05  depth_std 29.3574
2026-08-06 11:25:30,282 step 5400  loss 1.7045  skip 0.50  lr 9.10e-05  depth_std 12.7517
2026-08-06 11:26:05,328 step 5450  loss 1.3784  skip 0.50  lr 8.80e-05  depth_std 1.1540
2026-08-06 11:26:40,400 step 5500  loss 1.9124  skip 0.50  lr 8.49e-05  depth_std 3.1015
2026-08-06 11:27:15,231 step 5550  loss 2.9754  skip 0.50  lr 8.19e-05  depth_std 10.2938
2026-08-06 11:27:50,160 step 5600  loss 1.0407  skip 0.50  lr 7.89e-05  depth_std 3.4872
2026-08-06 11:28:25,115 step 5650  loss 1.7717  skip 0.50  lr 7.60e-05  depth_std 14.8460
2026-08-06 11:29:00,131 step 5700  loss 1.2755  skip 0.50  lr 7.31e-05  depth_std 1.6698
2026-08-06 11:29:35,150 step 5750  loss 2.0112  skip 0.50  lr 7.02e-05  depth_std 35.0057
2026-08-06 11:30:10,069 step 5800  loss 2.9169  skip 0.50  lr 6.74e-05  depth_std 36.9120
2026-08-06 11:30:45,058 step 5850  loss 2.5556  skip 0.50  lr 6.46e-05  depth_std 26.0262
2026-08-06 11:31:19,995 step 5900  loss 3.6764  skip 0.50  lr 6.18e-05  depth_std 5.1881
2026-08-06 11:31:54,982 step 5950  loss 0.8383  skip 0.50  lr 5.91e-05  depth_std 1.9371
2026-08-06 11:32:30,074 step 6000  loss 2.0839  skip 0.50  lr 5.65e-05  depth_std 2.7711
2026-08-06 11:33:04,928 step 6050  loss 3.0213  skip 0.50  lr 5.39e-05  depth_std 6.3600
2026-08-06 11:33:39,932 step 6100  loss 0.9652  skip 0.50  lr 5.13e-05  depth_std 1.2764
2026-08-06 11:34:14,827 step 6150  loss 6.1507  skip 0.50  lr 4.88e-05  depth_std 37.5344
2026-08-06 11:34:49,746 step 6200  loss 2.6178  skip 0.50  lr 4.63e-05  depth_std 27.5394
2026-08-06 11:35:24,698 step 6250  loss 3.8630  skip 0.50  lr 4.39e-05  depth_std 8.0583
2026-08-06 11:35:59,493 step 6300  loss 1.6702  skip 0.50  lr 4.16e-05  depth_std 43.0322
2026-08-06 11:36:34,504 step 6350  loss 2.4715  skip 0.50  lr 3.93e-05  depth_std 30.8846
2026-08-06 11:37:09,553 step 6400  loss 5.5607  skip 0.50  lr 3.70e-05  depth_std 38.7066
2026-08-06 11:37:44,489 step 6450  loss 2.7277  skip 0.50  lr 3.49e-05  depth_std 30.2903
2026-08-06 11:38:19,449 step 6500  loss 6.8991  skip 0.50  lr 3.27e-05  depth_std 36.1306
2026-08-06 11:38:54,354 step 6550  loss 1.0018  skip 0.50  lr 3.07e-05  depth_std 9.4489
2026-08-06 11:39:29,156 step 6600  loss 3.5937  skip 0.50  lr 2.86e-05  depth_std 27.1323
2026-08-06 11:40:04,139 step 6650  loss 5.0819  skip 0.50  lr 2.67e-05  depth_std 16.6440
2026-08-06 11:40:39,154 step 6700  loss 2.9005  skip 0.50  lr 2.48e-05  depth_std 7.6100
2026-08-06 11:41:14,055 step 6750  loss 1.9480  skip 0.50  lr 2.30e-05  depth_std 3.7011
2026-08-06 11:41:49,100 step 6800  loss 2.4148  skip 0.50  lr 2.12e-05  depth_std 39.1266
2026-08-06 11:42:23,987 step 6850  loss 2.2473  skip 0.50  lr 1.95e-05  depth_std 30.9094
2026-08-06 11:42:58,948 step 6900  loss 3.0782  skip 0.50  lr 1.79e-05  depth_std 36.0535
2026-08-06 11:43:33,883 step 6950  loss 1.3482  skip 0.50  lr 1.63e-05  depth_std 9.3619
2026-08-06 11:44:08,850 step 7000  loss 1.9797  skip 0.50  lr 1.49e-05  depth_std 37.7210
2026-08-06 11:44:43,910 step 7050  loss 6.5350  skip 0.50  lr 1.34e-05  depth_std 6.8228
2026-08-06 11:45:18,855 step 7100  loss 1.9600  skip 0.50  lr 1.21e-05  depth_std 5.7654
2026-08-06 11:45:53,864 step 7150  loss 1.9235  skip 0.50  lr 1.08e-05  depth_std 12.2827
2026-08-06 11:46:28,836 step 7200  loss 3.1765  skip 0.50  lr 9.56e-06  depth_std 3.4685
2026-08-06 11:47:03,851 step 7250  loss 3.4094  skip 0.50  lr 8.42e-06  depth_std 2.7261
2026-08-06 11:47:38,936 step 7300  loss 2.3053  skip 0.50  lr 7.34e-06  depth_std 8.3655
2026-08-06 11:48:13,882 step 7350  loss 2.7418  skip 0.50  lr 6.34e-06  depth_std 6.5594
2026-08-06 11:48:48,849 step 7400  loss 3.8821  skip 0.50  lr 5.41e-06  depth_std 29.5323
2026-08-06 11:49:23,724 step 7450  loss 3.1009  skip 0.50  lr 4.55e-06  depth_std 17.2092
2026-08-06 11:49:58,688 step 7500  loss 2.3683  skip 0.50  lr 3.76e-06  depth_std 9.7334
2026-08-06 11:50:33,721 step 7550  loss 3.4699  skip 0.50  lr 3.05e-06  depth_std 25.5070
2026-08-06 11:51:08,593 step 7600  loss 1.5335  skip 0.50  lr 2.41e-06  depth_std 9.4287
2026-08-06 11:51:43,538 step 7650  loss 6.2940  skip 0.50  lr 1.85e-06  depth_std 11.0081
2026-08-06 11:52:18,373 step 7700  loss 2.2171  skip 0.50  lr 1.36e-06  depth_std 26.8615
2026-08-06 11:52:53,342 step 7750  loss 1.1895  skip 0.50  lr 9.43e-07  depth_std 3.3005
2026-08-06 11:53:28,260 step 7800  loss 4.4107  skip 0.50  lr 6.04e-07  depth_std 8.9528
2026-08-06 11:54:03,177 step 7850  loss 3.2333  skip 0.50  lr 3.40e-07  depth_std 40.4448
2026-08-06 11:54:38,171 step 7900  loss 2.1891  skip 0.50  lr 1.51e-07  depth_std 35.8685
2026-08-06 11:55:13,158 step 7950  loss 1.0825  skip 0.50  lr 3.78e-08  depth_std 17.9127
2026-08-06 11:55:47,645 saved -> work_dirs/t1-edge2-warp2/latest.pt
