2026-07-28 02:08:41,063 work dir: work_dirs/arm0-ctrl
2026-07-28 02:08:42,729 HTTP Request: HEAD https://huggingface.co/depth-anything/Depth-Anything-V2-Small-hf/resolve/main/config.json "HTTP/1.1 307 Temporary Redirect"
2026-07-28 02:08:42,730 Warning: You are sending unauthenticated requests to the HF Hub. Please set a HF_TOKEN to enable higher rate limits and faster downloads.
2026-07-28 02:08:42,797 HTTP Request: HEAD https://huggingface.co/api/resolve-cache/models/depth-anything/Depth-Anything-V2-Small-hf/5426e4f0f36572d16453bbda7a8389317b1bef99/config.json "HTTP/1.1 200 OK"
2026-07-28 02:08:43,162 partial init from work_dirs/main_v8/latest.pt: 0 new tensors kept at init, 0 checkpoint tensors unused
2026-07-28 02:08:43,997 mixed dataset: 208720 clips from 5 sources (size 256)
2026-07-28 02:08:46,132 step    0  loss 0.5801  skip 0.00  lr 5.00e-07  depth_std 2.2621
2026-07-28 02:09:34,072 step   50  loss 2.6390  skip 0.01  lr 2.55e-05  depth_std 33.2915
2026-07-28 02:10:27,534 step  100  loss 0.3094  skip 0.01  lr 5.05e-05  depth_std 2.6123
2026-07-28 02:11:20,261 step  150  loss 0.7029  skip 0.02  lr 7.55e-05  depth_std 16.4620
2026-07-28 02:12:12,750 step  200  loss 1.5644  skip 0.03  lr 1.00e-04  depth_std 30.2884
2026-07-28 02:13:05,277 step  250  loss 0.7185  skip 0.03  lr 1.00e-04  depth_std 4.7507
2026-07-28 02:13:58,197 step  300  loss 0.7382  skip 0.04  lr 1.00e-04  depth_std 14.2979
2026-07-28 02:14:51,845 step  350  loss 1.9626  skip 0.04  lr 9.99e-05  depth_std 21.6811
2026-07-28 02:15:44,249 step  400  loss 1.7206  skip 0.05  lr 9.98e-05  depth_std 27.2110
2026-07-28 02:16:36,116 step  450  loss 0.9323  skip 0.06  lr 9.97e-05  depth_std 8.8705
2026-07-28 02:17:27,620 step  500  loss 1.8589  skip 0.06  lr 9.96e-05  depth_std 15.4687
2026-07-28 02:18:18,719 step  550  loss 0.6008  skip 0.07  lr 9.95e-05  depth_std 10.7579
2026-07-28 02:19:09,471 step  600  loss 0.9315  skip 0.07  lr 9.94e-05  depth_std 18.7405
2026-07-28 02:19:59,874 step  650  loss 1.1431  skip 0.08  lr 9.92e-05  depth_std 26.9456
2026-07-28 02:20:50,121 step  700  loss 1.4525  skip 0.09  lr 9.90e-05  depth_std 9.0461
2026-07-28 02:21:40,210 step  750  loss 0.4981  skip 0.09  lr 9.88e-05  depth_std 19.3262
2026-07-28 02:22:30,137 step  800  loss 0.8470  skip 0.10  lr 9.85e-05  depth_std 2.3906
2026-07-28 02:23:19,899 step  850  loss 2.3988  skip 0.11  lr 9.83e-05  depth_std 11.2196
2026-07-28 02:24:09,392 step  900  loss 0.7161  skip 0.11  lr 9.80e-05  depth_std 9.0414
2026-07-28 02:24:58,690 step  950  loss 0.9888  skip 0.12  lr 9.77e-05  depth_std 9.8304
2026-07-28 02:25:47,612 step 1000  loss 0.6151  skip 0.12  lr 9.74e-05  depth_std 8.2805
2026-07-28 02:26:36,254 step 1050  loss 1.3846  skip 0.13  lr 9.71e-05  depth_std 11.2749
2026-07-28 02:27:24,553 step 1100  loss 0.9602  skip 0.14  lr 9.68e-05  depth_std 18.6318
2026-07-28 02:28:12,686 step 1150  loss 1.1423  skip 0.14  lr 9.64e-05  depth_std 13.6118
2026-07-28 02:29:00,567 step 1200  loss 1.0661  skip 0.15  lr 9.60e-05  depth_std 6.3937
2026-07-28 02:29:48,335 step 1250  loss 1.3603  skip 0.16  lr 9.56e-05  depth_std 28.5532
2026-07-28 02:30:35,742 step 1300  loss 2.3733  skip 0.16  lr 9.52e-05  depth_std 25.3314
2026-07-28 02:31:23,020 step 1350  loss 0.9214  skip 0.17  lr 9.47e-05  depth_std 14.1187
2026-07-28 02:32:10,104 step 1400  loss 1.8374  skip 0.17  lr 9.43e-05  depth_std 7.9648
2026-07-28 02:32:56,785 step 1450  loss 2.3904  skip 0.18  lr 9.38e-05  depth_std 21.5181
2026-07-28 02:33:43,323 step 1500  loss 1.4546  skip 0.19  lr 9.33e-05  depth_std 14.9149
2026-07-28 02:34:29,529 step 1550  loss 1.2280  skip 0.19  lr 9.28e-05  depth_std 12.2255
2026-07-28 02:35:15,434 step 1600  loss 0.9398  skip 0.20  lr 9.23e-05  depth_std 5.7483
2026-07-28 02:36:01,061 step 1650  loss 2.5386  skip 0.21  lr 9.17e-05  depth_std 12.8770
2026-07-28 02:36:46,612 step 1700  loss 0.7429  skip 0.21  lr 9.11e-05  depth_std 10.7186
2026-07-28 02:37:31,806 step 1750  loss 1.0099  skip 0.22  lr 9.06e-05  depth_std 16.1240
2026-07-28 02:38:16,967 step 1800  loss 1.9109  skip 0.23  lr 9.00e-05  depth_std 20.7017
2026-07-28 02:39:01,755 step 1850  loss 0.4546  skip 0.23  lr 8.94e-05  depth_std 2.5555
2026-07-28 02:39:46,290 step 1900  loss 2.8247  skip 0.24  lr 8.87e-05  depth_std 15.8613
2026-07-28 02:40:30,501 step 1950  loss 1.0874  skip 0.24  lr 8.81e-05  depth_std 15.6543
2026-07-28 02:41:14,586 step 2000  loss 0.5222  skip 0.25  lr 8.74e-05  depth_std 14.7788
2026-07-28 02:41:58,316 step 2050  loss 3.7764  skip 0.26  lr 8.68e-05  depth_std 9.5277
2026-07-28 02:42:41,700 step 2100  loss 1.1171  skip 0.26  lr 8.61e-05  depth_std 24.3659
2026-07-28 02:43:24,807 step 2150  loss 0.6350  skip 0.27  lr 8.54e-05  depth_std 11.1522
2026-07-28 02:44:07,996 step 2200  loss 1.1354  skip 0.28  lr 8.46e-05  depth_std 24.4877
2026-07-28 02:44:50,937 step 2250  loss 0.8606  skip 0.28  lr 8.39e-05  depth_std 2.6035
2026-07-28 02:45:33,540 step 2300  loss 1.5785  skip 0.29  lr 8.32e-05  depth_std 31.8900
2026-07-28 02:46:15,809 step 2350  loss 0.8977  skip 0.29  lr 8.24e-05  depth_std 6.3186
2026-07-28 02:46:57,980 step 2400  loss 0.9043  skip 0.30  lr 8.16e-05  depth_std 14.8805
2026-07-28 02:47:39,784 step 2450  loss 0.9480  skip 0.31  lr 8.08e-05  depth_std 5.4464
2026-07-28 02:48:21,504 step 2500  loss 2.0827  skip 0.31  lr 8.00e-05  depth_std 2.9646
2026-07-28 02:49:02,930 step 2550  loss 1.6353  skip 0.32  lr 7.92e-05  depth_std 25.2297
2026-07-28 02:49:43,985 step 2600  loss 1.1782  skip 0.33  lr 7.84e-05  depth_std 26.9067
2026-07-28 02:50:24,787 step 2650  loss 0.4626  skip 0.33  lr 7.76e-05  depth_std 1.9844
2026-07-28 02:51:05,409 step 2700  loss 1.3315  skip 0.34  lr 7.67e-05  depth_std 27.4838
2026-07-28 02:51:45,644 step 2750  loss 2.3066  skip 0.34  lr 7.59e-05  depth_std 8.8652
2026-07-28 02:52:25,739 step 2800  loss 0.9405  skip 0.35  lr 7.50e-05  depth_std 4.3676
2026-07-28 02:53:05,718 step 2850  loss 0.8544  skip 0.36  lr 7.41e-05  depth_std 1.8927
2026-07-28 02:53:45,396 step 2900  loss 1.0644  skip 0.36  lr 7.32e-05  depth_std 7.7847
2026-07-28 02:54:24,771 step 2950  loss 1.3370  skip 0.37  lr 7.23e-05  depth_std 29.0970
2026-07-28 02:55:04,028 step 3000  loss 0.8886  skip 0.38  lr 7.14e-05  depth_std 8.0016
2026-07-28 02:55:43,000 step 3050  loss 0.4114  skip 0.38  lr 7.05e-05  depth_std 1.2764
2026-07-28 02:56:21,644 step 3100  loss 2.2477  skip 0.39  lr 6.96e-05  depth_std 29.6675
2026-07-28 02:57:00,004 step 3150  loss 0.7491  skip 0.39  lr 6.87e-05  depth_std 13.4032
2026-07-28 02:57:38,121 step 3200  loss 1.0283  skip 0.40  lr 6.77e-05  depth_std 25.2772
2026-07-28 02:58:15,957 step 3250  loss 2.2397  skip 0.41  lr 6.68e-05  depth_std 28.5829
2026-07-28 02:58:53,616 step 3300  loss 0.3928  skip 0.41  lr 6.58e-05  depth_std 5.6395
2026-07-28 02:59:30,966 step 3350  loss 0.8179  skip 0.42  lr 6.49e-05  depth_std 3.0789
2026-07-28 03:00:08,241 step 3400  loss 1.2331  skip 0.42  lr 6.39e-05  depth_std 22.8936
2026-07-28 03:00:45,271 step 3450  loss 1.1737  skip 0.43  lr 6.29e-05  depth_std 5.1462
2026-07-28 03:01:21,982 step 3500  loss 1.4244  skip 0.44  lr 6.20e-05  depth_std 8.3513
2026-07-28 03:01:58,456 step 3550  loss 0.9535  skip 0.44  lr 6.10e-05  depth_std 1.6897
2026-07-28 03:02:34,692 step 3600  loss 1.5158  skip 0.45  lr 6.00e-05  depth_std 17.8214
2026-07-28 03:03:10,798 step 3650  loss 0.7996  skip 0.46  lr 5.90e-05  depth_std 5.2318
2026-07-28 03:03:46,684 step 3700  loss 2.0878  skip 0.46  lr 5.80e-05  depth_std 35.8537
2026-07-28 03:04:22,275 step 3750  loss 1.2818  skip 0.47  lr 5.70e-05  depth_std 22.5357
2026-07-28 03:04:57,492 step 3800  loss 1.6137  skip 0.47  lr 5.60e-05  depth_std 23.1193
2026-07-28 03:05:32,530 step 3850  loss 0.4617  skip 0.48  lr 5.50e-05  depth_std 3.1407
2026-07-28 03:06:07,273 step 3900  loss 1.3316  skip 0.49  lr 5.40e-05  depth_std 21.6159
2026-07-28 03:06:41,826 step 3950  loss 0.3880  skip 0.49  lr 5.30e-05  depth_std 3.1439
2026-07-28 03:07:16,131 step 4000  loss 1.1791  skip 0.50  lr 5.20e-05  depth_std 26.6904
2026-07-28 03:07:50,366 step 4050  loss 1.0215  skip 0.50  lr 5.10e-05  depth_std 7.4992
2026-07-28 03:08:24,352 step 4100  loss 1.1930  skip 0.50  lr 5.00e-05  depth_std 10.5383
2026-07-28 03:08:58,389 step 4150  loss 0.3473  skip 0.50  lr 4.90e-05  depth_std 1.0184
2026-07-28 03:09:32,655 step 4200  loss 0.9685  skip 0.50  lr 4.80e-05  depth_std 4.4876
2026-07-28 03:10:06,995 step 4250  loss 0.8906  skip 0.50  lr 4.70e-05  depth_std 3.2484
2026-07-28 03:10:41,069 step 4300  loss 1.7212  skip 0.50  lr 4.60e-05  depth_std 28.2124
2026-07-28 03:11:15,200 step 4350  loss 0.2696  skip 0.50  lr 4.50e-05  depth_std 2.6681
2026-07-28 03:11:49,365 step 4400  loss 0.5528  skip 0.50  lr 4.40e-05  depth_std 3.9404
2026-07-28 03:12:23,490 step 4450  loss 1.2355  skip 0.50  lr 4.30e-05  depth_std 23.7605
2026-07-28 03:12:57,752 step 4500  loss 1.1336  skip 0.50  lr 4.20e-05  depth_std 8.4728
2026-07-28 03:13:31,985 step 4550  loss 1.0214  skip 0.50  lr 4.10e-05  depth_std 26.6740
2026-07-28 03:14:06,262 step 4600  loss 0.9864  skip 0.50  lr 4.00e-05  depth_std 6.8548
2026-07-28 03:14:40,522 step 4650  loss 1.1865  skip 0.50  lr 3.90e-05  depth_std 1.1172
2026-07-28 03:15:14,637 step 4700  loss 1.0435  skip 0.50  lr 3.80e-05  depth_std 20.7546
2026-07-28 03:15:48,937 step 4750  loss 0.9799  skip 0.50  lr 3.71e-05  depth_std 5.1859
2026-07-28 03:16:23,085 step 4800  loss 1.3737  skip 0.50  lr 3.61e-05  depth_std 24.3597
2026-07-28 03:16:57,348 step 4850  loss 0.8475  skip 0.50  lr 3.51e-05  depth_std 28.2304
2026-07-28 03:17:31,609 step 4900  loss 1.7620  skip 0.50  lr 3.42e-05  depth_std 11.2315
2026-07-28 03:18:05,791 step 4950  loss 0.3934  skip 0.50  lr 3.32e-05  depth_std 6.6967
2026-07-28 03:18:40,035 step 5000  loss 2.0390  skip 0.50  lr 3.23e-05  depth_std 19.1825
2026-07-28 03:19:14,154 step 5050  loss 1.2882  skip 0.50  lr 3.13e-05  depth_std 4.3372
2026-07-28 03:19:48,340 step 5100  loss 0.7870  skip 0.50  lr 3.04e-05  depth_std 7.8115
2026-07-28 03:20:22,574 step 5150  loss 0.9973  skip 0.50  lr 2.95e-05  depth_std 3.4896
2026-07-28 03:20:56,629 step 5200  loss 11.1723  skip 0.50  lr 2.86e-05  depth_std 11.8875
2026-07-28 03:21:30,868 step 5250  loss 1.0750  skip 0.50  lr 2.77e-05  depth_std 1.9529
2026-07-28 03:22:05,115 step 5300  loss 0.5470  skip 0.50  lr 2.68e-05  depth_std 1.0762
2026-07-28 03:22:39,325 step 5350  loss 1.1973  skip 0.50  lr 2.59e-05  depth_std 27.2457
2026-07-28 03:23:13,592 step 5400  loss 0.9233  skip 0.50  lr 2.50e-05  depth_std 12.7536
2026-07-28 03:23:47,747 step 5450  loss 1.2612  skip 0.50  lr 2.41e-05  depth_std 28.9641
2026-07-28 03:24:21,942 step 5500  loss 1.2779  skip 0.50  lr 2.33e-05  depth_std 3.4859
2026-07-28 03:24:56,164 step 5550  loss 1.0400  skip 0.50  lr 2.24e-05  depth_std 3.7385
2026-07-28 03:25:30,217 step 5600  loss 1.3566  skip 0.50  lr 2.16e-05  depth_std 2.8916
2026-07-28 03:26:04,482 step 5650  loss 1.3086  skip 0.50  lr 2.08e-05  depth_std 26.9536
2026-07-28 03:26:38,666 step 5700  loss 1.8522  skip 0.50  lr 2.00e-05  depth_std 35.6520
2026-07-28 03:27:12,941 step 5750  loss 0.8773  skip 0.50  lr 1.92e-05  depth_std 7.8179
2026-07-28 03:27:47,212 step 5800  loss 5.1317  skip 0.50  lr 1.84e-05  depth_std 36.1557
2026-07-28 03:28:21,428 step 5850  loss 1.9088  skip 0.50  lr 1.76e-05  depth_std 22.6379
2026-07-28 03:28:55,691 step 5900  loss 0.3582  skip 0.50  lr 1.68e-05  depth_std 2.4802
2026-07-28 03:29:29,867 step 5950  loss 1.1422  skip 0.50  lr 1.61e-05  depth_std 22.6536
2026-07-28 03:30:04,097 step 6000  loss 1.0268  skip 0.50  lr 1.54e-05  depth_std 8.9891
2026-07-28 03:30:38,340 step 6050  loss 0.8725  skip 0.50  lr 1.46e-05  depth_std 9.5647
2026-07-28 03:31:12,491 step 6100  loss 9.1125  skip 0.50  lr 1.39e-05  depth_std 26.6001
2026-07-28 03:31:46,701 step 6150  loss 1.2193  skip 0.50  lr 1.32e-05  depth_std 20.9483
2026-07-28 03:32:20,897 step 6200  loss 0.5585  skip 0.50  lr 1.26e-05  depth_std 4.2718
2026-07-28 03:32:55,081 step 6250  loss 1.4872  skip 0.50  lr 1.19e-05  depth_std 25.6549
2026-07-28 03:33:29,325 step 6300  loss 0.7789  skip 0.50  lr 1.13e-05  depth_std 7.4601
2026-07-28 03:34:03,517 step 6350  loss 0.9071  skip 0.50  lr 1.06e-05  depth_std 18.3900
2026-07-28 03:34:37,780 step 6400  loss 0.6019  skip 0.50  lr 1.00e-05  depth_std 10.5155
2026-07-28 03:35:11,822 step 6450  loss 0.8800  skip 0.50  lr 9.43e-06  depth_std 24.1309
2026-07-28 03:35:46,037 step 6500  loss 1.7751  skip 0.50  lr 8.85e-06  depth_std 1.9782
2026-07-28 03:36:20,254 step 6550  loss 2.9166  skip 0.50  lr 8.29e-06  depth_std 20.1091
2026-07-28 03:36:54,354 step 6600  loss 1.3119  skip 0.50  lr 7.74e-06  depth_std 25.3550
2026-07-28 03:37:28,585 step 6650  loss 1.1571  skip 0.50  lr 7.21e-06  depth_std 20.8306
2026-07-28 03:38:02,823 step 6700  loss 0.5899  skip 0.50  lr 6.70e-06  depth_std 1.1897
2026-07-28 03:38:37,026 step 6750  loss 0.5110  skip 0.50  lr 6.20e-06  depth_std 2.9123
2026-07-28 03:39:11,231 step 6800  loss 1.1133  skip 0.50  lr 5.73e-06  depth_std 4.2380
2026-07-28 03:39:45,447 step 6850  loss 0.4800  skip 0.50  lr 5.27e-06  depth_std 1.1929
2026-07-28 03:40:19,698 step 6900  loss 0.6930  skip 0.50  lr 4.83e-06  depth_std 22.2857
2026-07-28 03:40:54,557 step 6950  loss 0.8378  skip 0.50  lr 4.41e-06  depth_std 3.5513
2026-07-28 03:41:28,714 step 7000  loss 0.5572  skip 0.50  lr 4.00e-06  depth_std 1.6287
2026-07-28 03:42:02,928 step 7050  loss 0.7259  skip 0.50  lr 3.62e-06  depth_std 3.5336
2026-07-28 03:42:37,144 step 7100  loss 0.8292  skip 0.50  lr 3.25e-06  depth_std 12.4820
2026-07-28 03:43:11,259 step 7150  loss 1.4322  skip 0.50  lr 2.90e-06  depth_std 27.9727
2026-07-28 03:43:45,417 step 7200  loss 0.7931  skip 0.50  lr 2.57e-06  depth_std 10.4255
2026-07-28 03:44:19,785 step 7250  loss 1.1905  skip 0.50  lr 2.26e-06  depth_std 28.2853
2026-07-28 03:44:53,977 step 7300  loss 2.1336  skip 0.50  lr 1.97e-06  depth_std 29.3463
2026-07-28 03:45:28,077 step 7350  loss 1.1310  skip 0.50  lr 1.70e-06  depth_std 22.4762
2026-07-28 03:46:02,415 step 7400  loss 0.4945  skip 0.50  lr 1.45e-06  depth_std 2.4387
2026-07-28 03:46:36,693 step 7450  loss 0.8371  skip 0.50  lr 1.22e-06  depth_std 15.4260
2026-07-28 03:47:10,739 step 7500  loss 0.3905  skip 0.50  lr 1.01e-06  depth_std 2.2502
2026-07-28 03:47:44,858 step 7550  loss 1.1371  skip 0.50  lr 8.19e-07  depth_std 1.3482
2026-07-28 03:48:19,097 step 7600  loss 1.0376  skip 0.50  lr 6.47e-07  depth_std 20.1143
2026-07-28 03:48:53,328 step 7650  loss 1.4378  skip 0.50  lr 4.96e-07  depth_std 28.0499
2026-07-28 03:49:27,410 step 7700  loss 0.4318  skip 0.50  lr 3.65e-07  depth_std 2.1315
2026-07-28 03:50:01,644 step 7750  loss 1.4022  skip 0.50  lr 2.53e-07  depth_std 27.7183
2026-07-28 03:50:35,720 step 7800  loss 0.8121  skip 0.50  lr 1.62e-07  depth_std 4.5357
2026-07-28 03:51:09,996 step 7850  loss 1.5573  skip 0.50  lr 9.12e-08  depth_std 7.0249
2026-07-28 03:51:44,156 step 7900  loss 0.6686  skip 0.50  lr 4.06e-08  depth_std 2.8319
2026-07-28 03:52:18,434 step 7950  loss 0.7883  skip 0.50  lr 1.01e-08  depth_std 9.5267
2026-07-28 03:52:52,078 saved -> work_dirs/arm0-ctrl/latest.pt
