2026-08-20 14:29:49,146 work dir: work_dirs/v11-longclip-spread-s0  seed 0  commit 0a3f5e06
2026-08-20 14:29:49,571 partial init from work_dirs/v10-longclip/latest.pt: 1 new tensors kept at init, 0 checkpoint tensors unused
2026-08-20 14:29:50,420 mixed dataset: 205650 clips from 5 sources (size 256)
2026-08-20 14:29:56,323 step    0  loss 4.1256  skip 0.00  lr 3.00e-07  depth_std 37.5223
2026-08-20 14:32:36,958 step   50  loss 1.7756  skip 0.01  lr 1.53e-05  depth_std 32.2577
2026-08-20 14:35:44,351 step  100  loss 2.1188  skip 0.01  lr 3.03e-05  depth_std 12.1245
2026-08-20 14:38:53,683 step  150  loss 2.1567  skip 0.02  lr 4.53e-05  depth_std 42.4382
2026-08-20 14:42:03,289 step  200  loss 5.1333  skip 0.03  lr 6.03e-05  depth_std 27.8669
2026-08-20 14:45:12,802 step  250  loss 4.7823  skip 0.03  lr 7.53e-05  depth_std 30.8847
2026-08-20 14:48:22,466 step  300  loss 1.7166  skip 0.04  lr 9.03e-05  depth_std 23.2407
2026-08-20 14:51:31,619 step  350  loss 0.5284  skip 0.04  lr 1.05e-04  depth_std 2.2278
2026-08-20 14:54:39,677 step  400  loss 1.1571  skip 0.05  lr 1.20e-04  depth_std 40.5908
2026-08-20 14:57:46,501 step  450  loss 4.2221  skip 0.06  lr 1.35e-04  depth_std 10.8750
2026-08-20 15:00:53,234 step  500  loss 2.5268  skip 0.06  lr 1.50e-04  depth_std 38.8429
2026-08-20 15:04:13,856 step  550  loss 1.7776  skip 0.07  lr 1.65e-04  depth_std 1.2928
2026-08-20 15:07:46,402 step  600  loss 2.2691  skip 0.07  lr 1.80e-04  depth_std 20.8677
2026-08-20 15:11:32,896 step  650  loss 1.6770  skip 0.08  lr 1.95e-04  depth_std 21.3257
2026-08-20 15:14:57,717 step  700  loss 0.6033  skip 0.09  lr 2.10e-04  depth_std 1.8582
2026-08-20 15:18:01,432 step  750  loss 1.9384  skip 0.09  lr 2.25e-04  depth_std 1.5497
2026-08-20 15:21:04,293 step  800  loss 0.6735  skip 0.10  lr 2.40e-04  depth_std 0.4637
2026-08-20 15:24:06,648 step  850  loss 1.9850  skip 0.11  lr 2.55e-04  depth_std 1.4198
2026-08-20 15:27:08,126 step  900  loss 0.7834  skip 0.11  lr 2.70e-04  depth_std 0.9415
2026-08-20 15:30:08,664 step  950  loss 4.3379  skip 0.12  lr 2.85e-04  depth_std 9.2811
2026-08-20 15:33:09,519 step 1000  loss 2.0135  skip 0.12  lr 3.00e-04  depth_std 17.0722
2026-08-20 15:36:10,419 step 1050  loss 1.8544  skip 0.13  lr 3.00e-04  depth_std 5.6470
2026-08-20 15:39:03,805 step 1100  loss 1.4606  skip 0.14  lr 3.00e-04  depth_std 7.7886
2026-08-20 15:41:56,445 step 1150  loss 1.5040  skip 0.14  lr 3.00e-04  depth_std 15.8171
2026-08-20 15:44:48,185 step 1200  loss 3.2401  skip 0.15  lr 2.99e-04  depth_std 6.7631
2026-08-20 15:47:38,916 step 1250  loss 2.7668  skip 0.16  lr 2.99e-04  depth_std 41.3759
2026-08-20 15:50:28,869 step 1300  loss 1.9597  skip 0.16  lr 2.99e-04  depth_std 4.8306
2026-08-20 15:53:17,780 step 1350  loss 0.7606  skip 0.17  lr 2.98e-04  depth_std 0.6530
2026-08-20 15:56:05,742 step 1400  loss 2.1745  skip 0.17  lr 2.98e-04  depth_std 6.9618
2026-08-20 15:58:52,904 step 1450  loss 2.6629  skip 0.18  lr 2.97e-04  depth_std 42.7462
2026-08-20 16:01:38,995 step 1500  loss 1.5057  skip 0.19  lr 2.96e-04  depth_std 36.3327
2026-08-20 16:04:23,987 step 1550  loss 2.3332  skip 0.19  lr 2.95e-04  depth_std 2.4094
2026-08-20 16:07:07,832 step 1600  loss 1.8564  skip 0.20  lr 2.95e-04  depth_std 1.5748
2026-08-20 16:09:50,771 step 1650  loss 1.0788  skip 0.21  lr 2.94e-04  depth_std 1.7476
2026-08-20 16:12:59,897 step 1700  loss 3.1616  skip 0.21  lr 2.93e-04  depth_std 0.2892
2026-08-20 16:17:32,203 step 1750  loss 7.0985  skip 0.22  lr 2.92e-04  depth_std 4.3424
2026-08-20 16:22:06,794 step 1800  loss 2.1518  skip 0.23  lr 2.90e-04  depth_std 0.9933
2026-08-20 16:25:13,875 step 1850  loss 0.7353  skip 0.23  lr 2.89e-04  depth_std 0.8232
2026-08-20 16:27:55,340 step 1900  loss 1.6371  skip 0.24  lr 2.88e-04  depth_std 5.2716
2026-08-20 16:30:35,625 step 1950  loss 0.7863  skip 0.24  lr 2.87e-04  depth_std 4.6171
2026-08-20 16:33:14,848 step 2000  loss 5.8216  skip 0.25  lr 2.85e-04  depth_std 34.9956
2026-08-20 16:35:50,166 step 2050  loss 3.6354  skip 0.26  lr 2.84e-04  depth_std 28.8947
2026-08-20 16:38:24,296 step 2100  loss 1.6792  skip 0.26  lr 2.82e-04  depth_std 2.8774
2026-08-20 16:40:57,686 step 2150  loss 2.0234  skip 0.27  lr 2.80e-04  depth_std 3.9490
2026-08-20 16:43:29,793 step 2200  loss 0.5564  skip 0.28  lr 2.79e-04  depth_std 2.2629
2026-08-20 16:46:00,853 step 2250  loss 0.8441  skip 0.28  lr 2.77e-04  depth_std 1.2414
2026-08-20 16:48:31,384 step 2300  loss 0.6648  skip 0.29  lr 2.75e-04  depth_std 0.9562
2026-08-20 16:51:01,193 step 2350  loss 1.3929  skip 0.29  lr 2.73e-04  depth_std 0.8171
2026-08-20 16:53:30,410 step 2400  loss 2.1295  skip 0.30  lr 2.71e-04  depth_std 3.0150
2026-08-20 16:55:58,525 step 2450  loss 3.5366  skip 0.31  lr 2.69e-04  depth_std 9.1695
2026-08-20 16:58:25,405 step 2500  loss 2.8584  skip 0.31  lr 2.67e-04  depth_std 5.3357
2026-08-20 17:00:51,137 step 2550  loss 5.2202  skip 0.32  lr 2.65e-04  depth_std 7.4852
2026-08-20 17:03:15,528 step 2600  loss 2.4675  skip 0.33  lr 2.63e-04  depth_std 0.5461
2026-08-20 17:05:38,461 step 2650  loss 1.5436  skip 0.33  lr 2.61e-04  depth_std 28.7297
2026-08-20 17:08:00,577 step 2700  loss 0.6542  skip 0.34  lr 2.58e-04  depth_std 1.0824
2026-08-20 17:10:21,745 step 2750  loss 2.9639  skip 0.34  lr 2.56e-04  depth_std 2.0786
2026-08-20 17:12:42,045 step 2800  loss 1.3845  skip 0.35  lr 2.54e-04  depth_std 27.0726
2026-08-20 17:15:01,435 step 2850  loss 1.1699  skip 0.36  lr 2.51e-04  depth_std 1.0523
2026-08-20 17:17:19,613 step 2900  loss 1.1472  skip 0.36  lr 2.49e-04  depth_std 13.5371
2026-08-20 17:19:38,037 step 2950  loss 2.0194  skip 0.37  lr 2.46e-04  depth_std 16.6128
2026-08-20 17:22:03,483 step 3000  loss 0.5186  skip 0.38  lr 2.44e-04  depth_std 0.4471
2026-08-20 17:24:51,837 step 3050  loss 0.6638  skip 0.38  lr 2.41e-04  depth_std 1.2784
2026-08-20 17:27:56,016 step 3100  loss 2.9166  skip 0.39  lr 2.38e-04  depth_std 1.4575
2026-08-20 17:30:34,908 step 3150  loss 3.3125  skip 0.39  lr 2.35e-04  depth_std 4.7707
2026-08-20 17:33:18,202 step 3200  loss 1.7714  skip 0.40  lr 2.33e-04  depth_std 18.3862
2026-08-20 17:35:58,565 step 3250  loss 1.8445  skip 0.41  lr 2.30e-04  depth_std 0.8483
2026-08-20 17:38:37,933 step 3300  loss 5.3499  skip 0.41  lr 2.27e-04  depth_std 14.0866
2026-08-20 17:41:01,638 step 3350  loss 3.1838  skip 0.42  lr 2.24e-04  depth_std 1.2854
2026-08-20 17:43:10,295 step 3400  loss 1.8815  skip 0.42  lr 2.21e-04  depth_std 4.3112
2026-08-20 17:45:19,181 step 3450  loss 9.0496  skip 0.43  lr 2.18e-04  depth_std 22.3954
2026-08-20 17:47:24,866 step 3500  loss 2.0655  skip 0.44  lr 2.15e-04  depth_std 2.0337
2026-08-20 17:49:29,104 step 3550  loss 1.0397  skip 0.44  lr 2.12e-04  depth_std 1.7411
2026-08-20 17:51:32,622 step 3600  loss 4.4248  skip 0.45  lr 2.09e-04  depth_std 20.4777
2026-08-20 17:53:35,204 step 3650  loss 0.6457  skip 0.46  lr 2.06e-04  depth_std 0.5292
2026-08-20 17:55:37,107 step 3700  loss 3.0619  skip 0.46  lr 2.03e-04  depth_std 7.4623
2026-08-20 17:57:37,679 step 3750  loss 0.6173  skip 0.47  lr 2.00e-04  depth_std 0.5799
2026-08-20 17:59:37,377 step 3800  loss 2.7397  skip 0.47  lr 1.96e-04  depth_std 24.2645
2026-08-20 18:01:35,929 step 3850  loss 1.7921  skip 0.48  lr 1.93e-04  depth_std 17.5612
2026-08-20 18:03:33,809 step 3900  loss 1.7640  skip 0.49  lr 1.90e-04  depth_std 44.6675
2026-08-20 18:05:30,305 step 3950  loss 2.4073  skip 0.49  lr 1.87e-04  depth_std 9.5283
2026-08-20 18:07:26,318 step 4000  loss 1.6159  skip 0.50  lr 1.83e-04  depth_std 26.1550
2026-08-20 18:09:21,685 step 4050  loss 1.8164  skip 0.50  lr 1.80e-04  depth_std 6.2292
2026-08-20 18:11:16,858 step 4100  loss 2.8383  skip 0.50  lr 1.77e-04  depth_std 2.3895
2026-08-20 18:13:12,097 step 4150  loss 2.0320  skip 0.50  lr 1.73e-04  depth_std 2.1499
2026-08-20 18:15:06,970 step 4200  loss 1.0022  skip 0.50  lr 1.70e-04  depth_std 14.8294
2026-08-20 18:17:02,298 step 4250  loss 0.9689  skip 0.50  lr 1.67e-04  depth_std 16.2096
2026-08-20 18:18:57,507 step 4300  loss 3.3835  skip 0.50  lr 1.63e-04  depth_std 5.8771
2026-08-20 18:20:52,728 step 4350  loss 1.6834  skip 0.50  lr 1.60e-04  depth_std 0.7532
2026-08-20 18:22:48,062 step 4400  loss 2.9143  skip 0.50  lr 1.57e-04  depth_std 14.8790
2026-08-20 18:24:42,881 step 4450  loss 4.3461  skip 0.50  lr 1.53e-04  depth_std 45.9984
2026-08-20 18:26:38,290 step 4500  loss 1.4268  skip 0.50  lr 1.50e-04  depth_std 2.3807
2026-08-20 18:28:33,246 step 4550  loss 1.0133  skip 0.50  lr 1.47e-04  depth_std 1.5694
2026-08-20 18:30:28,581 step 4600  loss 2.4710  skip 0.50  lr 1.43e-04  depth_std 50.8165
2026-08-20 18:32:23,871 step 4650  loss 1.9958  skip 0.50  lr 1.40e-04  depth_std 1.4934
2026-08-20 18:34:19,471 step 4700  loss 6.3859  skip 0.50  lr 1.37e-04  depth_std 12.8121
2026-08-20 18:36:14,815 step 4750  loss 3.1311  skip 0.50  lr 1.33e-04  depth_std 49.5515
2026-08-20 18:38:09,997 step 4800  loss 0.7737  skip 0.50  lr 1.30e-04  depth_std 1.7373
2026-08-20 18:40:05,497 step 4850  loss 1.5190  skip 0.50  lr 1.27e-04  depth_std 25.4550
2026-08-20 18:42:00,621 step 4900  loss 1.8139  skip 0.50  lr 1.23e-04  depth_std 0.4587
2026-08-20 18:43:55,889 step 4950  loss 2.5699  skip 0.50  lr 1.20e-04  depth_std 2.0290
2026-08-20 18:45:51,203 step 5000  loss 4.5958  skip 0.50  lr 1.17e-04  depth_std 13.1264
2026-08-20 18:47:46,242 step 5050  loss 1.0965  skip 0.50  lr 1.13e-04  depth_std 5.0081
2026-08-20 18:49:41,612 step 5100  loss 0.5542  skip 0.50  lr 1.10e-04  depth_std 0.5946
2026-08-20 18:51:36,729 step 5150  loss 3.6017  skip 0.50  lr 1.07e-04  depth_std 2.3688
2026-08-20 18:53:31,931 step 5200  loss 2.5075  skip 0.50  lr 1.04e-04  depth_std 0.7929
2026-08-20 18:55:27,300 step 5250  loss 4.1571  skip 0.50  lr 1.00e-04  depth_std 8.2019
2026-08-20 18:57:23,366 step 5300  loss 1.9751  skip 0.50  lr 9.73e-05  depth_std 5.1487
2026-08-20 18:59:19,164 step 5350  loss 3.3305  skip 0.50  lr 9.42e-05  depth_std 14.9544
2026-08-20 19:01:14,785 step 5400  loss 1.5104  skip 0.50  lr 9.10e-05  depth_std 1.7247
2026-08-20 19:03:09,965 step 5450  loss 0.8323  skip 0.50  lr 8.80e-05  depth_std 1.3193
2026-08-20 19:05:05,807 step 5500  loss 2.9948  skip 0.50  lr 8.49e-05  depth_std 34.4191
2026-08-20 19:07:01,283 step 5550  loss 1.6473  skip 0.50  lr 8.19e-05  depth_std 23.7603
2026-08-20 19:08:57,232 step 5600  loss 2.5457  skip 0.50  lr 7.89e-05  depth_std 2.3810
2026-08-20 19:10:53,184 step 5650  loss 1.5148  skip 0.50  lr 7.60e-05  depth_std 33.0276
2026-08-20 19:12:49,021 step 5700  loss 0.4960  skip 0.50  lr 7.31e-05  depth_std 2.0938
2026-08-20 19:14:45,187 step 5750  loss 3.4122  skip 0.50  lr 7.02e-05  depth_std 34.5037
2026-08-20 19:16:40,341 step 5800  loss 2.2148  skip 0.50  lr 6.74e-05  depth_std 4.8656
2026-08-20 19:18:35,681 step 5850  loss 1.2306  skip 0.50  lr 6.46e-05  depth_std 4.9081
2026-08-20 19:20:31,743 step 5900  loss 4.1649  skip 0.50  lr 6.18e-05  depth_std 10.6063
2026-08-20 19:22:27,102 step 5950  loss 0.8718  skip 0.50  lr 5.91e-05  depth_std 0.5846
2026-08-20 19:24:22,912 step 6000  loss 1.3400  skip 0.50  lr 5.65e-05  depth_std 8.4547
2026-08-20 19:26:17,930 step 6050  loss 0.9613  skip 0.50  lr 5.39e-05  depth_std 1.4076
2026-08-20 19:28:13,220 step 6100  loss 2.0316  skip 0.50  lr 5.13e-05  depth_std 16.8835
2026-08-20 19:30:08,534 step 6150  loss 1.0253  skip 0.50  lr 4.88e-05  depth_std 0.5455
2026-08-20 19:32:03,738 step 6200  loss 1.3489  skip 0.50  lr 4.63e-05  depth_std 0.8088
2026-08-20 19:33:58,885 step 6250  loss 1.9126  skip 0.50  lr 4.39e-05  depth_std 5.6861
2026-08-20 19:35:53,765 step 6300  loss 0.7948  skip 0.50  lr 4.16e-05  depth_std 2.0844
2026-08-20 19:37:48,929 step 6350  loss 0.8575  skip 0.50  lr 3.93e-05  depth_std 1.0229
2026-08-20 19:39:45,114 step 6400  loss 2.1641  skip 0.50  lr 3.70e-05  depth_std 14.4446
2026-08-20 19:41:41,503 step 6450  loss 1.4783  skip 0.50  lr 3.49e-05  depth_std 2.0157
2026-08-20 19:43:36,615 step 6500  loss 0.6130  skip 0.50  lr 3.27e-05  depth_std 0.4377
2026-08-20 19:45:31,713 step 6550  loss 3.0594  skip 0.50  lr 3.07e-05  depth_std 44.6191
2026-08-20 19:47:26,837 step 6600  loss 3.4528  skip 0.50  lr 2.86e-05  depth_std 17.6194
2026-08-20 19:49:22,363 step 6650  loss 1.6075  skip 0.50  lr 2.67e-05  depth_std 1.0471
2026-08-20 19:51:17,663 step 6700  loss 0.8317  skip 0.50  lr 2.48e-05  depth_std 1.7576
2026-08-20 19:53:13,063 step 6750  loss 1.4375  skip 0.50  lr 2.30e-05  depth_std 7.1988
2026-08-20 19:55:09,370 step 6800  loss 0.5133  skip 0.50  lr 2.12e-05  depth_std 0.3795
2026-08-20 19:57:05,021 step 6850  loss 1.0203  skip 0.50  lr 1.95e-05  depth_std 0.8299
2026-08-20 19:59:00,618 step 6900  loss 2.4368  skip 0.50  lr 1.79e-05  depth_std 2.3055
2026-08-20 20:00:56,361 step 6950  loss 1.8832  skip 0.50  lr 1.63e-05  depth_std 7.9712
2026-08-20 20:02:52,297 step 7000  loss 3.1697  skip 0.50  lr 1.49e-05  depth_std 36.5452
2026-08-20 20:04:48,174 step 7050  loss 0.5699  skip 0.50  lr 1.34e-05  depth_std 1.4875
2026-08-20 20:06:43,709 step 7100  loss 0.5865  skip 0.50  lr 1.21e-05  depth_std 1.6513
2026-08-20 20:08:39,287 step 7150  loss 2.2860  skip 0.50  lr 1.08e-05  depth_std 53.3095
2026-08-20 20:10:34,820 step 7200  loss 2.5049  skip 0.50  lr 9.56e-06  depth_std 39.7035
2026-08-20 20:12:32,026 step 7250  loss 0.7332  skip 0.50  lr 8.42e-06  depth_std 2.2169
2026-08-20 20:14:28,243 step 7300  loss 1.1644  skip 0.50  lr 7.34e-06  depth_std 0.9310
2026-08-20 20:16:24,013 step 7350  loss 1.9423  skip 0.50  lr 6.34e-06  depth_std 6.3009
2026-08-20 20:18:20,139 step 7400  loss 1.4166  skip 0.50  lr 5.41e-06  depth_std 14.6559
2026-08-20 20:20:15,833 step 7450  loss 6.6090  skip 0.50  lr 4.55e-06  depth_std 26.8693
2026-08-20 20:22:11,254 step 7500  loss 7.0344  skip 0.50  lr 3.76e-06  depth_std 38.5496
2026-08-20 20:24:06,860 step 7550  loss 3.8601  skip 0.50  lr 3.05e-06  depth_std 43.8724
2026-08-20 20:26:02,509 step 7600  loss 2.3311  skip 0.50  lr 2.41e-06  depth_std 5.9297
2026-08-20 20:27:58,329 step 7650  loss 4.5814  skip 0.50  lr 1.85e-06  depth_std 15.7034
2026-08-20 20:29:54,854 step 7700  loss 1.9967  skip 0.50  lr 1.36e-06  depth_std 33.5109
2026-08-20 20:31:50,867 step 7750  loss 1.8846  skip 0.50  lr 9.43e-07  depth_std 18.9971
2026-08-20 20:33:46,664 step 7800  loss 2.1574  skip 0.50  lr 6.04e-07  depth_std 14.0617
2026-08-20 20:35:42,238 step 7850  loss 0.4935  skip 0.50  lr 3.40e-07  depth_std 1.3684
2026-08-20 20:37:38,768 step 7900  loss 1.0766  skip 0.50  lr 1.51e-07  depth_std 8.3374
2026-08-20 20:39:34,306 step 7950  loss 3.5834  skip 0.50  lr 3.78e-08  depth_std 35.4839
2026-08-20 20:41:30,372 saved -> work_dirs/v11-longclip-spread-s0/latest.pt
