2026-08-30 22:30:57,052 work dir: work_dirs/q2-distil-s0  seed 0  commit 1d4d01a6
2026-08-30 22:30:58,276 HTTP Request: HEAD https://huggingface.co/depth-anything/Depth-Anything-V2-Small-hf/resolve/main/config.json "HTTP/1.1 307 Temporary Redirect"
2026-08-30 22:30:58,351 HTTP Request: HEAD https://huggingface.co/api/resolve-cache/models/depth-anything/Depth-Anything-V2-Small-hf/5426e4f0f36572d16453bbda7a8389317b1bef99/config.json "HTTP/1.1 200 OK"
2026-08-30 22:30:58,630 Q teacher: work_dirs/q0-calib-s0/latest.pt (24.8M, frozen)
2026-08-30 22:30:58,684 partial init from work_dirs/v11-longclip-spread-s0/latest.pt: 7 new tensors kept at init, 0 checkpoint tensors unused
2026-08-30 22:30:59,529 mixed dataset: 208720 clips from 5 sources (size 256)
2026-08-30 22:31:02,155 step    0  loss 4.6027  skip 0.00  lr 2.00e-07  depth_std 12.2073
2026-08-30 22:31:58,595 step   50  loss 4.6526  skip 0.01  lr 1.02e-05  depth_std 10.6913
2026-08-30 22:32:56,746 step  100  loss 6.9318  skip 0.03  lr 2.02e-05  depth_std 25.0128
2026-08-30 22:33:55,183 step  150  loss 2.1926  skip 0.04  lr 3.02e-05  depth_std 1.2858
2026-08-30 22:34:53,197 step  200  loss 2.5820  skip 0.05  lr 4.02e-05  depth_std 2.1984
2026-08-30 22:35:50,505 step  250  loss 6.4238  skip 0.06  lr 5.02e-05  depth_std 12.9583
2026-08-30 22:36:46,972 step  300  loss 2.7741  skip 0.07  lr 6.02e-05  depth_std 14.1122
2026-08-30 22:37:43,042 step  350  loss 3.3593  skip 0.09  lr 7.02e-05  depth_std 15.0203
2026-08-30 22:38:38,873 step  400  loss 7.9323  skip 0.10  lr 8.02e-05  depth_std 17.2226
2026-08-30 22:39:34,208 step  450  loss 5.4825  skip 0.11  lr 9.02e-05  depth_std 24.3906
2026-08-30 22:40:29,059 step  500  loss 4.5979  skip 0.12  lr 1.00e-04  depth_std 1.3940
2026-08-30 22:41:23,281 step  550  loss 4.2526  skip 0.14  lr 9.99e-05  depth_std 18.9708
2026-08-30 22:42:16,853 step  600  loss 2.9985  skip 0.15  lr 9.98e-05  depth_std 1.7389
2026-08-30 22:43:10,030 step  650  loss 5.2760  skip 0.16  lr 9.95e-05  depth_std 15.0770
2026-08-30 22:44:03,016 step  700  loss 5.0116  skip 0.17  lr 9.92e-05  depth_std 7.0628
2026-08-30 22:44:55,172 step  750  loss 4.5241  skip 0.19  lr 9.87e-05  depth_std 17.5496
2026-08-30 22:45:47,079 step  800  loss 3.8498  skip 0.20  lr 9.82e-05  depth_std 3.3945
2026-08-30 22:46:38,376 step  850  loss 3.6339  skip 0.21  lr 9.76e-05  depth_std 20.0702
2026-08-30 22:47:29,184 step  900  loss 4.8467  skip 0.23  lr 9.68e-05  depth_std 21.0156
2026-08-30 22:48:19,605 step  950  loss 3.5051  skip 0.24  lr 9.60e-05  depth_std 3.3931
2026-08-30 22:49:09,358 step 1000  loss 3.0806  skip 0.25  lr 9.50e-05  depth_std 1.9368
2026-08-30 22:49:58,666 step 1050  loss 3.8928  skip 0.26  lr 9.40e-05  depth_std 12.7704
2026-08-30 22:50:47,544 step 1100  loss 5.1917  skip 0.28  lr 9.29e-05  depth_std 14.9164
2026-08-30 22:51:35,853 step 1150  loss 6.3375  skip 0.29  lr 9.17e-05  depth_std 25.0761
2026-08-30 22:52:23,652 step 1200  loss 2.7799  skip 0.30  lr 9.05e-05  depth_std 9.4060
2026-08-30 22:53:11,176 step 1250  loss 7.2645  skip 0.31  lr 8.91e-05  depth_std 12.1937
2026-08-30 22:53:58,187 step 1300  loss 3.9032  skip 0.33  lr 8.77e-05  depth_std 7.3931
2026-08-30 22:54:44,581 step 1350  loss 5.2598  skip 0.34  lr 8.61e-05  depth_std 8.5584
2026-08-30 22:55:30,499 step 1400  loss 3.6510  skip 0.35  lr 8.46e-05  depth_std 2.7634
2026-08-30 22:56:16,076 step 1450  loss 1.9742  skip 0.36  lr 8.29e-05  depth_std 2.6559
2026-08-30 22:57:00,950 step 1500  loss 1.8219  skip 0.38  lr 8.12e-05  depth_std 1.2621
2026-08-30 22:57:45,405 step 1550  loss 4.3889  skip 0.39  lr 7.94e-05  depth_std 29.9676
2026-08-30 22:58:29,145 step 1600  loss 2.5116  skip 0.40  lr 7.75e-05  depth_std 6.9167
2026-08-30 22:59:12,496 step 1650  loss 6.3179  skip 0.41  lr 7.56e-05  depth_std 1.9853
2026-08-30 22:59:55,462 step 1700  loss 5.2023  skip 0.42  lr 7.37e-05  depth_std 23.1105
2026-08-30 23:00:37,838 step 1750  loss 4.3510  skip 0.44  lr 7.17e-05  depth_std 22.7355
2026-08-30 23:01:19,809 step 1800  loss 3.8629  skip 0.45  lr 6.97e-05  depth_std 21.3552
2026-08-30 23:02:01,091 step 1850  loss 4.5509  skip 0.46  lr 6.76e-05  depth_std 19.3522
2026-08-30 23:02:41,867 step 1900  loss 2.9558  skip 0.47  lr 6.55e-05  depth_std 13.9075
2026-08-30 23:03:22,256 step 1950  loss 6.0525  skip 0.49  lr 6.33e-05  depth_std 5.0795
2026-08-30 23:04:02,182 step 2000  loss 2.2732  skip 0.50  lr 6.11e-05  depth_std 2.6301
2026-08-30 23:04:41,857 step 2050  loss 2.9213  skip 0.50  lr 5.89e-05  depth_std 0.8713
2026-08-30 23:05:21,525 step 2100  loss 9.2984  skip 0.50  lr 5.67e-05  depth_std 15.4616
2026-08-30 23:06:01,272 step 2150  loss 3.2593  skip 0.50  lr 5.45e-05  depth_std 2.0955
2026-08-30 23:06:40,801 step 2200  loss 5.6260  skip 0.50  lr 5.22e-05  depth_std 19.3926
2026-08-30 23:07:20,459 step 2250  loss 3.3107  skip 0.50  lr 5.00e-05  depth_std 5.4311
2026-08-30 23:08:00,036 step 2300  loss 2.1085  skip 0.50  lr 4.78e-05  depth_std 3.8294
2026-08-30 23:08:39,694 step 2350  loss 2.9998  skip 0.50  lr 4.55e-05  depth_std 14.4835
2026-08-30 23:09:19,446 step 2400  loss 4.7701  skip 0.50  lr 4.33e-05  depth_std 19.6278
2026-08-30 23:09:59,195 step 2450  loss 4.9021  skip 0.50  lr 4.11e-05  depth_std 5.0921
2026-08-30 23:10:38,672 step 2500  loss 2.1427  skip 0.50  lr 3.89e-05  depth_std 1.9946
2026-08-30 23:11:18,219 step 2550  loss 2.5631  skip 0.50  lr 3.67e-05  depth_std 24.4015
2026-08-30 23:11:57,928 step 2600  loss 4.7578  skip 0.50  lr 3.45e-05  depth_std 14.0659
2026-08-30 23:12:37,626 step 2650  loss 1.7781  skip 0.50  lr 3.24e-05  depth_std 2.6083
2026-08-30 23:13:17,251 step 2700  loss 5.0300  skip 0.50  lr 3.03e-05  depth_std 18.4787
2026-08-30 23:13:56,863 step 2750  loss 3.7340  skip 0.50  lr 2.83e-05  depth_std 19.7477
2026-08-30 23:14:36,389 step 2800  loss 3.7472  skip 0.50  lr 2.63e-05  depth_std 4.7581
2026-08-30 23:15:16,014 step 2850  loss 4.5630  skip 0.50  lr 2.44e-05  depth_std 15.9717
2026-08-30 23:15:55,655 step 2900  loss 1.8120  skip 0.50  lr 2.25e-05  depth_std 3.1822
2026-08-30 23:16:35,251 step 2950  loss 4.9231  skip 0.50  lr 2.06e-05  depth_std 17.8933
2026-08-30 23:17:15,127 step 3000  loss 4.2786  skip 0.50  lr 1.88e-05  depth_std 7.5685
2026-08-30 23:17:54,840 step 3050  loss 6.1381  skip 0.50  lr 1.71e-05  depth_std 10.0427
2026-08-30 23:18:34,443 step 3100  loss 13.5613  skip 0.50  lr 1.54e-05  depth_std 11.3559
2026-08-30 23:19:13,893 step 3150  loss 2.8298  skip 0.50  lr 1.39e-05  depth_std 1.4153
2026-08-30 23:19:53,692 step 3200  loss 2.1420  skip 0.50  lr 1.23e-05  depth_std 2.1815
2026-08-30 23:20:33,437 step 3250  loss 3.2355  skip 0.50  lr 1.09e-05  depth_std 16.3594
2026-08-30 23:21:13,009 step 3300  loss 3.5896  skip 0.50  lr 9.55e-06  depth_std 5.2509
2026-08-30 23:21:52,540 step 3350  loss 2.5965  skip 0.50  lr 8.27e-06  depth_std 23.6858
2026-08-30 23:22:32,242 step 3400  loss 3.3184  skip 0.50  lr 7.08e-06  depth_std 1.1577
2026-08-30 23:23:12,068 step 3450  loss 4.0254  skip 0.50  lr 5.97e-06  depth_std 23.5627
2026-08-30 23:23:51,794 step 3500  loss 1.8549  skip 0.50  lr 4.95e-06  depth_std 2.6479
2026-08-30 23:24:31,319 step 3550  loss 6.3596  skip 0.50  lr 4.02e-06  depth_std 8.3052
2026-08-30 23:25:10,925 step 3600  loss 4.5682  skip 0.50  lr 3.19e-06  depth_std 19.4723
2026-08-30 23:25:50,456 step 3650  loss 4.6117  skip 0.50  lr 2.45e-06  depth_std 4.5742
2026-08-30 23:26:30,035 step 3700  loss 1.6532  skip 0.50  lr 1.80e-06  depth_std 1.5525
2026-08-30 23:27:09,742 step 3750  loss 4.1721  skip 0.50  lr 1.25e-06  depth_std 2.5081
2026-08-30 23:27:49,384 step 3800  loss 2.7336  skip 0.50  lr 8.04e-07  depth_std 9.8536
2026-08-30 23:28:29,050 step 3850  loss 4.9944  skip 0.50  lr 4.53e-07  depth_std 1.6838
2026-08-30 23:29:08,477 step 3900  loss 2.7268  skip 0.50  lr 2.01e-07  depth_std 1.1147
2026-08-30 23:29:48,149 step 3950  loss 7.9923  skip 0.50  lr 5.03e-08  depth_std 9.2016
2026-08-30 23:30:27,189 saved -> work_dirs/q2-distil-s0/latest.pt
