/home/hyunsu/miniforge3/envs/mambavision/lib/python3.13/site-packages/timm/models/registry.py:4: FutureWarning: Importing from timm.models.registry is deprecated, please import via timm.models
  warnings.warn(f"Importing from {__name__} is deprecated, please import via timm.models", FutureWarning)
/home/hyunsu/miniforge3/envs/mambavision/lib/python3.13/site-packages/timm/models/layers/__init__.py:48: FutureWarning: Importing from timm.models.layers is deprecated, please import via timm.layers
  warnings.warn(f"Importing from {__name__} is deprecated, please import via timm.layers", FutureWarning)
step 1 loss 1.3606 lr 2.00e-08/2.00e-07 depth_std 1.930 elapsed 1s mem 4.4GiB
step 50 loss 3.8304 lr 1.00e-06/1.00e-05 depth_std 34.901 elapsed 7s mem 4.5GiB
step 100 loss 4.1446 lr 2.00e-06/2.00e-05 depth_std 34.716 elapsed 13s mem 4.5GiB
step 150 loss 2.7588 lr 3.00e-06/3.00e-05 depth_std 24.513 elapsed 18s mem 4.5GiB
step 200 loss 9.4531 lr 4.00e-06/4.00e-05 depth_std 1.889 elapsed 24s mem 4.5GiB
step 250 loss 3.8875 lr 5.00e-06/5.00e-05 depth_std 14.601 elapsed 30s mem 4.5GiB
step 300 loss 3.4750 lr 6.00e-06/6.00e-05 depth_std 11.571 elapsed 35s mem 4.5GiB
step 350 loss 29.9721 lr 7.00e-06/7.00e-05 depth_std 2.716 elapsed 41s mem 4.5GiB
step 400 loss 3.5002 lr 8.00e-06/8.00e-05 depth_std 7.670 elapsed 47s mem 4.5GiB
step 450 loss 10.7645 lr 9.00e-06/9.00e-05 depth_std 7.638 elapsed 52s mem 4.5GiB
step 500 loss 2.0305 lr 1.00e-05/1.00e-04 depth_std 1.978 elapsed 58s mem 4.5GiB
step 550 loss 13.1734 lr 1.00e-05/1.00e-04 depth_std 32.300 elapsed 64s mem 4.5GiB
step 600 loss 20.2990 lr 9.98e-06/9.98e-05 depth_std 5.917 elapsed 70s mem 4.5GiB
step 650 loss 5.9445 lr 9.96e-06/9.96e-05 depth_std 25.239 elapsed 75s mem 4.5GiB
step 700 loss 10.5296 lr 9.92e-06/9.92e-05 depth_std 8.670 elapsed 81s mem 4.5GiB
step 750 loss 1.3560 lr 9.88e-06/9.88e-05 depth_std 1.527 elapsed 87s mem 4.5GiB
step 800 loss 4.3980 lr 9.82e-06/9.82e-05 depth_std 22.597 elapsed 92s mem 4.5GiB
step 850 loss 4.0999 lr 9.76e-06/9.76e-05 depth_std 23.185 elapsed 98s mem 4.5GiB
step 900 loss 2.6404 lr 9.68e-06/9.68e-05 depth_std 30.705 elapsed 104s mem 4.5GiB
step 950 loss 2.6939 lr 9.60e-06/9.60e-05 depth_std 17.633 elapsed 109s mem 4.5GiB
step 1000 loss 2.9660 lr 9.51e-06/9.51e-05 depth_std 33.931 elapsed 115s mem 4.5GiB
step 1050 loss 3.7228 lr 9.41e-06/9.41e-05 depth_std 20.792 elapsed 121s mem 4.5GiB
step 1100 loss 6.5118 lr 9.29e-06/9.29e-05 depth_std 6.900 elapsed 127s mem 4.5GiB
step 1150 loss 5.1237 lr 9.18e-06/9.18e-05 depth_std 13.209 elapsed 132s mem 4.5GiB
step 1200 loss 2.9135 lr 9.05e-06/9.05e-05 depth_std 15.986 elapsed 138s mem 4.5GiB
step 1250 loss 1.7424 lr 8.91e-06/8.91e-05 depth_std 2.415 elapsed 144s mem 4.5GiB
step 1300 loss 13.6498 lr 8.77e-06/8.77e-05 depth_std 27.374 elapsed 149s mem 4.5GiB
step 1350 loss 4.4002 lr 8.62e-06/8.62e-05 depth_std 34.247 elapsed 155s mem 4.5GiB
step 1400 loss 4.4006 lr 8.46e-06/8.46e-05 depth_std 5.856 elapsed 161s mem 4.5GiB
step 1450 loss 9.0985 lr 8.29e-06/8.29e-05 depth_std 30.765 elapsed 166s mem 4.5GiB
step 1500 loss 13.4023 lr 8.12e-06/8.12e-05 depth_std 23.806 elapsed 172s mem 4.5GiB
step 1550 loss 3.3051 lr 7.94e-06/7.94e-05 depth_std 27.445 elapsed 178s mem 4.5GiB
step 1600 loss 4.4498 lr 7.76e-06/7.76e-05 depth_std 33.615 elapsed 183s mem 4.5GiB
step 1650 loss 3.1843 lr 7.57e-06/7.57e-05 depth_std 11.334 elapsed 189s mem 4.5GiB
step 1700 loss 1.1491 lr 7.37e-06/7.37e-05 depth_std 1.938 elapsed 195s mem 4.5GiB
step 1750 loss 2.1327 lr 7.17e-06/7.17e-05 depth_std 25.617 elapsed 201s mem 4.5GiB
step 1800 loss 7.2452 lr 6.97e-06/6.97e-05 depth_std 20.031 elapsed 206s mem 4.5GiB
step 1850 loss 1.2352 lr 6.76e-06/6.76e-05 depth_std 1.973 elapsed 212s mem 4.5GiB
step 1900 loss 2.8949 lr 6.55e-06/6.55e-05 depth_std 1.869 elapsed 218s mem 4.5GiB
step 1950 loss 2.9701 lr 6.33e-06/6.33e-05 depth_std 29.138 elapsed 223s mem 4.5GiB
step 2000 loss 22.4623 lr 6.12e-06/6.12e-05 depth_std 8.420 elapsed 229s mem 4.5GiB
step 2050 loss 3.5642 lr 5.90e-06/5.90e-05 depth_std 26.222 elapsed 235s mem 4.5GiB
step 2100 loss 2.8652 lr 5.68e-06/5.68e-05 depth_std 28.549 elapsed 240s mem 4.5GiB
step 2150 loss 2.9472 lr 5.45e-06/5.45e-05 depth_std 25.546 elapsed 246s mem 4.5GiB
step 2200 loss 2.3912 lr 5.23e-06/5.23e-05 depth_std 7.233 elapsed 252s mem 4.5GiB
step 2250 loss 2.0706 lr 5.00e-06/5.00e-05 depth_std 2.481 elapsed 257s mem 4.5GiB
step 2300 loss 4.2479 lr 4.78e-06/4.78e-05 depth_std 4.261 elapsed 263s mem 4.5GiB
step 2350 loss 1.9055 lr 4.56e-06/4.56e-05 depth_std 11.353 elapsed 269s mem 4.5GiB
step 2400 loss 12.2944 lr 4.33e-06/4.33e-05 depth_std 28.493 elapsed 275s mem 4.5GiB
step 2450 loss 2.3532 lr 4.11e-06/4.11e-05 depth_std 6.696 elapsed 280s mem 4.5GiB
step 2500 loss 1.7732 lr 3.89e-06/3.89e-05 depth_std 16.933 elapsed 286s mem 4.5GiB
step 2550 loss 2.9322 lr 3.67e-06/3.67e-05 depth_std 27.476 elapsed 292s mem 4.5GiB
step 2600 loss 4.9959 lr 3.46e-06/3.46e-05 depth_std 10.794 elapsed 297s mem 4.5GiB
step 2650 loss 5.8249 lr 3.25e-06/3.25e-05 depth_std 20.714 elapsed 303s mem 4.5GiB
step 2700 loss 4.5415 lr 3.04e-06/3.04e-05 depth_std 2.033 elapsed 309s mem 4.5GiB
step 2750 loss 1.4561 lr 2.83e-06/2.83e-05 depth_std 2.747 elapsed 314s mem 4.5GiB
step 2800 loss 8.2678 lr 2.63e-06/2.63e-05 depth_std 4.519 elapsed 320s mem 4.5GiB
step 2850 loss 2.7336 lr 2.44e-06/2.44e-05 depth_std 18.153 elapsed 326s mem 4.5GiB
step 2900 loss 11.4203 lr 2.25e-06/2.25e-05 depth_std 8.187 elapsed 331s mem 4.5GiB
step 2950 loss 8.7525 lr 2.06e-06/2.06e-05 depth_std 4.364 elapsed 337s mem 4.5GiB
step 3000 loss 39.8722 lr 1.89e-06/1.89e-05 depth_std 23.121 elapsed 343s mem 4.5GiB
step 3050 loss 4.3587 lr 1.71e-06/1.71e-05 depth_std 15.696 elapsed 348s mem 4.5GiB
step 3100 loss 1.2429 lr 1.55e-06/1.55e-05 depth_std 3.368 elapsed 354s mem 4.5GiB
step 3150 loss 1.7566 lr 1.39e-06/1.39e-05 depth_std 13.000 elapsed 360s mem 4.5GiB
step 3200 loss 4.1802 lr 1.24e-06/1.24e-05 depth_std 35.698 elapsed 366s mem 4.5GiB
step 3250 loss 7.2786 lr 1.09e-06/1.09e-05 depth_std 41.966 elapsed 371s mem 4.5GiB
step 3300 loss 1.1717 lr 9.58e-07/9.58e-06 depth_std 1.404 elapsed 377s mem 4.5GiB
step 3350 loss 6.8012 lr 8.30e-07/8.30e-06 depth_std 27.093 elapsed 383s mem 4.5GiB
step 3400 loss 3.2548 lr 7.10e-07/7.10e-06 depth_std 24.520 elapsed 388s mem 4.5GiB
step 3450 loss 3.2075 lr 5.99e-07/5.99e-06 depth_std 6.084 elapsed 394s mem 4.5GiB
step 3500 loss 4.9278 lr 4.97e-07/4.97e-06 depth_std 32.804 elapsed 400s mem 4.5GiB
step 3550 loss 1.5714 lr 4.04e-07/4.04e-06 depth_std 1.819 elapsed 405s mem 4.5GiB
step 3600 loss 3.6357 lr 3.20e-07/3.20e-06 depth_std 1.569 elapsed 411s mem 4.5GiB
step 3650 loss 23.0310 lr 2.46e-07/2.46e-06 depth_std 33.081 elapsed 417s mem 4.5GiB
step 3700 loss 7.8190 lr 1.81e-07/1.81e-06 depth_std 11.824 elapsed 422s mem 4.5GiB
step 3750 loss 4.6200 lr 1.26e-07/1.26e-06 depth_std 3.084 elapsed 428s mem 4.5GiB
step 3800 loss 14.4690 lr 8.12e-08/8.12e-07 depth_std 10.482 elapsed 434s mem 4.5GiB
step 3850 loss 2.4553 lr 4.59e-08/4.59e-07 depth_std 14.481 elapsed 439s mem 4.5GiB
step 3900 loss 2.8279 lr 2.05e-08/2.05e-07 depth_std 38.810 elapsed 445s mem 4.5GiB
step 3950 loss 2.9062 lr 5.24e-09/5.24e-08 depth_std 3.343 elapsed 451s mem 4.5GiB
step 4000 loss 10.6506 lr 2.01e-12/2.01e-11 depth_std 2.044 elapsed 457s mem 4.5GiB
FINETUNE_DONE mambavision_da2_mr_ft 4000
