2026-08-30 02:00:33,223 work dir: work_dirs/r4b-b6-os3-trim-s0  seed 0  commit 1d4d01a6
2026-08-30 02:00:33,653 partial init from work_dirs/v11-longclip-spread-s0/latest.pt: 7 new tensors kept at init, 0 checkpoint tensors unused
2026-08-30 02:00:34,485 mixed dataset: 208720 clips from 5 sources (size 256)
2026-08-30 02:00:36,518 step    0  loss 15.5995  skip 0.00  lr 2.00e-07  depth_std 28.4354
2026-08-30 02:01:27,805 step   50  loss 10.5744  skip 0.01  lr 1.02e-05  depth_std 11.1425
2026-08-30 02:02:21,309 step  100  loss 4.9434  skip 0.03  lr 2.02e-05  depth_std 45.0098
2026-08-30 02:03:15,012 step  150  loss 8.0552  skip 0.04  lr 3.02e-05  depth_std 1.7434
2026-08-30 02:04:08,396 step  200  loss 11.3075  skip 0.05  lr 4.02e-05  depth_std 12.0424
2026-08-30 02:05:01,158 step  250  loss 6.9051  skip 0.06  lr 5.02e-05  depth_std 6.1379
2026-08-30 02:05:53,132 step  300  loss 7.3711  skip 0.07  lr 6.02e-05  depth_std 14.7692
2026-08-30 02:06:44,746 step  350  loss 4.7921  skip 0.09  lr 7.02e-05  depth_std 12.0642
2026-08-30 02:07:36,040 step  400  loss 8.3946  skip 0.10  lr 8.02e-05  depth_std 17.6748
2026-08-30 02:08:26,920 step  450  loss 5.4096  skip 0.11  lr 9.02e-05  depth_std 8.1058
2026-08-30 02:09:17,424 step  500  loss 8.6901  skip 0.12  lr 1.00e-04  depth_std 23.8962
2026-08-30 02:10:07,115 step  550  loss 7.2199  skip 0.14  lr 9.99e-05  depth_std 26.5800
2026-08-30 02:10:56,404 step  600  loss 7.2283  skip 0.15  lr 9.98e-05  depth_std 26.3006
2026-08-30 02:11:45,230 step  650  loss 9.2622  skip 0.16  lr 9.95e-05  depth_std 10.4548
2026-08-30 02:12:33,521 step  700  loss 4.9309  skip 0.17  lr 9.92e-05  depth_std 25.8131
2026-08-30 02:13:21,268 step  750  loss 10.6979  skip 0.19  lr 9.87e-05  depth_std 23.0266
2026-08-30 02:14:08,677 step  800  loss 66.3597  skip 0.20  lr 9.82e-05  depth_std 1.2133
2026-08-30 02:14:55,492 step  850  loss 3.5782  skip 0.21  lr 9.76e-05  depth_std 2.3193
2026-08-30 02:15:41,909 step  900  loss 2.9349  skip 0.23  lr 9.68e-05  depth_std 1.5381
2026-08-30 02:16:27,812 step  950  loss 8.3425  skip 0.24  lr 9.60e-05  depth_std 14.7609
2026-08-30 02:17:13,185 step 1000  loss 15.6139  skip 0.25  lr 9.50e-05  depth_std 31.0403
2026-08-30 02:17:58,133 step 1050  loss 5.1032  skip 0.26  lr 9.40e-05  depth_std 28.9272
2026-08-30 02:18:42,548 step 1100  loss 4.7080  skip 0.28  lr 9.29e-05  depth_std 25.8155
2026-08-30 02:19:26,382 step 1150  loss 41.0871  skip 0.29  lr 9.17e-05  depth_std 22.9009
2026-08-30 02:20:09,756 step 1200  loss 32.1718  skip 0.30  lr 9.05e-05  depth_std 9.1514
2026-08-30 02:20:52,904 step 1250  loss 6.6805  skip 0.31  lr 8.91e-05  depth_std 6.3034
2026-08-30 02:21:35,381 step 1300  loss 8.4032  skip 0.33  lr 8.77e-05  depth_std 15.7667
2026-08-30 02:22:17,185 step 1350  loss 26.4743  skip 0.34  lr 8.61e-05  depth_std 3.0968
2026-08-30 02:22:58,770 step 1400  loss 6.9370  skip 0.35  lr 8.46e-05  depth_std 14.3956
2026-08-30 02:23:39,926 step 1450  loss 69.4979  skip 0.36  lr 8.29e-05  depth_std 13.6241
2026-08-30 02:24:20,308 step 1500  loss 8.0019  skip 0.38  lr 8.12e-05  depth_std 2.7467
2026-08-30 02:25:00,382 step 1550  loss 17.7868  skip 0.39  lr 7.94e-05  depth_std 17.5626
2026-08-30 02:25:39,848 step 1600  loss 9.2473  skip 0.40  lr 7.75e-05  depth_std 16.6310
2026-08-30 02:26:18,757 step 1650  loss 4.5485  skip 0.41  lr 7.56e-05  depth_std 11.8970
2026-08-30 02:26:57,274 step 1700  loss 11.3295  skip 0.42  lr 7.37e-05  depth_std 7.4855
2026-08-30 02:27:35,218 step 1750  loss 9.4822  skip 0.44  lr 7.17e-05  depth_std 14.2512
2026-08-30 02:28:12,721 step 1800  loss 32.9107  skip 0.45  lr 6.97e-05  depth_std 33.8254
2026-08-30 02:28:49,678 step 1850  loss 68.5205  skip 0.46  lr 6.76e-05  depth_std 26.4156
2026-08-30 02:29:26,080 step 1900  loss 41.0060  skip 0.47  lr 6.55e-05  depth_std 2.3949
2026-08-30 02:30:02,130 step 1950  loss 79.5989  skip 0.49  lr 6.33e-05  depth_std 5.3914
2026-08-30 02:30:37,744 step 2000  loss 10.8470  skip 0.50  lr 6.11e-05  depth_std 16.4232
2026-08-30 02:31:12,984 step 2050  loss 28.0417  skip 0.50  lr 5.89e-05  depth_std 18.1597
2026-08-30 02:31:48,276 step 2100  loss 5.0574  skip 0.50  lr 5.67e-05  depth_std 19.4024
2026-08-30 02:32:23,658 step 2150  loss 11.7391  skip 0.50  lr 5.45e-05  depth_std 14.0501
2026-08-30 02:32:58,862 step 2200  loss 22.7262  skip 0.50  lr 5.22e-05  depth_std 35.8093
2026-08-30 02:33:34,041 step 2250  loss 3.6533  skip 0.50  lr 5.00e-05  depth_std 2.1600
2026-08-30 02:34:09,246 step 2300  loss 5.2516  skip 0.50  lr 4.78e-05  depth_std 33.4093
2026-08-30 02:34:44,567 step 2350  loss 5.8469  skip 0.50  lr 4.55e-05  depth_std 24.4770
2026-08-30 02:35:19,799 step 2400  loss 86.1210  skip 0.50  lr 4.33e-05  depth_std 29.8890
2026-08-30 02:35:55,099 step 2450  loss 12.5025  skip 0.50  lr 4.11e-05  depth_std 19.2561
2026-08-30 02:36:30,181 step 2500  loss 35.4393  skip 0.50  lr 3.89e-05  depth_std 13.6769
2026-08-30 02:37:05,356 step 2550  loss 3.4242  skip 0.50  lr 3.67e-05  depth_std 34.7766
2026-08-30 02:37:40,681 step 2600  loss 26.2699  skip 0.50  lr 3.45e-05  depth_std 2.2611
2026-08-30 02:38:15,885 step 2650  loss 86.2223  skip 0.50  lr 3.24e-05  depth_std 5.0755
2026-08-30 02:38:51,271 step 2700  loss 3.8809  skip 0.50  lr 3.03e-05  depth_std 3.5667
2026-08-30 02:39:26,529 step 2750  loss 3.3532  skip 0.50  lr 2.83e-05  depth_std 10.9296
2026-08-30 02:40:01,659 step 2800  loss 9.3721  skip 0.50  lr 2.63e-05  depth_std 14.3845
2026-08-30 02:40:36,993 step 2850  loss 44.7326  skip 0.50  lr 2.44e-05  depth_std 6.5324
2026-08-30 02:41:12,266 step 2900  loss 7.3868  skip 0.50  lr 2.25e-05  depth_std 12.2222
2026-08-30 02:41:47,591 step 2950  loss 7.8209  skip 0.50  lr 2.06e-05  depth_std 42.3256
2026-08-30 02:42:22,982 step 3000  loss 91.3874  skip 0.50  lr 1.88e-05  depth_std 1.1502
2026-08-30 02:42:58,236 step 3050  loss 49.6743  skip 0.50  lr 1.71e-05  depth_std 11.9756
2026-08-30 02:43:33,546 step 3100  loss 28.0622  skip 0.50  lr 1.54e-05  depth_std 39.8951
2026-08-30 02:44:08,711 step 3150  loss 7.4411  skip 0.50  lr 1.39e-05  depth_std 3.2582
2026-08-30 02:44:44,094 step 3200  loss 30.9762  skip 0.50  lr 1.23e-05  depth_std 4.5090
2026-08-30 02:45:19,329 step 3250  loss 4.9942  skip 0.50  lr 1.09e-05  depth_std 7.9493
2026-08-30 02:45:54,631 step 3300  loss 5.9252  skip 0.50  lr 9.55e-06  depth_std 28.8888
2026-08-30 02:46:29,672 step 3350  loss 7.3904  skip 0.50  lr 8.27e-06  depth_std 30.5932
2026-08-30 02:47:04,774 step 3400  loss 69.5755  skip 0.50  lr 7.08e-06  depth_std 15.9733
2026-08-30 02:47:40,034 step 3450  loss 2.7080  skip 0.50  lr 5.97e-06  depth_std 4.6966
2026-08-30 02:48:15,416 step 3500  loss 6.4343  skip 0.50  lr 4.95e-06  depth_std 1.5195
2026-08-30 02:48:50,549 step 3550  loss 7.6706  skip 0.50  lr 4.02e-06  depth_std 23.6741
2026-08-30 02:49:25,860 step 3600  loss 4.9288  skip 0.50  lr 3.19e-06  depth_std 36.0406
2026-08-30 02:50:01,022 step 3650  loss 25.1497  skip 0.50  lr 2.45e-06  depth_std 1.7861
2026-08-30 02:50:36,227 step 3700  loss 34.7213  skip 0.50  lr 1.80e-06  depth_std 26.2221
2026-08-30 02:51:11,582 step 3750  loss 6.9040  skip 0.50  lr 1.25e-06  depth_std 38.6168
2026-08-30 02:51:46,792 step 3800  loss 3.7339  skip 0.50  lr 8.04e-07  depth_std 2.8129
2026-08-30 02:52:22,061 step 3850  loss 3.7228  skip 0.50  lr 4.53e-07  depth_std 38.3156
2026-08-30 02:52:57,273 step 3900  loss 8.0588  skip 0.50  lr 2.01e-07  depth_std 18.1659
2026-08-30 02:53:32,533 step 3950  loss 17.7882  skip 0.50  lr 5.03e-08  depth_std 37.1934
2026-08-30 02:54:07,248 saved -> work_dirs/r4b-b6-os3-trim-s0/latest.pt
