2026-08-29 23:14:30,539 work dir: work_dirs/s4-msgrad2-s0  seed 0  commit 1d4d01a6
2026-08-29 23:14:30,967 partial init from work_dirs/v11-longclip-spread-s0/latest.pt: 7 new tensors kept at init, 0 checkpoint tensors unused
2026-08-29 23:14:31,807 mixed dataset: 208720 clips from 5 sources (size 256)
2026-08-29 23:14:33,862 step    0  loss 2.8702  skip 0.00  lr 2.00e-07  depth_std 28.4354
2026-08-29 23:15:25,267 step   50  loss 2.2611  skip 0.01  lr 1.02e-05  depth_std 11.2303
2026-08-29 23:16:19,203 step  100  loss 2.9000  skip 0.03  lr 2.02e-05  depth_std 42.2529
2026-08-29 23:17:13,145 step  150  loss 5.4019  skip 0.04  lr 3.02e-05  depth_std 1.7182
2026-08-29 23:18:06,939 step  200  loss 6.9556  skip 0.05  lr 4.02e-05  depth_std 11.8002
2026-08-29 23:19:00,039 step  250  loss 4.0871  skip 0.06  lr 5.02e-05  depth_std 6.2205
2026-08-29 23:19:52,281 step  300  loss 1.8996  skip 0.07  lr 6.02e-05  depth_std 14.5287
2026-08-29 23:20:44,181 step  350  loss 1.7956  skip 0.09  lr 7.02e-05  depth_std 10.7680
2026-08-29 23:21:35,581 step  400  loss 3.9186  skip 0.10  lr 8.02e-05  depth_std 17.0984
2026-08-29 23:22:26,575 step  450  loss 2.3405  skip 0.11  lr 9.02e-05  depth_std 8.4243
2026-08-29 23:23:17,374 step  500  loss 3.3835  skip 0.12  lr 1.00e-04  depth_std 25.6821
2026-08-29 23:24:07,208 step  550  loss 2.9794  skip 0.14  lr 9.99e-05  depth_std 30.2673
2026-08-29 23:24:56,674 step  600  loss 2.6207  skip 0.15  lr 9.98e-05  depth_std 28.7643
2026-08-29 23:25:45,663 step  650  loss 3.9744  skip 0.16  lr 9.95e-05  depth_std 11.1519
2026-08-29 23:26:34,422 step  700  loss 2.6273  skip 0.17  lr 9.92e-05  depth_std 31.3398
2026-08-29 23:27:22,365 step  750  loss 2.5647  skip 0.19  lr 9.87e-05  depth_std 22.4057
2026-08-29 23:28:09,997 step  800  loss 2.1570  skip 0.20  lr 9.82e-05  depth_std 0.9611
2026-08-29 23:28:56,975 step  850  loss 1.4816  skip 0.21  lr 9.76e-05  depth_std 2.1649
2026-08-29 23:29:43,558 step  900  loss 1.1567  skip 0.23  lr 9.68e-05  depth_std 1.5170
2026-08-29 23:30:29,637 step  950  loss 4.2786  skip 0.24  lr 9.60e-05  depth_std 16.9642
2026-08-29 23:31:15,159 step 1000  loss 8.5097  skip 0.25  lr 9.50e-05  depth_std 33.9728
2026-08-29 23:32:00,117 step 1050  loss 2.6601  skip 0.26  lr 9.40e-05  depth_std 35.5723
2026-08-29 23:32:44,560 step 1100  loss 1.9223  skip 0.28  lr 9.29e-05  depth_std 25.9508
2026-08-29 23:33:28,480 step 1150  loss 2.8197  skip 0.29  lr 9.17e-05  depth_std 24.6772
2026-08-29 23:34:11,923 step 1200  loss 2.6673  skip 0.30  lr 9.05e-05  depth_std 9.8645
2026-08-29 23:34:55,025 step 1250  loss 2.2557  skip 0.31  lr 8.91e-05  depth_std 5.9169
2026-08-29 23:35:37,639 step 1300  loss 3.6877  skip 0.33  lr 8.77e-05  depth_std 15.5589
2026-08-29 23:36:19,624 step 1350  loss 2.0439  skip 0.34  lr 8.61e-05  depth_std 1.9385
2026-08-29 23:37:01,189 step 1400  loss 2.3975  skip 0.35  lr 8.46e-05  depth_std 16.0028
2026-08-29 23:37:42,319 step 1450  loss 3.2136  skip 0.36  lr 8.29e-05  depth_std 14.9676
2026-08-29 23:38:22,878 step 1500  loss 3.2893  skip 0.38  lr 8.12e-05  depth_std 2.0287
2026-08-29 23:39:03,050 step 1550  loss 3.8661  skip 0.39  lr 7.94e-05  depth_std 17.4866
2026-08-29 23:39:42,552 step 1600  loss 4.3464  skip 0.40  lr 7.75e-05  depth_std 19.1432
2026-08-29 23:40:21,641 step 1650  loss 1.6439  skip 0.41  lr 7.56e-05  depth_std 12.4180
2026-08-29 23:41:00,308 step 1700  loss 3.6675  skip 0.42  lr 7.37e-05  depth_std 8.0399
2026-08-29 23:41:38,309 step 1750  loss 4.1864  skip 0.44  lr 7.17e-05  depth_std 12.8678
2026-08-29 23:42:15,839 step 1800  loss 3.3856  skip 0.45  lr 6.97e-05  depth_std 26.8185
2026-08-29 23:42:52,937 step 1850  loss 3.6584  skip 0.46  lr 6.76e-05  depth_std 29.1844
2026-08-29 23:43:29,373 step 1900  loss 1.9743  skip 0.47  lr 6.55e-05  depth_std 1.8312
2026-08-29 23:44:05,530 step 1950  loss 2.7762  skip 0.49  lr 6.33e-05  depth_std 5.1813
2026-08-29 23:44:41,125 step 2000  loss 4.2986  skip 0.50  lr 6.11e-05  depth_std 16.5506
2026-08-29 23:45:16,430 step 2050  loss 2.0743  skip 0.50  lr 5.89e-05  depth_std 21.1358
2026-08-29 23:45:51,754 step 2100  loss 2.6945  skip 0.50  lr 5.67e-05  depth_std 18.6190
2026-08-29 23:46:27,107 step 2150  loss 1.5804  skip 0.50  lr 5.45e-05  depth_std 13.2290
2026-08-29 23:47:02,295 step 2200  loss 3.0886  skip 0.50  lr 5.22e-05  depth_std 38.4729
2026-08-29 23:47:37,558 step 2250  loss 1.6694  skip 0.50  lr 5.00e-05  depth_std 2.0193
2026-08-29 23:48:12,667 step 2300  loss 2.3889  skip 0.50  lr 4.78e-05  depth_std 36.2026
2026-08-29 23:48:47,967 step 2350  loss 2.8976  skip 0.50  lr 4.55e-05  depth_std 27.0496
2026-08-29 23:49:23,286 step 2400  loss 8.3652  skip 0.50  lr 4.33e-05  depth_std 33.3925
2026-08-29 23:49:58,565 step 2450  loss 6.1735  skip 0.50  lr 4.11e-05  depth_std 20.3234
2026-08-29 23:50:33,832 step 2500  loss 2.3651  skip 0.50  lr 3.89e-05  depth_std 11.0971
2026-08-29 23:51:09,016 step 2550  loss 1.7098  skip 0.50  lr 3.67e-05  depth_std 35.8046
2026-08-29 23:51:44,380 step 2600  loss 7.6941  skip 0.50  lr 3.45e-05  depth_std 2.3965
2026-08-29 23:52:19,672 step 2650  loss 2.3294  skip 0.50  lr 3.24e-05  depth_std 5.0749
2026-08-29 23:52:55,101 step 2700  loss 1.5413  skip 0.50  lr 3.03e-05  depth_std 3.5568
2026-08-29 23:53:30,369 step 2750  loss 1.4751  skip 0.50  lr 2.83e-05  depth_std 9.3653
2026-08-29 23:54:05,633 step 2800  loss 1.8818  skip 0.50  lr 2.63e-05  depth_std 13.0961
2026-08-29 23:54:40,984 step 2850  loss 3.8741  skip 0.50  lr 2.44e-05  depth_std 6.2990
2026-08-29 23:55:16,658 step 2900  loss 3.3126  skip 0.50  lr 2.25e-05  depth_std 12.4331
2026-08-29 23:55:52,158 step 2950  loss 3.7879  skip 0.50  lr 2.06e-05  depth_std 38.8673
2026-08-29 23:56:27,730 step 3000  loss 3.4014  skip 0.50  lr 1.88e-05  depth_std 0.9112
2026-08-29 23:57:03,231 step 3050  loss 2.6772  skip 0.50  lr 1.71e-05  depth_std 9.1554
2026-08-29 23:57:38,635 step 3100  loss 5.9397  skip 0.50  lr 1.54e-05  depth_std 36.9372
2026-08-29 23:58:13,904 step 3150  loss 2.8606  skip 0.50  lr 1.39e-05  depth_std 4.0519
2026-08-29 23:58:49,381 step 3200  loss 1.9877  skip 0.50  lr 1.23e-05  depth_std 3.9504
2026-08-29 23:59:24,826 step 3250  loss 2.4090  skip 0.50  lr 1.09e-05  depth_std 8.1472
2026-08-30 00:00:00,113 step 3300  loss 2.7570  skip 0.50  lr 9.55e-06  depth_std 29.3389
2026-08-30 00:00:35,365 step 3350  loss 2.4384  skip 0.50  lr 8.27e-06  depth_std 29.0169
2026-08-30 00:01:10,670 step 3400  loss 1.9682  skip 0.50  lr 7.08e-06  depth_std 16.0626
2026-08-30 00:01:46,174 step 3450  loss 1.2636  skip 0.50  lr 5.97e-06  depth_std 4.1201
2026-08-30 00:02:21,660 step 3500  loss 2.6733  skip 0.50  lr 4.95e-06  depth_std 1.5884
2026-08-30 00:02:56,895 step 3550  loss 5.2764  skip 0.50  lr 4.02e-06  depth_std 25.1607
2026-08-30 00:03:32,287 step 3600  loss 2.4774  skip 0.50  lr 3.19e-06  depth_std 36.3438
2026-08-30 00:04:07,624 step 3650  loss 3.3501  skip 0.50  lr 2.45e-06  depth_std 1.7541
2026-08-30 00:04:42,908 step 3700  loss 3.2429  skip 0.50  lr 1.80e-06  depth_std 26.5285
2026-08-30 00:05:18,375 step 3750  loss 3.2781  skip 0.50  lr 1.25e-06  depth_std 40.1874
2026-08-30 00:05:53,810 step 3800  loss 1.8177  skip 0.50  lr 8.04e-07  depth_std 2.7058
2026-08-30 00:06:29,182 step 3850  loss 1.9867  skip 0.50  lr 4.53e-07  depth_std 35.3934
2026-08-30 00:07:04,370 step 3900  loss 4.0302  skip 0.50  lr 2.01e-07  depth_std 16.7305
2026-08-30 00:07:39,688 step 3950  loss 3.2806  skip 0.50  lr 5.03e-08  depth_std 37.1241
2026-08-30 00:08:14,487 saved -> work_dirs/s4-msgrad2-s0/latest.pt
