2026-07-08 02:26:51,237 work dir: work_dirs/abl-skip08
2026-07-08 02:26:51,922 mixed dataset: 18440 clips from 1 sources
2026-07-08 02:26:52,573 step    0  loss 10.0844  skip 0.00
2026-07-08 02:26:59,349 step   50  loss 3.1538  skip 0.00
2026-07-08 02:27:06,109 step  100  loss 3.0749  skip 0.01
2026-07-08 02:27:13,597 step  150  loss 3.2160  skip 0.01
2026-07-08 02:27:21,444 step  200  loss 2.5795  skip 0.01
2026-07-08 02:27:29,335 step  250  loss 3.1173  skip 0.01
2026-07-08 02:27:37,168 step  300  loss 2.4984  skip 0.02
2026-07-08 02:27:45,002 step  350  loss 2.9423  skip 0.02
2026-07-08 02:27:52,847 step  400  loss 2.7679  skip 0.02
2026-07-08 02:28:00,708 step  450  loss 3.0114  skip 0.02
2026-07-08 02:28:08,558 step  500  loss 2.7863  skip 0.03
2026-07-08 02:28:16,415 step  550  loss 2.1571  skip 0.03
2026-07-08 02:28:24,286 step  600  loss 3.7230  skip 0.03
2026-07-08 02:28:31,072 step  650  loss 3.5115  skip 0.03
2026-07-08 02:28:37,831 step  700  loss 2.2961  skip 0.04
2026-07-08 02:28:44,582 step  750  loss 2.3144  skip 0.04
2026-07-08 02:28:51,358 step  800  loss 1.8758  skip 0.04
2026-07-08 02:28:58,289 step  850  loss 3.0306  skip 0.05
2026-07-08 02:29:05,051 step  900  loss 2.4660  skip 0.05
2026-07-08 02:29:11,797 step  950  loss 2.5881  skip 0.05
2026-07-08 02:29:18,582 step 1000  loss 3.0033  skip 0.05
2026-07-08 02:29:25,344 step 1050  loss 1.6306  skip 0.06
2026-07-08 02:29:32,106 step 1100  loss 2.3729  skip 0.06
2026-07-08 02:29:38,873 step 1150  loss 3.1311  skip 0.06
2026-07-08 02:29:45,651 step 1200  loss 2.5514  skip 0.06
2026-07-08 02:29:52,434 step 1250  loss 2.4113  skip 0.07
2026-07-08 02:29:59,205 step 1300  loss 3.2363  skip 0.07
2026-07-08 02:30:05,931 step 1350  loss 2.5115  skip 0.07
2026-07-08 02:30:12,739 step 1400  loss 3.8065  skip 0.07
2026-07-08 02:30:19,505 step 1450  loss 3.3805  skip 0.08
2026-07-08 02:30:26,236 step 1500  loss 2.4920  skip 0.08
2026-07-08 02:30:33,008 step 1550  loss 1.7649  skip 0.08
2026-07-08 02:30:39,824 step 1600  loss 2.5287  skip 0.09
2026-07-08 02:30:46,584 step 1650  loss 2.1924  skip 0.09
2026-07-08 02:30:53,282 step 1700  loss 2.3520  skip 0.09
2026-07-08 02:31:00,040 step 1750  loss 2.9451  skip 0.09
2026-07-08 02:31:06,801 step 1800  loss 2.1726  skip 0.10
2026-07-08 02:31:13,624 step 1850  loss 1.4737  skip 0.10
2026-07-08 02:31:20,353 step 1900  loss 3.2776  skip 0.10
2026-07-08 02:31:27,111 step 1950  loss 2.5315  skip 0.10
2026-07-08 02:31:33,881 step 2000  loss 2.8856  skip 0.11
2026-07-08 02:31:40,671 step 2050  loss 2.4371  skip 0.11
2026-07-08 02:31:47,379 step 2100  loss 2.0558  skip 0.11
2026-07-08 02:31:54,137 step 2150  loss 2.6669  skip 0.11
2026-07-08 02:32:00,920 step 2200  loss 2.7358  skip 0.12
2026-07-08 02:32:07,727 step 2250  loss 2.9980  skip 0.12
2026-07-08 02:32:14,457 step 2300  loss 2.7689  skip 0.12
2026-07-08 02:32:21,556 step 2350  loss 2.8803  skip 0.13
2026-07-08 02:32:28,322 step 2400  loss 2.1420  skip 0.13
2026-07-08 02:32:35,129 step 2450  loss 3.2582  skip 0.13
2026-07-08 02:32:41,853 step 2500  loss 2.3067  skip 0.13
2026-07-08 02:32:48,613 step 2550  loss 2.8011  skip 0.14
2026-07-08 02:32:55,360 step 2600  loss 3.1830  skip 0.14
2026-07-08 02:33:02,167 step 2650  loss 2.4240  skip 0.14
2026-07-08 02:33:08,884 step 2700  loss 2.1187  skip 0.14
2026-07-08 02:33:15,889 step 2750  loss 3.0889  skip 0.15
2026-07-08 02:33:22,645 step 2800  loss 2.6188  skip 0.15
2026-07-08 02:33:29,403 step 2850  loss 3.0523  skip 0.15
2026-07-08 02:33:36,165 step 2900  loss 2.6757  skip 0.15
2026-07-08 02:33:42,938 step 2950  loss 1.8921  skip 0.16
2026-07-08 02:33:49,702 step 3000  loss 2.3421  skip 0.16
2026-07-08 02:33:56,460 step 3050  loss 2.3018  skip 0.16
2026-07-08 02:34:03,233 step 3100  loss 3.0454  skip 0.17
2026-07-08 02:34:10,195 step 3150  loss 2.8350  skip 0.17
2026-07-08 02:34:16,956 step 3200  loss 1.7677  skip 0.17
2026-07-08 02:34:23,723 step 3250  loss 2.3793  skip 0.17
2026-07-08 02:34:30,484 step 3300  loss 1.7711  skip 0.18
2026-07-08 02:34:37,233 step 3350  loss 2.9999  skip 0.18
2026-07-08 02:34:43,984 step 3400  loss 2.5262  skip 0.18
2026-07-08 02:34:50,754 step 3450  loss 2.3853  skip 0.18
2026-07-08 02:34:57,525 step 3500  loss 2.9962  skip 0.19
2026-07-08 02:35:04,564 step 3550  loss 3.0320  skip 0.19
2026-07-08 02:35:11,318 step 3600  loss 2.2224  skip 0.19
2026-07-08 02:35:18,080 step 3650  loss 3.0963  skip 0.19
2026-07-08 02:35:24,843 step 3700  loss 2.4758  skip 0.20
2026-07-08 02:35:31,599 step 3750  loss 2.0952  skip 0.20
2026-07-08 02:35:38,347 step 3800  loss 3.0830  skip 0.20
2026-07-08 02:35:45,105 step 3850  loss 3.1987  skip 0.21
2026-07-08 02:35:51,872 step 3900  loss 3.3685  skip 0.21
2026-07-08 02:35:58,638 step 3950  loss 1.7906  skip 0.21
2026-07-08 02:36:05,400 step 4000  loss 3.4515  skip 0.21
2026-07-08 02:36:12,182 step 4050  loss 2.4233  skip 0.22
2026-07-08 02:36:18,946 step 4100  loss 2.6787  skip 0.22
2026-07-08 02:36:25,708 step 4150  loss 2.6775  skip 0.22
2026-07-08 02:36:32,459 step 4200  loss 2.7659  skip 0.22
2026-07-08 02:36:39,212 step 4250  loss 2.2301  skip 0.23
2026-07-08 02:36:45,960 step 4300  loss 2.9400  skip 0.23
2026-07-08 02:36:52,722 step 4350  loss 2.6421  skip 0.23
2026-07-08 02:36:59,492 step 4400  loss 2.4224  skip 0.23
2026-07-08 02:37:06,265 step 4450  loss 2.8420  skip 0.24
2026-07-08 02:37:13,016 step 4500  loss 2.9462  skip 0.24
2026-07-08 02:37:19,784 step 4550  loss 2.9276  skip 0.24
2026-07-08 02:37:26,544 step 4600  loss 2.1482  skip 0.25
2026-07-08 02:37:33,943 step 4650  loss 3.0917  skip 0.25
2026-07-08 02:37:40,709 step 4700  loss 3.0038  skip 0.25
2026-07-08 02:37:47,465 step 4750  loss 2.3997  skip 0.25
2026-07-08 02:37:54,184 step 4800  loss 1.9248  skip 0.26
2026-07-08 02:38:01,158 step 4850  loss 2.5577  skip 0.26
2026-07-08 02:38:07,916 step 4900  loss 1.9145  skip 0.26
2026-07-08 02:38:14,641 step 4950  loss 2.0144  skip 0.26
2026-07-08 02:38:21,400 step 5000  loss 1.6797  skip 0.27
2026-07-08 02:38:28,214 step 5050  loss 2.7386  skip 0.27
2026-07-08 02:38:34,980 step 5100  loss 2.1811  skip 0.27
2026-07-08 02:38:41,706 step 5150  loss 2.1246  skip 0.27
2026-07-08 02:38:48,467 step 5200  loss 2.4183  skip 0.28
2026-07-08 02:38:55,231 step 5250  loss 2.6784  skip 0.28
2026-07-08 02:39:02,044 step 5300  loss 1.7470  skip 0.28
2026-07-08 02:39:08,771 step 5350  loss 2.9952  skip 0.29
2026-07-08 02:39:15,827 step 5400  loss 3.2974  skip 0.29
2026-07-08 02:39:22,595 step 5450  loss 2.0391  skip 0.29
2026-07-08 02:39:29,390 step 5500  loss 3.1029  skip 0.29
2026-07-08 02:39:36,106 step 5550  loss 2.2314  skip 0.30
2026-07-08 02:39:42,873 step 5600  loss 2.8800  skip 0.30
2026-07-08 02:39:49,645 step 5650  loss 2.1253  skip 0.30
2026-07-08 02:39:56,460 step 5700  loss 2.4724  skip 0.30
2026-07-08 02:40:03,196 step 5750  loss 2.6730  skip 0.31
2026-07-08 02:40:09,955 step 5800  loss 2.0780  skip 0.31
2026-07-08 02:40:16,715 step 5850  loss 2.8806  skip 0.31
2026-07-08 02:40:23,509 step 5900  loss 2.5201  skip 0.31
2026-07-08 02:40:30,226 step 5950  loss 3.0545  skip 0.32
2026-07-08 02:40:37,011 step 6000  loss 2.9646  skip 0.32
2026-07-08 02:40:44,073 step 6050  loss 2.5084  skip 0.32
2026-07-08 02:40:50,833 step 6100  loss 3.2303  skip 0.33
2026-07-08 02:40:57,594 step 6150  loss 2.6097  skip 0.33
2026-07-08 02:41:04,353 step 6200  loss 1.9673  skip 0.33
2026-07-08 02:41:11,097 step 6250  loss 2.1123  skip 0.33
2026-07-08 02:41:17,869 step 6300  loss 3.0138  skip 0.34
2026-07-08 02:41:24,632 step 6350  loss 2.5771  skip 0.34
2026-07-08 02:41:31,392 step 6400  loss 2.0067  skip 0.34
2026-07-08 02:41:38,162 step 6450  loss 2.1472  skip 0.34
2026-07-08 02:41:44,917 step 6500  loss 2.3945  skip 0.35
2026-07-08 02:41:51,684 step 6550  loss 2.5069  skip 0.35
2026-07-08 02:41:58,439 step 6600  loss 3.2411  skip 0.35
2026-07-08 02:42:05,198 step 6650  loss 2.2966  skip 0.35
2026-07-08 02:42:11,952 step 6700  loss 2.3099  skip 0.36
2026-07-08 02:42:18,707 step 6750  loss 2.3534  skip 0.36
2026-07-08 02:42:25,467 step 6800  loss 2.1776  skip 0.36
2026-07-08 02:42:32,224 step 6850  loss 2.6060  skip 0.37
2026-07-08 02:42:38,986 step 6900  loss 2.0998  skip 0.37
2026-07-08 02:42:46,540 step 6950  loss 1.9470  skip 0.37
2026-07-08 02:42:53,302 step 7000  loss 3.2589  skip 0.37
2026-07-08 02:43:00,053 step 7050  loss 2.7229  skip 0.38
2026-07-08 02:43:06,820 step 7100  loss 1.8841  skip 0.38
2026-07-08 02:43:13,587 step 7150  loss 1.4175  skip 0.38
2026-07-08 02:43:20,351 step 7200  loss 2.3566  skip 0.38
2026-07-08 02:43:27,124 step 7250  loss 3.2599  skip 0.39
2026-07-08 02:43:33,897 step 7300  loss 2.6546  skip 0.39
2026-07-08 02:43:40,655 step 7350  loss 2.3188  skip 0.39
2026-07-08 02:43:47,416 step 7400  loss 2.8773  skip 0.39
2026-07-08 02:43:54,190 step 7450  loss 2.8589  skip 0.40
2026-07-08 02:44:00,966 step 7500  loss 2.8177  skip 0.40
2026-07-08 02:44:07,736 step 7550  loss 2.4404  skip 0.40
2026-07-08 02:44:14,498 step 7600  loss 1.6124  skip 0.41
2026-07-08 02:44:21,268 step 7650  loss 2.1106  skip 0.41
2026-07-08 02:44:28,289 step 7700  loss 2.7882  skip 0.41
2026-07-08 02:44:35,051 step 7750  loss 2.6103  skip 0.41
2026-07-08 02:44:41,811 step 7800  loss 2.9484  skip 0.42
2026-07-08 02:44:48,573 step 7850  loss 2.7711  skip 0.42
2026-07-08 02:44:55,338 step 7900  loss 3.2579  skip 0.42
2026-07-08 02:45:02,084 step 7950  loss 2.4925  skip 0.42
2026-07-08 02:45:08,862 step 8000  loss 1.4350  skip 0.43
2026-07-08 02:45:15,592 step 8050  loss 3.2407  skip 0.43
2026-07-08 02:45:22,602 step 8100  loss 2.1908  skip 0.43
2026-07-08 02:45:29,362 step 8150  loss 1.9614  skip 0.43
2026-07-08 02:45:36,125 step 8200  loss 2.4539  skip 0.44
2026-07-08 02:45:42,853 step 8250  loss 1.9137  skip 0.44
2026-07-08 02:45:49,661 step 8300  loss 2.5894  skip 0.44
2026-07-08 02:45:56,423 step 8350  loss 2.1498  skip 0.45
2026-07-08 02:46:03,152 step 8400  loss 2.2373  skip 0.45
2026-07-08 02:46:09,920 step 8450  loss 2.4328  skip 0.45
2026-07-08 02:46:16,688 step 8500  loss 2.3165  skip 0.45
2026-07-08 02:46:23,490 step 8550  loss 2.4662  skip 0.46
2026-07-08 02:46:30,214 step 8600  loss 1.9210  skip 0.46
2026-07-08 02:46:36,998 step 8650  loss 1.9763  skip 0.46
2026-07-08 02:46:43,759 step 8700  loss 2.5043  skip 0.46
2026-07-08 02:46:50,582 step 8750  loss 3.0186  skip 0.47
2026-07-08 02:46:57,314 step 8800  loss 2.8495  skip 0.47
2026-07-08 02:47:04,076 step 8850  loss 2.7351  skip 0.47
2026-07-08 02:47:10,848 step 8900  loss 3.6704  skip 0.47
2026-07-08 02:47:17,661 step 8950  loss 1.2844  skip 0.48
2026-07-08 02:47:24,388 step 9000  loss 3.0062  skip 0.48
2026-07-08 02:47:31,149 step 9050  loss 2.2585  skip 0.48
2026-07-08 02:47:37,910 step 9100  loss 2.2167  skip 0.49
2026-07-08 02:47:44,713 step 9150  loss 2.7529  skip 0.49
2026-07-08 02:47:51,441 step 9200  loss 2.3814  skip 0.49
2026-07-08 02:47:58,991 step 9250  loss 2.6435  skip 0.49
2026-07-08 02:48:05,761 step 9300  loss 1.6197  skip 0.50
2026-07-08 02:48:12,553 step 9350  loss 2.6768  skip 0.50
2026-07-08 02:48:19,282 step 9400  loss 2.1480  skip 0.50
2026-07-08 02:48:26,052 step 9450  loss 1.6029  skip 0.50
2026-07-08 02:48:32,809 step 9500  loss 2.9079  skip 0.51
2026-07-08 02:48:39,575 step 9550  loss 2.2247  skip 0.51
2026-07-08 02:48:46,341 step 9600  loss 2.4801  skip 0.51
2026-07-08 02:48:53,105 step 9650  loss 2.9629  skip 0.51
2026-07-08 02:48:59,870 step 9700  loss 3.1859  skip 0.52
2026-07-08 02:49:06,629 step 9750  loss 2.2972  skip 0.52
2026-07-08 02:49:13,403 step 9800  loss 1.7756  skip 0.52
2026-07-08 02:49:20,161 step 9850  loss 1.9437  skip 0.53
2026-07-08 02:49:26,931 step 9900  loss 3.1147  skip 0.53
2026-07-08 02:49:33,706 step 9950  loss 3.2012  skip 0.53
2026-07-08 02:49:40,491 step 10000  loss 3.1472  skip 0.53
2026-07-08 02:49:47,248 step 10050  loss 2.2911  skip 0.54
2026-07-08 02:49:54,024 step 10100  loss 2.7752  skip 0.54
2026-07-08 02:50:00,790 step 10150  loss 1.8954  skip 0.54
2026-07-08 02:50:07,550 step 10200  loss 2.0875  skip 0.54
2026-07-08 02:50:14,302 step 10250  loss 2.9467  skip 0.55
2026-07-08 02:50:21,057 step 10300  loss 1.9315  skip 0.55
2026-07-08 02:50:27,835 step 10350  loss 2.6488  skip 0.55
2026-07-08 02:50:34,600 step 10400  loss 1.6645  skip 0.55
2026-07-08 02:50:41,371 step 10450  loss 2.1390  skip 0.56
2026-07-08 02:50:48,145 step 10500  loss 2.3704  skip 0.56
2026-07-08 02:50:54,915 step 10550  loss 1.4329  skip 0.56
2026-07-08 02:51:01,687 step 10600  loss 2.3569  skip 0.57
2026-07-08 02:51:08,448 step 10650  loss 2.5796  skip 0.57
2026-07-08 02:51:15,207 step 10700  loss 1.9792  skip 0.57
2026-07-08 02:51:21,981 step 10750  loss 1.9138  skip 0.57
2026-07-08 02:51:28,754 step 10800  loss 2.9561  skip 0.58
2026-07-08 02:51:35,520 step 10850  loss 2.9656  skip 0.58
2026-07-08 02:51:42,286 step 10900  loss 2.3880  skip 0.58
2026-07-08 02:51:49,062 step 10950  loss 2.7782  skip 0.58
2026-07-08 02:51:55,835 step 11000  loss 2.4433  skip 0.59
2026-07-08 02:52:02,584 step 11050  loss 1.8505  skip 0.59
2026-07-08 02:52:09,355 step 11100  loss 3.5255  skip 0.59
2026-07-08 02:52:16,131 step 11150  loss 2.8044  skip 0.59
2026-07-08 02:52:22,894 step 11200  loss 2.4433  skip 0.60
2026-07-08 02:52:29,665 step 11250  loss 1.8665  skip 0.60
2026-07-08 02:52:36,434 step 11300  loss 2.2545  skip 0.60
2026-07-08 02:52:43,203 step 11350  loss 1.8754  skip 0.61
2026-07-08 02:52:49,972 step 11400  loss 1.5472  skip 0.61
2026-07-08 02:52:56,741 step 11450  loss 2.5584  skip 0.61
2026-07-08 02:53:03,464 step 11500  loss 2.2239  skip 0.61
2026-07-08 02:53:10,982 step 11550  loss 2.0487  skip 0.62
2026-07-08 02:53:17,739 step 11600  loss 2.3932  skip 0.62
2026-07-08 02:53:24,467 step 11650  loss 2.4880  skip 0.62
2026-07-08 02:53:31,226 step 11700  loss 3.5960  skip 0.62
2026-07-08 02:53:38,031 step 11750  loss 2.3004  skip 0.63
2026-07-08 02:53:44,800 step 11800  loss 1.7142  skip 0.63
2026-07-08 02:53:51,515 step 11850  loss 2.1238  skip 0.63
2026-07-08 02:53:58,272 step 11900  loss 2.5608  skip 0.63
2026-07-08 02:54:05,024 step 11950  loss 2.5083  skip 0.64
2026-07-08 02:54:11,850 step 12000  loss 2.1386  skip 0.64
2026-07-08 02:54:18,578 step 12050  loss 2.7242  skip 0.64
2026-07-08 02:54:25,352 step 12100  loss 2.5668  skip 0.65
2026-07-08 02:54:32,119 step 12150  loss 3.3133  skip 0.65
2026-07-08 02:54:38,937 step 12200  loss 2.4559  skip 0.65
2026-07-08 02:54:45,663 step 12250  loss 1.7752  skip 0.65
2026-07-08 02:54:52,409 step 12300  loss 2.5055  skip 0.66
2026-07-08 02:54:59,177 step 12350  loss 2.7876  skip 0.66
2026-07-08 02:55:05,997 step 12400  loss 2.4269  skip 0.66
2026-07-08 02:55:12,723 step 12450  loss 2.1126  skip 0.66
2026-07-08 02:55:19,481 step 12500  loss 2.9184  skip 0.67
2026-07-08 02:55:26,255 step 12550  loss 2.8931  skip 0.67
2026-07-08 02:55:33,264 step 12600  loss 2.7002  skip 0.67
2026-07-08 02:55:39,989 step 12650  loss 2.3181  skip 0.67
2026-07-08 02:55:46,754 step 12700  loss 2.6135  skip 0.68
2026-07-08 02:55:53,512 step 12750  loss 1.9547  skip 0.68
2026-07-08 02:56:00,302 step 12800  loss 2.3915  skip 0.68
2026-07-08 02:56:07,030 step 12850  loss 1.9875  skip 0.69
2026-07-08 02:56:13,801 step 12900  loss 1.8917  skip 0.69
2026-07-08 02:56:20,569 step 12950  loss 2.8847  skip 0.69
2026-07-08 02:56:27,335 step 13000  loss 2.1055  skip 0.69
2026-07-08 02:56:34,100 step 13050  loss 1.4842  skip 0.70
2026-07-08 02:56:40,861 step 13100  loss 2.8160  skip 0.70
2026-07-08 02:56:47,633 step 13150  loss 2.9690  skip 0.70
2026-07-08 02:56:54,408 step 13200  loss 2.7479  skip 0.70
2026-07-08 02:57:01,166 step 13250  loss 2.3521  skip 0.71
2026-07-08 02:57:07,932 step 13300  loss 2.1664  skip 0.71
2026-07-08 02:57:14,683 step 13350  loss 2.2728  skip 0.71
2026-07-08 02:57:21,457 step 13400  loss 2.1849  skip 0.71
2026-07-08 02:57:28,227 step 13450  loss 2.7519  skip 0.72
2026-07-08 02:57:34,986 step 13500  loss 2.1257  skip 0.72
2026-07-08 02:57:41,731 step 13550  loss 2.1846  skip 0.72
2026-07-08 02:57:48,495 step 13600  loss 2.6380  skip 0.73
2026-07-08 02:57:55,268 step 13650  loss 2.1234  skip 0.73
2026-07-08 02:58:02,037 step 13700  loss 3.1495  skip 0.73
2026-07-08 02:58:08,814 step 13750  loss 2.4410  skip 0.73
2026-07-08 02:58:15,569 step 13800  loss 1.9228  skip 0.74
2026-07-08 02:58:22,865 step 13850  loss 2.5005  skip 0.74
2026-07-08 02:58:29,645 step 13900  loss 2.6339  skip 0.74
2026-07-08 02:58:36,398 step 13950  loss 3.3094  skip 0.74
2026-07-08 02:58:43,170 step 14000  loss 2.5087  skip 0.75
2026-07-08 02:58:49,946 step 14050  loss 3.5346  skip 0.75
2026-07-08 02:58:56,718 step 14100  loss 2.9263  skip 0.75
2026-07-08 02:59:03,484 step 14150  loss 2.1226  skip 0.75
2026-07-08 02:59:10,251 step 14200  loss 2.2961  skip 0.76
2026-07-08 02:59:17,020 step 14250  loss 2.6742  skip 0.76
2026-07-08 02:59:23,788 step 14300  loss 2.4803  skip 0.76
2026-07-08 02:59:30,552 step 14350  loss 2.5819  skip 0.77
2026-07-08 02:59:37,323 step 14400  loss 1.9820  skip 0.77
2026-07-08 02:59:44,084 step 14450  loss 2.0104  skip 0.77
2026-07-08 02:59:50,852 step 14500  loss 2.2910  skip 0.77
2026-07-08 02:59:57,617 step 14550  loss 3.1611  skip 0.78
2026-07-08 03:00:04,389 step 14600  loss 2.4261  skip 0.78
2026-07-08 03:00:11,154 step 14650  loss 1.8547  skip 0.78
2026-07-08 03:00:17,918 step 14700  loss 1.9801  skip 0.78
2026-07-08 03:00:24,691 step 14750  loss 2.3819  skip 0.79
2026-07-08 03:00:31,461 step 14800  loss 2.2301  skip 0.79
2026-07-08 03:00:38,226 step 14850  loss 2.8158  skip 0.79
2026-07-08 03:00:45,001 step 14900  loss 1.5974  skip 0.79
2026-07-08 03:00:51,729 step 14950  loss 3.0454  skip 0.80
2026-07-08 03:00:58,554 step 15000  loss 2.7918  skip 0.80
2026-07-08 03:01:05,310 step 15050  loss 2.7011  skip 0.80
2026-07-08 03:01:12,048 step 15100  loss 2.0718  skip 0.80
2026-07-08 03:01:18,810 step 15150  loss 2.5324  skip 0.80
2026-07-08 03:01:25,613 step 15200  loss 2.6845  skip 0.80
2026-07-08 03:01:32,362 step 15250  loss 2.6101  skip 0.80
2026-07-08 03:01:39,078 step 15300  loss 3.1403  skip 0.80
2026-07-08 03:01:45,827 step 15350  loss 2.4011  skip 0.80
2026-07-08 03:01:52,604 step 15400  loss 2.4438  skip 0.80
2026-07-08 03:01:59,416 step 15450  loss 1.8826  skip 0.80
2026-07-08 03:02:06,152 step 15500  loss 1.9616  skip 0.80
2026-07-08 03:02:12,895 step 15550  loss 2.1268  skip 0.80
2026-07-08 03:02:19,657 step 15600  loss 3.0855  skip 0.80
2026-07-08 03:02:26,457 step 15650  loss 2.2654  skip 0.80
2026-07-08 03:02:33,188 step 15700  loss 2.6071  skip 0.80
2026-07-08 03:02:39,930 step 15750  loss 2.0297  skip 0.80
2026-07-08 03:02:46,692 step 15800  loss 2.7746  skip 0.80
2026-07-08 03:02:53,504 step 15850  loss 2.4486  skip 0.80
2026-07-08 03:03:00,224 step 15900  loss 2.8119  skip 0.80
2026-07-08 03:03:06,995 step 15950  loss 2.8396  skip 0.80
2026-07-08 03:03:13,761 step 16000  loss 2.1820  skip 0.80
2026-07-08 03:03:20,566 step 16050  loss 3.3844  skip 0.80
2026-07-08 03:03:27,301 step 16100  loss 2.4955  skip 0.80
2026-07-08 03:03:34,325 step 16150  loss 2.5767  skip 0.80
2026-07-08 03:03:41,108 step 16200  loss 2.9922  skip 0.80
2026-07-08 03:03:47,904 step 16250  loss 2.0366  skip 0.80
2026-07-08 03:03:54,630 step 16300  loss 2.1724  skip 0.80
2026-07-08 03:04:01,532 step 16350  loss 2.8585  skip 0.80
2026-07-08 03:04:08,294 step 16400  loss 1.5932  skip 0.80
2026-07-08 03:04:15,049 step 16450  loss 2.5121  skip 0.80
2026-07-08 03:04:21,809 step 16500  loss 2.7474  skip 0.80
2026-07-08 03:04:28,576 step 16550  loss 2.8356  skip 0.80
2026-07-08 03:04:35,332 step 16600  loss 2.7235  skip 0.80
2026-07-08 03:04:42,091 step 16650  loss 2.3303  skip 0.80
2026-07-08 03:04:48,841 step 16700  loss 2.4215  skip 0.80
2026-07-08 03:04:55,598 step 16750  loss 2.4524  skip 0.80
2026-07-08 03:05:02,358 step 16800  loss 2.4166  skip 0.80
2026-07-08 03:05:09,122 step 16850  loss 2.7125  skip 0.80
2026-07-08 03:05:15,885 step 16900  loss 2.6970  skip 0.80
2026-07-08 03:05:22,653 step 16950  loss 1.5516  skip 0.80
2026-07-08 03:05:29,680 step 17000  loss 2.9977  skip 0.80
2026-07-08 03:05:36,447 step 17050  loss 3.0052  skip 0.80
2026-07-08 03:05:43,213 step 17100  loss 2.7703  skip 0.80
2026-07-08 03:05:49,974 step 17150  loss 2.0441  skip 0.80
2026-07-08 03:05:56,755 step 17200  loss 2.2265  skip 0.80
2026-07-08 03:06:03,529 step 17250  loss 1.6756  skip 0.80
2026-07-08 03:06:10,292 step 17300  loss 2.5864  skip 0.80
2026-07-08 03:06:17,066 step 17350  loss 2.7491  skip 0.80
2026-07-08 03:06:23,824 step 17400  loss 2.8939  skip 0.80
2026-07-08 03:06:30,590 step 17450  loss 2.1807  skip 0.80
2026-07-08 03:06:37,357 step 17500  loss 3.3345  skip 0.80
2026-07-08 03:06:44,116 step 17550  loss 3.0492  skip 0.80
2026-07-08 03:06:50,895 step 17600  loss 2.7464  skip 0.80
2026-07-08 03:06:57,646 step 17650  loss 3.2182  skip 0.80
2026-07-08 03:07:04,429 step 17700  loss 1.8065  skip 0.80
2026-07-08 03:07:11,196 step 17750  loss 2.6440  skip 0.80
2026-07-08 03:07:17,932 step 17800  loss 2.3562  skip 0.80
2026-07-08 03:07:24,704 step 17850  loss 1.6205  skip 0.80
2026-07-08 03:07:31,468 step 17900  loss 2.2984  skip 0.80
2026-07-08 03:07:38,243 step 17950  loss 2.7235  skip 0.80
2026-07-08 03:07:45,030 step 18000  loss 2.6712  skip 0.80
2026-07-08 03:07:51,791 step 18050  loss 3.1008  skip 0.80
2026-07-08 03:07:58,569 step 18100  loss 2.8846  skip 0.80
2026-07-08 03:08:05,342 step 18150  loss 2.6074  skip 0.80
2026-07-08 03:08:12,088 step 18200  loss 2.7909  skip 0.80
2026-07-08 03:08:18,842 step 18250  loss 1.9275  skip 0.80
2026-07-08 03:08:25,615 step 18300  loss 1.5901  skip 0.80
2026-07-08 03:08:32,387 step 18350  loss 2.5497  skip 0.80
2026-07-08 03:08:39,104 step 18400  loss 1.9631  skip 0.80
2026-07-08 03:08:46,265 step 18450  loss 3.0877  skip 0.80
2026-07-08 03:08:53,032 step 18500  loss 2.2641  skip 0.80
2026-07-08 03:08:59,791 step 18550  loss 2.9321  skip 0.80
2026-07-08 03:09:06,530 step 18600  loss 2.3158  skip 0.80
2026-07-08 03:09:13,331 step 18650  loss 2.7743  skip 0.80
2026-07-08 03:09:20,091 step 18700  loss 3.2060  skip 0.80
2026-07-08 03:09:26,810 step 18750  loss 3.3663  skip 0.80
2026-07-08 03:09:33,564 step 18800  loss 2.5486  skip 0.80
2026-07-08 03:09:40,322 step 18850  loss 2.1064  skip 0.80
2026-07-08 03:09:47,133 step 18900  loss 2.4203  skip 0.80
2026-07-08 03:09:53,861 step 18950  loss 2.5811  skip 0.80
2026-07-08 03:10:00,639 step 19000  loss 2.3188  skip 0.80
2026-07-08 03:10:07,400 step 19050  loss 3.5613  skip 0.80
2026-07-08 03:10:14,213 step 19100  loss 2.0377  skip 0.80
2026-07-08 03:10:20,947 step 19150  loss 2.7348  skip 0.80
2026-07-08 03:10:27,722 step 19200  loss 2.0054  skip 0.80
2026-07-08 03:10:34,473 step 19250  loss 2.0269  skip 0.80
2026-07-08 03:10:41,272 step 19300  loss 2.6491  skip 0.80
2026-07-08 03:10:47,996 step 19350  loss 2.3788  skip 0.80
2026-07-08 03:10:54,758 step 19400  loss 2.3682  skip 0.80
2026-07-08 03:11:01,522 step 19450  loss 3.0292  skip 0.80
2026-07-08 03:11:08,309 step 19500  loss 2.2107  skip 0.80
2026-07-08 03:11:15,036 step 19550  loss 2.7372  skip 0.80
2026-07-08 03:11:21,802 step 19600  loss 2.5165  skip 0.80
2026-07-08 03:11:28,563 step 19650  loss 2.0039  skip 0.80
2026-07-08 03:11:35,364 step 19700  loss 2.4341  skip 0.80
2026-07-08 03:11:42,091 step 19750  loss 2.0322  skip 0.80
2026-07-08 03:11:48,843 step 19800  loss 2.4415  skip 0.80
2026-07-08 03:11:55,596 step 19850  loss 1.4101  skip 0.80
2026-07-08 03:12:02,365 step 19900  loss 2.7799  skip 0.80
2026-07-08 03:12:09,126 step 19950  loss 3.0123  skip 0.80
2026-07-08 03:12:15,903 step 20000  loss 3.3729  skip 0.80
2026-07-08 03:12:22,667 step 20050  loss 2.0786  skip 0.80
2026-07-08 03:12:29,437 step 20100  loss 2.8817  skip 0.80
2026-07-08 03:12:36,193 step 20150  loss 2.1845  skip 0.80
2026-07-08 03:12:42,966 step 20200  loss 2.8573  skip 0.80
2026-07-08 03:12:49,732 step 20250  loss 2.8739  skip 0.80
2026-07-08 03:12:56,511 step 20300  loss 2.2057  skip 0.80
2026-07-08 03:13:03,270 step 20350  loss 2.6634  skip 0.80
2026-07-08 03:13:10,026 step 20400  loss 3.0687  skip 0.80
2026-07-08 03:13:17,145 step 20450  loss 3.8943  skip 0.80
2026-07-08 03:13:23,906 step 20500  loss 2.8109  skip 0.80
2026-07-08 03:13:30,669 step 20550  loss 2.8230  skip 0.80
2026-07-08 03:13:37,431 step 20600  loss 1.8040  skip 0.80
2026-07-08 03:13:44,189 step 20650  loss 1.9350  skip 0.80
2026-07-08 03:13:50,952 step 20700  loss 2.4796  skip 0.80
2026-07-08 03:13:58,461 step 20750  loss 2.4148  skip 0.80
2026-07-08 03:14:05,232 step 20800  loss 1.8259  skip 0.80
2026-07-08 03:14:11,988 step 20850  loss 1.2531  skip 0.80
2026-07-08 03:14:18,750 step 20900  loss 2.4158  skip 0.80
2026-07-08 03:14:25,508 step 20950  loss 2.2172  skip 0.80
2026-07-08 03:14:32,268 step 21000  loss 2.2145  skip 0.80
2026-07-08 03:14:39,033 step 21050  loss 2.3785  skip 0.80
2026-07-08 03:14:45,799 step 21100  loss 2.0569  skip 0.80
2026-07-08 03:14:52,550 step 21150  loss 2.4343  skip 0.80
2026-07-08 03:14:59,560 step 21200  loss 2.6802  skip 0.80
2026-07-08 03:15:06,319 step 21250  loss 1.9348  skip 0.80
2026-07-08 03:15:13,074 step 21300  loss 2.6397  skip 0.80
2026-07-08 03:15:19,834 step 21350  loss 1.3403  skip 0.80
2026-07-08 03:15:26,847 step 21400  loss 1.3778  skip 0.80
2026-07-08 03:15:33,602 step 21450  loss 2.2501  skip 0.80
2026-07-08 03:15:40,361 step 21500  loss 2.1352  skip 0.80
2026-07-08 03:15:47,120 step 21550  loss 1.6794  skip 0.80
2026-07-08 03:15:53,897 step 21600  loss 1.7265  skip 0.80
2026-07-08 03:16:00,680 step 21650  loss 2.5418  skip 0.80
2026-07-08 03:16:07,448 step 21700  loss 1.9763  skip 0.80
2026-07-08 03:16:14,205 step 21750  loss 1.7285  skip 0.80
2026-07-08 03:16:20,965 step 21800  loss 1.8829  skip 0.80
2026-07-08 03:16:27,690 step 21850  loss 2.4473  skip 0.80
2026-07-08 03:16:34,497 step 21900  loss 2.5324  skip 0.80
2026-07-08 03:16:41,245 step 21950  loss 2.1455  skip 0.80
2026-07-08 03:16:47,983 step 22000  loss 2.2870  skip 0.80
2026-07-08 03:16:54,752 step 22050  loss 2.8024  skip 0.80
2026-07-08 03:17:01,563 step 22100  loss 1.4067  skip 0.80
2026-07-08 03:17:08,324 step 22150  loss 3.5626  skip 0.80
2026-07-08 03:17:15,045 step 22200  loss 3.1626  skip 0.80
2026-07-08 03:17:21,795 step 22250  loss 2.1032  skip 0.80
2026-07-08 03:17:28,543 step 22300  loss 2.3277  skip 0.80
2026-07-08 03:17:35,354 step 22350  loss 3.2143  skip 0.80
2026-07-08 03:17:42,082 step 22400  loss 1.6834  skip 0.80
2026-07-08 03:17:48,864 step 22450  loss 2.1002  skip 0.80
2026-07-08 03:17:55,626 step 22500  loss 3.1408  skip 0.80
2026-07-08 03:18:02,533 step 22550  loss 2.5993  skip 0.80
2026-07-08 03:18:09,433 step 22600  loss 2.1713  skip 0.80
2026-07-08 03:18:16,198 step 22650  loss 3.0695  skip 0.80
2026-07-08 03:18:22,953 step 22700  loss 2.5438  skip 0.80
2026-07-08 03:18:29,763 step 22750  loss 1.9838  skip 0.80
2026-07-08 03:18:36,474 step 22800  loss 3.3172  skip 0.80
2026-07-08 03:18:43,250 step 22850  loss 2.4214  skip 0.80
2026-07-08 03:18:50,023 step 22900  loss 2.3387  skip 0.80
2026-07-08 03:18:56,834 step 22950  loss 2.2759  skip 0.80
2026-07-08 03:19:03,568 step 23000  loss 2.4813  skip 0.80
2026-07-08 03:19:10,664 step 23050  loss 1.9111  skip 0.80
2026-07-08 03:19:17,456 step 23100  loss 2.1762  skip 0.80
2026-07-08 03:19:24,254 step 23150  loss 2.8615  skip 0.80
2026-07-08 03:19:30,956 step 23200  loss 2.0621  skip 0.80
2026-07-08 03:19:37,722 step 23250  loss 1.7139  skip 0.80
2026-07-08 03:19:44,503 step 23300  loss 3.0243  skip 0.80
2026-07-08 03:19:51,270 step 23350  loss 2.1760  skip 0.80
2026-07-08 03:19:58,024 step 23400  loss 2.1487  skip 0.80
2026-07-08 03:20:04,793 step 23450  loss 1.9433  skip 0.80
2026-07-08 03:20:11,567 step 23500  loss 2.9808  skip 0.80
2026-07-08 03:20:18,342 step 23550  loss 2.5147  skip 0.80
2026-07-08 03:20:25,113 step 23600  loss 2.3038  skip 0.80
2026-07-08 03:20:31,875 step 23650  loss 1.6056  skip 0.80
2026-07-08 03:20:38,651 step 23700  loss 2.4093  skip 0.80
2026-07-08 03:20:45,418 step 23750  loss 2.7679  skip 0.80
2026-07-08 03:20:52,187 step 23800  loss 1.8283  skip 0.80
2026-07-08 03:20:58,963 step 23850  loss 2.2800  skip 0.80
2026-07-08 03:21:05,720 step 23900  loss 1.5983  skip 0.80
2026-07-08 03:21:12,485 step 23950  loss 2.3260  skip 0.80
2026-07-08 03:21:19,604 step 24000  loss 1.7659  skip 0.80
2026-07-08 03:21:26,371 step 24050  loss 2.2120  skip 0.80
2026-07-08 03:21:33,138 step 24100  loss 2.6352  skip 0.80
2026-07-08 03:21:39,904 step 24150  loss 2.5820  skip 0.80
2026-07-08 03:21:46,670 step 24200  loss 1.3765  skip 0.80
2026-07-08 03:21:53,430 step 24250  loss 2.2609  skip 0.80
2026-07-08 03:22:00,196 step 24300  loss 2.4800  skip 0.80
2026-07-08 03:22:06,951 step 24350  loss 3.7929  skip 0.80
2026-07-08 03:22:13,720 step 24400  loss 2.8743  skip 0.80
2026-07-08 03:22:20,494 step 24450  loss 1.8209  skip 0.80
2026-07-08 03:22:27,251 step 24500  loss 2.6108  skip 0.80
2026-07-08 03:22:34,027 step 24550  loss 2.1457  skip 0.80
2026-07-08 03:22:40,796 step 24600  loss 2.4443  skip 0.80
2026-07-08 03:22:47,549 step 24650  loss 2.2350  skip 0.80
2026-07-08 03:22:54,310 step 24700  loss 2.0652  skip 0.80
2026-07-08 03:23:01,069 step 24750  loss 1.9399  skip 0.80
2026-07-08 03:23:07,843 step 24800  loss 2.3954  skip 0.80
2026-07-08 03:23:14,609 step 24850  loss 2.9528  skip 0.80
2026-07-08 03:23:21,373 step 24900  loss 1.5873  skip 0.80
2026-07-08 03:23:28,136 step 24950  loss 2.8136  skip 0.80
2026-07-08 03:23:34,893 step 25000  loss 1.8355  skip 0.80
2026-07-08 03:23:41,659 step 25050  loss 2.6156  skip 0.80
2026-07-08 03:23:48,421 step 25100  loss 2.2240  skip 0.80
2026-07-08 03:23:55,187 step 25150  loss 1.9403  skip 0.80
2026-07-08 03:24:01,964 step 25200  loss 2.2626  skip 0.80
2026-07-08 03:24:08,723 step 25250  loss 1.1277  skip 0.80
2026-07-08 03:24:15,447 step 25300  loss 1.7849  skip 0.80
2026-07-08 03:24:22,247 step 25350  loss 1.7505  skip 0.80
2026-07-08 03:24:29,734 step 25400  loss 2.2994  skip 0.80
2026-07-08 03:24:36,456 step 25450  loss 2.5651  skip 0.80
2026-07-08 03:24:43,227 step 25500  loss 2.8356  skip 0.80
2026-07-08 03:24:50,026 step 25550  loss 3.2748  skip 0.80
2026-07-08 03:24:56,795 step 25600  loss 3.0300  skip 0.80
2026-07-08 03:25:03,681 step 25650  loss 2.6817  skip 0.80
2026-07-08 03:25:10,440 step 25700  loss 2.7390  skip 0.80
2026-07-08 03:25:17,213 step 25750  loss 1.9333  skip 0.80
2026-07-08 03:25:24,006 step 25800  loss 3.0113  skip 0.80
2026-07-08 03:25:30,737 step 25850  loss 2.5082  skip 0.80
2026-07-08 03:25:37,513 step 25900  loss 3.2504  skip 0.80
2026-07-08 03:25:44,273 step 25950  loss 2.0126  skip 0.80
2026-07-08 03:25:51,393 step 26000  loss 2.7716  skip 0.80
2026-07-08 03:25:58,121 step 26050  loss 3.5686  skip 0.80
2026-07-08 03:26:04,875 step 26100  loss 1.5387  skip 0.80
2026-07-08 03:26:11,636 step 26150  loss 3.5886  skip 0.80
2026-07-08 03:26:18,441 step 26200  loss 1.8192  skip 0.80
2026-07-08 03:26:25,157 step 26250  loss 2.1487  skip 0.80
2026-07-08 03:26:31,928 step 26300  loss 2.8060  skip 0.80
2026-07-08 03:26:38,692 step 26350  loss 2.5364  skip 0.80
2026-07-08 03:26:45,507 step 26400  loss 2.3929  skip 0.80
2026-07-08 03:26:52,247 step 26450  loss 2.9296  skip 0.80
2026-07-08 03:26:59,018 step 26500  loss 2.8925  skip 0.80
2026-07-08 03:27:05,792 step 26550  loss 2.2333  skip 0.80
2026-07-08 03:27:12,555 step 26600  loss 2.8871  skip 0.80
2026-07-08 03:27:19,319 step 26650  loss 2.0372  skip 0.80
2026-07-08 03:27:26,080 step 26700  loss 2.9109  skip 0.80
2026-07-08 03:27:32,821 step 26750  loss 2.2579  skip 0.80
2026-07-08 03:27:39,603 step 26800  loss 2.7216  skip 0.80
2026-07-08 03:27:46,371 step 26850  loss 2.2562  skip 0.80
2026-07-08 03:27:53,139 step 26900  loss 2.6907  skip 0.80
2026-07-08 03:27:59,918 step 26950  loss 2.1963  skip 0.80
2026-07-08 03:28:06,691 step 27000  loss 2.6409  skip 0.80
2026-07-08 03:28:13,460 step 27050  loss 2.7711  skip 0.80
2026-07-08 03:28:20,223 step 27100  loss 2.2371  skip 0.80
2026-07-08 03:28:26,997 step 27150  loss 2.1267  skip 0.80
2026-07-08 03:28:33,766 step 27200  loss 1.7600  skip 0.80
2026-07-08 03:28:40,522 step 27250  loss 2.9095  skip 0.80
2026-07-08 03:28:47,296 step 27300  loss 2.9234  skip 0.80
2026-07-08 03:28:54,062 step 27350  loss 2.3147  skip 0.80
2026-07-08 03:29:00,828 step 27400  loss 2.9277  skip 0.80
2026-07-08 03:29:07,596 step 27450  loss 2.5652  skip 0.80
2026-07-08 03:29:14,360 step 27500  loss 2.5105  skip 0.80
2026-07-08 03:29:21,135 step 27550  loss 2.2541  skip 0.80
2026-07-08 03:29:27,910 step 27600  loss 2.9767  skip 0.80
2026-07-08 03:29:34,658 step 27650  loss 1.9926  skip 0.80
2026-07-08 03:29:42,264 step 27700  loss 1.7351  skip 0.80
2026-07-08 03:29:49,024 step 27750  loss 2.3455  skip 0.80
2026-07-08 03:29:55,787 step 27800  loss 3.1254  skip 0.80
2026-07-08 03:30:02,554 step 27850  loss 2.5327  skip 0.80
2026-07-08 03:30:09,327 step 27900  loss 2.7481  skip 0.80
2026-07-08 03:30:16,099 step 27950  loss 2.4347  skip 0.80
2026-07-08 03:30:22,891 step 28000  loss 2.5086  skip 0.80
2026-07-08 03:30:29,674 step 28050  loss 2.7240  skip 0.80
2026-07-08 03:30:36,448 step 28100  loss 3.1401  skip 0.80
2026-07-08 03:30:43,220 step 28150  loss 3.2328  skip 0.80
2026-07-08 03:30:49,996 step 28200  loss 3.1335  skip 0.80
2026-07-08 03:30:56,764 step 28250  loss 1.6235  skip 0.80
2026-07-08 03:31:03,540 step 28300  loss 1.4732  skip 0.80
2026-07-08 03:31:10,305 step 28350  loss 2.5738  skip 0.80
2026-07-08 03:31:17,074 step 28400  loss 2.0648  skip 0.80
2026-07-08 03:31:23,844 step 28450  loss 2.6039  skip 0.80
2026-07-08 03:31:30,614 step 28500  loss 3.3225  skip 0.80
2026-07-08 03:31:37,343 step 28550  loss 2.4303  skip 0.80
2026-07-08 03:31:44,156 step 28600  loss 2.1906  skip 0.80
2026-07-08 03:31:50,933 step 28650  loss 2.8709  skip 0.80
2026-07-08 03:31:57,709 step 28700  loss 2.2942  skip 0.80
2026-07-08 03:32:04,442 step 28750  loss 3.4630  skip 0.80
2026-07-08 03:32:11,266 step 28800  loss 1.9745  skip 0.80
2026-07-08 03:32:18,039 step 28850  loss 1.9461  skip 0.80
2026-07-08 03:32:24,777 step 28900  loss 2.3654  skip 0.80
2026-07-08 03:32:31,816 step 28950  loss 3.0227  skip 0.80
2026-07-08 03:32:38,692 step 29000  loss 2.5215  skip 0.80
2026-07-08 03:32:45,485 step 29050  loss 2.7754  skip 0.80
2026-07-08 03:32:52,213 step 29100  loss 3.0721  skip 0.80
2026-07-08 03:32:58,974 step 29150  loss 2.2489  skip 0.80
2026-07-08 03:33:05,715 step 29200  loss 2.1626  skip 0.80
2026-07-08 03:33:12,537 step 29250  loss 2.6820  skip 0.80
2026-07-08 03:33:19,261 step 29300  loss 2.0062  skip 0.80
2026-07-08 03:33:26,024 step 29350  loss 2.2898  skip 0.80
2026-07-08 03:33:32,790 step 29400  loss 1.3203  skip 0.80
2026-07-08 03:33:39,605 step 29450  loss 2.3133  skip 0.80
2026-07-08 03:33:46,309 step 29500  loss 2.9946  skip 0.80
2026-07-08 03:33:53,057 step 29550  loss 2.2198  skip 0.80
2026-07-08 03:33:59,816 step 29600  loss 2.7826  skip 0.80
2026-07-08 03:34:06,627 step 29650  loss 2.0526  skip 0.80
2026-07-08 03:34:13,358 step 29700  loss 2.4479  skip 0.80
2026-07-08 03:34:20,128 step 29750  loss 1.3666  skip 0.80
2026-07-08 03:34:26,884 step 29800  loss 2.0207  skip 0.80
2026-07-08 03:34:33,700 step 29850  loss 2.1941  skip 0.80
2026-07-08 03:34:40,430 step 29900  loss 2.6630  skip 0.80
2026-07-08 03:34:47,200 step 29950  loss 2.5058  skip 0.80
2026-07-08 03:34:54,766 saved -> work_dirs/abl-skip08/latest.pt
