=== work_dirs/v13-near1.0-s0
=== work_dirs/v13-near3.0-s0
training done
  tum 50/89
  bonn 50/399
  bonn 100/399
  bonn 150/399
  bonn 200/399
  bonn 250/399
  bonn 300/399
  bonn 350/399
latest.pt (4.2M) space=depth infer_size=official manifest=manifests/acc_real_L8.json clips=488 active=24.7% 48s (+3 no-GT)

[align=median]
  source         pooled     mean   median   trim10      P90      P95       max      d1  fail  cat     n
  tum            0.1297   0.1268   0.0800   0.1120   0.2923   0.4296    0.5365  0.8462     0    0    89
  bonn           0.1183   0.1199   0.0979   0.1087   0.1935   0.2964    0.7314  0.8909     0    0   398
  MEAN(src)      0.1240   0.1234   0.0889   0.1103   0.2429   0.3630    0.6340  0.8686     0    0   487
  95% CI of balanced clip mean   AbsRel: [0.1117, 0.1362]
  95% CI of balanced clip median AbsRel: [0.0848, 0.0916]

[align=scale]
  source         pooled     mean   median   trim10      P90      P95       max      d1  fail  cat     n
  tum            0.1279   0.1254   0.0821   0.1132   0.2887   0.3984    0.5179  0.8499     0    0    89
  bonn           0.1139   0.1155   0.0915   0.1072   0.2049   0.2898    0.5014  0.8650     0    0   398
  MEAN(src)      0.1209   0.1205   0.0868   0.1102   0.2468   0.3441    0.5097  0.8574     0    0   487
  95% CI of balanced clip mean   AbsRel: [0.1098, 0.1321]
  95% CI of balanced clip median AbsRel: [0.0835, 0.0919]

[align=scaleshift]
  source         pooled     mean   median   trim10      P90      P95       max      d1  fail  cat     n
  tum            0.1264   0.1242   0.0836   0.1138   0.2694   0.3577    0.4344  0.8278     0    0    89
  bonn           0.0967   0.0975   0.0828   0.0926   0.1538   0.1889    0.3758  0.9081     0    0   398
  MEAN(src)      0.1116   0.1108   0.0832   0.1032   0.2116   0.2733    0.4051  0.8679     0    0   487
  95% CI of balanced clip mean   AbsRel: [0.1013, 0.1212]
  95% CI of balanced clip median AbsRel: [0.0789, 0.0884]

-> work_dirs/acc/near1.0-L8.json
-> work_dirs/acc/table.txt
  tum 50/89
  bonn 50/399
  bonn 100/399
  bonn 150/399
  bonn 200/399
  bonn 250/399
  bonn 300/399
  bonn 350/399
latest.pt (4.2M) space=depth infer_size=official manifest=manifests/acc_real_L8.json clips=488 active=24.7% 73s (+1 no-GT)

[align=scaleshift/frame]
  source         pooled     mean   median   trim10      P90      P95       max      d1  fail  cat     n
  tum            0.1282   0.1259   0.0856   0.1137   0.2701   0.3567    0.6029  0.8283     1    0    89
  bonn           0.0956   0.0958   0.0822   0.0912   0.1495   0.1880    0.3658  0.9102     0    0   398
  MEAN(src)      0.1119   0.1108   0.0839   0.1024   0.2098   0.2723    0.4844  0.8693     1    0   487
  95% CI of balanced clip mean   AbsRel: [0.1008, 0.1219]
  95% CI of balanced clip median AbsRel: [0.0786, 0.0883]

-> work_dirs/acc/near1.0-L8-pf.json
-> work_dirs/acc/table.txt
  bonn 50/98
latest.pt (4.2M) space=depth infer_size=official manifest=manifests/acc_real_L32.json clips=120 active=24.7% 46s

[align=median]
  source         pooled     mean   median   trim10      P90      P95       max      d1  fail  cat     n
  tum            0.1398   0.1376   0.0903   0.1260   0.2495   0.4306    0.4396  0.8299     0    0    22
  bonn           0.1391   0.1437   0.1103   0.1342   0.2532   0.3315    0.5892  0.8517     0    0    98
  MEAN(src)      0.1395   0.1406   0.1003   0.1301   0.2513   0.3811    0.5144  0.8408     0    0   120
  95% CI of balanced clip mean   AbsRel: [0.1193, 0.1660]
  95% CI of balanced clip median AbsRel: [0.0955, 0.1164]

[align=scale]
  source         pooled     mean   median   trim10      P90      P95       max      d1  fail  cat     n
  tum            0.1380   0.1360   0.1004   0.1256   0.2493   0.3946    0.4078  0.8209     0    0    22
  bonn           0.1389   0.1435   0.1107   0.1372   0.2627   0.3279    0.4056  0.8047     0    0    98
  MEAN(src)      0.1384   0.1397   0.1056   0.1314   0.2560   0.3612    0.4067  0.8128     0    0   120
  95% CI of balanced clip mean   AbsRel: [0.1202, 0.1626]
  95% CI of balanced clip median AbsRel: [0.0936, 0.1147]

[align=scaleshift]
  source         pooled     mean   median   trim10      P90      P95       max      d1  fail  cat     n
  tum            0.1407   0.1387   0.0998   0.1284   0.2538   0.3852    0.4109  0.7993     0    0    22
  bonn           0.1205   0.1239   0.0970   0.1187   0.2097   0.2611    0.3669  0.8647     1    0    98
  MEAN(src)      0.1306   0.1313   0.0984   0.1236   0.2318   0.3232    0.3889  0.8320     1    0   120
  95% CI of balanced clip mean   AbsRel: [0.1126, 0.1535]
  95% CI of balanced clip median AbsRel: [0.0910, 0.1126]

-> work_dirs/acc/near1.0-L32.json
-> work_dirs/acc/table.txt
  bonn 50/98
latest.pt (4.2M) space=depth infer_size=official manifest=manifests/acc_real_L32.json clips=120 active=24.7% 70s

[align=scaleshift/frame]
  source         pooled     mean   median   trim10      P90      P95       max      d1  fail  cat     n
  tum            0.1496   0.1477   0.1013   0.1252   0.2489   0.3356    0.6722  0.8106     1    0    22
  bonn           0.1106   0.1120   0.0934   0.1078   0.1596   0.2212    0.2914  0.8837     2    0    98
  MEAN(src)      0.1301   0.1298   0.0973   0.1165   0.2043   0.2784    0.4818  0.8471     3    0   120
  95% CI of balanced clip mean   AbsRel: [0.1067, 0.1618]
  95% CI of balanced clip median AbsRel: [0.0889, 0.1090]

-> work_dirs/acc/near1.0-L32-pf.json
-> work_dirs/acc/table.txt
latest.pt (4.2M) space=depth infer_size=official manifest=manifests/acc_real_L256.json clips=13 active=25.8% 41s

[align=median]
  source         pooled     mean   median   trim10      P90      P95       max      d1  fail  cat     n
  tum            0.1844   0.1865   0.1865   0.1865   0.2241   0.2241    0.2241  0.8087     0    0     2
  bonn           0.2052   0.2146   0.1709   0.2146   0.3634   0.4249    0.4249  0.7665     0    0    11
  MEAN(src)      0.1948   0.2006   0.1787   0.2006   0.2937   0.3245    0.3245  0.7876     0    0    13
  95% CI of balanced clip mean   AbsRel: [0.1635, 0.2406]
  95% CI of balanced clip median AbsRel: [0.1523, 0.2480]

[align=scale]
  source         pooled     mean   median   trim10      P90      P95       max      d1  fail  cat     n
  tum            0.1881   0.1913   0.1913   0.1913   0.2476   0.2476    0.2476  0.8070     0    0     2
  bonn           0.2119   0.2191   0.2079   0.2191   0.3225   0.3956    0.3956  0.6219     0    0    11
  MEAN(src)      0.2000   0.2052   0.1996   0.2052   0.2851   0.3216    0.3216  0.7144     0    0    13
  95% CI of balanced clip mean   AbsRel: [0.1595, 0.2522]
  95% CI of balanced clip median AbsRel: [0.1459, 0.2735]

[align=scaleshift]
  source         pooled     mean   median   trim10      P90      P95       max      d1  fail  cat     n
  tum            0.1941   0.1969   0.1969   0.1969   0.2457   0.2457    0.2457  0.7749     0    0     2
  bonn           0.1925   0.2004   0.1641   0.2004   0.2722   0.5136    0.5136  0.7263     1    0    11
  MEAN(src)      0.1933   0.1987   0.1805   0.1987   0.2590   0.3797    0.3797  0.7506     1    0    13
  95% CI of balanced clip mean   AbsRel: [0.1544, 0.2472]
  95% CI of balanced clip median AbsRel: [0.1447, 0.2265]

-> work_dirs/acc/near1.0-L256.json
-> work_dirs/acc/table.txt
latest.pt (4.2M) space=depth infer_size=official manifest=manifests/acc_real_L256.json clips=13 active=25.8% 42s

[align=scaleshift/frame]
  source         pooled     mean   median   trim10      P90      P95       max      d1  fail  cat     n
  tum            0.1731   0.1750   0.1750   0.1750   0.2100   0.2100    0.2100  0.7662     1    0     2
  bonn           0.1147   0.1146   0.1176   0.1146   0.1376   0.1879    0.1879  0.8736     1    0    11
  MEAN(src)      0.1439   0.1448   0.1463   0.1448   0.1738   0.1990    0.1990  0.8199     2    0    13
  95% CI of balanced clip mean   AbsRel: [0.1215, 0.1683]
  95% CI of balanced clip median AbsRel: [0.1164, 0.1671]

-> work_dirs/acc/near1.0-L256-pf.json
-> work_dirs/acc/table.txt
  tum 50/89
  bonn 50/399
  bonn 100/399
  bonn 150/399
  bonn 200/399
  bonn 250/399
  bonn 300/399
  bonn 350/399
latest.pt (4.2M) space=depth infer_size=official manifest=manifests/acc_real_L8.json clips=488 active=24.7% 53s (+1 no-GT)

[align=scaleshift]
  source         pooled     mean   median   trim10      P90      P95       max      d1  fail  cat     n
  tum            0.1264   0.1242   0.0836   0.1138   0.2694   0.3577    0.4344  0.8278     0    0    89
  bonn           0.0967   0.0975   0.0828   0.0926   0.1538   0.1889    0.3758  0.9081     0    0   398
  MEAN(src)      0.1116   0.1108   0.0832   0.1032   0.2116   0.2733    0.4051  0.8679     0    0   487
  95% CI of balanced clip mean   AbsRel: [0.1013, 0.1212]
  95% CI of balanced clip median AbsRel: [0.0789, 0.0884]
  region                   tum              bonn         MEAN(src)
              AbsRel  d1   px%  AbsRel  d1   px%  AbsRel  d1   px%
  all         0.1264 0.828 100  0.0967 0.908 100  0.1116 0.868    
  edge        0.1637 0.731  17  0.1462 0.793   7  0.1549 0.762    
  flat        0.1188 0.847  83  0.0931 0.916  93  0.1059 0.882    
  dynamic     0.3250 0.562   9  0.1683 0.795  13  0.2467 0.679    
  static      0.1073 0.853  91  0.0856 0.925  87  0.0965 0.889    
  near        0.2639 0.683  17  0.1431 0.846  25  0.2035 0.765    
  mid         0.0837 0.882  74  0.0811 0.928  64  0.0824 0.905    
  far         0.2153 0.663   9  0.0823 0.929  11  0.1488 0.796    

-> work_dirs/acc/near1.0-L8-regions.json
-> work_dirs/acc/table.txt
  tum 50/89
  bonn 50/399
  bonn 100/399
  bonn 150/399
  bonn 200/399
  bonn 250/399
  bonn 300/399
  bonn 350/399
latest.pt (4.2M) space=depth infer_size=official manifest=manifests/acc_real_L8.json clips=488 active=24.7% 48s (+3 no-GT)

[align=median]
  source         pooled     mean   median   trim10      P90      P95       max      d1  fail  cat     n
  tum            0.1272   0.1245   0.0783   0.1093   0.2702   0.4083    0.5389  0.8509     0    0    89
  bonn           0.1197   0.1211   0.0987   0.1094   0.1892   0.2911    0.9439  0.8883     0    0   398
  MEAN(src)      0.1235   0.1228   0.0885   0.1093   0.2297   0.3497    0.7414  0.8696     0    0   487
  95% CI of balanced clip mean   AbsRel: [0.1113, 0.1354]
  95% CI of balanced clip median AbsRel: [0.0852, 0.0919]

[align=scale]
  source         pooled     mean   median   trim10      P90      P95       max      d1  fail  cat     n
  tum            0.1267   0.1244   0.0855   0.1125   0.2719   0.3926    0.4903  0.8566     0    0    89
  bonn           0.1118   0.1134   0.0916   0.1054   0.1935   0.2788    0.5043  0.8668     0    0   398
  MEAN(src)      0.1193   0.1189   0.0885   0.1089   0.2327   0.3357    0.4973  0.8617     0    0   487
  95% CI of balanced clip mean   AbsRel: [0.1087, 0.1300]
  95% CI of balanced clip median AbsRel: [0.0842, 0.0928]

[align=scaleshift]
  source         pooled     mean   median   trim10      P90      P95       max      d1  fail  cat     n
  tum            0.1258   0.1236   0.0847   0.1132   0.2555   0.3605    0.4403  0.8338     0    0    89
  bonn           0.0965   0.0971   0.0824   0.0926   0.1532   0.1864    0.3999  0.9064     0    0   398
  MEAN(src)      0.1111   0.1104   0.0835   0.1029   0.2044   0.2735    0.4201  0.8701     0    0   487
  95% CI of balanced clip mean   AbsRel: [0.1011, 0.1205]
  95% CI of balanced clip median AbsRel: [0.0798, 0.0889]

-> work_dirs/acc/near3.0-L8.json
-> work_dirs/acc/table.txt
  tum 50/89
  bonn 50/399
  bonn 100/399
  bonn 150/399
  bonn 200/399
  bonn 250/399
  bonn 300/399
  bonn 350/399
latest.pt (4.2M) space=depth infer_size=official manifest=manifests/acc_real_L8.json clips=488 active=24.7% 44s (+1 no-GT)

[align=scaleshift/frame]
  source         pooled     mean   median   trim10      P90      P95       max      d1  fail  cat     n
  tum            0.1290   0.1267   0.0843   0.1129   0.2536   0.3594    0.7517  0.8320     1    0    89
  bonn           0.0954   0.0956   0.0817   0.0913   0.1511   0.1792    0.3936  0.9084     0    0   398
  MEAN(src)      0.1122   0.1112   0.0830   0.1021   0.2024   0.2693    0.5726  0.8702     1    0   487
  95% CI of balanced clip mean   AbsRel: [0.1008, 0.1230]
  95% CI of balanced clip median AbsRel: [0.0793, 0.0887]

-> work_dirs/acc/near3.0-L8-pf.json
-> work_dirs/acc/table.txt
  bonn 50/98
latest.pt (4.2M) space=depth infer_size=official manifest=manifests/acc_real_L32.json clips=120 active=24.7% 46s

[align=median]
  source         pooled     mean   median   trim10      P90      P95       max      d1  fail  cat     n
  tum            0.1381   0.1360   0.0878   0.1245   0.2354   0.4214    0.4353  0.8389     0    0    22
  bonn           0.1404   0.1439   0.1109   0.1341   0.2567   0.2953    0.6361  0.8475     0    0    98
  MEAN(src)      0.1393   0.1400   0.0994   0.1293   0.2461   0.3583    0.5357  0.8432     0    0   120
  95% CI of balanced clip mean   AbsRel: [0.1191, 0.1649]
  95% CI of balanced clip median AbsRel: [0.0957, 0.1188]

[align=scale]
  source         pooled     mean   median   trim10      P90      P95       max      d1  fail  cat     n
  tum            0.1382   0.1364   0.0994   0.1262   0.2311   0.3897    0.4030  0.8228     0    0    22
  bonn           0.1376   0.1410   0.1086   0.1347   0.2680   0.3041    0.4101  0.8076     0    0    98
  MEAN(src)      0.1379   0.1387   0.1040   0.1305   0.2496   0.3469    0.4066  0.8152     0    0   120
  95% CI of balanced clip mean   AbsRel: [0.1199, 0.1610]
  95% CI of balanced clip median AbsRel: [0.0945, 0.1177]

[align=scaleshift]
  source         pooled     mean   median   trim10      P90      P95       max      d1  fail  cat     n
  tum            0.1405   0.1385   0.0999   0.1283   0.2381   0.3795    0.4073  0.7954     0    0    22
  bonn           0.1225   0.1259   0.0991   0.1189   0.2190   0.2449    0.5656  0.8631     1    0    98
  MEAN(src)      0.1315   0.1322   0.0995   0.1236   0.2286   0.3122    0.4865  0.8292     1    0   120
  95% CI of balanced clip mean   AbsRel: [0.1138, 0.1542]
  95% CI of balanced clip median AbsRel: [0.0912, 0.1166]

-> work_dirs/acc/near3.0-L32.json
-> work_dirs/acc/table.txt
  bonn 50/98
latest.pt (4.2M) space=depth infer_size=official manifest=manifests/acc_real_L32.json clips=120 active=24.7% 46s

[align=scaleshift/frame]
  source         pooled     mean   median   trim10      P90      P95       max      d1  fail  cat     n
  tum            0.1605   0.1587   0.1010   0.1250   0.2386   0.3217    0.9161  0.8099     1    0    22
  bonn           0.1119   0.1133   0.0956   0.1086   0.1636   0.2161    0.3452  0.8808     1    0    98
  MEAN(src)      0.1362   0.1360   0.0983   0.1168   0.2011   0.2689    0.6306  0.8454     2    0   120
  95% CI of balanced clip mean   AbsRel: [0.1079, 0.1790]
  95% CI of balanced clip median AbsRel: [0.0896, 0.1121]

-> work_dirs/acc/near3.0-L32-pf.json
-> work_dirs/acc/table.txt
latest.pt (4.2M) space=depth infer_size=official manifest=manifests/acc_real_L256.json clips=13 active=25.8% 41s

[align=median]
  source         pooled     mean   median   trim10      P90      P95       max      d1  fail  cat     n
  tum            0.1827   0.1847   0.1847   0.1847   0.2208   0.2208    0.2208  0.8130     0    0     2
  bonn           0.2058   0.2152   0.1708   0.2152   0.3640   0.4244    0.4244  0.7621     0    0    11
  MEAN(src)      0.1942   0.2000   0.1778   0.2000   0.2924   0.3226    0.3226  0.7876     0    0    13
  95% CI of balanced clip mean   AbsRel: [0.1641, 0.2389]
  95% CI of balanced clip median AbsRel: [0.1527, 0.2450]

[align=scale]
  source         pooled     mean   median   trim10      P90      P95       max      d1  fail  cat     n
  tum            0.1830   0.1861   0.1861   0.1861   0.2408   0.2408    0.2408  0.8098     0    0     2
  bonn           0.2100   0.2172   0.2002   0.2172   0.3221   0.3904    0.3904  0.6320     0    0    11
  MEAN(src)      0.1965   0.2016   0.1931   0.2016   0.2815   0.3156    0.3156  0.7209     0    0    13
  95% CI of balanced clip mean   AbsRel: [0.1574, 0.2472]
  95% CI of balanced clip median AbsRel: [0.1471, 0.2637]

[align=scaleshift]
  source         pooled     mean   median   trim10      P90      P95       max      d1  fail  cat     n
  tum            0.1894   0.1921   0.1921   0.1921   0.2396   0.2396    0.2396  0.7764     0    0     2
  bonn           0.2018   0.2112   0.1576   0.2112   0.2898   0.6027    0.6027  0.7197     1    0    11
  MEAN(src)      0.1956   0.2016   0.1748   0.2016   0.2647   0.4212    0.4212  0.7480     1    0    13
  95% CI of balanced clip mean   AbsRel: [0.1537, 0.2563]
  95% CI of balanced clip median AbsRel: [0.1444, 0.2285]

-> work_dirs/acc/near3.0-L256.json
-> work_dirs/acc/table.txt
latest.pt (4.2M) space=depth infer_size=official manifest=manifests/acc_real_L256.json clips=13 active=25.8% 45s

[align=scaleshift/frame]
  source         pooled     mean   median   trim10      P90      P95       max      d1  fail  cat     n
  tum            0.1798   0.1823   0.1823   0.1823   0.2254   0.2254    0.2254  0.7660     1    0     2
  bonn           0.1153   0.1153   0.1141   0.1153   0.1349   0.1825    0.1825  0.8730     2    0    11
  MEAN(src)      0.1476   0.1488   0.1482   0.1488   0.1801   0.2040    0.2040  0.8195     3    0    13
  95% CI of balanced clip mean   AbsRel: [0.1220, 0.1759]
  95% CI of balanced clip median AbsRel: [0.1175, 0.1755]

-> work_dirs/acc/near3.0-L256-pf.json
-> work_dirs/acc/table.txt
  tum 50/89
  bonn 50/399
  bonn 100/399
  bonn 150/399
  bonn 200/399
  bonn 250/399
  bonn 300/399
  bonn 350/399
latest.pt (4.2M) space=depth infer_size=official manifest=manifests/acc_real_L8.json clips=488 active=24.7% 64s (+1 no-GT)

[align=scaleshift]
  source         pooled     mean   median   trim10      P90      P95       max      d1  fail  cat     n
  tum            0.1258   0.1236   0.0847   0.1132   0.2555   0.3605    0.4403  0.8338     0    0    89
  bonn           0.0965   0.0971   0.0824   0.0926   0.1532   0.1864    0.3999  0.9064     0    0   398
  MEAN(src)      0.1111   0.1104   0.0835   0.1029   0.2044   0.2735    0.4201  0.8701     0    0   487
  95% CI of balanced clip mean   AbsRel: [0.1011, 0.1205]
  95% CI of balanced clip median AbsRel: [0.0798, 0.0889]
  region                   tum              bonn         MEAN(src)
              AbsRel  d1   px%  AbsRel  d1   px%  AbsRel  d1   px%
  all         0.1258 0.834 100  0.0965 0.906 100  0.1111 0.870    
  edge        0.1638 0.732  17  0.1474 0.783   7  0.1556 0.758    
  flat        0.1180 0.855  83  0.0927 0.915  93  0.1054 0.885    
  dynamic     0.3179 0.587   9  0.1628 0.804  13  0.2404 0.695    
  static      0.1072 0.858  91  0.0862 0.922  87  0.0967 0.890    
  near        0.2592 0.699  17  0.1382 0.854  25  0.1987 0.777    
  mid         0.0833 0.889  74  0.0822 0.926  64  0.0828 0.907    
  far         0.2203 0.638   9  0.0851 0.913  11  0.1527 0.775    

-> work_dirs/acc/near3.0-L8-regions.json
-> work_dirs/acc/table.txt
done -> scripts/acc_summary.py
