=== manifests/acc_real_L8.json : ours regions
  tum 50/89
  bonn 50/399
  bonn 100/399
  bonn 150/399
  bonn 200/399
  bonn 250/399
  bonn 300/399
  bonn 350/399
latest.pt (4.2M) space=depth infer_size=official manifest=manifests/acc_real_L8.json clips=488 active=24.7% 50s (+1 no-GT)

[align=scaleshift]
  source         pooled     mean   median   trim10      P90      P95       max      d1  fail  cat     n
  tum            0.1278   0.1254   0.0862   0.1157   0.2717   0.3430    0.4290  0.8285     0    0    89
  bonn           0.1029   0.1038   0.0847   0.0958   0.1587   0.1955    1.3403  0.9025     1    1   398
  MEAN(src)      0.1153   0.1146   0.0855   0.1057   0.2152   0.2692    0.8847  0.8655     1    1   487
  95% CI of balanced clip mean   AbsRel: [0.1049, 0.1252]
  95% CI of balanced clip median AbsRel: [0.0820, 0.0903]
  region                   tum              bonn         MEAN(src)
              AbsRel  d1   px%  AbsRel  d1   px%  AbsRel  d1   px%
  all         0.1278 0.828 100  0.1029 0.902 100  0.1153 0.865    
  edge        0.1642 0.730  17  0.1484 0.792   7  0.1563 0.761    
  flat        0.1203 0.849  83  0.0996 0.911  93  0.1100 0.880    
  dynamic     0.3151 0.555   9  0.1975 0.782  13  0.2563 0.669    
  static      0.1097 0.855  91  0.0883 0.921  87  0.0990 0.888    
  near        0.2631 0.676  17  0.1583 0.839  25  0.2107 0.758    
  mid         0.0846 0.888  74  0.0849 0.926  64  0.0847 0.907    
  far         0.2244 0.635   9  0.0831 0.911  11  0.1537 0.773    

-> work_dirs/acc/ours-L8-regions.json
-> work_dirs/acc/table.txt
=== manifests/acc_real_L8.json : dpt-large regions
Warning: You are sending unauthenticated requests to the HF Hub. Please set a HF_TOKEN to enable higher rate limits and faster downloads.
Loading weights:   0%|          | 0/458 [00:00<?, ?it/s]Loading weights: 100%|██████████| 458/458 [00:00<00:00, 24581.45it/s]
[transformers] [1mDPTForDepthEstimation LOAD REPORT[0m from: Intel/dpt-large
Key                                                            | Status  | 
---------------------------------------------------------------+---------+-
neck.fusion_stage.layers.0.residual_layer1.convolution2.weight | MISSING | 
neck.fusion_stage.layers.0.residual_layer1.convolution1.bias   | MISSING | 
neck.fusion_stage.layers.0.residual_layer1.convolution1.weight | MISSING | 
neck.fusion_stage.layers.0.residual_layer1.convolution2.bias   | MISSING | 

Notes:
- MISSING:	those params were newly initialized because missing from the checkpoint. Consider training on your downstream task.
  tum 50/89
  bonn 50/399
  bonn 100/399
  bonn 150/399
  bonn 200/399
  bonn 250/399
  bonn 300/399
  bonn 350/399
dpt-large (343.0M) space=disparity infer_size=official->384x384 manifest=manifests/acc_real_L8.json clips=488 active=100.0% 104s (+1 no-GT)

[align=scaleshift]
  source         pooled     mean   median   trim10      P90      P95       max      d1  fail  cat     n
  tum            0.1135   0.1141   0.1056   0.1108   0.1340   0.1823    0.2544  0.8829     0    0    89
  bonn           0.0617   0.0626   0.0529   0.0595   0.1053   0.1240    0.2914  0.9719     0    0   398
  MEAN(src)      0.0876   0.0884   0.0792   0.0852   0.1196   0.1532    0.2729  0.9274     0    0   487
  95% CI of balanced clip mean   AbsRel: [0.0851, 0.0919]
  95% CI of balanced clip median AbsRel: [0.0776, 0.0815]
  region                   tum              bonn         MEAN(src)
              AbsRel  d1   px%  AbsRel  d1   px%  AbsRel  d1   px%
  all         0.1135 0.883 100  0.0617 0.972 100  0.0876 0.927    
  edge        0.1432 0.817  17  0.1008 0.909   7  0.1220 0.863    
  flat        0.1074 0.896  83  0.0588 0.976  93  0.0831 0.936    
  dynamic     0.1183 0.902   9  0.0913 0.929  13  0.1048 0.916    
  static      0.1130 0.881  91  0.0571 0.978  87  0.0851 0.930    
  near        0.1107 0.933  17  0.0716 0.961  25  0.0911 0.947    
  mid         0.0753 0.957  74  0.0581 0.974  64  0.0667 0.965    
  far         0.4283 0.189   9  0.0601 0.986  11  0.2442 0.588    

-> work_dirs/acc/dpt-large-L8-regions.json
-> work_dirs/acc/table.txt
=== manifests/acc_real_L256.json : ours regions
latest.pt (4.2M) space=depth infer_size=official manifest=manifests/acc_real_L256.json clips=13 active=25.8% 44s

[align=scaleshift]
  source         pooled     mean   median   trim10      P90      P95       max      d1  fail  cat     n
  tum            0.1900   0.1924   0.1924   0.1924   0.2358   0.2358    0.2358  0.7747     0    0     2
  bonn           0.2284   0.2401   0.1696   0.2401   0.3240   0.8960    0.8960  0.7348     2    0    11
  MEAN(src)      0.2092   0.2163   0.1810   0.2163   0.2799   0.5659    0.5659  0.7548     2    0    13
  95% CI of balanced clip mean   AbsRel: [0.1565, 0.2977]
  95% CI of balanced clip median AbsRel: [0.1404, 0.2315]
  region                   tum              bonn         MEAN(src)
              AbsRel  d1   px%  AbsRel  d1   px%  AbsRel  d1   px%
  all         0.1900 0.775 100  0.2284 0.735 100  0.2092 0.755    
  edge        0.2003 0.683  17  0.2609 0.610   7  0.2306 0.647    
  flat        0.1878 0.794  83  0.2261 0.744  93  0.2069 0.769    
  dynamic     0.5892 0.383  11  0.3926 0.561  14  0.4909 0.472    
  static      0.1427 0.821  89  0.2010 0.764  86  0.1719 0.792    
  near        0.4895 0.497  18  0.3196 0.565  26  0.4046 0.531    
  mid         0.1169 0.881  73  0.2006 0.801  62  0.1588 0.841    
  far         0.1948 0.452   9  0.1739 0.758  12  0.1844 0.605    

-> work_dirs/acc/ours-L256-regions.json
-> work_dirs/acc/table.txt
=== manifests/acc_real_L256.json : dpt-large regions
Warning: You are sending unauthenticated requests to the HF Hub. Please set a HF_TOKEN to enable higher rate limits and faster downloads.
Loading weights:   0%|          | 0/458 [00:00<?, ?it/s]Loading weights: 100%|██████████| 458/458 [00:00<00:00, 25890.42it/s]
[transformers] [1mDPTForDepthEstimation LOAD REPORT[0m from: Intel/dpt-large
Key                                                            | Status  | 
---------------------------------------------------------------+---------+-
neck.fusion_stage.layers.0.residual_layer1.convolution1.bias   | MISSING | 
neck.fusion_stage.layers.0.residual_layer1.convolution2.bias   | MISSING | 
neck.fusion_stage.layers.0.residual_layer1.convolution1.weight | MISSING | 
neck.fusion_stage.layers.0.residual_layer1.convolution2.weight | MISSING | 

Notes:
- MISSING:	those params were newly initialized because missing from the checkpoint. Consider training on your downstream task.
dpt-large (343.0M) space=disparity infer_size=official->384x384 manifest=manifests/acc_real_L256.json clips=13 active=100.0% 85s

[align=scaleshift]
  source         pooled     mean   median   trim10      P90      P95       max      d1  fail  cat     n
  tum            0.1765   0.1795   0.1795   0.1795   0.2320   0.2320    0.2320  0.8097     0    0     2
  bonn           0.2018   0.2100   0.1923   0.2100   0.3325   0.4422    0.4422  0.6825     0    0    11
  MEAN(src)      0.1892   0.1947   0.1859   0.1947   0.2822   0.3371    0.3371  0.7461     0    0    13
  95% CI of balanced clip mean   AbsRel: [0.1486, 0.2428]
  95% CI of balanced clip median AbsRel: [0.1422, 0.2485]
  region                   tum              bonn         MEAN(src)
              AbsRel  d1   px%  AbsRel  d1   px%  AbsRel  d1   px%
  all         0.1765 0.810 100  0.2018 0.683 100  0.1892 0.746    
  edge        0.1922 0.748  17  0.2165 0.616   7  0.2044 0.682    
  flat        0.1732 0.823  83  0.2008 0.687  93  0.1870 0.755    
  dynamic     0.2720 0.685  11  0.2899 0.621  14  0.2810 0.653    
  static      0.1652 0.824  89  0.1872 0.693  86  0.1762 0.759    
  near        0.2615 0.753  18  0.3181 0.564  26  0.2898 0.658    
  mid         0.1265 0.892  73  0.1646 0.715  62  0.1455 0.804    
  far         0.4183 0.244   9  0.1424 0.772  12  0.2803 0.508    

-> work_dirs/acc/dpt-large-L256-regions.json
-> work_dirs/acc/table.txt
done -> work_dirs/acc/table.txt
