################ EVAL main_v8 — synthetic 500 (comparable row) ########
ckpt=work_dirs/main_v8/latest.pt data=['vkitti2:/home/hyunsu/dataset_ssd/vkitti2', 'tartanair2:/home/hyunsu/dataset_ssd/tartanair_v2', 'pointodyssey:/home/hyunsu/dataset_ssd/pointodyssey'] clips=8929 max=500
tau_on   active%  AbsRel   RMSE     d1      t-delta  OPW     TCE     clipAbsRel(std)  n
---------------------------------------------------------------------------------------
0.05       15.4  0.3366  38.3713  0.4151  0.1828   0.0199  0.0273  0.3361 (0.159)  500

appended -> work_dirs/main_v8/eval.txt
per-clip -> work_dirs/main_v8/scores_holdout500.json
################ TRAIN arm2-binloss (teacher off + bin CE) ############
2026-07-28 05:42:31,574 work dir: work_dirs/arm2-binloss
2026-07-28 05:42:32,088 partial init from work_dirs/main_v8/latest.pt: 0 new tensors kept at init, 0 checkpoint tensors unused
2026-07-28 05:42:32,920 mixed dataset: 208720 clips from 5 sources (size 256)
2026-07-28 05:42:34,817 step    0  loss 1.2859  skip 0.00  lr 5.00e-07  depth_std 3.9040
2026-07-28 05:43:22,059 step   50  loss 1.8500  skip 0.01  lr 2.55e-05  depth_std 22.4103
2026-07-28 05:44:13,364 step  100  loss 0.7239  skip 0.01  lr 5.05e-05  depth_std 2.7103
2026-07-28 05:45:04,848 step  150  loss 0.8348  skip 0.02  lr 7.55e-05  depth_std 5.8318
2026-07-28 05:45:56,364 step  200  loss 1.1477  skip 0.03  lr 1.00e-04  depth_std 7.2986
2026-07-28 05:46:47,985 step  250  loss 1.1160  skip 0.03  lr 1.00e-04  depth_std 2.0293
2026-07-28 05:47:39,496 step  300  loss 0.7654  skip 0.04  lr 1.00e-04  depth_std 14.5580
2026-07-28 05:48:30,969 step  350  loss 0.7018  skip 0.04  lr 9.99e-05  depth_std 5.9344
2026-07-28 05:49:22,121 step  400  loss 0.9560  skip 0.05  lr 9.98e-05  depth_std 2.7486
2026-07-28 05:50:13,052 step  450  loss 2.7886  skip 0.06  lr 9.97e-05  depth_std 23.6309
2026-07-28 05:51:03,427 step  500  loss 0.5290  skip 0.06  lr 9.96e-05  depth_std 1.7291
2026-07-28 05:51:53,617 step  550  loss 0.7103  skip 0.07  lr 9.95e-05  depth_std 10.5583
2026-07-28 05:52:43,283 step  600  loss 0.8937  skip 0.07  lr 9.94e-05  depth_std 17.0387
2026-07-28 05:53:32,824 step  650  loss 3.4901  skip 0.08  lr 9.92e-05  depth_std 10.4929
2026-07-28 05:54:22,193 step  700  loss 2.1054  skip 0.09  lr 9.90e-05  depth_std 7.2714
2026-07-28 05:55:11,340 step  750  loss 1.7473  skip 0.09  lr 9.88e-05  depth_std 6.0238
2026-07-28 05:56:00,436 step  800  loss 1.5893  skip 0.10  lr 9.85e-05  depth_std 15.0709
2026-07-28 05:56:49,271 step  850  loss 1.0821  skip 0.11  lr 9.83e-05  depth_std 5.4735
2026-07-28 05:57:37,848 step  900  loss 0.8914  skip 0.11  lr 9.80e-05  depth_std 2.8523
2026-07-28 05:58:26,150 step  950  loss 1.3131  skip 0.12  lr 9.77e-05  depth_std 3.4763
2026-07-28 05:59:14,043 step 1000  loss 1.2900  skip 0.12  lr 9.74e-05  depth_std 12.8045
2026-07-28 06:00:01,871 step 1050  loss 1.1048  skip 0.13  lr 9.71e-05  depth_std 22.5876
2026-07-28 06:00:49,352 step 1100  loss 0.8195  skip 0.14  lr 9.68e-05  depth_std 2.3163
2026-07-28 06:01:36,547 step 1150  loss 1.5388  skip 0.14  lr 9.64e-05  depth_std 10.0360
2026-07-28 06:02:23,515 step 1200  loss 1.2488  skip 0.15  lr 9.60e-05  depth_std 21.0913
2026-07-28 06:03:10,343 step 1250  loss 0.7878  skip 0.16  lr 9.56e-05  depth_std 3.2818
2026-07-28 06:03:56,908 step 1300  loss 0.7997  skip 0.16  lr 9.52e-05  depth_std 10.5163
2026-07-28 06:04:43,263 step 1350  loss 1.0503  skip 0.17  lr 9.47e-05  depth_std 6.8244
2026-07-28 06:05:29,303 step 1400  loss 2.7195  skip 0.17  lr 9.43e-05  depth_std 3.0275
2026-07-28 06:06:15,194 step 1450  loss 1.0235  skip 0.18  lr 9.38e-05  depth_std 5.0810
2026-07-28 06:07:00,841 step 1500  loss 1.9238  skip 0.19  lr 9.33e-05  depth_std 5.0614
2026-07-28 06:07:46,170 step 1550  loss 0.5015  skip 0.19  lr 9.28e-05  depth_std 1.0288
2026-07-28 06:08:31,189 step 1600  loss 1.2364  skip 0.20  lr 9.23e-05  depth_std 0.7685
2026-07-28 06:09:15,782 step 1650  loss 0.7087  skip 0.21  lr 9.17e-05  depth_std 1.8352
2026-07-28 06:10:00,322 step 1700  loss 1.4159  skip 0.21  lr 9.11e-05  depth_std 24.4691
2026-07-28 06:10:44,658 step 1750  loss 5.8983  skip 0.22  lr 9.06e-05  depth_std 11.6295
2026-07-28 06:11:28,720 step 1800  loss 2.3903  skip 0.23  lr 9.00e-05  depth_std 14.5914
2026-07-28 06:12:12,658 step 1850  loss 1.4239  skip 0.23  lr 8.94e-05  depth_std 11.9681
2026-07-28 06:12:56,340 step 1900  loss 1.5441  skip 0.24  lr 8.87e-05  depth_std 30.4229
2026-07-28 06:13:39,873 step 1950  loss 1.4871  skip 0.24  lr 8.81e-05  depth_std 18.4466
2026-07-28 06:14:23,132 step 2000  loss 0.6537  skip 0.25  lr 8.74e-05  depth_std 2.1591
2026-07-28 06:15:05,889 step 2050  loss 1.0572  skip 0.26  lr 8.68e-05  depth_std 10.9077
2026-07-28 06:15:48,619 step 2100  loss 0.6813  skip 0.26  lr 8.61e-05  depth_std 26.3218
2026-07-28 06:16:31,080 step 2150  loss 0.9257  skip 0.27  lr 8.54e-05  depth_std 10.2706
2026-07-28 06:17:13,209 step 2200  loss 0.9621  skip 0.28  lr 8.46e-05  depth_std 6.0341
2026-07-28 06:17:55,224 step 2250  loss 1.0248  skip 0.28  lr 8.39e-05  depth_std 4.5329
2026-07-28 06:18:36,902 step 2300  loss 0.8052  skip 0.29  lr 8.32e-05  depth_std 7.8483
2026-07-28 06:19:18,363 step 2350  loss 3.2578  skip 0.29  lr 8.24e-05  depth_std 12.8334
2026-07-28 06:19:59,614 step 2400  loss 0.7493  skip 0.30  lr 8.16e-05  depth_std 20.4578
2026-07-28 06:20:40,511 step 2450  loss 1.1493  skip 0.31  lr 8.08e-05  depth_std 12.4224
2026-07-28 06:21:21,290 step 2500  loss 0.8918  skip 0.31  lr 8.00e-05  depth_std 9.0149
2026-07-28 06:22:01,678 step 2550  loss 0.6782  skip 0.32  lr 7.92e-05  depth_std 0.7978
2026-07-28 06:22:41,921 step 2600  loss 1.4534  skip 0.33  lr 7.84e-05  depth_std 20.5050
2026-07-28 06:23:21,918 step 2650  loss 0.7528  skip 0.33  lr 7.76e-05  depth_std 31.6723
2026-07-28 06:24:01,566 step 2700  loss 3.1722  skip 0.34  lr 7.67e-05  depth_std 7.6793
2026-07-28 06:24:41,066 step 2750  loss 1.4925  skip 0.34  lr 7.59e-05  depth_std 21.1412
2026-07-28 06:25:20,173 step 2800  loss 0.9269  skip 0.35  lr 7.50e-05  depth_std 6.2098
2026-07-28 06:25:59,004 step 2850  loss 0.5831  skip 0.36  lr 7.41e-05  depth_std 8.4945
2026-07-28 06:26:37,774 step 2900  loss 1.1506  skip 0.36  lr 7.32e-05  depth_std 1.9334
2026-07-28 06:27:16,261 step 2950  loss 0.7104  skip 0.37  lr 7.23e-05  depth_std 3.5920
2026-07-28 06:27:54,490 step 3000  loss 2.5467  skip 0.38  lr 7.14e-05  depth_std 3.0619
2026-07-28 06:28:32,506 step 3050  loss 0.9626  skip 0.38  lr 7.05e-05  depth_std 5.1223
2026-07-28 06:29:10,208 step 3100  loss 1.3998  skip 0.39  lr 6.96e-05  depth_std 14.5346
2026-07-28 06:29:47,832 step 3150  loss 1.0271  skip 0.39  lr 6.87e-05  depth_std 14.0214
2026-07-28 06:30:25,241 step 3200  loss 1.0469  skip 0.40  lr 6.77e-05  depth_std 25.5970
2026-07-28 06:31:02,165 step 3250  loss 1.5243  skip 0.41  lr 6.68e-05  depth_std 28.1394
2026-07-28 06:31:38,987 step 3300  loss 1.0168  skip 0.41  lr 6.58e-05  depth_std 12.9351
2026-07-28 06:32:15,485 step 3350  loss 0.5478  skip 0.42  lr 6.49e-05  depth_std 5.8377
2026-07-28 06:32:51,848 step 3400  loss 1.0631  skip 0.42  lr 6.39e-05  depth_std 19.0054
2026-07-28 06:33:27,888 step 3450  loss 1.0426  skip 0.43  lr 6.29e-05  depth_std 28.1486
2026-07-28 06:34:03,576 step 3500  loss 1.3573  skip 0.44  lr 6.20e-05  depth_std 11.2752
2026-07-28 06:34:39,181 step 3550  loss 0.5394  skip 0.44  lr 6.10e-05  depth_std 13.7534
2026-07-28 06:35:14,495 step 3600  loss 0.9190  skip 0.45  lr 6.00e-05  depth_std 2.0301
2026-07-28 06:35:49,508 step 3650  loss 1.4746  skip 0.46  lr 5.90e-05  depth_std 4.0841
2026-07-28 06:36:24,240 step 3700  loss 0.9249  skip 0.46  lr 5.80e-05  depth_std 34.6018
2026-07-28 06:36:58,792 step 3750  loss 0.9684  skip 0.47  lr 5.70e-05  depth_std 1.8736
2026-07-28 06:37:33,645 step 3800  loss 1.6568  skip 0.47  lr 5.60e-05  depth_std 14.8427
2026-07-28 06:38:07,804 step 3850  loss 0.9081  skip 0.48  lr 5.50e-05  depth_std 5.7475
2026-07-28 06:38:41,701 step 3900  loss 0.8452  skip 0.49  lr 5.40e-05  depth_std 6.4367
2026-07-28 06:39:15,268 step 3950  loss 1.1556  skip 0.49  lr 5.30e-05  depth_std 18.1581
2026-07-28 06:39:48,714 step 4000  loss 0.8084  skip 0.50  lr 5.20e-05  depth_std 25.8370
2026-07-28 06:40:21,892 step 4050  loss 3.0198  skip 0.50  lr 5.10e-05  depth_std 8.9316
2026-07-28 06:40:55,193 step 4100  loss 0.5369  skip 0.50  lr 5.00e-05  depth_std 13.1245
2026-07-28 06:41:28,461 step 4150  loss 0.4945  skip 0.50  lr 4.90e-05  depth_std 3.4936
2026-07-28 06:42:01,683 step 4200  loss 0.9899  skip 0.50  lr 4.80e-05  depth_std 16.7423
2026-07-28 06:42:34,987 step 4250  loss 0.9752  skip 0.50  lr 4.70e-05  depth_std 5.1454
2026-07-28 06:43:08,207 step 4300  loss 0.8790  skip 0.50  lr 4.60e-05  depth_std 0.5889
2026-07-28 06:43:41,504 step 4350  loss 1.3653  skip 0.50  lr 4.50e-05  depth_std 23.6983
2026-07-28 06:44:14,719 step 4400  loss 0.6673  skip 0.50  lr 4.40e-05  depth_std 3.7298
2026-07-28 06:44:48,040 step 4450  loss 1.5083  skip 0.50  lr 4.30e-05  depth_std 12.1047
2026-07-28 06:45:21,144 step 4500  loss 1.3519  skip 0.50  lr 4.20e-05  depth_std 5.9439
2026-07-28 06:45:54,369 step 4550  loss 0.6279  skip 0.50  lr 4.10e-05  depth_std 7.4735
2026-07-28 06:46:27,710 step 4600  loss 0.7174  skip 0.50  lr 4.00e-05  depth_std 2.2986
2026-07-28 06:47:00,831 step 4650  loss 1.0255  skip 0.50  lr 3.90e-05  depth_std 19.1376
2026-07-28 06:47:34,086 step 4700  loss 1.0648  skip 0.50  lr 3.80e-05  depth_std 22.6541
2026-07-28 06:48:07,261 step 4750  loss 1.0833  skip 0.50  lr 3.71e-05  depth_std 20.1074
2026-07-28 06:48:40,566 step 4800  loss 0.6033  skip 0.50  lr 3.61e-05  depth_std 1.9846
2026-07-28 06:49:13,852 step 4850  loss 0.5442  skip 0.50  lr 3.51e-05  depth_std 2.0794
2026-07-28 06:49:47,120 step 4900  loss 0.3146  skip 0.50  lr 3.42e-05  depth_std 2.3049
2026-07-28 06:50:20,510 step 4950  loss 1.5727  skip 0.50  lr 3.32e-05  depth_std 4.3339
2026-07-28 06:50:53,840 step 5000  loss 0.7408  skip 0.50  lr 3.23e-05  depth_std 2.8705
2026-07-28 06:51:27,129 step 5050  loss 0.8431  skip 0.50  lr 3.13e-05  depth_std 1.5262
2026-07-28 06:52:00,399 step 5100  loss 0.8484  skip 0.50  lr 3.04e-05  depth_std 24.3810
2026-07-28 06:52:33,657 step 5150  loss 0.5924  skip 0.50  lr 2.95e-05  depth_std 5.3511
2026-07-28 06:53:06,786 step 5200  loss 1.1151  skip 0.50  lr 2.86e-05  depth_std 1.7263
2026-07-28 06:53:40,007 step 5250  loss 2.1914  skip 0.50  lr 2.77e-05  depth_std 2.0551
2026-07-28 06:54:13,202 step 5300  loss 0.8599  skip 0.50  lr 2.68e-05  depth_std 7.5618
2026-07-28 06:54:46,465 step 5350  loss 0.6055  skip 0.50  lr 2.59e-05  depth_std 10.1582
2026-07-28 06:55:19,828 step 5400  loss 1.0331  skip 0.50  lr 2.50e-05  depth_std 18.6296
2026-07-28 06:55:52,913 step 5450  loss 0.7132  skip 0.50  lr 2.41e-05  depth_std 14.4864
2026-07-28 06:56:26,144 step 5500  loss 0.4465  skip 0.50  lr 2.33e-05  depth_std 1.9674
2026-07-28 06:56:59,284 step 5550  loss 2.9911  skip 0.50  lr 2.24e-05  depth_std 32.5296
2026-07-28 06:57:32,534 step 5600  loss 0.5904  skip 0.50  lr 2.16e-05  depth_std 14.3926
2026-07-28 06:58:05,654 step 5650  loss 1.6911  skip 0.50  lr 2.08e-05  depth_std 25.7148
2026-07-28 06:58:38,965 step 5700  loss 0.8997  skip 0.50  lr 2.00e-05  depth_std 27.0977
2026-07-28 06:59:12,311 step 5750  loss 3.2455  skip 0.50  lr 1.92e-05  depth_std 16.6677
2026-07-28 06:59:45,508 step 5800  loss 1.6217  skip 0.50  lr 1.84e-05  depth_std 19.8808
2026-07-28 07:00:18,685 step 5850  loss 0.6564  skip 0.50  lr 1.76e-05  depth_std 19.9729
2026-07-28 07:00:51,989 step 5900  loss 0.5094  skip 0.50  lr 1.68e-05  depth_std 1.3876
2026-07-28 07:01:25,356 step 5950  loss 2.3851  skip 0.50  lr 1.61e-05  depth_std 25.0074
2026-07-28 07:01:58,757 step 6000  loss 5.4297  skip 0.50  lr 1.54e-05  depth_std 18.3858
2026-07-28 07:02:32,036 step 6050  loss 2.0537  skip 0.50  lr 1.46e-05  depth_std 35.2298
2026-07-28 07:03:05,376 step 6100  loss 0.6390  skip 0.50  lr 1.39e-05  depth_std 13.7197
2026-07-28 07:03:38,443 step 6150  loss 0.6025  skip 0.50  lr 1.32e-05  depth_std 7.7905
2026-07-28 07:04:11,554 step 6200  loss 0.6492  skip 0.50  lr 1.26e-05  depth_std 1.4966
2026-07-28 07:04:44,842 step 6250  loss 1.4774  skip 0.50  lr 1.19e-05  depth_std 33.3587
2026-07-28 07:05:18,026 step 6300  loss 1.5347  skip 0.50  lr 1.13e-05  depth_std 9.9522
2026-07-28 07:05:51,397 step 6350  loss 0.3930  skip 0.50  lr 1.06e-05  depth_std 1.1891
2026-07-28 07:06:24,550 step 6400  loss 0.4940  skip 0.50  lr 1.00e-05  depth_std 1.4236
2026-07-28 07:06:57,888 step 6450  loss 0.8912  skip 0.50  lr 9.43e-06  depth_std 18.6043
2026-07-28 07:07:31,121 step 6500  loss 0.9625  skip 0.50  lr 8.85e-06  depth_std 16.4133
2026-07-28 07:08:04,414 step 6550  loss 0.7488  skip 0.50  lr 8.29e-06  depth_std 8.4948
2026-07-28 07:08:37,675 step 6600  loss 0.9689  skip 0.50  lr 7.74e-06  depth_std 28.9087
2026-07-28 07:09:10,900 step 6650  loss 0.5376  skip 0.50  lr 7.21e-06  depth_std 1.9078
2026-07-28 07:09:44,002 step 6700  loss 1.3154  skip 0.50  lr 6.70e-06  depth_std 2.1161
2026-07-28 07:10:17,103 step 6750  loss 1.0880  skip 0.50  lr 6.20e-06  depth_std 31.1457
2026-07-28 07:10:50,283 step 6800  loss 1.7278  skip 0.50  lr 5.73e-06  depth_std 7.3298
2026-07-28 07:11:23,424 step 6850  loss 0.5880  skip 0.50  lr 5.27e-06  depth_std 19.1948
2026-07-28 07:11:56,746 step 6900  loss 1.8505  skip 0.50  lr 4.83e-06  depth_std 25.9754
2026-07-28 07:12:29,888 step 6950  loss 1.2520  skip 0.50  lr 4.41e-06  depth_std 32.7779
2026-07-28 07:13:03,050 step 7000  loss 0.3347  skip 0.50  lr 4.00e-06  depth_std 1.9071
2026-07-28 07:13:36,313 step 7050  loss 1.7826  skip 0.50  lr 3.62e-06  depth_std 33.0299
2026-07-28 07:14:09,602 step 7100  loss 0.6550  skip 0.50  lr 3.25e-06  depth_std 1.3742
2026-07-28 07:14:42,775 step 7150  loss 0.5353  skip 0.50  lr 2.90e-06  depth_std 3.6140
2026-07-28 07:15:16,038 step 7200  loss 0.5202  skip 0.50  lr 2.57e-06  depth_std 5.0144
2026-07-28 07:15:49,377 step 7250  loss 0.9564  skip 0.50  lr 2.26e-06  depth_std 8.5003
2026-07-28 07:16:22,698 step 7300  loss 0.4138  skip 0.50  lr 1.97e-06  depth_std 1.4701
2026-07-28 07:16:55,958 step 7350  loss 0.9444  skip 0.50  lr 1.70e-06  depth_std 32.2678
2026-07-28 07:17:29,152 step 7400  loss 0.9679  skip 0.50  lr 1.45e-06  depth_std 28.4312
2026-07-28 07:18:02,394 step 7450  loss 1.6927  skip 0.50  lr 1.22e-06  depth_std 19.7614
2026-07-28 07:18:35,622 step 7500  loss 2.9749  skip 0.50  lr 1.01e-06  depth_std 16.2025
2026-07-28 07:19:08,765 step 7550  loss 0.4670  skip 0.50  lr 8.19e-07  depth_std 1.9300
2026-07-28 07:19:41,874 step 7600  loss 1.4719  skip 0.50  lr 6.47e-07  depth_std 23.0118
2026-07-28 07:20:14,999 step 7650  loss 1.3640  skip 0.50  lr 4.96e-07  depth_std 24.0332
2026-07-28 07:20:48,136 step 7700  loss 0.4436  skip 0.50  lr 3.65e-07  depth_std 2.2562
2026-07-28 07:21:21,437 step 7750  loss 1.0803  skip 0.50  lr 2.53e-07  depth_std 4.7274
2026-07-28 07:21:54,673 step 7800  loss 0.3602  skip 0.50  lr 1.62e-07  depth_std 0.5195
2026-07-28 07:22:28,006 step 7850  loss 1.5042  skip 0.50  lr 9.12e-08  depth_std 22.3413
2026-07-28 07:23:01,463 step 7900  loss 1.4117  skip 0.50  lr 4.06e-08  depth_std 14.2674
2026-07-28 07:23:34,880 step 7950  loss 1.0153  skip 0.50  lr 1.01e-08  depth_std 19.9581
2026-07-28 07:24:07,790 saved -> work_dirs/arm2-binloss/latest.pt
WARNING: skipping unreadable clip 43813 after retries (image file is truncated)
################ EVAL arm2-binloss — synthetic holdout ################
ckpt=work_dirs/arm2-binloss/latest.pt data=['vkitti2:/home/hyunsu/dataset_ssd/vkitti2', 'tartanair2:/home/hyunsu/dataset_ssd/tartanair_v2', 'pointodyssey:/home/hyunsu/dataset_ssd/pointodyssey'] clips=8929 max=500
tau_on   active%  AbsRel   RMSE     d1      t-delta  OPW     TCE     clipAbsRel(std)  n
---------------------------------------------------------------------------------------
0.05       15.4  0.2735  38.4946  0.5898  0.2010   0.0193  0.0273  0.2720 (0.148)  500

appended -> work_dirs/arm2-binloss/eval.txt
per-clip -> work_dirs/arm2-binloss/scores_holdout.json
################ EVAL arm2-binloss — real unseen ################
ckpt=work_dirs/arm2-binloss/latest.pt data=['tum:/home/hyunsu/dataset_ssd/tum_static', 'bonn:/home/hyunsu/dataset_ssd/bonn/rgbd_bonn_dataset'] clips=488 max=500
tau_on   active%  AbsRel   RMSE     d1      t-delta  OPW     TCE     clipAbsRel(std)  n
---------------------------------------------------------------------------------------
0.05       17.9  0.1386   0.5349  0.8472  0.0426   0.0181  0.0240  0.1383 (0.106)  487 (+1 no-GT)

appended -> work_dirs/arm2-binloss/eval.txt
per-clip -> work_dirs/arm2-binloss/scores_real.json
################ ALL DONE ################
