################ Table 1: activity sweep, synthetic ################
2026-08-18T08:03:38+00:00
ckpt=work_dirs/v9-60k/latest.pt data=['vkitti2:/home/hyunsu/dataset_ssd/vkitti2', 'tartanair2:/home/hyunsu/dataset_ssd/tartanair_v2', 'pointodyssey:/home/hyunsu/dataset_ssd/pointodyssey'] clips=8929 size=256 max=100/source spatial_cache=True temporal_cache=True
tau_on   source        active%  AbsRel   RMSE     d1      t-delta  OPW     TCE     mAbsRel  scale  drift   clipAbsRel(std)  n
-----------------------------------------------------------------------------------------------------------------------------
0        vkitti2        100.0  0.3464  32.7451  0.4045  0.5730   0.0222  0.0301  0.3195  0.776  0.0593  0.3448 (0.195)  100
0        tartanair2     100.0  0.5145   4.2173  0.4792  0.1798   0.0465  0.1116  0.5263  1.623  0.1639  0.5215 (0.313)  100
0        pointodyssey   100.0  0.2328   4.4374  0.6341  0.2736   0.0316  0.0514  0.3367  1.316  0.0442  0.2297 (0.062)  100
0        MEAN(src)      100.0  0.3646  13.7999  0.5059  0.3421   0.0334  0.0644  0.3942  1.239  0.0891  0.3653 (0.190)  300
0        POOLED(px)     100.0  0.3734  18.7968  0.5037  0.3421   0.0339  0.0660  0.3942  1.239  0.0891  0.3653 (0.190)  300
0.005    vkitti2         38.5  0.3606  33.7872  0.3947  0.3539   0.0156  0.0239  0.3312  0.755  0.0334  0.3588 (0.206)  100
0.005    tartanair2     100.0  0.5145   4.2173  0.4792  0.1798   0.0465  0.1116  0.5263  1.623  0.1639  0.5215 (0.313)  100
0.005    pointodyssey    72.0  0.2450   4.5525  0.6085  0.2298   0.0311  0.0513  0.3486  1.384  0.0414  0.2438 (0.056)  100
0.005    MEAN(src)       70.1  0.3734  14.1856  0.4941  0.2545   0.0310  0.0623  0.4020  1.254  0.0796  0.3747 (0.192)  300
0.005    POOLED(px)      70.1  0.3817  19.3821  0.4926  0.2545   0.0316  0.0640  0.4020  1.254  0.0796  0.3747 (0.192)  300
0.01     vkitti2         36.9  0.3617  33.8401  0.3941  0.3553   0.0155  0.0238  0.3323  0.755  0.0315  0.3599 (0.206)  100
0.01     tartanair2      99.8  0.5145   4.2175  0.4791  0.1814   0.0468  0.1120  0.5262  1.623  0.1639  0.5214 (0.313)  100
0.01     pointodyssey    63.0  0.2483   4.5377  0.6005  0.2270   0.0319  0.0521  0.3533  1.404  0.0432  0.2472 (0.057)  100
0.01     MEAN(src)       66.6  0.3749  14.1984  0.4912  0.2546   0.0314  0.0626  0.4039  1.261  0.0795  0.3762 (0.192)  300
0.01     POOLED(px)      66.6  0.3831  19.4103  0.4899  0.2546   0.0319  0.0643  0.4039  1.261  0.0795  0.3762 (0.192)  300
0.02     vkitti2         33.4  0.3621  33.9077  0.3942  0.3541   0.0157  0.0240  0.3323  0.756  0.0313  0.3603 (0.206)  100
0.02     tartanair2      98.7  0.5141   4.2183  0.4781  0.1797   0.0466  0.1118  0.5259  1.625  0.1637  0.5208 (0.313)  100
0.02     pointodyssey    48.6  0.2541   4.5304  0.5916  0.2146   0.0314  0.0519  0.3635  1.441  0.0440  0.2533 (0.059)  100
0.02     MEAN(src)       60.2  0.3768  14.2188  0.4880  0.2495   0.0312  0.0625  0.4072  1.274  0.0796  0.3782 (0.193)  300
0.02     POOLED(px)      60.2  0.3848  19.4473  0.4868  0.2495   0.0317  0.0642  0.4072  1.274  0.0796  0.3782 (0.193)  300
0.05     vkitti2         25.8  0.3619  33.8931  0.3943  0.3115   0.0160  0.0243  0.3316  0.760  0.0325  0.3601 (0.206)  100
0.05     tartanair2      92.1  0.5141   4.2219  0.4774  0.1774   0.0469  0.1121  0.5251  1.632  0.1634  0.5207 (0.313)  100
0.05     pointodyssey    30.8  0.2613   4.5347  0.5746  0.1836   0.0296  0.0503  0.3698  1.471  0.0420  0.2606 (0.062)  100
0.05     MEAN(src)       49.6  0.3791  14.2166  0.4821  0.2242   0.0308  0.0622  0.4088  1.288  0.0793  0.3805 (0.194)  300
0.05     POOLED(px)      49.6  0.3870  19.4398  0.4813  0.2242   0.0314  0.0639  0.4088  1.288  0.0793  0.3805 (0.194)  300
0.1      vkitti2         16.7  0.3645  33.9257  0.3930  0.2526   0.0162  0.0243  0.3358  0.765  0.0309  0.3628 (0.208)  100
0.1      tartanair2      80.9  0.5130   4.2183  0.4817  0.1674   0.0447  0.1099  0.5234  1.656  0.1592  0.5196 (0.311)  100
0.1      pointodyssey    20.1  0.2667   4.5452  0.5674  0.1452   0.0260  0.0471  0.3721  1.484  0.0383  0.2659 (0.062)  100
0.1      MEAN(src)       39.2  0.3814  14.2297  0.4807  0.1884   0.0289  0.0604  0.4105  1.301  0.0761  0.3827 (0.194)  300
0.1      POOLED(px)      39.2  0.3891  19.4583  0.4802  0.1884   0.0295  0.0621  0.4105  1.301  0.0761  0.3827 (0.194)  300
const    vkitti2         16.7  0.8047  49.1259  0.1160  0.0000   0.0000  0.0252  0.8031  1.000  0.0326  0.8031 (0.115)  100
const    tartanair2      80.9  0.4391   4.3224  0.6492  0.0000   0.0000  0.0688  0.4501  1.000  0.1148  0.4501 (0.359)  100
const    pointodyssey    20.1  0.4074   6.5325  0.3070  0.0000   0.0000  0.0283  0.4083  1.000  0.0197  0.4083 (0.057)  100
const    MEAN(src)       39.2  0.5504  19.9936  0.3574  0.0000   0.0000  0.0407  0.5538  1.000  0.0557  0.5538 (0.177)  300
const    POOLED(px)      39.2  0.5454  28.0501  0.3733  0.0000   0.0000  0.0417  0.5538  1.000  0.0557  0.5538 (0.177)  300

appended -> work_dirs/v9-60k/eval.txt
per-clip -> work_dirs/v9-60k/scores_delta.json

################ Table 1b: activity sweep, real ################
2026-08-18T08:07:18+00:00
ckpt=work_dirs/v9-60k/latest.pt data=['tum:/home/hyunsu/dataset_ssd/tum_static', 'bonn:/home/hyunsu/dataset_ssd/bonn/rgbd_bonn_dataset'] clips=488 size=256 max=100/source spatial_cache=True temporal_cache=True
tau_on   source        active%  AbsRel   RMSE     d1      t-delta  OPW     TCE     mAbsRel  scale  drift   clipAbsRel(std)  n
-----------------------------------------------------------------------------------------------------------------------------
0        tum            100.0  0.1399   0.8087  0.8469  0.0864   0.0197  0.0303  0.1618  1.053  0.0092  0.1367 (0.132)  89
0        bonn           100.0  0.1707   0.4065  0.8279  0.0680   0.0254  0.0301  0.1802  0.991  0.0290  0.1729 (0.137)  100
0        MEAN(src)      100.0  0.1553   0.6076  0.8374  0.0772   0.0226  0.0302  0.1710  1.022  0.0191  0.1548 (0.134)  189
0        POOLED(px)     100.0  0.1582   0.6031  0.8356  0.0767   0.0231  0.0302  0.1715  1.020  0.0197  0.1559 (0.135)  189
0.005    tum             94.9  0.1396   0.8073  0.8470  0.0991   0.0205  0.0310  0.1615  1.053  0.0092  0.1364 (0.132)  89
0.005    bonn            97.6  0.1707   0.4066  0.8277  0.0682   0.0256  0.0303  0.1803  0.991  0.0289  0.1729 (0.137)  100
0.005    MEAN(src)       96.2  0.1552   0.6070  0.8373  0.0836   0.0230  0.0307  0.1709  1.022  0.0191  0.1547 (0.134)  189
0.005    POOLED(px)      96.3  0.1581   0.6024  0.8355  0.0827   0.0235  0.0306  0.1714  1.020  0.0196  0.1557 (0.135)  189
0.01     tum             82.8  0.1393   0.8075  0.8471  0.1167   0.0213  0.0319  0.1612  1.054  0.0093  0.1360 (0.131)  89
0.01     bonn            96.5  0.1708   0.4068  0.8274  0.0680   0.0255  0.0302  0.1804  0.991  0.0288  0.1730 (0.137)  100
0.01     MEAN(src)       89.6  0.1550   0.6071  0.8373  0.0924   0.0234  0.0311  0.1708  1.023  0.0191  0.1545 (0.134)  189
0.01     POOLED(px)      90.0  0.1580   0.6026  0.8354  0.0909   0.0238  0.0309  0.1713  1.021  0.0196  0.1556 (0.134)  189
0.02     tum             56.9  0.1371   0.7980  0.8474  0.1307   0.0236  0.0342  0.1591  1.055  0.0096  0.1340 (0.129)  89
0.02     bonn            91.1  0.1718   0.4087  0.8257  0.0681   0.0260  0.0307  0.1813  0.990  0.0289  0.1740 (0.137)  100
0.02     MEAN(src)       74.0  0.1545   0.6033  0.8365  0.0994   0.0248  0.0325  0.1702  1.023  0.0193  0.1540 (0.133)  189
0.02     POOLED(px)      75.0  0.1577   0.5982  0.8345  0.0976   0.0250  0.0322  0.1709  1.021  0.0198  0.1552 (0.133)  189
0.05     tum             19.7  0.1321   0.7685  0.8426  0.0935   0.0225  0.0333  0.1530  1.058  0.0104  0.1293 (0.113)  89
0.05     bonn            44.7  0.1869   0.4440  0.8098  0.0567   0.0262  0.0314  0.1907  1.001  0.0306  0.1893 (0.151)  100
0.05     MEAN(src)       32.2  0.1595   0.6063  0.8262  0.0751   0.0243  0.0323  0.1719  1.029  0.0205  0.1593 (0.132)  189
0.05     POOLED(px)      32.9  0.1647   0.5975  0.8231  0.0741   0.0246  0.0322  0.1729  1.028  0.0211  0.1610 (0.133)  189
0.1      tum              3.5  0.1414   0.8111  0.8388  0.0308   0.0177  0.0288  0.1611  1.055  0.0103  0.1381 (0.122)  89
0.1      bonn            10.7  0.2092   0.5141  0.7823  0.0289   0.0264  0.0324  0.2203  0.990  0.0338  0.2118 (0.159)  100
0.1      MEAN(src)        7.1  0.1753   0.6626  0.8106  0.0299   0.0220  0.0306  0.1907  1.023  0.0221  0.1750 (0.140)  189
0.1      POOLED(px)       7.3  0.1817   0.6513  0.8053  0.0298   0.0228  0.0309  0.1924  1.021  0.0228  0.1771 (0.142)  189
const    tum              3.5  0.2543   1.6094  0.6209  0.0000   0.0000  0.0147  0.2530  1.000  0.0091  0.2530 (0.081)  89
const    bonn            10.7  0.4620   0.9272  0.5704  0.0000   0.0000  0.0117  0.4670  1.000  0.0339  0.4670 (0.295)  100
const    MEAN(src)        7.1  0.3581   1.2683  0.5957  0.0000   0.0000  0.0132  0.3600  1.000  0.0215  0.3600 (0.188)  189
const    POOLED(px)       7.3  0.3776   1.2500  0.5909  0.0000   0.0000  0.0130  0.3662  1.000  0.0222  0.3662 (0.194)  189

appended -> work_dirs/v9-60k/eval.txt
per-clip -> work_dirs/v9-60k/scores_delta.json

################ Table 4: token-drop control ################
2026-08-18T08:09:32+00:00
Traceback (most recent call last):
  File "/workspace/SOKKANAEM/scripts/eval.py", line 215, in <module>
    main()
  File "/workspace/SOKKANAEM/scripts/eval.py", line 122, in main
    model = from_checkpoint(args.ckpt, dev, **kw).eval()
            ^^^^^^^^^^^^^^^^^^^^^^^^^^^^^^^^^^^^^
  File "/workspace/SOKKANAEM/sokkanaem/model.py", line 641, in from_checkpoint
    model = SOKKANAEM(**kw).to(device)
            ^^^^^^^^^^^^^^^
  File "/workspace/SOKKANAEM/sokkanaem/model.py", line 390, in __init__
    assert not (temporal_cache and gate_mode == "drop"), \
           ^^^^^^^^^^^^^^^^^^^^^^^^^^^^^^^^^^^^^^^^^^^^
AssertionError: the drop ablation needs the dense readout path to compare against
PAPER TABLES DONE
2026-08-18T08:09:33+00:00
