
################ gate_mode=delta ################
2026-08-18T08:10:21+00:00
ckpt=work_dirs/v9-60k/latest.pt data=['vkitti2:/home/hyunsu/dataset_ssd/vkitti2', 'tartanair2:/home/hyunsu/dataset_ssd/tartanair_v2', 'pointodyssey:/home/hyunsu/dataset_ssd/pointodyssey'] clips=8929 size=256 max=100/source spatial_cache=True temporal_cache=False
tau_on   source        active%  AbsRel   RMSE     d1      t-delta  OPW     TCE     mAbsRel  scale  drift   clipAbsRel(std)  n
-----------------------------------------------------------------------------------------------------------------------------
0.05     vkitti2         25.8  0.3619  33.8927  0.3943  0.3123   0.0160  0.0243  0.3315  0.760  0.0325  0.3601 (0.206)  100
0.05     tartanair2      92.1  0.5142   4.2220  0.4773  0.1776   0.0469  0.1121  0.5251  1.633  0.1634  0.5208 (0.313)  100
0.05     pointodyssey    30.8  0.2612   4.5336  0.5748  0.1852   0.0296  0.0503  0.3699  1.471  0.0420  0.2606 (0.062)  100
0.05     MEAN(src)       49.6  0.3791  14.2161  0.4821  0.2251   0.0309  0.0622  0.4088  1.288  0.0793  0.3805 (0.194)  300
0.05     POOLED(px)      49.6  0.3870  19.4395  0.4813  0.2251   0.0314  0.0639  0.4088  1.288  0.0793  0.3805 (0.194)  300

appended -> work_dirs/v9-60k/eval.txt
per-clip -> work_dirs/v9-60k/scores_paper-delta.json

################ gate_mode=drop ################
2026-08-18T08:10:58+00:00
ckpt=work_dirs/v9-60k/latest.pt data=['vkitti2:/home/hyunsu/dataset_ssd/vkitti2', 'tartanair2:/home/hyunsu/dataset_ssd/tartanair_v2', 'pointodyssey:/home/hyunsu/dataset_ssd/pointodyssey'] clips=8929 size=256 max=100/source spatial_cache=True temporal_cache=False
tau_on   source        active%  AbsRel   RMSE     d1      t-delta  OPW     TCE     mAbsRel  scale  drift   clipAbsRel(std)  n
-----------------------------------------------------------------------------------------------------------------------------
0.05     vkitti2         25.8  0.3620  33.1723  0.3956  0.4041   0.0195  0.0276  0.3258  0.794  0.0476  0.3603 (0.202)  100
0.05     tartanair2      92.1  0.5143   4.2239  0.4787  0.1821   0.0489  0.1140  0.5245  1.625  0.1644  0.5210 (0.313)  100
0.05     pointodyssey    30.8  0.2549   4.5562  0.5855  0.2191   0.0325  0.0529  0.3615  1.410  0.0453  0.2537 (0.064)  100
0.05     MEAN(src)       49.6  0.3771  13.9842  0.4866  0.2684   0.0337  0.0649  0.4039  1.276  0.0858  0.3783 (0.193)  300
0.05     POOLED(px)      49.6  0.3851  19.0425  0.4856  0.2684   0.0342  0.0665  0.4039  1.276  0.0858  0.3783 (0.193)  300

appended -> work_dirs/v9-60k/eval.txt
per-clip -> work_dirs/v9-60k/scores_paper-drop.json
DROP ABLATION DONE
2026-08-18T08:11:31+00:00
