[2026-08-29T01:40:47+09:00] === probe probe-cur-s0 (dim 192 depth 4 d_state 16) ===
2026-08-29 01:40:47,989 work dir: work_dirs/probe-cur-s0  seed 0  commit 1d4d01a6
2026-08-29 01:40:48,489 mixed dataset: 256 clips from 2 sources (size 256)
2026-08-29 01:40:50,217 step    0  loss 21.4143  skip 0.00  lr 3.00e-07  depth_std 0.0027
2026-08-29 01:41:16,738 step   50  loss 17.3823  skip 0.00  lr 1.53e-05  depth_std 0.0069
2026-08-29 01:41:43,787 step  100  loss 4.0974  skip 0.00  lr 3.03e-05  depth_std 1.0491
2026-08-29 01:42:10,675 step  150  loss 2.4700  skip 0.00  lr 4.53e-05  depth_std 0.5450
2026-08-29 01:42:37,866 step  200  loss 1.9028  skip 0.00  lr 6.03e-05  depth_std 0.8044
2026-08-29 01:43:04,498 step  250  loss 1.7326  skip 0.00  lr 7.53e-05  depth_std 0.8224
2026-08-29 01:43:31,753 step  300  loss 1.5307  skip 0.00  lr 9.03e-05  depth_std 0.8440
2026-08-29 01:43:58,813 step  350  loss 1.5185  skip 0.00  lr 1.05e-04  depth_std 0.7638
2026-08-29 01:44:25,833 step  400  loss 1.5573  skip 0.00  lr 1.20e-04  depth_std 0.6796
2026-08-29 01:44:52,804 step  450  loss 1.9172  skip 0.00  lr 1.35e-04  depth_std 0.7949
2026-08-29 01:45:19,384 step  500  loss 1.2661  skip 0.00  lr 1.50e-04  depth_std 0.7892
2026-08-29 01:45:46,724 step  550  loss 1.4724  skip 0.00  lr 1.65e-04  depth_std 0.7291
2026-08-29 01:46:13,671 step  600  loss 2.0923  skip 0.00  lr 1.80e-04  depth_std 0.8912
2026-08-29 01:46:40,730 step  650  loss 1.4191  skip 0.00  lr 1.95e-04  depth_std 0.6973
2026-08-29 01:47:07,310 step  700  loss 1.4291  skip 0.00  lr 2.10e-04  depth_std 1.2891
2026-08-29 01:47:34,355 step  750  loss 2.0888  skip 0.00  lr 2.25e-04  depth_std 0.7216
2026-08-29 01:48:01,391 step  800  loss 1.8225  skip 0.00  lr 2.40e-04  depth_std 1.1546
2026-08-29 01:48:28,366 step  850  loss 1.2162  skip 0.00  lr 2.55e-04  depth_std 1.2027
2026-08-29 01:48:55,460 step  900  loss 1.3716  skip 0.00  lr 2.70e-04  depth_std 0.9275
2026-08-29 01:49:22,087 step  950  loss 1.7567  skip 0.00  lr 2.85e-04  depth_std 1.1406
2026-08-29 01:49:49,193 step 1000  loss 2.1886  skip 0.00  lr 3.00e-04  depth_std 0.9831
2026-08-29 01:50:16,844 step 1050  loss 1.2213  skip 0.00  lr 3.00e-04  depth_std 0.7244
2026-08-29 01:50:45,590 step 1100  loss 1.1479  skip 0.00  lr 2.98e-04  depth_std 1.1555
2026-08-29 01:51:15,453 step 1150  loss 1.5110  skip 0.00  lr 2.96e-04  depth_std 1.3270
2026-08-29 01:51:45,611 step 1200  loss 1.0935  skip 0.00  lr 2.93e-04  depth_std 1.0781
2026-08-29 01:52:16,389 step 1250  loss 1.1355  skip 0.00  lr 2.89e-04  depth_std 1.6119
2026-08-29 01:52:47,254 step 1300  loss 1.4325  skip 0.00  lr 2.84e-04  depth_std 1.1466
2026-08-29 01:53:19,401 step 1350  loss 1.0988  skip 0.00  lr 2.78e-04  depth_std 1.1231
2026-08-29 01:53:49,291 step 1400  loss 0.8467  skip 0.00  lr 2.71e-04  depth_std 1.0320
2026-08-29 01:54:19,795 step 1450  loss 0.8451  skip 0.00  lr 2.64e-04  depth_std 0.9364
2026-08-29 01:54:50,898 step 1500  loss 0.9124  skip 0.00  lr 2.56e-04  depth_std 1.1091
2026-08-29 01:55:24,369 step 1550  loss 0.6939  skip 0.00  lr 2.47e-04  depth_std 0.5623
2026-08-29 01:55:55,371 step 1600  loss 0.9718  skip 0.00  lr 2.38e-04  depth_std 1.8037
2026-08-29 01:56:25,676 step 1650  loss 0.9727  skip 0.00  lr 2.28e-04  depth_std 0.8848
2026-08-29 01:56:56,660 step 1700  loss 1.0287  skip 0.00  lr 2.18e-04  depth_std 1.1011
2026-08-29 01:57:25,796 step 1750  loss 0.7207  skip 0.00  lr 2.07e-04  depth_std 0.8981
2026-08-29 01:57:53,650 step 1800  loss 0.9030  skip 0.00  lr 1.96e-04  depth_std 1.7374
2026-08-29 01:58:20,536 step 1850  loss 0.7001  skip 0.00  lr 1.85e-04  depth_std 1.1485
2026-08-29 01:58:48,319 step 1900  loss 0.7296  skip 0.00  lr 1.73e-04  depth_std 1.0011
2026-08-29 01:59:15,550 step 1950  loss 0.9789  skip 0.00  lr 1.62e-04  depth_std 1.6886
2026-08-29 01:59:42,897 step 2000  loss 0.7799  skip 0.00  lr 1.50e-04  depth_std 1.0956
2026-08-29 02:00:09,974 step 2050  loss 0.7413  skip 0.00  lr 1.38e-04  depth_std 0.7414
2026-08-29 02:00:36,547 step 2100  loss 0.5680  skip 0.00  lr 1.27e-04  depth_std 0.8855
2026-08-29 02:01:03,553 step 2150  loss 0.6635  skip 0.00  lr 1.15e-04  depth_std 0.5104
2026-08-29 02:01:30,753 step 2200  loss 0.5803  skip 0.00  lr 1.04e-04  depth_std 1.0430
2026-08-29 02:01:58,031 step 2250  loss 0.7559  skip 0.00  lr 9.26e-05  depth_std 0.7668
2026-08-29 02:02:24,591 step 2300  loss 0.5643  skip 0.00  lr 8.19e-05  depth_std 0.9646
2026-08-29 02:02:51,590 step 2350  loss 0.5302  skip 0.00  lr 7.16e-05  depth_std 0.8559
2026-08-29 02:03:18,625 step 2400  loss 0.8488  skip 0.00  lr 6.18e-05  depth_std 1.5088
2026-08-29 02:03:45,829 step 2450  loss 0.7512  skip 0.00  lr 5.26e-05  depth_std 1.4712
2026-08-29 02:04:13,090 step 2500  loss 0.7477  skip 0.00  lr 4.39e-05  depth_std 1.6671
2026-08-29 02:04:39,598 step 2550  loss 0.5667  skip 0.00  lr 3.59e-05  depth_std 0.7546
2026-08-29 02:05:06,922 step 2600  loss 0.5994  skip 0.00  lr 2.86e-05  depth_std 1.0356
2026-08-29 02:05:34,270 step 2650  loss 0.5877  skip 0.00  lr 2.21e-05  depth_std 1.2392
2026-08-29 02:06:01,287 step 2700  loss 0.4874  skip 0.00  lr 1.63e-05  depth_std 0.6546
2026-08-29 02:06:27,848 step 2750  loss 0.5795  skip 0.00  lr 1.14e-05  depth_std 1.3404
2026-08-29 02:06:55,258 step 2800  loss 0.5811  skip 0.00  lr 7.34e-06  depth_std 1.2731
2026-08-29 02:07:22,744 step 2850  loss 0.6108  skip 0.00  lr 4.14e-06  depth_std 1.1367
2026-08-29 02:07:50,239 step 2900  loss 0.5118  skip 0.00  lr 1.85e-06  depth_std 1.1060
2026-08-29 02:08:17,308 step 2950  loss 0.5807  skip 0.00  lr 4.62e-07  depth_std 1.2321
2026-08-29 02:08:43,380 saved -> work_dirs/probe-cur-s0/latest.pt
[2026-08-29T02:08:43+09:00] --- fit scores probe-cur-s0 ---

probe-cur-s0 (fit)
    source       absrel  absrel_near  absrel_edge   grad_ratio  boundary_f1 boundary_precision boundary_recall      flat_tv   flat_tv_gt flat_tv_ratio    overshoot
       tum       0.1387       0.1498       0.2016       0.1229       0.1671       0.3435       0.1155       0.0340       0.0038       9.1584       0.1454
      bonn       0.1195       0.3172       0.1516       0.3828       0.2928       0.4490       0.2490       0.0392       0.0054    1469.5880       0.4328
  balanced       0.1291       0.2335       0.1766       0.2528       0.2299       0.3962       0.1822       0.0366       0.0046     739.3732       0.2891

grad_ratio alone is buyable: read it with boundary_f1 (blur loses recall, noise loses precision), flat_tv_ratio (noise) and overshoot (ringing).
[2026-08-29T02:08:57+09:00] === probe probe-m0-s0 (dim 256 depth 6 d_state 24) ===
2026-08-29 02:08:57,644 work dir: work_dirs/probe-m0-s0  seed 0  commit 1d4d01a6
2026-08-29 02:08:58,141 mixed dataset: 256 clips from 2 sources (size 256)
2026-08-29 02:09:01,628 step    0  loss 20.3773  skip 0.00  lr 3.00e-07  depth_std 0.0091
2026-08-29 02:10:39,565 step   50  loss 11.4574  skip 0.00  lr 1.53e-05  depth_std 0.0464
2026-08-29 02:12:18,046 step  100  loss 4.2994  skip 0.00  lr 3.03e-05  depth_std 1.1276
2026-08-29 02:13:56,454 step  150  loss 4.7561  skip 0.00  lr 4.53e-05  depth_std 2.0880
2026-08-29 02:15:34,880 step  200  loss 3.0178  skip 0.00  lr 6.03e-05  depth_std 0.8206
2026-08-29 02:17:12,856 step  250  loss 1.7290  skip 0.00  lr 7.53e-05  depth_std 0.7064
2026-08-29 02:18:51,279 step  300  loss 1.6304  skip 0.00  lr 9.03e-05  depth_std 0.7963
2026-08-29 02:20:29,734 step  350  loss 1.4142  skip 0.00  lr 1.05e-04  depth_std 0.6844
2026-08-29 02:22:08,121 step  400  loss 1.7730  skip 0.00  lr 1.20e-04  depth_std 0.8556
2026-08-29 02:23:46,466 step  450  loss 1.4885  skip 0.00  lr 1.35e-04  depth_std 0.5077
2026-08-29 02:25:24,431 step  500  loss 1.2423  skip 0.00  lr 1.50e-04  depth_std 0.6819
2026-08-29 02:27:03,008 step  550  loss 1.2745  skip 0.00  lr 1.65e-04  depth_std 0.7457
2026-08-29 02:28:41,645 step  600  loss 1.4877  skip 0.00  lr 1.80e-04  depth_std 0.5333
2026-08-29 02:30:20,354 step  650  loss 2.3414  skip 0.00  lr 1.95e-04  depth_std 0.6081
2026-08-29 02:31:58,379 step  700  loss 1.3395  skip 0.00  lr 2.10e-04  depth_std 0.6904
2026-08-29 02:33:37,122 step  750  loss 1.1666  skip 0.00  lr 2.25e-04  depth_std 0.7168
2026-08-29 02:35:15,560 step  800  loss 1.6258  skip 0.00  lr 2.40e-04  depth_std 0.6499
2026-08-29 02:36:54,143 step  850  loss 1.1618  skip 0.00  lr 2.55e-04  depth_std 0.5891
2026-08-29 02:38:33,103 step  900  loss 1.2936  skip 0.00  lr 2.70e-04  depth_std 0.8201
2026-08-29 02:40:11,084 step  950  loss 1.6963  skip 0.00  lr 2.85e-04  depth_std 0.3874
2026-08-29 02:41:49,878 step 1000  loss 1.2646  skip 0.00  lr 3.00e-04  depth_std 0.8032
2026-08-29 02:43:28,612 step 1050  loss 1.3531  skip 0.00  lr 3.00e-04  depth_std 0.6024
2026-08-29 02:45:07,214 step 1100  loss 1.3969  skip 0.00  lr 2.98e-04  depth_std 0.7285
2026-08-29 02:46:45,290 step 1150  loss 1.4229  skip 0.00  lr 2.96e-04  depth_std 0.9696
2026-08-29 02:48:23,873 step 1200  loss 1.3521  skip 0.00  lr 2.93e-04  depth_std 0.6669
2026-08-29 02:50:02,522 step 1250  loss 1.0271  skip 0.00  lr 2.89e-04  depth_std 0.9613
2026-08-29 02:51:41,291 step 1300  loss 1.6719  skip 0.00  lr 2.84e-04  depth_std 0.9637
2026-08-29 02:53:19,965 step 1350  loss 1.0702  skip 0.00  lr 2.78e-04  depth_std 0.7469
2026-08-29 02:54:58,038 step 1400  loss 1.1120  skip 0.00  lr 2.71e-04  depth_std 0.5966
2026-08-29 02:56:36,844 step 1450  loss 1.3709  skip 0.00  lr 2.64e-04  depth_std 1.3388
2026-08-29 02:58:15,647 step 1500  loss 1.6571  skip 0.00  lr 2.56e-04  depth_std 0.8539
2026-08-29 02:59:54,346 step 1550  loss 1.4836  skip 0.00  lr 2.47e-04  depth_std 0.7881
2026-08-29 03:01:32,939 step 1600  loss 1.4361  skip 0.00  lr 2.38e-04  depth_std 0.7307
2026-08-29 03:03:10,962 step 1650  loss 1.3108  skip 0.00  lr 2.28e-04  depth_std 1.0109
2026-08-29 03:04:49,514 step 1700  loss 1.1653  skip 0.00  lr 2.18e-04  depth_std 1.7624
2026-08-29 03:06:27,775 step 1750  loss 0.9102  skip 0.00  lr 2.07e-04  depth_std 0.9250
2026-08-29 03:08:06,457 step 1800  loss 0.8128  skip 0.00  lr 1.96e-04  depth_std 1.2752
2026-08-29 03:09:44,503 step 1850  loss 0.8668  skip 0.00  lr 1.85e-04  depth_std 1.5125
2026-08-29 03:11:23,206 step 1900  loss 0.6632  skip 0.00  lr 1.73e-04  depth_std 1.3253
2026-08-29 03:13:01,869 step 1950  loss 0.8584  skip 0.00  lr 1.62e-04  depth_std 0.7138
2026-08-29 03:14:40,648 step 2000  loss 0.9811  skip 0.00  lr 1.50e-04  depth_std 1.1553
2026-08-29 03:16:18,940 step 2050  loss 0.7996  skip 0.00  lr 1.38e-04  depth_std 0.6527
2026-08-29 03:17:57,043 step 2100  loss 0.7642  skip 0.00  lr 1.27e-04  depth_std 1.8619
2026-08-29 03:19:35,522 step 2150  loss 0.8309  skip 0.00  lr 1.15e-04  depth_std 1.2168
2026-08-29 03:21:14,089 step 2200  loss 0.8277  skip 0.00  lr 1.04e-04  depth_std 1.3593
2026-08-29 03:22:53,052 step 2250  loss 0.7296  skip 0.00  lr 9.26e-05  depth_std 0.7929
2026-08-29 03:24:31,069 step 2300  loss 0.7434  skip 0.00  lr 8.19e-05  depth_std 1.3712
2026-08-29 03:26:09,810 step 2350  loss 0.6923  skip 0.00  lr 7.16e-05  depth_std 1.3538
2026-08-29 03:27:48,559 step 2400  loss 0.7330  skip 0.00  lr 6.18e-05  depth_std 1.3627
2026-08-29 03:29:27,157 step 2450  loss 0.7164  skip 0.00  lr 5.26e-05  depth_std 1.3194
2026-08-29 03:31:05,458 step 2500  loss 0.5971  skip 0.00  lr 4.39e-05  depth_std 0.8807
2026-08-29 03:32:43,515 step 2550  loss 0.6725  skip 0.00  lr 3.59e-05  depth_std 1.4377
2026-08-29 03:34:22,130 step 2600  loss 0.5834  skip 0.00  lr 2.86e-05  depth_std 1.4056
2026-08-29 03:36:00,805 step 2650  loss 0.5530  skip 0.00  lr 2.21e-05  depth_std 1.4224
2026-08-29 03:37:39,320 step 2700  loss 0.6309  skip 0.00  lr 1.63e-05  depth_std 0.9546
2026-08-29 03:39:17,403 step 2750  loss 0.5758  skip 0.00  lr 1.14e-05  depth_std 1.3164
2026-08-29 03:40:55,987 step 2800  loss 0.6144  skip 0.00  lr 7.34e-06  depth_std 1.3808
2026-08-29 03:42:34,915 step 2850  loss 0.5350  skip 0.00  lr 4.14e-06  depth_std 0.7612
2026-08-29 03:44:13,456 step 2900  loss 0.5299  skip 0.00  lr 1.85e-06  depth_std 0.8685
2026-08-29 03:45:52,305 step 2950  loss 0.5269  skip 0.00  lr 4.62e-07  depth_std 0.7503
2026-08-29 03:47:28,493 saved -> work_dirs/probe-m0-s0/latest.pt
[2026-08-29T03:47:28+09:00] --- fit scores probe-m0-s0 ---

probe-m0-s0 (fit)
    source       absrel   absrel_dyn  absrel_near  absrel_edge   grad_ratio  boundary_f1 boundary_precision boundary_recall      flat_tv   flat_tv_gt flat_tv_ratio    overshoot
       tum       0.1703       0.2235       0.2745       0.2077       0.1196       0.1351       0.3195       0.0896       0.0345       0.0038       9.3142       0.2357
      bonn       0.1212       0.2482       0.3269       0.1426       0.3558       0.2631       0.4549       0.2201       0.0370       0.0054    1455.2341       0.4287
  balanced       0.1457       0.2359       0.3007       0.1751       0.2377       0.1991       0.3872       0.1549       0.0358       0.0046     732.2742       0.3322

grad_ratio alone is buyable: read it with boundary_f1 (blur loses recall, noise loses precision), flat_tv_ratio (noise) and overshoot (ringing).
[2026-08-29T03:47:45+09:00] capacity probe done
