
ours b3 (256-trained) @384
    source       absrel   absrel_dyn  absrel_near  absrel_edge   grad_ratio  boundary_f1 boundary_precision boundary_recall      flat_tv   flat_tv_gt flat_tv_ratio    overshoot
       tum       0.1288       0.2733       0.2342       0.1616       0.6600       0.5140       0.7406       0.4284       0.0329       0.0000   32842.4456       0.4246
      bonn       0.1242       0.1927       0.2476       0.1301       0.5131       0.3054       0.5812       0.2542       0.0349       0.0032   14521.0525       0.6216
  balanced       0.1265       0.2330       0.2409       0.1458       0.5865       0.4097       0.6609       0.3413       0.0339       0.0016   23681.7491       0.5231

grad_ratio alone is buyable: read it with boundary_f1 (blur loses recall, noise loses precision), flat_tv_ratio (noise) and overshoot (ringing).

ours a1 (384-trained) @384
    source       absrel   absrel_dyn  absrel_near  absrel_edge   grad_ratio  boundary_f1 boundary_precision boundary_recall      flat_tv   flat_tv_gt flat_tv_ratio    overshoot
       tum       0.1249       0.2779       0.2312       0.1576       0.6063       0.4980       0.7342       0.4078       0.0298       0.0000   29754.5693       0.3786
      bonn       0.1229       0.1944       0.2526       0.1309       0.4748       0.2776       0.5702       0.2244       0.0282       0.0032   13871.4815       0.6004
  balanced       0.1239       0.2361       0.2419       0.1443       0.5406       0.3878       0.6522       0.3161       0.0290       0.0016   21813.0254       0.4895

grad_ratio alone is buyable: read it with boundary_f1 (blur loses recall, noise loses precision), flat_tv_ratio (noise) and overshoot (ringing).
Warning: You are sending unauthenticated requests to the HF Hub. Please set a HF_TOKEN to enable higher rate limits and faster downloads.
Loading weights:   0%|          | 0/287 [00:00<?, ?it/s]Loading weights: 100%|██████████| 287/287 [00:00<00:00, 23844.02it/s]

DA2-small @384
    source       absrel   absrel_dyn  absrel_near  absrel_edge   grad_ratio  boundary_f1 boundary_precision boundary_recall      flat_tv   flat_tv_gt flat_tv_ratio    overshoot
       tum       0.3197       0.5253       0.6390       0.3974       0.6136       0.6258       0.7318       0.5623       0.0242       0.0000   24163.5668       0.3344
      bonn       0.0581       0.0703       0.0849       0.0742       0.6772       0.4494       0.7163       0.3823       0.0325       0.0032   11407.3474       0.4140
  balanced       0.1889       0.2978       0.3619       0.2358       0.6454       0.5376       0.7240       0.4723       0.0283       0.0016   17785.4571       0.3742

grad_ratio alone is buyable: read it with boundary_f1 (blur loses recall, noise loses precision), flat_tv_ratio (noise) and overshoot (ringing).
Warning: You are sending unauthenticated requests to the HF Hub. Please set a HF_TOKEN to enable higher rate limits and faster downloads.
Loading weights:   0%|          | 0/458 [00:00<?, ?it/s]Loading weights: 100%|██████████| 458/458 [00:00<00:00, 20972.44it/s]
[transformers] [1mDPTForDepthEstimation LOAD REPORT[0m from: Intel/dpt-large
Key                                                            | Status  | 
---------------------------------------------------------------+---------+-
neck.fusion_stage.layers.0.residual_layer1.convolution1.bias   | MISSING | 
neck.fusion_stage.layers.0.residual_layer1.convolution2.weight | MISSING | 
neck.fusion_stage.layers.0.residual_layer1.convolution1.weight | MISSING | 
neck.fusion_stage.layers.0.residual_layer1.convolution2.bias   | MISSING | 

Notes:
- MISSING:	those params were newly initialized because missing from the checkpoint. Consider training on your downstream task.

DPT-Large @384
    source       absrel   absrel_dyn  absrel_near  absrel_edge   grad_ratio  boundary_f1 boundary_precision boundary_recall      flat_tv   flat_tv_gt flat_tv_ratio    overshoot
       tum       0.1116       0.1003       0.0860       0.2167       0.4094       0.4503       0.7195       0.3370       0.0176       0.0000   17523.6565       0.3541
      bonn       0.0623       0.0667       0.0696       0.0826       0.4324       0.3009       0.7012       0.2183       0.0240       0.0032    9378.8534       0.4409
  balanced       0.0869       0.0835       0.0778       0.1496       0.4209       0.3756       0.7104       0.2777       0.0208       0.0016   13451.2550       0.3975

grad_ratio alone is buyable: read it with boundary_f1 (blur loses recall, noise loses precision), flat_tv_ratio (noise) and overshoot (ringing).
=== 384-scoring protocol ===
arm                                      absrel         absrel_dyn        absrel_near        absrel_edge         grad_ratio        boundary_f1 boundary_precision    boundary_recall            flat_tv         flat_tv_gt      flat_tv_ratio          overshoot
ours b3 (256-trained) @384               0.1265             0.2330             0.2409             0.1458             0.5865             0.4097             0.6609             0.3413             0.0339             0.0016         23681.7491             0.5231
ours a1 (384-trained) @384               0.1239             0.2361             0.2419             0.1443             0.5406             0.3878             0.6522             0.3161             0.0290             0.0016         21813.0254             0.4895
DA2-small @384                           0.1889             0.2978             0.3619             0.2358             0.6454             0.5376             0.7240             0.4723             0.0283             0.0016         17785.4571             0.3742
DPT-Large @384                           0.0869             0.0835             0.0778             0.1496             0.4209             0.3756             0.7104             0.2777             0.0208             0.0016         13451.2550             0.3975
[2026-08-30T21:05:43+09:00] proto384 done
