[2026-09-03T09:31:59+09:00] attempt 1
2026-09-03 09:32:00,366 work dir: work_dirs/m0-distil-60k-s0  seed 0  commit b751d365
2026-09-03 09:32:01,770 HTTP Request: HEAD https://huggingface.co/depth-anything/Depth-Anything-V2-Small-hf/resolve/main/config.json "HTTP/1.1 307 Temporary Redirect"
2026-09-03 09:32:01,839 HTTP Request: HEAD https://huggingface.co/api/resolve-cache/models/depth-anything/Depth-Anything-V2-Small-hf/5426e4f0f36572d16453bbda7a8389317b1bef99/config.json "HTTP/1.1 200 OK"
Loading weights:   0%|          | 0/287 [00:00<?, ?it/s]Loading weights: 100%|██████████| 287/287 [00:00<00:00, 19084.67it/s]
2026-09-03 09:32:02,611 Q teacher: work_dirs/q0-calib-s0/latest.pt (24.8M, frozen)
2026-09-03 09:32:02,777 resumed from work_dirs/m0-distil-60k-s0/latest.pt at step 50000
2026-09-03 09:32:03,656 mixed dataset: 208720 clips from 5 sources (size 256)
2026-09-03 09:32:07,620 step 50000  loss 6.4763  skip 0.50  lr 2.15e-05  depth_std 1.7834
2026-09-03 09:34:17,226 step 50050  loss 9.3505  skip 0.50  lr 2.13e-05  depth_std 1.9992
2026-09-03 09:36:27,434 step 50100  loss 9.1222  skip 0.50  lr 2.11e-05  depth_std 2.0531
2026-09-03 09:38:36,978 step 50150  loss 12.4433  skip 0.50  lr 2.08e-05  depth_std 1.9961
2026-09-03 09:40:46,773 step 50200  loss 4.8617  skip 0.50  lr 2.06e-05  depth_std 1.0235
2026-09-03 09:42:56,347 step 50250  loss 10.2683  skip 0.50  lr 2.04e-05  depth_std 1.5286
2026-09-03 09:45:06,050 step 50300  loss 12.1048  skip 0.50  lr 2.02e-05  depth_std 1.6589
2026-09-03 09:47:15,576 step 50350  loss 9.0387  skip 0.50  lr 2.00e-05  depth_std 2.2019
2026-09-03 09:49:25,242 step 50400  loss 5.4086  skip 0.50  lr 1.98e-05  depth_std 1.0394
2026-09-03 09:51:34,980 step 50450  loss 7.2088  skip 0.50  lr 1.96e-05  depth_std 5.8845
2026-09-03 09:53:44,877 step 50500  loss 8.3478  skip 0.50  lr 1.94e-05  depth_std 1.4908
2026-09-03 09:55:54,614 step 50550  loss 8.3664  skip 0.50  lr 1.92e-05  depth_std 2.1099
2026-09-03 09:58:04,151 step 50600  loss 7.7986  skip 0.50  lr 1.90e-05  depth_std 2.2354
2026-09-03 10:00:13,680 step 50650  loss 5.0561  skip 0.50  lr 1.88e-05  depth_std 1.3973
2026-09-03 10:02:23,247 step 50700  loss 4.7978  skip 0.50  lr 1.86e-05  depth_std 1.0942
2026-09-03 10:04:32,739 step 50750  loss 8.7515  skip 0.50  lr 1.84e-05  depth_std 1.4722
2026-09-03 10:06:42,582 step 50800  loss 9.6733  skip 0.50  lr 1.82e-05  depth_std 1.5515
2026-09-03 10:08:52,299 step 50850  loss 10.2107  skip 0.50  lr 1.80e-05  depth_std 1.1243
2026-09-03 10:11:01,727 step 50900  loss 7.4262  skip 0.50  lr 1.79e-05  depth_std 2.7720
2026-09-03 10:13:11,493 step 50950  loss 11.8004  skip 0.50  lr 1.77e-05  depth_std 3.2252
2026-09-03 10:15:20,766 step 51000  loss 9.2342  skip 0.50  lr 1.75e-05  depth_std 1.3619
2026-09-03 10:17:30,485 step 51050  loss 9.6472  skip 0.50  lr 1.73e-05  depth_std 1.6206
2026-09-03 10:19:40,145 step 51100  loss 4.3408  skip 0.50  lr 1.71e-05  depth_std 1.2400
2026-09-03 10:21:49,521 step 51150  loss 7.2387  skip 0.50  lr 1.69e-05  depth_std 1.2619
2026-09-03 10:23:58,982 step 51200  loss 4.6042  skip 0.50  lr 1.67e-05  depth_std 1.0717
2026-09-03 10:26:08,866 step 51250  loss 8.8290  skip 0.50  lr 1.65e-05  depth_std 1.1683
2026-09-03 10:28:18,630 step 51300  loss 10.2100  skip 0.50  lr 1.63e-05  depth_std 1.6853
2026-09-03 10:30:28,325 step 51350  loss 7.5805  skip 0.50  lr 1.62e-05  depth_std 1.9320
2026-09-03 10:32:37,950 step 51400  loss 14.0756  skip 0.50  lr 1.60e-05  depth_std 2.4121
2026-09-03 10:34:47,401 step 51450  loss 4.3087  skip 0.50  lr 1.58e-05  depth_std 1.0726
2026-09-03 10:36:56,557 step 51500  loss 8.7988  skip 0.50  lr 1.56e-05  depth_std 1.5017
2026-09-03 10:39:06,091 step 51550  loss 8.5602  skip 0.50  lr 1.54e-05  depth_std 1.5843
2026-09-03 10:41:15,402 step 51600  loss 4.5364  skip 0.50  lr 1.53e-05  depth_std 1.0900
2026-09-03 10:43:24,529 step 51650  loss 8.4695  skip 0.50  lr 1.51e-05  depth_std 3.6301
2026-09-03 10:45:33,912 step 51700  loss 8.8430  skip 0.50  lr 1.49e-05  depth_std 1.0309
2026-09-03 10:47:42,923 step 51750  loss 6.3263  skip 0.50  lr 1.47e-05  depth_std 1.1751
2026-09-03 10:49:52,375 step 51800  loss 14.8961  skip 0.50  lr 1.46e-05  depth_std 3.8180
2026-09-03 10:52:01,967 step 51850  loss 5.4522  skip 0.50  lr 1.44e-05  depth_std 0.9844
2026-09-03 10:54:11,473 step 51900  loss 17.7731  skip 0.50  lr 1.42e-05  depth_std 21.8901
2026-09-03 10:56:21,017 step 51950  loss 7.7747  skip 0.50  lr 1.40e-05  depth_std 1.0969
2026-09-03 10:58:31,103 step 52000  loss 10.5235  skip 0.50  lr 1.39e-05  depth_std 2.5196
2026-09-03 11:00:40,773 step 52050  loss 10.0009  skip 0.50  lr 1.37e-05  depth_std 1.6995
2026-09-03 11:02:50,408 step 52100  loss 4.9818  skip 0.50  lr 1.35e-05  depth_std 0.9562
2026-09-03 11:04:59,874 step 52150  loss 6.7660  skip 0.50  lr 1.34e-05  depth_std 1.7955
2026-09-03 11:07:09,100 step 52200  loss 10.3011  skip 0.50  lr 1.32e-05  depth_std 2.5545
2026-09-03 11:09:18,627 step 52250  loss 6.5556  skip 0.50  lr 1.30e-05  depth_std 1.6930
2026-09-03 11:11:27,785 step 52300  loss 5.1886  skip 0.50  lr 1.29e-05  depth_std 1.0487
2026-09-03 11:13:37,205 step 52350  loss 12.2543  skip 0.50  lr 1.27e-05  depth_std 2.2817
2026-09-03 11:15:46,536 step 52400  loss 9.5503  skip 0.50  lr 1.25e-05  depth_std 3.0895
2026-09-03 11:17:55,807 step 52450  loss 9.0655  skip 0.50  lr 1.24e-05  depth_std 1.0963
2026-09-03 11:20:04,977 step 52500  loss 10.9421  skip 0.50  lr 1.22e-05  depth_std 2.8640
2026-09-03 11:22:13,913 step 52550  loss 11.2468  skip 0.50  lr 1.20e-05  depth_std 2.0294
2026-09-03 11:24:23,540 step 52600  loss 10.9693  skip 0.50  lr 1.19e-05  depth_std 1.7147
2026-09-03 11:26:33,091 step 52650  loss 6.6387  skip 0.50  lr 1.17e-05  depth_std 1.1958
2026-09-03 11:28:43,202 step 52700  loss 10.8605  skip 0.50  lr 1.16e-05  depth_std 1.3134
2026-09-03 11:30:52,897 step 52750  loss 8.9764  skip 0.50  lr 1.14e-05  depth_std 1.8511
2026-09-03 11:33:02,855 step 52800  loss 6.6067  skip 0.50  lr 1.13e-05  depth_std 1.1243
2026-09-03 11:35:12,318 step 52850  loss 8.2962  skip 0.50  lr 1.11e-05  depth_std 1.3005
2026-09-03 11:37:22,249 step 52900  loss 8.4333  skip 0.50  lr 1.10e-05  depth_std 1.3153
2026-09-03 11:39:31,842 step 52950  loss 13.3305  skip 0.50  lr 1.08e-05  depth_std 0.9656
2026-09-03 11:41:41,581 step 53000  loss 10.6227  skip 0.50  lr 1.07e-05  depth_std 4.6924
2026-09-03 11:43:51,190 step 53050  loss 11.4176  skip 0.50  lr 1.05e-05  depth_std 1.5942
2026-09-03 11:46:00,972 step 53100  loss 6.1298  skip 0.50  lr 1.04e-05  depth_std 1.0293
2026-09-03 11:48:10,567 step 53150  loss 15.0510  skip 0.50  lr 1.02e-05  depth_std 70.7687
2026-09-03 11:50:20,403 step 53200  loss 10.3860  skip 0.50  lr 1.01e-05  depth_std 1.1838
2026-09-03 11:52:30,571 step 53250  loss 13.7392  skip 0.50  lr 9.91e-06  depth_std 1.6300
2026-09-03 11:54:40,324 step 53300  loss 12.0592  skip 0.50  lr 9.77e-06  depth_std 0.9626
2026-09-03 11:56:50,054 step 53350  loss 9.6623  skip 0.50  lr 9.63e-06  depth_std 1.3146
2026-09-03 11:58:59,682 step 53400  loss 6.7171  skip 0.50  lr 9.48e-06  depth_std 0.9494
2026-09-03 12:01:09,757 step 53450  loss 8.6101  skip 0.50  lr 9.34e-06  depth_std 1.4251
2026-09-03 12:03:20,163 step 53500  loss 5.6855  skip 0.50  lr 9.20e-06  depth_std 1.2136
2026-09-03 12:05:29,841 step 53550  loss 9.3972  skip 0.50  lr 9.06e-06  depth_std 1.2978
2026-09-03 12:07:39,816 step 53600  loss 8.3934  skip 0.50  lr 8.92e-06  depth_std 1.4804
2026-09-03 12:09:49,842 step 53650  loss 7.4632  skip 0.50  lr 8.79e-06  depth_std 1.1432
2026-09-03 12:11:59,169 step 53700  loss 7.3518  skip 0.50  lr 8.65e-06  depth_std 2.0203
2026-09-03 12:14:09,285 step 53750  loss 17.8203  skip 0.50  lr 8.51e-06  depth_std 0.8969
2026-09-03 12:16:19,038 step 53800  loss 8.9225  skip 0.50  lr 8.38e-06  depth_std 2.6070
2026-09-03 12:18:28,754 step 53850  loss 5.4607  skip 0.50  lr 8.25e-06  depth_std 1.5225
2026-09-03 12:20:38,521 step 53900  loss 7.4496  skip 0.50  lr 8.11e-06  depth_std 1.4615
2026-09-03 12:22:48,241 step 53950  loss 9.8661  skip 0.50  lr 7.98e-06  depth_std 2.7123
2026-09-03 12:24:58,258 step 54000  loss 4.5465  skip 0.50  lr 7.85e-06  depth_std 0.9151
2026-09-03 12:27:08,161 step 54050  loss 7.8555  skip 0.50  lr 7.72e-06  depth_std 0.9993
2026-09-03 12:29:17,552 step 54100  loss 8.2695  skip 0.50  lr 7.59e-06  depth_std 1.1874
2026-09-03 12:31:27,407 step 54150  loss 8.6425  skip 0.50  lr 7.47e-06  depth_std 4.1161
2026-09-03 12:33:37,218 step 54200  loss 3.3065  skip 0.50  lr 7.34e-06  depth_std 1.0959
2026-09-03 12:35:47,185 step 54250  loss 5.3015  skip 0.50  lr 7.22e-06  depth_std 1.6620
2026-09-03 12:37:57,181 step 54300  loss 6.1727  skip 0.50  lr 7.09e-06  depth_std 2.2439
2026-09-03 12:40:06,920 step 54350  loss 8.0594  skip 0.50  lr 6.97e-06  depth_std 1.8191
2026-09-03 12:42:17,052 step 54400  loss 8.0733  skip 0.50  lr 6.85e-06  depth_std 1.3664
2026-09-03 12:44:26,615 step 54450  loss 9.5463  skip 0.50  lr 6.73e-06  depth_std 1.9285
2026-09-03 12:46:37,047 step 54500  loss 8.2797  skip 0.50  lr 6.61e-06  depth_std 1.8751
2026-09-03 12:48:46,921 step 54550  loss 7.9000  skip 0.50  lr 6.49e-06  depth_std 1.3056
2026-09-03 12:50:56,908 step 54600  loss 9.5757  skip 0.50  lr 6.37e-06  depth_std 1.9237
2026-09-03 12:53:07,039 step 54650  loss 7.1675  skip 0.50  lr 6.25e-06  depth_std 1.3536
2026-09-03 12:55:17,258 step 54700  loss 6.9283  skip 0.50  lr 6.14e-06  depth_std 1.8920
2026-09-03 12:57:27,404 step 54750  loss 5.1980  skip 0.50  lr 6.02e-06  depth_std 1.1584
2026-09-03 12:59:37,661 step 54800  loss 9.2567  skip 0.50  lr 5.91e-06  depth_std 1.5928
2026-09-03 13:01:47,509 step 54850  loss 9.8320  skip 0.50  lr 5.80e-06  depth_std 2.8355
2026-09-03 13:03:57,520 step 54900  loss 6.6673  skip 0.50  lr 5.69e-06  depth_std 1.3005
2026-09-03 13:06:07,230 step 54950  loss 9.4860  skip 0.50  lr 5.58e-06  depth_std 2.4172
2026-09-03 13:08:16,671 step 55000  loss 4.6841  skip 0.50  lr 5.47e-06  depth_std 2.3628
2026-09-03 13:10:25,773 step 55050  loss 8.8651  skip 0.50  lr 5.36e-06  depth_std 1.6802
2026-09-03 13:12:35,242 step 55100  loss 13.0448  skip 0.50  lr 5.25e-06  depth_std 1.1211
2026-09-03 13:14:44,526 step 55150  loss 9.7259  skip 0.50  lr 5.15e-06  depth_std 1.6431
2026-09-03 13:16:54,289 step 55200  loss 7.0888  skip 0.50  lr 5.04e-06  depth_std 1.5289
2026-09-03 13:19:03,875 step 55250  loss 7.4608  skip 0.50  lr 4.94e-06  depth_std 0.9511
2026-09-03 13:21:13,826 step 55300  loss 6.4736  skip 0.50  lr 4.83e-06  depth_std 6.1034
2026-09-03 13:23:23,996 step 55350  loss 6.9184  skip 0.50  lr 4.73e-06  depth_std 1.4437
2026-09-03 13:25:33,803 step 55400  loss 6.7197  skip 0.50  lr 4.63e-06  depth_std 1.3164
2026-09-03 13:27:43,724 step 55450  loss 9.7888  skip 0.50  lr 4.53e-06  depth_std 2.1587
2026-09-03 13:29:53,722 step 55500  loss 8.2414  skip 0.50  lr 4.43e-06  depth_std 2.0256
2026-09-03 13:32:03,313 step 55550  loss 7.6637  skip 0.50  lr 4.34e-06  depth_std 1.1175
2026-09-03 13:34:13,052 step 55600  loss 6.5948  skip 0.50  lr 4.24e-06  depth_std 1.6428
2026-09-03 13:36:22,930 step 55650  loss 11.0540  skip 0.50  lr 4.14e-06  depth_std 1.8228
2026-09-03 13:38:32,805 step 55700  loss 10.5744  skip 0.50  lr 4.05e-06  depth_std 1.5877
2026-09-03 13:40:42,864 step 55750  loss 8.5130  skip 0.50  lr 3.96e-06  depth_std 2.2384
2026-09-03 13:42:52,499 step 55800  loss 4.9095  skip 0.50  lr 3.86e-06  depth_std 0.9106
2026-09-03 13:45:02,558 step 55850  loss 16.2508  skip 0.50  lr 3.77e-06  depth_std 2.1791
2026-09-03 13:47:12,231 step 55900  loss 6.3978  skip 0.50  lr 3.68e-06  depth_std 2.2018
2026-09-03 13:49:22,207 step 55950  loss 9.0850  skip 0.50  lr 3.59e-06  depth_std 2.3551
2026-09-03 13:51:31,999 step 56000  loss 6.6099  skip 0.50  lr 3.51e-06  depth_std 1.4695
2026-09-03 13:53:41,966 step 56050  loss 11.2227  skip 0.50  lr 3.42e-06  depth_std 1.4347
2026-09-03 13:55:52,020 step 56100  loss 4.5180  skip 0.50  lr 3.33e-06  depth_std 1.1423
2026-09-03 13:58:01,985 step 56150  loss 6.8024  skip 0.50  lr 3.25e-06  depth_std 1.0533
2026-09-03 14:00:11,207 step 56200  loss 6.9156  skip 0.50  lr 3.17e-06  depth_std 2.9234
2026-09-03 14:02:21,051 step 56250  loss 11.1209  skip 0.50  lr 3.08e-06  depth_std 2.4795
2026-09-03 14:04:30,504 step 56300  loss 11.3976  skip 0.50  lr 3.00e-06  depth_std 2.1628
2026-09-03 14:06:40,613 step 56350  loss 6.9601  skip 0.50  lr 2.92e-06  depth_std 0.9217
2026-09-03 14:08:50,906 step 56400  loss 8.2778  skip 0.50  lr 2.84e-06  depth_std 2.7520
2026-09-03 14:11:00,188 step 56450  loss 9.5093  skip 0.50  lr 2.76e-06  depth_std 1.9865
2026-09-03 14:13:09,962 step 56500  loss 6.9529  skip 0.50  lr 2.69e-06  depth_std 1.0317
2026-09-03 14:15:19,818 step 56550  loss 10.9627  skip 0.50  lr 2.61e-06  depth_std 32.8523
2026-09-03 14:17:29,269 step 56600  loss 8.9596  skip 0.50  lr 2.54e-06  depth_std 3.2487
2026-09-03 14:19:38,773 step 56650  loss 14.2252  skip 0.50  lr 2.46e-06  depth_std 1.5803
2026-09-03 14:21:48,867 step 56700  loss 8.9807  skip 0.50  lr 2.39e-06  depth_std 1.3952
2026-09-03 14:23:58,893 step 56750  loss 8.6534  skip 0.50  lr 2.32e-06  depth_std 1.6343
2026-09-03 14:26:08,824 step 56800  loss 5.9409  skip 0.50  lr 2.25e-06  depth_std 1.5562
2026-09-03 14:28:18,637 step 56850  loss 7.7089  skip 0.50  lr 2.18e-06  depth_std 1.4956
2026-09-03 14:30:28,311 step 56900  loss 11.0687  skip 0.50  lr 2.11e-06  depth_std 1.8435
2026-09-03 14:32:38,332 step 56950  loss 7.4407  skip 0.50  lr 2.04e-06  depth_std 1.5542
2026-09-03 14:34:47,530 step 57000  loss 10.2319  skip 0.50  lr 1.98e-06  depth_std 1.5036
2026-09-03 14:36:57,318 step 57050  loss 7.8177  skip 0.50  lr 1.91e-06  depth_std 1.9624
2026-09-03 14:39:07,281 step 57100  loss 9.3643  skip 0.50  lr 1.85e-06  depth_std 1.0854
2026-09-03 14:41:17,285 step 57150  loss 12.7812  skip 0.50  lr 1.78e-06  depth_std 2.6762
2026-09-03 14:43:27,233 step 57200  loss 5.1965  skip 0.50  lr 1.72e-06  depth_std 1.1571
2026-09-03 14:45:36,832 step 57250  loss 9.3059  skip 0.50  lr 1.66e-06  depth_std 3.0332
2026-09-03 14:47:47,075 step 57300  loss 10.0257  skip 0.50  lr 1.60e-06  depth_std 2.2880
2026-09-03 14:49:57,096 step 57350  loss 7.5772  skip 0.50  lr 1.54e-06  depth_std 1.0424
2026-09-03 14:52:07,041 step 57400  loss 8.3560  skip 0.50  lr 1.49e-06  depth_std 1.7192
2026-09-03 14:54:16,885 step 57450  loss 11.1285  skip 0.50  lr 1.43e-06  depth_std 1.3904
2026-09-03 14:56:26,973 step 57500  loss 7.4040  skip 0.50  lr 1.37e-06  depth_std 1.3640
2026-09-03 14:58:36,812 step 57550  loss 19.9984  skip 0.50  lr 1.32e-06  depth_std 2.6394
2026-09-03 15:00:46,643 step 57600  loss 7.4572  skip 0.50  lr 1.27e-06  depth_std 1.0390
2026-09-03 15:02:56,420 step 57650  loss 7.7846  skip 0.50  lr 1.21e-06  depth_std 4.7211
2026-09-03 15:05:06,214 step 57700  loss 7.5888  skip 0.50  lr 1.16e-06  depth_std 1.1140
2026-09-03 15:07:15,352 step 57750  loss 8.1659  skip 0.50  lr 1.11e-06  depth_std 1.3027
2026-09-03 15:09:24,615 step 57800  loss 17.0133  skip 0.50  lr 1.06e-06  depth_std 2.8570
2026-09-03 15:11:33,942 step 57850  loss 6.9152  skip 0.50  lr 1.02e-06  depth_std 1.1089
2026-09-03 15:13:43,813 step 57900  loss 11.8290  skip 0.50  lr 9.69e-07  depth_std 2.5711
2026-09-03 15:15:53,291 step 57950  loss 13.4690  skip 0.50  lr 9.24e-07  depth_std 1.2252
2026-09-03 15:18:03,467 step 58000  loss 5.1581  skip 0.50  lr 8.79e-07  depth_std 1.0081
2026-09-03 15:20:13,125 step 58050  loss 5.0899  skip 0.50  lr 8.36e-07  depth_std 2.1408
2026-09-03 15:22:22,793 step 58100  loss 9.4912  skip 0.50  lr 7.94e-07  depth_std 3.3874
2026-09-03 15:24:32,816 step 58150  loss 7.3035  skip 0.50  lr 7.52e-07  depth_std 2.2449
2026-09-03 15:26:41,883 step 58200  loss 6.1602  skip 0.50  lr 7.12e-07  depth_std 4.6911
2026-09-03 15:28:51,318 step 58250  loss 10.7589  skip 0.50  lr 6.73e-07  depth_std 1.4591
2026-09-03 15:31:00,918 step 58300  loss 8.4184  skip 0.50  lr 6.35e-07  depth_std 1.2191
2026-09-03 15:33:10,583 step 58350  loss 5.5585  skip 0.50  lr 5.99e-07  depth_std 0.8438
2026-09-03 15:35:20,404 step 58400  loss 4.3338  skip 0.50  lr 5.63e-07  depth_std 1.0104
2026-09-03 15:37:30,253 step 58450  loss 7.9131  skip 0.50  lr 5.28e-07  depth_std 1.6538
2026-09-03 15:39:39,904 step 58500  loss 9.0238  skip 0.50  lr 4.95e-07  depth_std 2.3729
2026-09-03 15:41:49,842 step 58550  loss 12.6848  skip 0.50  lr 4.62e-07  depth_std 2.1294
2026-09-03 15:43:59,809 step 58600  loss 10.4610  skip 0.50  lr 4.31e-07  depth_std 4.2145
2026-09-03 15:46:09,979 step 58650  loss 12.0680  skip 0.50  lr 4.01e-07  depth_std 7.6463
2026-09-03 15:48:19,762 step 58700  loss 9.2494  skip 0.50  lr 3.72e-07  depth_std 2.0265
2026-09-03 15:50:29,065 step 58750  loss 8.0231  skip 0.50  lr 3.44e-07  depth_std 1.6589
2026-09-03 15:52:39,112 step 58800  loss 8.0033  skip 0.50  lr 3.17e-07  depth_std 1.8900
2026-09-03 15:54:49,269 step 58850  loss 6.0500  skip 0.50  lr 2.91e-07  depth_std 1.2053
2026-09-03 15:56:59,506 step 58900  loss 8.6705  skip 0.50  lr 2.66e-07  depth_std 1.6049
2026-09-03 15:59:08,995 step 58950  loss 9.8747  skip 0.50  lr 2.43e-07  depth_std 1.8794
2026-09-03 16:01:18,701 step 59000  loss 7.4695  skip 0.50  lr 2.20e-07  depth_std 1.2405
2026-09-03 16:03:29,175 step 59050  loss 5.1149  skip 0.50  lr 1.99e-07  depth_std 1.0242
2026-09-03 16:05:39,331 step 59100  loss 4.9063  skip 0.50  lr 1.78e-07  depth_std 1.4210
2026-09-03 16:07:49,217 step 59150  loss 8.9921  skip 0.50  lr 1.59e-07  depth_std 1.2040
2026-09-03 16:09:59,623 step 59200  loss 13.7726  skip 0.50  lr 1.41e-07  depth_std 1.0414
2026-09-03 16:12:09,851 step 59250  loss 12.7593  skip 0.50  lr 1.24e-07  depth_std 2.6201
2026-09-03 16:14:19,228 step 59300  loss 8.8345  skip 0.50  lr 1.08e-07  depth_std 1.1823
2026-09-03 16:16:29,037 step 59350  loss 8.3221  skip 0.50  lr 9.30e-08  depth_std 2.6699
2026-09-03 16:18:38,513 step 59400  loss 9.0428  skip 0.50  lr 7.92e-08  depth_std 2.2054
2026-09-03 16:20:48,257 step 59450  loss 14.2427  skip 0.50  lr 6.66e-08  depth_std 1.0771
2026-09-03 16:22:58,054 step 59500  loss 4.8271  skip 0.50  lr 5.50e-08  depth_std 0.9550
2026-09-03 16:25:07,552 step 59550  loss 8.6204  skip 0.50  lr 4.46e-08  depth_std 1.6663
2026-09-03 16:27:17,647 step 59600  loss 8.5645  skip 0.50  lr 3.52e-08  depth_std 1.4437
2026-09-03 16:29:27,384 step 59650  loss 11.2725  skip 0.50  lr 2.70e-08  depth_std 1.7322
2026-09-03 16:31:37,243 step 59700  loss 9.3750  skip 0.50  lr 1.98e-08  depth_std 2.2743
2026-09-03 16:33:47,134 step 59750  loss 8.2271  skip 0.50  lr 1.38e-08  depth_std 1.7666
2026-09-03 16:35:56,937 step 59800  loss 8.2377  skip 0.50  lr 8.80e-09  depth_std 1.0138
2026-09-03 16:38:06,922 step 59850  loss 8.9302  skip 0.50  lr 4.95e-09  depth_std 1.2797
2026-09-03 16:40:16,379 step 59900  loss 5.7876  skip 0.50  lr 2.20e-09  depth_std 2.7066
2026-09-03 16:42:26,169 step 59950  loss 5.1353  skip 0.50  lr 5.50e-10  depth_std 1.0886
2026-09-03 16:44:30,736 saved -> work_dirs/m0-distil-60k-s0/latest.pt
WARNING: skipping unreadable clip 41625 after retries (image file is truncated)

m0-distil-60k-s0
    source       absrel   absrel_dyn  absrel_near  absrel_edge   grad_ratio  boundary_f1 boundary_precision boundary_recall      flat_tv   flat_tv_gt flat_tv_ratio    overshoot
       tum       0.4147       0.6601       0.7368       0.4087       0.8996       0.4546       0.3759       0.6840       0.2037       0.0039      64.3916       0.7139
      bonn       0.4672       1.0801       1.3295       0.4531       2.7096       0.5617       0.4856       0.7949       0.1167       0.0086     152.8459       0.8023
  balanced       0.4409       0.8701       1.0331       0.4309       1.8046       0.5082       0.4307       0.7394       0.1602       0.0062     108.6188       0.7581

grad_ratio alone is buyable: read it with boundary_f1 (blur loses recall, noise loses precision), flat_tv_ratio (noise) and overshoot (ringing).
  tum 50/89
  bonn 50/399
  bonn 100/399
  bonn 150/399
  bonn 200/399
  bonn 250/399
  bonn 300/399
  bonn 350/399
m0-distil-60k-s0 (10.8M) space=depth infer_size=official manifest=manifests/acc_real_L8.json clips=488 active=24.7% 61s (+3 no-GT)

[align=median]
  source         pooled     mean   median   trim10      P90      P95       max      d1  fail  cat     n
  tum            0.4133   0.4147   0.3829   0.4074   0.5088   0.5370    0.7224  0.3634     0    0    89
  bonn           0.4733   0.4595   0.3866   0.4271   0.8069   1.1157    1.9628  0.4592     0   25   398
  MEAN(src)      0.4433   0.4371   0.3847   0.4173   0.6578   0.8264    1.3426  0.4113     0   25   487
  95% CI of balanced clip mean   AbsRel: [0.4212, 0.4532]
  95% CI of balanced clip median AbsRel: [0.3727, 0.3983]
  region                   tum              bonn         MEAN(src)
              AbsRel  d1   px%  AbsRel  d1   px%  AbsRel  d1   px%
  all         0.4133 0.363 100  0.4733 0.459 100  0.4433 0.411    
  edge        0.3852 0.369  17  0.4905 0.421   7  0.4379 0.395    
  flat        0.4191 0.362  83  0.4721 0.462  93  0.4456 0.412    
  dynamic     0.7401 0.218   9  1.3493 0.222  13  1.0447 0.220    
  static      0.3818 0.377  91  0.3383 0.496  87  0.3601 0.437    
  near        0.7541 0.169  17  0.9961 0.311  25  0.8751 0.240    
  mid         0.2952 0.453  74  0.3079 0.539  64  0.3015 0.496    
  far         0.7330 0.001   9  0.2579 0.335  11  0.4954 0.168    

[align=scale]
  source         pooled     mean   median   trim10      P90      P95       max      d1  fail  cat     n
  tum            0.4417   0.4434   0.4201   0.4362   0.5096   0.5374    0.7187  0.3581     0    0    89
  bonn           0.4108   0.3996   0.3696   0.3854   0.6278   0.8289    1.2426  0.4115     0    5   398
  MEAN(src)      0.4262   0.4215   0.3948   0.4108   0.5687   0.6832    0.9807  0.3848     0    5   487
  95% CI of balanced clip mean   AbsRel: [0.4106, 0.4326]
  95% CI of balanced clip median AbsRel: [0.3854, 0.4018]
  region                   tum              bonn         MEAN(src)
              AbsRel  d1   px%  AbsRel  d1   px%  AbsRel  d1   px%
  all         0.4417 0.358 100  0.4108 0.412 100  0.4262 0.385    
  edge        0.4225 0.346  17  0.4052 0.442   7  0.4138 0.394    
  flat        0.4457 0.361  83  0.4112 0.409  93  0.4284 0.385    
  dynamic     0.7533 0.219   9  0.9338 0.222  13  0.8435 0.220    
  static      0.4117 0.372  91  0.3301 0.441  87  0.3709 0.406    
  near        0.7896 0.162  17  0.7540 0.315  25  0.7718 0.238    
  mid         0.3273 0.448  74  0.2990 0.472  64  0.3132 0.460    
  far         0.7181 0.001   9  0.2870 0.279  11  0.5025 0.140    

[align=scaleshift]
  source         pooled     mean   median   trim10      P90      P95       max      d1  fail  cat     n
  tum            0.2483   0.2472   0.2297   0.2418   0.3499   0.3896    0.4461  0.5615     0    0    89
  bonn           0.2438   0.2393   0.2473   0.2333   0.3384   0.4399    0.5868  0.5240     0    0   398
  MEAN(src)      0.2461   0.2432   0.2385   0.2375   0.3441   0.4147    0.5164  0.5427     0    0   487
  95% CI of balanced clip mean   AbsRel: [0.2355, 0.2511]
  95% CI of balanced clip median AbsRel: [0.2325, 0.2445]
  region                   tum              bonn         MEAN(src)
              AbsRel  d1   px%  AbsRel  d1   px%  AbsRel  d1   px%
  all         0.2483 0.561 100  0.2438 0.524 100  0.2461 0.543    
  edge        0.2383 0.577  17  0.2518 0.489   7  0.2451 0.533    
  flat        0.2504 0.558  83  0.2433 0.527  93  0.2468 0.542    
  dynamic     0.4143 0.269   9  0.3805 0.387  13  0.3974 0.328    
  static      0.2323 0.590  91  0.2228 0.545  87  0.2275 0.567    
  near        0.4322 0.220  17  0.3224 0.456  25  0.3773 0.338    
  mid         0.1647 0.709  74  0.2001 0.618  64  0.1824 0.663    
  far         0.5815 0.009   9  0.3190 0.135  11  0.4503 0.072    

  sharpness (alignment-free, PLAN.md §3.2)
  source            absrel_edge         grad_ratio        boundary_f1 boundary_precision    boundary_recall            flat_tv          overshoot
  tum                    0.2477             0.8996             0.4546             0.3759             0.6840             0.2037             0.4374
  bonn                   0.2630             2.6921             0.5580             0.4829             0.7874             0.1192             0.7794
  balanced               0.2554             1.7958             0.5063             0.4294             0.7357             0.1615             0.6084

-> work_dirs/acc/m0-distil-60k-s0-L8.json
-> work_dirs/acc/table.txt
m0-distil-60k-s0  gauge=scaleshift  work_dirs/acc/m0-distil-60k-s0-L8.json

P1 - PLAN.md §3.1 promotion gate (8-frame, real TUM+Bonn)
  [FAIL] balanced AbsRel                  0.2461 <= 0.0900
  [FAIL] balanced delta1                  0.5427 >= 0.9300
  [FAIL] clip P95 AbsRel                  0.4147 <= 0.1530
  [PASS] alignment failures               0 <= 0
  [PASS] catastrophic clips (AbsRel>1)    0 <= 0
  [FAIL] TUM clip median AbsRel           0.2297 <= 0.0950
  [FAIL] Bonn pooled AbsRel               0.2438 <= 0.0580
  [FAIL] Bonn delta1                      0.5240 >= 0.9730

P2 - PLAN.md §3.2 sharpness gate
  [PASS] balanced grad_ratio              1.8046 >= 0.7560
  [FAIL] boundary F1 vs DA2               0.5082 >= 0.6392
  [FAIL] edge AbsRel vs DA2               0.4309 <= 0.1659
  [FAIL] overshoot vs DA2                 0.7581 <= 0.2230
  [FAIL] flat TV vs reported              0.1602 <= 0.0358

P3 - PLAN.md §3.3 long-stream gate
  [SKIP] needs an L8 and an L256 dump
  [SKIP] sparse-vs-dense L8 gap (<=2%) and sharpness drop after the sparse switch (<=3%): need the tau=0 dump and its sharpness block

G1 - relative depth accuracy (8-frame, real TUM+Bonn)
  [FAIL] MEAN(src) AbsRel                 0.2461 <= 0.1000
  [FAIL] clip medAbsRel                   0.2385 <= 0.0900
  [FAIL] MEAN(src) delta1                 0.5427 >= 0.9100
  [FAIL] TUM AbsRel                       0.2483 <= 0.1150
  [FAIL] Bonn AbsRel                      0.2438 <= 0.0700
  [PASS] catastrophic clips (AbsRel>1)    0 <= 0
  [SKIP] 3-seed agreement and non-overlapping CI vs the current model: needs 3 seed dumps (run this per seed)

G2 - long-stream accuracy
  [SKIP] no 32-frame dump
  [SKIP] no 256-frame dump
  [SKIP] late/early frame ratio and keyframe sawtooth amplitude: need per-frame traces (scripts/frame_index_probe.py)

P1 FAIL   P2 FAIL   P3 FAIL   G1 FAIL   G2 FAIL
promotion needs P1, P2 and P3 (PLAN.md §3); G1/G2 are the older PLAN_ACC set, kept so a run between the two is visible
[2026-09-03T16:46:27+09:00] queue21 done
