[2026-08-29T20:30:34+09:00] === s3-overshoot-s0 : --full-res --boundary-weight 3.0 --overshoot-weight 1.0 ===
2026-08-29 20:30:35,198 work dir: work_dirs/s3-overshoot-s0  seed 0  commit 1d4d01a6
2026-08-29 20:30:35,634 partial init from work_dirs/v11-longclip-spread-s0/latest.pt: 7 new tensors kept at init, 0 checkpoint tensors unused
2026-08-29 20:30:36,487 mixed dataset: 208720 clips from 5 sources (size 256)
2026-08-29 20:30:38,939 step    0  loss 7.1961  skip 0.00  lr 2.00e-07  depth_std 28.4354
2026-08-29 20:31:29,927 step   50  loss 5.0960  skip 0.01  lr 1.02e-05  depth_std 11.1366
2026-08-29 20:32:23,121 step  100  loss 3.6163  skip 0.03  lr 2.02e-05  depth_std 44.2508
2026-08-29 20:33:16,467 step  150  loss 6.1911  skip 0.04  lr 3.02e-05  depth_std 1.7218
2026-08-29 20:34:09,510 step  200  loss 8.4619  skip 0.05  lr 4.02e-05  depth_std 11.7289
2026-08-29 20:35:02,078 step  250  loss 5.0110  skip 0.06  lr 5.02e-05  depth_std 6.0377
2026-08-29 20:35:53,845 step  300  loss 3.6591  skip 0.07  lr 6.02e-05  depth_std 14.7264
2026-08-29 20:36:45,040 step  350  loss 2.8721  skip 0.09  lr 7.02e-05  depth_std 11.5457
2026-08-29 20:37:36,034 step  400  loss 5.5537  skip 0.10  lr 8.02e-05  depth_std 16.7383
2026-08-29 20:38:26,591 step  450  loss 3.4540  skip 0.11  lr 9.02e-05  depth_std 8.0219
2026-08-29 20:39:16,658 step  500  loss 5.2224  skip 0.12  lr 1.00e-04  depth_std 26.3501
2026-08-29 20:40:06,033 step  550  loss 4.6833  skip 0.14  lr 9.99e-05  depth_std 29.3244
2026-08-29 20:40:55,027 step  600  loss 4.2964  skip 0.15  lr 9.98e-05  depth_std 27.2018
2026-08-29 20:41:43,624 step  650  loss 5.9151  skip 0.16  lr 9.95e-05  depth_std 8.7402
2026-08-29 20:42:31,765 step  700  loss 3.5153  skip 0.17  lr 9.92e-05  depth_std 29.4765
2026-08-29 20:43:19,223 step  750  loss 6.2731  skip 0.19  lr 9.87e-05  depth_std 23.8134
2026-08-29 20:44:06,195 step  800  loss 22.6982  skip 0.20  lr 9.82e-05  depth_std 1.3604
2026-08-29 20:44:52,635 step  850  loss 2.1450  skip 0.21  lr 9.76e-05  depth_std 1.8438
2026-08-29 20:45:38,681 step  900  loss 1.8216  skip 0.23  lr 9.68e-05  depth_std 1.5362
2026-08-29 20:46:24,293 step  950  loss 5.5782  skip 0.24  lr 9.60e-05  depth_std 14.5865
2026-08-29 20:47:09,289 step 1000  loss 11.1742  skip 0.25  lr 9.50e-05  depth_std 27.9216
2026-08-29 20:47:53,955 step 1050  loss 3.6629  skip 0.26  lr 9.40e-05  depth_std 30.3705
2026-08-29 20:48:38,049 step 1100  loss 3.0848  skip 0.28  lr 9.29e-05  depth_std 26.2102
2026-08-29 20:49:21,682 step 1150  loss 16.6469  skip 0.29  lr 9.17e-05  depth_std 22.1098
2026-08-29 20:50:04,850 step 1200  loss 12.1176  skip 0.30  lr 9.05e-05  depth_std 9.9134
2026-08-29 20:50:47,608 step 1250  loss 3.8405  skip 0.31  lr 8.91e-05  depth_std 5.6970
2026-08-29 20:51:29,966 step 1300  loss 5.3155  skip 0.33  lr 8.77e-05  depth_std 15.0661
2026-08-29 20:52:11,759 step 1350  loss 16.1959  skip 0.34  lr 8.61e-05  depth_std 2.5170
2026-08-29 20:52:53,168 step 1400  loss 3.9109  skip 0.35  lr 8.46e-05  depth_std 17.4972
2026-08-29 20:53:34,029 step 1450  loss 26.8265  skip 0.36  lr 8.29e-05  depth_std 13.4379
2026-08-29 20:54:14,259 step 1500  loss 4.6113  skip 0.38  lr 8.12e-05  depth_std 1.9970
2026-08-29 20:54:54,153 step 1550  loss 15.7767  skip 0.39  lr 7.94e-05  depth_std 18.0132
2026-08-29 20:55:33,390 step 1600  loss 6.1760  skip 0.40  lr 7.75e-05  depth_std 19.6232
2026-08-29 20:56:12,342 step 1650  loss 2.7577  skip 0.41  lr 7.56e-05  depth_std 11.3818
2026-08-29 20:56:50,585 step 1700  loss 6.3491  skip 0.42  lr 7.37e-05  depth_std 8.2730
2026-08-29 20:57:28,238 step 1750  loss 5.9157  skip 0.44  lr 7.17e-05  depth_std 12.2406
2026-08-29 20:58:05,538 step 1800  loss 8.9729  skip 0.45  lr 6.97e-05  depth_std 33.2879
2026-08-29 20:58:42,313 step 1850  loss 16.9041  skip 0.46  lr 6.76e-05  depth_std 31.1681
2026-08-29 20:59:18,572 step 1900  loss 15.5938  skip 0.47  lr 6.55e-05  depth_std 2.0744
2026-08-29 20:59:54,328 step 1950  loss 62.7808  skip 0.49  lr 6.33e-05  depth_std 5.2371
2026-08-29 21:00:29,727 step 2000  loss 6.9489  skip 0.50  lr 6.11e-05  depth_std 15.7192
2026-08-29 21:01:04,935 step 2050  loss 5.8218  skip 0.50  lr 5.89e-05  depth_std 20.3497
2026-08-29 21:01:39,954 step 2100  loss 3.5734  skip 0.50  lr 5.67e-05  depth_std 20.3670
2026-08-29 21:02:15,088 step 2150  loss 5.1123  skip 0.50  lr 5.45e-05  depth_std 13.6275
2026-08-29 21:02:50,128 step 2200  loss 10.2120  skip 0.50  lr 5.22e-05  depth_std 36.1594
2026-08-29 21:03:25,185 step 2250  loss 2.1958  skip 0.50  lr 5.00e-05  depth_std 2.4666
2026-08-29 21:04:00,227 step 2300  loss 3.4852  skip 0.50  lr 4.78e-05  depth_std 33.4200
2026-08-29 21:04:35,363 step 2350  loss 3.8188  skip 0.50  lr 4.55e-05  depth_std 25.2733
2026-08-29 21:05:10,521 step 2400  loss 30.9053  skip 0.50  lr 4.33e-05  depth_std 30.1664
2026-08-29 21:05:45,734 step 2450  loss 8.4132  skip 0.50  lr 4.11e-05  depth_std 21.9597
2026-08-29 21:06:20,781 step 2500  loss 11.3368  skip 0.50  lr 3.89e-05  depth_std 12.4616
2026-08-29 21:06:55,828 step 2550  loss 2.3250  skip 0.50  lr 3.67e-05  depth_std 36.1203
2026-08-29 21:07:30,917 step 2600  loss 14.9292  skip 0.50  lr 3.45e-05  depth_std 2.2165
2026-08-29 21:08:06,087 step 2650  loss 34.6533  skip 0.50  lr 3.24e-05  depth_std 5.1521
2026-08-29 21:08:41,266 step 2700  loss 2.2501  skip 0.50  lr 3.03e-05  depth_std 4.0768
2026-08-29 21:09:16,426 step 2750  loss 2.1328  skip 0.50  lr 2.83e-05  depth_std 10.1795
2026-08-29 21:09:51,450 step 2800  loss 4.5812  skip 0.50  lr 2.63e-05  depth_std 13.2298
2026-08-29 21:10:26,593 step 2850  loss 23.9246  skip 0.50  lr 2.44e-05  depth_std 6.7005
2026-08-29 21:11:01,622 step 2900  loss 4.6485  skip 0.50  lr 2.25e-05  depth_std 11.9854
2026-08-29 21:11:36,676 step 2950  loss 5.0885  skip 0.50  lr 2.06e-05  depth_std 37.7725
2026-08-29 21:12:11,884 step 3000  loss 29.1635  skip 0.50  lr 1.88e-05  depth_std 1.0354
2026-08-29 21:12:46,980 step 3050  loss 19.8806  skip 0.50  lr 1.71e-05  depth_std 11.5256
2026-08-29 21:13:22,164 step 3100  loss 14.3435  skip 0.50  lr 1.54e-05  depth_std 39.2713
2026-08-29 21:13:57,161 step 3150  loss 4.7076  skip 0.50  lr 1.39e-05  depth_std 2.7619
2026-08-29 21:14:32,293 step 3200  loss 10.2522  skip 0.50  lr 1.23e-05  depth_std 4.2783
2026-08-29 21:15:07,437 step 3250  loss 3.4015  skip 0.50  lr 1.09e-05  depth_std 7.9923
2026-08-29 21:15:42,444 step 3300  loss 3.7481  skip 0.50  lr 9.55e-06  depth_std 30.3812
2026-08-29 21:16:17,525 step 3350  loss 4.0505  skip 0.50  lr 8.27e-06  depth_std 32.0329
2026-08-29 21:16:52,550 step 3400  loss 24.8567  skip 0.50  lr 7.08e-06  depth_std 15.7536
2026-08-29 21:17:27,750 step 3450  loss 1.7297  skip 0.50  lr 5.97e-06  depth_std 4.2910
2026-08-29 21:18:02,893 step 3500  loss 3.9366  skip 0.50  lr 4.95e-06  depth_std 1.4998
2026-08-29 21:18:37,810 step 3550  loss 6.1043  skip 0.50  lr 4.02e-06  depth_std 24.5375
2026-08-29 21:19:12,929 step 3600  loss 3.4185  skip 0.50  lr 3.19e-06  depth_std 36.9206
2026-08-29 21:19:48,020 step 3650  loss 10.5382  skip 0.50  lr 2.45e-06  depth_std 1.7906
2026-08-29 21:20:23,027 step 3700  loss 16.2499  skip 0.50  lr 1.80e-06  depth_std 27.5556
2026-08-29 21:20:58,261 step 3750  loss 4.7062  skip 0.50  lr 1.25e-06  depth_std 40.0025
2026-08-29 21:21:33,394 step 3800  loss 2.4891  skip 0.50  lr 8.04e-07  depth_std 2.9490
2026-08-29 21:22:08,541 step 3850  loss 2.6247  skip 0.50  lr 4.53e-07  depth_std 37.4033
2026-08-29 21:22:43,535 step 3900  loss 5.4304  skip 0.50  lr 2.01e-07  depth_std 17.5498
2026-08-29 21:23:18,670 step 3950  loss 8.0492  skip 0.50  lr 5.03e-08  depth_std 38.8164
2026-08-29 21:23:53,246 saved -> work_dirs/s3-overshoot-s0/latest.pt
[2026-08-29T21:23:53+09:00] --- P2 screening protocol: s3-overshoot-s0 ---

s3-overshoot-s0
    source       absrel   absrel_dyn  absrel_near  absrel_edge   grad_ratio  boundary_f1 boundary_precision boundary_recall      flat_tv   flat_tv_gt flat_tv_ratio    overshoot
       tum       0.1226       0.3141       0.2190       0.1731       0.5628       0.5290       0.7465       0.4545       0.0389       0.0039      11.8431       0.2248
      bonn       0.1310       0.2611       0.2785       0.1485       0.4454       0.3051       0.5418       0.2594       0.0409       0.0086      82.1699       0.4418
  balanced       0.1268       0.2876       0.2488       0.1608       0.5041       0.4170       0.6441       0.3570       0.0399       0.0062      47.0065       0.3333

grad_ratio alone is buyable: read it with boundary_f1 (blur loses recall, noise loses precision), flat_tv_ratio (noise) and overshoot (ringing).
[2026-08-29T21:24:15+09:00] --- P1+P2 sealed L8 manifest: s3-overshoot-s0 ---
  tum 50/89
  bonn 50/399
  bonn 100/399
  bonn 150/399
  bonn 200/399
  bonn 250/399
  bonn 300/399
  bonn 350/399
s3-overshoot-s0 (4.2M) space=depth infer_size=official manifest=manifests/acc_real_L8.json clips=488 active=24.7% 55s (+3 no-GT)

[align=median]
  source         pooled     mean   median   trim10      P90      P95       max      d1  fail  cat     n
  tum            0.1251   0.1226   0.0832   0.1091   0.2526   0.3321    0.5020  0.8476     0    0    89
  bonn           0.1221   0.1236   0.0990   0.1116   0.2097   0.2925    0.8285  0.8846     0    0   398
  MEAN(src)      0.1236   0.1231   0.0911   0.1103   0.2312   0.3123    0.6653  0.8661     0    0   487
  95% CI of balanced clip mean   AbsRel: [0.1125, 0.1346]
  95% CI of balanced clip median AbsRel: [0.0865, 0.0945]
  region                   tum              bonn         MEAN(src)
              AbsRel  d1   px%  AbsRel  d1   px%  AbsRel  d1   px%
  all         0.1251 0.848 100  0.1221 0.885 100  0.1236 0.866    
  edge        0.1653 0.742  17  0.1571 0.777   7  0.1612 0.759    
  flat        0.1168 0.869  83  0.1196 0.892  93  0.1182 0.881    
  dynamic     0.4280 0.457   9  0.3157 0.651  13  0.3719 0.554    
  static      0.0958 0.885  91  0.0923 0.921  87  0.0941 0.903    
  near        0.3409 0.617  17  0.2280 0.757  25  0.2845 0.687    
  mid         0.0767 0.901  74  0.0851 0.933  64  0.0809 0.917    
  far         0.1130 0.843   9  0.0983 0.890  11  0.1056 0.866    

[align=scale]
  source         pooled     mean   median   trim10      P90      P95       max      d1  fail  cat     n
  tum            0.1252   0.1232   0.0867   0.1124   0.2527   0.3197    0.4436  0.8486     0    0    89
  bonn           0.1180   0.1196   0.0967   0.1116   0.2106   0.2959    0.5098  0.8586     0    0   398
  MEAN(src)      0.1216   0.1214   0.0917   0.1120   0.2317   0.3078    0.4767  0.8536     0    0   487
  95% CI of balanced clip mean   AbsRel: [0.1121, 0.1315]
  95% CI of balanced clip median AbsRel: [0.0885, 0.0961]
  region                   tum              bonn         MEAN(src)
              AbsRel  d1   px%  AbsRel  d1   px%  AbsRel  d1   px%
  all         0.1252 0.849 100  0.1180 0.859 100  0.1216 0.854    
  edge        0.1652 0.736  17  0.1554 0.755   7  0.1603 0.746    
  flat        0.1171 0.872  83  0.1153 0.866  93  0.1162 0.869    
  dynamic     0.3345 0.559   9  0.1984 0.717  13  0.2664 0.638    
  static      0.1051 0.876  91  0.1057 0.880  87  0.1054 0.878    
  near        0.2807 0.686  17  0.1571 0.814  25  0.2189 0.750    
  mid         0.0893 0.889  74  0.1041 0.874  64  0.0967 0.881    
  far         0.1256 0.828   9  0.1109 0.868  11  0.1183 0.848    

[align=scaleshift]
  source         pooled     mean   median   trim10      P90      P95       max      d1  fail  cat     n
  tum            0.1273   0.1253   0.0901   0.1160   0.2520   0.3063    0.4033  0.8238     0    0    89
  bonn           0.1082   0.1095   0.0890   0.0986   0.1640   0.2061    2.7387  0.8989     2    1   398
  MEAN(src)      0.1177   0.1174   0.0896   0.1073   0.2080   0.2562    1.5710  0.8613     2    1   487
  95% CI of balanced clip mean   AbsRel: [0.1072, 0.1292]
  95% CI of balanced clip median AbsRel: [0.0859, 0.0935]
  region                   tum              bonn         MEAN(src)
              AbsRel  d1   px%  AbsRel  d1   px%  AbsRel  d1   px%
  all         0.1273 0.824 100  0.1082 0.899 100  0.1177 0.861    
  edge        0.1632 0.723  17  0.1517 0.786   7  0.1575 0.755    
  flat        0.1200 0.844  83  0.1050 0.907  93  0.1125 0.876    
  dynamic     0.3026 0.555   9  0.2160 0.784  13  0.2593 0.669    
  static      0.1104 0.850  91  0.0915 0.917  87  0.1010 0.883    
  near        0.2536 0.678  17  0.1693 0.838  25  0.2115 0.758    
  mid         0.0848 0.892  74  0.0871 0.923  64  0.0859 0.908    
  far         0.2351 0.544   9  0.0930 0.893  11  0.1640 0.718    

  sharpness (alignment-free, PLAN.md §3.2)
  source            absrel_edge         grad_ratio        boundary_f1 boundary_precision    boundary_recall            flat_tv          overshoot
  tum                    0.1726             0.5628             0.5290             0.7465             0.4545             0.0389             0.2248
  bonn                   0.1291             0.4143             0.2942             0.5398             0.2447             0.0375             0.4465
  balanced               0.1508             0.4885             0.4116             0.6432             0.3496             0.0382             0.3356

-> work_dirs/acc/s3-overshoot-s0-L8.json
-> work_dirs/acc/table.txt
s3-overshoot-s0  gauge=scaleshift  work_dirs/acc/s3-overshoot-s0-L8.json

P1 - PLAN.md §3.1 promotion gate (8-frame, real TUM+Bonn)
  [FAIL] balanced AbsRel                  0.1177 <= 0.0900
  [FAIL] balanced delta1                  0.8613 >= 0.9300
  [FAIL] clip P95 AbsRel                  0.2562 <= 0.1530
  [FAIL] alignment failures               2 <= 0
  [FAIL] catastrophic clips (AbsRel>1)    1 <= 0
  [PASS] TUM clip median AbsRel           0.0901 <= 0.0950
  [FAIL] Bonn pooled AbsRel               0.1082 <= 0.0580
  [FAIL] Bonn delta1                      0.8989 >= 0.9730

P2 - PLAN.md §3.2 sharpness gate
  [FAIL] balanced grad_ratio              0.4885 >= 0.7560
  [FAIL] boundary F1 vs DA2               0.4116 >= 0.6376
  [PASS] edge AbsRel vs DA2               0.1508 <= 0.1663
  [FAIL] overshoot vs DA2                 0.3356 <= 0.2255
  [FAIL] flat TV vs reported              0.0382 <= 0.0358

P3 - PLAN.md §3.3 long-stream gate
  [SKIP] needs an L8 and an L256 dump
  [SKIP] sparse-vs-dense L8 gap (<=2%) and sharpness drop after the sparse switch (<=3%): need the tau=0 dump and its sharpness block

G1 - relative depth accuracy (8-frame, real TUM+Bonn)
  [FAIL] MEAN(src) AbsRel                 0.1177 <= 0.1000
  [PASS] clip medAbsRel                   0.0896 <= 0.0900
  [FAIL] MEAN(src) delta1                 0.8613 >= 0.9100
  [FAIL] TUM AbsRel                       0.1273 <= 0.1150
  [FAIL] Bonn AbsRel                      0.1082 <= 0.0700
  [FAIL] catastrophic clips (AbsRel>1)    1 <= 0
  [note] 2 clips needed a disparity fit that crossed zero; their depth is clamped fiction
  [SKIP] 3-seed agreement and non-overlapping CI vs the current model: needs 3 seed dumps (run this per seed)

G2 - long-stream accuracy
  [SKIP] no 32-frame dump
  [SKIP] no 256-frame dump
  [SKIP] late/early frame ratio and keyframe sawtooth amplitude: need per-frame traces (scripts/frame_index_probe.py)

P1 FAIL   P2 FAIL   P3 FAIL   G1 FAIL   G2 FAIL
promotion needs P1, P2 and P3 (PLAN.md §3); G1/G2 are the older PLAN_ACC set, kept so a run between the two is visible
[2026-08-29T21:25:11+09:00] === s1-synthshape-s0 : --full-res --boundary-weight 1.0 --shape-on-synthetic ===
2026-08-29 21:25:12,106 work dir: work_dirs/s1-synthshape-s0  seed 0  commit 1d4d01a6
2026-08-29 21:25:12,526 partial init from work_dirs/v11-longclip-spread-s0/latest.pt: 7 new tensors kept at init, 0 checkpoint tensors unused
2026-08-29 21:25:13,363 mixed dataset: 208720 clips from 5 sources (size 256)
2026-08-29 21:25:15,391 step    0  loss 3.2275  skip 0.00  lr 2.00e-07  depth_std 28.4354
2026-08-29 21:26:06,187 step   50  loss 2.3500  skip 0.01  lr 1.02e-05  depth_std 11.2195
2026-08-29 21:26:59,350 step  100  loss 2.8031  skip 0.03  lr 2.02e-05  depth_std 41.9415
2026-08-29 21:27:52,554 step  150  loss 6.6834  skip 0.04  lr 3.02e-05  depth_std 1.7343
2026-08-29 21:28:45,490 step  200  loss 7.8331  skip 0.05  lr 4.02e-05  depth_std 11.1978
2026-08-29 21:29:37,892 step  250  loss 5.4226  skip 0.06  lr 5.02e-05  depth_std 5.9480
2026-08-29 21:30:29,556 step  300  loss 2.1468  skip 0.07  lr 6.02e-05  depth_std 13.9644
2026-08-29 21:31:20,635 step  350  loss 3.4608  skip 0.09  lr 7.02e-05  depth_std 11.6099
2026-08-29 21:32:11,460 step  400  loss 5.2523  skip 0.10  lr 8.02e-05  depth_std 16.0286
2026-08-29 21:33:01,843 step  450  loss 2.8935  skip 0.11  lr 9.02e-05  depth_std 9.1277
2026-08-29 21:33:51,878 step  500  loss 3.6214  skip 0.12  lr 1.00e-04  depth_std 25.0015
2026-08-29 21:34:41,129 step  550  loss 3.4733  skip 0.14  lr 9.99e-05  depth_std 27.9132
2026-08-29 21:35:29,921 step  600  loss 2.4229  skip 0.15  lr 9.98e-05  depth_std 27.7540
2026-08-29 21:36:18,309 step  650  loss 4.0820  skip 0.16  lr 9.95e-05  depth_std 10.5393
2026-08-29 21:37:06,234 step  700  loss 3.8660  skip 0.17  lr 9.92e-05  depth_std 31.9819
2026-08-29 21:37:53,739 step  750  loss 2.6474  skip 0.19  lr 9.87e-05  depth_std 21.9659
2026-08-29 21:38:40,758 step  800  loss 1.9858  skip 0.20  lr 9.82e-05  depth_std 1.0468
2026-08-29 21:39:27,212 step  850  loss 1.7112  skip 0.21  lr 9.76e-05  depth_std 2.0644
2026-08-29 21:40:13,251 step  900  loss 0.4264  skip 0.23  lr 9.68e-05  depth_std 1.4933
2026-08-29 21:40:58,870 step  950  loss 4.8791  skip 0.24  lr 9.60e-05  depth_std 14.6985
2026-08-29 21:41:43,914 step 1000  loss 10.1562  skip 0.25  lr 9.50e-05  depth_std 31.5829
2026-08-29 21:42:28,484 step 1050  loss 3.8325  skip 0.26  lr 9.40e-05  depth_std 32.3089
2026-08-29 21:43:12,538 step 1100  loss 3.7399  skip 0.28  lr 9.29e-05  depth_std 24.2593
2026-08-29 21:43:56,123 step 1150  loss 3.0988  skip 0.29  lr 9.17e-05  depth_std 24.1815
2026-08-29 21:44:39,141 step 1200  loss 2.4224  skip 0.30  lr 9.05e-05  depth_std 10.4413
2026-08-29 21:45:21,860 step 1250  loss 4.5169  skip 0.31  lr 8.91e-05  depth_std 5.7405
2026-08-29 21:46:04,137 step 1300  loss 3.9930  skip 0.33  lr 8.77e-05  depth_std 14.8955
2026-08-29 21:46:45,720 step 1350  loss 2.3248  skip 0.34  lr 8.61e-05  depth_std 1.9660
2026-08-29 21:47:26,930 step 1400  loss 2.5235  skip 0.35  lr 8.46e-05  depth_std 15.5739
2026-08-29 21:48:07,753 step 1450  loss 3.4771  skip 0.36  lr 8.29e-05  depth_std 15.8710
2026-08-29 21:48:47,905 step 1500  loss 3.6005  skip 0.38  lr 8.12e-05  depth_std 2.0404
2026-08-29 21:49:27,656 step 1550  loss 3.5335  skip 0.39  lr 7.94e-05  depth_std 17.2943
2026-08-29 21:50:06,727 step 1600  loss 9.2207  skip 0.40  lr 7.75e-05  depth_std 16.9820
2026-08-29 21:50:45,425 step 1650  loss 1.7464  skip 0.41  lr 7.56e-05  depth_std 11.3963
2026-08-29 21:51:23,653 step 1700  loss 4.2221  skip 0.42  lr 7.37e-05  depth_std 7.6401
2026-08-29 21:52:01,368 step 1750  loss 4.9833  skip 0.44  lr 7.17e-05  depth_std 13.0106
2026-08-29 21:52:38,500 step 1800  loss 3.7433  skip 0.45  lr 6.97e-05  depth_std 28.2067
2026-08-29 21:53:15,243 step 1850  loss 3.7794  skip 0.46  lr 6.76e-05  depth_std 30.9163
2026-08-29 21:53:51,386 step 1900  loss 2.2171  skip 0.47  lr 6.55e-05  depth_std 1.8662
2026-08-29 21:54:27,026 step 1950  loss 2.6864  skip 0.49  lr 6.33e-05  depth_std 5.0266
2026-08-29 21:55:02,303 step 2000  loss 5.7692  skip 0.50  lr 6.11e-05  depth_std 16.6293
2026-08-29 21:55:37,264 step 2050  loss 2.5845  skip 0.50  lr 5.89e-05  depth_std 18.2241
2026-08-29 21:56:12,227 step 2100  loss 3.7535  skip 0.50  lr 5.67e-05  depth_std 19.9028
2026-08-29 21:56:47,309 step 2150  loss 1.6821  skip 0.50  lr 5.45e-05  depth_std 13.4681
2026-08-29 21:57:22,266 step 2200  loss 3.4434  skip 0.50  lr 5.22e-05  depth_std 36.8338
2026-08-29 21:57:57,197 step 2250  loss 1.8525  skip 0.50  lr 5.00e-05  depth_std 2.2797
2026-08-29 21:58:32,107 step 2300  loss 5.9446  skip 0.50  lr 4.78e-05  depth_std 34.2012
2026-08-29 21:59:07,076 step 2350  loss 3.8821  skip 0.50  lr 4.55e-05  depth_std 25.9092
2026-08-29 21:59:42,079 step 2400  loss 8.2307  skip 0.50  lr 4.33e-05  depth_std 31.4498
2026-08-29 22:00:17,045 step 2450  loss 5.7386  skip 0.50  lr 4.11e-05  depth_std 19.0327
2026-08-29 22:00:51,976 step 2500  loss 2.8260  skip 0.50  lr 3.89e-05  depth_std 10.6337
2026-08-29 22:01:26,860 step 2550  loss 1.9195  skip 0.50  lr 3.67e-05  depth_std 34.8598
2026-08-29 22:02:01,788 step 2600  loss 8.5832  skip 0.50  lr 3.45e-05  depth_std 2.3308
2026-08-29 22:02:36,754 step 2650  loss 2.3287  skip 0.50  lr 3.24e-05  depth_std 5.3880
2026-08-29 22:03:11,859 step 2700  loss 1.2570  skip 0.50  lr 3.03e-05  depth_std 3.8716
2026-08-29 22:03:46,880 step 2750  loss 2.0718  skip 0.50  lr 2.83e-05  depth_std 8.8774
2026-08-29 22:04:21,743 step 2800  loss 2.1350  skip 0.50  lr 2.63e-05  depth_std 14.1920
2026-08-29 22:04:56,738 step 2850  loss 3.7089  skip 0.50  lr 2.44e-05  depth_std 6.1632
2026-08-29 22:05:31,692 step 2900  loss 3.5707  skip 0.50  lr 2.25e-05  depth_std 12.3986
2026-08-29 22:06:06,669 step 2950  loss 5.7821  skip 0.50  lr 2.06e-05  depth_std 37.1768
2026-08-29 22:06:41,734 step 3000  loss 3.3578  skip 0.50  lr 1.88e-05  depth_std 0.9287
2026-08-29 22:07:16,796 step 3050  loss 3.1937  skip 0.50  lr 1.71e-05  depth_std 9.0641
2026-08-29 22:07:51,760 step 3100  loss 7.0250  skip 0.50  lr 1.54e-05  depth_std 35.1076
2026-08-29 22:08:26,661 step 3150  loss 2.8151  skip 0.50  lr 1.39e-05  depth_std 3.9497
2026-08-29 22:09:01,776 step 3200  loss 2.0901  skip 0.50  lr 1.23e-05  depth_std 3.9240
2026-08-29 22:09:36,795 step 3250  loss 2.8149  skip 0.50  lr 1.09e-05  depth_std 7.5970
2026-08-29 22:10:11,706 step 3300  loss 2.9310  skip 0.50  lr 9.55e-06  depth_std 27.8573
2026-08-29 22:10:46,664 step 3350  loss 2.5335  skip 0.50  lr 8.27e-06  depth_std 27.8609
2026-08-29 22:11:21,558 step 3400  loss 2.0223  skip 0.50  lr 7.08e-06  depth_std 15.5136
2026-08-29 22:11:56,630 step 3450  loss 1.2655  skip 0.50  lr 5.97e-06  depth_std 4.5557
2026-08-29 22:12:31,653 step 3500  loss 3.2461  skip 0.50  lr 4.95e-06  depth_std 1.3935
2026-08-29 22:13:06,454 step 3550  loss 6.0025  skip 0.50  lr 4.02e-06  depth_std 23.8537
2026-08-29 22:13:41,495 step 3600  loss 3.3792  skip 0.50  lr 3.19e-06  depth_std 32.1788
2026-08-29 22:14:16,465 step 3650  loss 3.8300  skip 0.50  lr 2.45e-06  depth_std 1.7423
2026-08-29 22:14:51,357 step 3700  loss 3.4965  skip 0.50  lr 1.80e-06  depth_std 25.0271
2026-08-29 22:15:26,432 step 3750  loss 3.6345  skip 0.50  lr 1.25e-06  depth_std 38.8949
2026-08-29 22:16:01,501 step 3800  loss 2.4365  skip 0.50  lr 8.04e-07  depth_std 2.5130
2026-08-29 22:16:36,442 step 3850  loss 5.5319  skip 0.50  lr 4.53e-07  depth_std 32.8235
2026-08-29 22:17:11,342 step 3900  loss 3.7784  skip 0.50  lr 2.01e-07  depth_std 16.5487
2026-08-29 22:17:46,208 step 3950  loss 3.7840  skip 0.50  lr 5.03e-08  depth_std 36.8662
2026-08-29 22:18:20,580 saved -> work_dirs/s1-synthshape-s0/latest.pt
[2026-08-29T22:18:21+09:00] --- P2 screening protocol: s1-synthshape-s0 ---

s1-synthshape-s0
    source       absrel   absrel_dyn  absrel_near  absrel_edge   grad_ratio  boundary_f1 boundary_precision boundary_recall      flat_tv   flat_tv_gt flat_tv_ratio    overshoot
       tum       0.1231       0.3164       0.2248       0.1708       0.4024       0.3911       0.4793       0.3429       0.0332       0.0039      10.1111       0.1909
      bonn       0.1215       0.2387       0.2525       0.1395       0.4286       0.2934       0.5560       0.2453       0.0376       0.0086      76.9856       0.4258
  balanced       0.1223       0.2776       0.2387       0.1551       0.4155       0.3423       0.5176       0.2941       0.0354       0.0062      43.5484       0.3084

grad_ratio alone is buyable: read it with boundary_f1 (blur loses recall, noise loses precision), flat_tv_ratio (noise) and overshoot (ringing).
[2026-08-29T22:18:42+09:00] --- P1+P2 sealed L8 manifest: s1-synthshape-s0 ---
  tum 50/89
  bonn 50/399
  bonn 100/399
  bonn 150/399
  bonn 200/399
  bonn 250/399
  bonn 300/399
  bonn 350/399
s1-synthshape-s0 (4.2M) space=depth infer_size=official manifest=manifests/acc_real_L8.json clips=488 active=24.7% 54s (+3 no-GT)

[align=median]
  source         pooled     mean   median   trim10      P90      P95       max      d1  fail  cat     n
  tum            0.1259   0.1231   0.0775   0.1097   0.2577   0.3831    0.4862  0.8465     0    0    89
  bonn           0.1165   0.1180   0.0960   0.1079   0.1965   0.2707    0.6417  0.8904     0    0   398
  MEAN(src)      0.1212   0.1205   0.0867   0.1088   0.2271   0.3269    0.5640  0.8684     0    0   487
  95% CI of balanced clip mean   AbsRel: [0.1097, 0.1324]
  95% CI of balanced clip median AbsRel: [0.0834, 0.0907]
  region                   tum              bonn         MEAN(src)
              AbsRel  d1   px%  AbsRel  d1   px%  AbsRel  d1   px%
  all         0.1259 0.846 100  0.1165 0.890 100  0.1212 0.868    
  edge        0.1620 0.748  17  0.1544 0.783   7  0.1582 0.766    
  flat        0.1185 0.867  83  0.1138 0.898  93  0.1162 0.882    
  dynamic     0.4449 0.450   9  0.2908 0.667  13  0.3678 0.559    
  static      0.0951 0.885  91  0.0897 0.925  87  0.0924 0.905    
  near        0.3583 0.611  17  0.2120 0.773  25  0.2852 0.692    
  mid         0.0724 0.903  74  0.0840 0.934  64  0.0782 0.918    
  far         0.1246 0.832   9  0.0906 0.901  11  0.1076 0.866    

[align=scale]
  source         pooled     mean   median   trim10      P90      P95       max      d1  fail  cat     n
  tum            0.1274   0.1249   0.0859   0.1143   0.2562   0.3688    0.4639  0.8486     0    0    89
  bonn           0.1140   0.1156   0.0927   0.1078   0.2117   0.2877    0.4858  0.8660     0    0   398
  MEAN(src)      0.1207   0.1202   0.0893   0.1111   0.2339   0.3282    0.4748  0.8573     0    0   487
  95% CI of balanced clip mean   AbsRel: [0.1105, 0.1309]
  95% CI of balanced clip median AbsRel: [0.0856, 0.0935]
  region                   tum              bonn         MEAN(src)
              AbsRel  d1   px%  AbsRel  d1   px%  AbsRel  d1   px%
  all         0.1274 0.849 100  0.1140 0.866 100  0.1207 0.857    
  edge        0.1631 0.742  17  0.1546 0.759   7  0.1588 0.750    
  flat        0.1201 0.870  83  0.1111 0.874  93  0.1156 0.872    
  dynamic     0.3477 0.562   9  0.1960 0.723  13  0.2718 0.642    
  static      0.1061 0.876  91  0.1014 0.888  87  0.1038 0.882    
  near        0.2962 0.683  17  0.1523 0.827  25  0.2242 0.755    
  mid         0.0872 0.890  74  0.1009 0.877  64  0.0940 0.884    
  far         0.1374 0.822   9  0.1040 0.889  11  0.1207 0.855    

[align=scaleshift]
  source         pooled     mean   median   trim10      P90      P95       max      d1  fail  cat     n
  tum            0.1292   0.1268   0.0854   0.1163   0.2691   0.3552    0.4469  0.8267     0    0    89
  bonn           0.0998   0.1007   0.0838   0.0946   0.1570   0.1949    0.8536  0.9062     1    0   398
  MEAN(src)      0.1145   0.1138   0.0846   0.1054   0.2131   0.2750    0.6502  0.8665     1    0   487
  95% CI of balanced clip mean   AbsRel: [0.1040, 0.1244]
  95% CI of balanced clip median AbsRel: [0.0816, 0.0899]
  region                   tum              bonn         MEAN(src)
              AbsRel  d1   px%  AbsRel  d1   px%  AbsRel  d1   px%
  all         0.1292 0.827 100  0.0998 0.906 100  0.1145 0.866    
  edge        0.1649 0.730  17  0.1473 0.791   7  0.1561 0.760    
  flat        0.1219 0.847  83  0.0964 0.915  93  0.1091 0.881    
  dynamic     0.3159 0.558   9  0.1825 0.792  13  0.2492 0.675    
  static      0.1112 0.853  91  0.0871 0.924  87  0.0991 0.888    
  near        0.2636 0.678  17  0.1484 0.847  25  0.2060 0.762    
  mid         0.0848 0.887  74  0.0835 0.930  64  0.0842 0.909    
  far         0.2374 0.615   9  0.0853 0.903  11  0.1613 0.759    

  sharpness (alignment-free, PLAN.md §3.2)
  source            absrel_edge         grad_ratio        boundary_f1 boundary_precision    boundary_recall            flat_tv          overshoot
  tum                    0.1757             0.4024             0.3911             0.4793             0.3429             0.0332             0.1909
  bonn                   0.1233             0.3956             0.2806             0.5503             0.2290             0.0363             0.4311
  balanced               0.1495             0.3990             0.3359             0.5148             0.2860             0.0348             0.3110

-> work_dirs/acc/s1-synthshape-s0-L8.json
-> work_dirs/acc/table.txt
s1-synthshape-s0  gauge=scaleshift  work_dirs/acc/s1-synthshape-s0-L8.json

P1 - PLAN.md §3.1 promotion gate (8-frame, real TUM+Bonn)
  [FAIL] balanced AbsRel                  0.1145 <= 0.0900
  [FAIL] balanced delta1                  0.8665 >= 0.9300
  [FAIL] clip P95 AbsRel                  0.2750 <= 0.1530
  [FAIL] alignment failures               1 <= 0
  [PASS] catastrophic clips (AbsRel>1)    0 <= 0
  [PASS] TUM clip median AbsRel           0.0854 <= 0.0950
  [FAIL] Bonn pooled AbsRel               0.0998 <= 0.0580
  [FAIL] Bonn delta1                      0.9062 >= 0.9730

P2 - PLAN.md §3.2 sharpness gate
  [FAIL] balanced grad_ratio              0.3990 >= 0.7560
  [FAIL] boundary F1 vs DA2               0.3359 >= 0.6376
  [PASS] edge AbsRel vs DA2               0.1495 <= 0.1663
  [FAIL] overshoot vs DA2                 0.3110 <= 0.2255
  [PASS] flat TV vs reported              0.0348 <= 0.0358

P3 - PLAN.md §3.3 long-stream gate
  [SKIP] needs an L8 and an L256 dump
  [SKIP] sparse-vs-dense L8 gap (<=2%) and sharpness drop after the sparse switch (<=3%): need the tau=0 dump and its sharpness block

G1 - relative depth accuracy (8-frame, real TUM+Bonn)
  [FAIL] MEAN(src) AbsRel                 0.1145 <= 0.1000
  [PASS] clip medAbsRel                   0.0846 <= 0.0900
  [FAIL] MEAN(src) delta1                 0.8665 >= 0.9100
  [FAIL] TUM AbsRel                       0.1292 <= 0.1150
  [FAIL] Bonn AbsRel                      0.0998 <= 0.0700
  [PASS] catastrophic clips (AbsRel>1)    0 <= 0
  [note] 1 clips needed a disparity fit that crossed zero; their depth is clamped fiction
  [SKIP] 3-seed agreement and non-overlapping CI vs the current model: needs 3 seed dumps (run this per seed)

G2 - long-stream accuracy
  [SKIP] no 32-frame dump
  [SKIP] no 256-frame dump
  [SKIP] late/early frame ratio and keyframe sawtooth amplitude: need per-frame traces (scripts/frame_index_probe.py)

P1 FAIL   P2 FAIL   P3 FAIL   G1 FAIL   G2 FAIL
promotion needs P1, P2 and P3 (PLAN.md §3); G1/G2 are the older PLAN_ACC set, kept so a run between the two is visible
[2026-08-29T22:19:38+09:00] === s2-trim-s0 : --full-res --boundary-weight 1.0 --shape-on-synthetic --trim-real-band ===
2026-08-29 22:19:39,223 work dir: work_dirs/s2-trim-s0  seed 0  commit 1d4d01a6
2026-08-29 22:19:39,656 partial init from work_dirs/v11-longclip-spread-s0/latest.pt: 7 new tensors kept at init, 0 checkpoint tensors unused
2026-08-29 22:19:40,498 mixed dataset: 208720 clips from 5 sources (size 256)
2026-08-29 22:19:42,602 step    0  loss 3.2325  skip 0.00  lr 2.00e-07  depth_std 28.4354
2026-08-29 22:20:33,757 step   50  loss 2.3517  skip 0.01  lr 1.02e-05  depth_std 11.2199
2026-08-29 22:21:27,387 step  100  loss 2.7936  skip 0.03  lr 2.02e-05  depth_std 42.0672
2026-08-29 22:22:21,023 step  150  loss 6.7474  skip 0.04  lr 3.02e-05  depth_std 1.7390
2026-08-29 22:23:14,550 step  200  loss 7.8582  skip 0.05  lr 4.02e-05  depth_std 11.1007
2026-08-29 22:24:07,439 step  250  loss 5.4277  skip 0.06  lr 5.02e-05  depth_std 5.9623
2026-08-29 22:24:59,514 step  300  loss 2.1596  skip 0.07  lr 6.02e-05  depth_std 13.9232
2026-08-29 22:25:51,115 step  350  loss 3.4514  skip 0.09  lr 7.02e-05  depth_std 11.0643
2026-08-29 22:26:42,373 step  400  loss 5.2390  skip 0.10  lr 8.02e-05  depth_std 15.8657
2026-08-29 22:27:33,201 step  450  loss 2.9027  skip 0.11  lr 9.02e-05  depth_std 8.7009
2026-08-29 22:28:23,738 step  500  loss 3.5950  skip 0.12  lr 1.00e-04  depth_std 25.9032
2026-08-29 22:29:13,465 step  550  loss 3.6283  skip 0.14  lr 9.99e-05  depth_std 28.5677
2026-08-29 22:30:02,717 step  600  loss 2.5261  skip 0.15  lr 9.98e-05  depth_std 27.3994
2026-08-29 22:30:51,441 step  650  loss 4.1102  skip 0.16  lr 9.95e-05  depth_std 10.7446
2026-08-29 22:31:39,905 step  700  loss 3.7865  skip 0.17  lr 9.92e-05  depth_std 31.9303
2026-08-29 22:32:27,758 step  750  loss 2.6415  skip 0.19  lr 9.87e-05  depth_std 21.9651
2026-08-29 22:33:15,184 step  800  loss 2.0485  skip 0.20  lr 9.82e-05  depth_std 1.0102
2026-08-29 22:34:02,036 step  850  loss 1.7924  skip 0.21  lr 9.76e-05  depth_std 1.9520
2026-08-29 22:34:48,567 step  900  loss 0.4408  skip 0.23  lr 9.68e-05  depth_std 1.4973
2026-08-29 22:35:34,424 step  950  loss 4.8523  skip 0.24  lr 9.60e-05  depth_std 15.1314
2026-08-29 22:36:19,783 step 1000  loss 10.4194  skip 0.25  lr 9.50e-05  depth_std 30.5636
2026-08-29 22:37:04,690 step 1050  loss 3.9255  skip 0.26  lr 9.40e-05  depth_std 31.6410
2026-08-29 22:37:49,044 step 1100  loss 3.5466  skip 0.28  lr 9.29e-05  depth_std 23.6153
2026-08-29 22:38:33,021 step 1150  loss 3.1959  skip 0.29  lr 9.17e-05  depth_std 25.2204
2026-08-29 22:39:16,452 step 1200  loss 2.3803  skip 0.30  lr 9.05e-05  depth_std 10.1664
2026-08-29 22:39:59,334 step 1250  loss 4.5279  skip 0.31  lr 8.91e-05  depth_std 5.7789
2026-08-29 22:40:41,831 step 1300  loss 3.8742  skip 0.33  lr 8.77e-05  depth_std 14.8373
2026-08-29 22:41:23,793 step 1350  loss 2.3754  skip 0.34  lr 8.61e-05  depth_std 1.9504
2026-08-29 22:42:05,142 step 1400  loss 2.4385  skip 0.35  lr 8.46e-05  depth_std 16.1250
2026-08-29 22:42:46,187 step 1450  loss 3.4004  skip 0.36  lr 8.29e-05  depth_std 15.2857
2026-08-29 22:43:26,550 step 1500  loss 3.5474  skip 0.38  lr 8.12e-05  depth_std 2.1030
2026-08-29 22:44:06,599 step 1550  loss 3.6117  skip 0.39  lr 7.94e-05  depth_std 16.3070
2026-08-29 22:44:46,011 step 1600  loss 9.2621  skip 0.40  lr 7.75e-05  depth_std 14.2923
2026-08-29 22:45:24,963 step 1650  loss 1.7382  skip 0.41  lr 7.56e-05  depth_std 11.8481
2026-08-29 22:46:03,580 step 1700  loss 4.1483  skip 0.42  lr 7.37e-05  depth_std 8.2118
2026-08-29 22:46:41,653 step 1750  loss 5.0026  skip 0.44  lr 7.17e-05  depth_std 12.8509
2026-08-29 22:47:19,123 step 1800  loss 3.6918  skip 0.45  lr 6.97e-05  depth_std 27.0313
2026-08-29 22:47:56,091 step 1850  loss 3.8291  skip 0.46  lr 6.76e-05  depth_std 30.2275
2026-08-29 22:48:32,447 step 1900  loss 2.2793  skip 0.47  lr 6.55e-05  depth_std 1.8255
2026-08-29 22:49:08,483 step 1950  loss 2.7119  skip 0.49  lr 6.33e-05  depth_std 5.2542
2026-08-29 22:49:44,026 step 2000  loss 5.8769  skip 0.50  lr 6.11e-05  depth_std 17.5377
2026-08-29 22:50:19,169 step 2050  loss 2.1146  skip 0.50  lr 5.89e-05  depth_std 20.2783
2026-08-29 22:50:54,387 step 2100  loss 3.7489  skip 0.50  lr 5.67e-05  depth_std 19.2324
2026-08-29 22:51:29,679 step 2150  loss 1.6712  skip 0.50  lr 5.45e-05  depth_std 12.4606
2026-08-29 22:52:04,824 step 2200  loss 3.4801  skip 0.50  lr 5.22e-05  depth_std 39.1170
2026-08-29 22:52:40,080 step 2250  loss 1.9096  skip 0.50  lr 5.00e-05  depth_std 2.2607
2026-08-29 22:53:15,166 step 2300  loss 5.9177  skip 0.50  lr 4.78e-05  depth_std 33.3916
2026-08-29 22:53:50,418 step 2350  loss 3.8732  skip 0.50  lr 4.55e-05  depth_std 26.8609
2026-08-29 22:54:25,714 step 2400  loss 8.2200  skip 0.50  lr 4.33e-05  depth_std 30.1182
2026-08-29 22:55:00,841 step 2450  loss 5.8238  skip 0.50  lr 4.11e-05  depth_std 18.4066
2026-08-29 22:55:36,020 step 2500  loss 2.7858  skip 0.50  lr 3.89e-05  depth_std 10.9354
2026-08-29 22:56:11,102 step 2550  loss 1.8954  skip 0.50  lr 3.67e-05  depth_std 35.6553
2026-08-29 22:56:46,327 step 2600  loss 8.5964  skip 0.50  lr 3.45e-05  depth_std 2.3012
2026-08-29 22:57:21,464 step 2650  loss 2.2703  skip 0.50  lr 3.24e-05  depth_std 5.2638
2026-08-29 22:57:56,879 step 2700  loss 1.2959  skip 0.50  lr 3.03e-05  depth_std 3.6753
2026-08-29 22:58:32,087 step 2750  loss 2.0849  skip 0.50  lr 2.83e-05  depth_std 9.0521
2026-08-29 22:59:07,215 step 2800  loss 2.1405  skip 0.50  lr 2.63e-05  depth_std 14.1750
2026-08-29 22:59:42,397 step 2850  loss 3.7217  skip 0.50  lr 2.44e-05  depth_std 6.3213
2026-08-29 23:00:17,551 step 2900  loss 3.5935  skip 0.50  lr 2.25e-05  depth_std 11.7742
2026-08-29 23:00:52,713 step 2950  loss 5.8231  skip 0.50  lr 2.06e-05  depth_std 35.6932
2026-08-29 23:01:28,022 step 3000  loss 3.4338  skip 0.50  lr 1.88e-05  depth_std 0.9423
2026-08-29 23:02:03,310 step 3050  loss 3.1873  skip 0.50  lr 1.71e-05  depth_std 9.2452
2026-08-29 23:02:38,515 step 3100  loss 7.0124  skip 0.50  lr 1.54e-05  depth_std 34.2255
2026-08-29 23:03:13,553 step 3150  loss 2.9782  skip 0.50  lr 1.39e-05  depth_std 3.4413
2026-08-29 23:03:48,775 step 3200  loss 2.0441  skip 0.50  lr 1.23e-05  depth_std 3.9109
2026-08-29 23:04:24,013 step 3250  loss 2.8147  skip 0.50  lr 1.09e-05  depth_std 7.2612
2026-08-29 23:04:59,154 step 3300  loss 2.9416  skip 0.50  lr 9.55e-06  depth_std 27.5905
2026-08-29 23:05:34,285 step 3350  loss 2.5880  skip 0.50  lr 8.27e-06  depth_std 29.3087
2026-08-29 23:06:09,413 step 3400  loss 2.0176  skip 0.50  lr 7.08e-06  depth_std 15.6141
2026-08-29 23:06:44,653 step 3450  loss 1.2737  skip 0.50  lr 5.97e-06  depth_std 4.5931
2026-08-29 23:07:19,864 step 3500  loss 3.3209  skip 0.50  lr 4.95e-06  depth_std 1.4510
2026-08-29 23:07:54,948 step 3550  loss 6.0043  skip 0.50  lr 4.02e-06  depth_std 23.8023
2026-08-29 23:08:30,102 step 3600  loss 3.3726  skip 0.50  lr 3.19e-06  depth_std 33.1249
2026-08-29 23:09:05,350 step 3650  loss 3.8196  skip 0.50  lr 2.45e-06  depth_std 1.7542
2026-08-29 23:09:40,535 step 3700  loss 3.4773  skip 0.50  lr 1.80e-06  depth_std 25.0396
2026-08-29 23:10:15,757 step 3750  loss 3.6485  skip 0.50  lr 1.25e-06  depth_std 39.1143
2026-08-29 23:10:51,019 step 3800  loss 2.4476  skip 0.50  lr 8.04e-07  depth_std 2.4638
2026-08-29 23:11:26,208 step 3850  loss 5.5469  skip 0.50  lr 4.53e-07  depth_std 32.6746
2026-08-29 23:12:01,332 step 3900  loss 3.7748  skip 0.50  lr 2.01e-07  depth_std 16.2562
2026-08-29 23:12:36,531 step 3950  loss 3.7841  skip 0.50  lr 5.03e-08  depth_std 36.7054
2026-08-29 23:13:11,195 saved -> work_dirs/s2-trim-s0/latest.pt
[2026-08-29T23:13:11+09:00] --- P2 screening protocol: s2-trim-s0 ---

s2-trim-s0
    source       absrel   absrel_dyn  absrel_near  absrel_edge   grad_ratio  boundary_f1 boundary_precision boundary_recall      flat_tv   flat_tv_gt flat_tv_ratio    overshoot
       tum       0.1213       0.3095       0.2184       0.1699       0.4063       0.3906       0.4791       0.3422       0.0332       0.0039      10.1260       0.1914
      bonn       0.1218       0.2390       0.2540       0.1396       0.4250       0.2932       0.5584       0.2445       0.0371       0.0086      77.9755       0.4294
  balanced       0.1215       0.2743       0.2362       0.1547       0.4156       0.3419       0.5187       0.2933       0.0351       0.0062      44.0508       0.3104

grad_ratio alone is buyable: read it with boundary_f1 (blur loses recall, noise loses precision), flat_tv_ratio (noise) and overshoot (ringing).
[2026-08-29T23:13:33+09:00] --- P1+P2 sealed L8 manifest: s2-trim-s0 ---
  tum 50/89
  bonn 50/399
  bonn 100/399
  bonn 150/399
  bonn 200/399
  bonn 250/399
  bonn 300/399
  bonn 350/399
s2-trim-s0 (4.2M) space=depth infer_size=official manifest=manifests/acc_real_L8.json clips=488 active=24.7% 55s (+3 no-GT)

[align=median]
  source         pooled     mean   median   trim10      P90      P95       max      d1  fail  cat     n
  tum            0.1240   0.1213   0.0794   0.1085   0.2550   0.3638    0.4755  0.8463     0    0    89
  bonn           0.1169   0.1184   0.0959   0.1079   0.2013   0.2715    0.6270  0.8896     0    0   398
  MEAN(src)      0.1204   0.1198   0.0876   0.1082   0.2282   0.3177    0.5512  0.8680     0    0   487
  95% CI of balanced clip mean   AbsRel: [0.1094, 0.1312]
  95% CI of balanced clip median AbsRel: [0.0839, 0.0907]
  region                   tum              bonn         MEAN(src)
              AbsRel  d1   px%  AbsRel  d1   px%  AbsRel  d1   px%
  all         0.1240 0.846 100  0.1169 0.890 100  0.1204 0.868    
  edge        0.1607 0.749  17  0.1537 0.784   7  0.1572 0.766    
  flat        0.1165 0.866  83  0.1142 0.897  93  0.1153 0.882    
  dynamic     0.4290 0.453   9  0.2927 0.666  13  0.3608 0.559    
  static      0.0946 0.884  91  0.0898 0.924  87  0.0922 0.904    
  near        0.3459 0.613  17  0.2125 0.772  25  0.2792 0.692    
  mid         0.0719 0.903  74  0.0843 0.934  64  0.0781 0.919    
  far         0.1310 0.821   9  0.0904 0.899  11  0.1107 0.860    

[align=scale]
  source         pooled     mean   median   trim10      P90      P95       max      d1  fail  cat     n
  tum            0.1257   0.1234   0.0860   0.1133   0.2542   0.3484    0.4340  0.8478     0    0    89
  bonn           0.1143   0.1160   0.0935   0.1080   0.2146   0.2906    0.4960  0.8658     0    0   398
  MEAN(src)      0.1200   0.1197   0.0897   0.1107   0.2344   0.3195    0.4650  0.8568     0    0   487
  95% CI of balanced clip mean   AbsRel: [0.1102, 0.1300]
  95% CI of balanced clip median AbsRel: [0.0861, 0.0937]
  region                   tum              bonn         MEAN(src)
              AbsRel  d1   px%  AbsRel  d1   px%  AbsRel  d1   px%
  all         0.1257 0.848 100  0.1143 0.866 100  0.1200 0.857    
  edge        0.1618 0.742  17  0.1542 0.759   7  0.1580 0.751    
  flat        0.1184 0.869  83  0.1114 0.874  93  0.1149 0.871    
  dynamic     0.3323 0.562   9  0.1978 0.722  13  0.2651 0.642    
  static      0.1058 0.875  91  0.1014 0.888  87  0.1036 0.882    
  near        0.2847 0.683  17  0.1533 0.826  25  0.2190 0.754    
  mid         0.0869 0.890  74  0.1006 0.878  64  0.0937 0.884    
  far         0.1434 0.811   9  0.1059 0.887  11  0.1246 0.849    

[align=scaleshift]
  source         pooled     mean   median   trim10      P90      P95       max      d1  fail  cat     n
  tum            0.1300   0.1277   0.0847   0.1154   0.2670   0.3520    0.5993  0.8303     1    0    89
  bonn           0.0986   0.0993   0.0842   0.0941   0.1569   0.1941    0.3830  0.9049     2    0   398
  MEAN(src)      0.1143   0.1135   0.0844   0.1048   0.2119   0.2730    0.4911  0.8676     3    0   487
  95% CI of balanced clip mean   AbsRel: [0.1035, 0.1246]
  95% CI of balanced clip median AbsRel: [0.0818, 0.0895]
  region                   tum              bonn         MEAN(src)
              AbsRel  d1   px%  AbsRel  d1   px%  AbsRel  d1   px%
  all         0.1300 0.830 100  0.0986 0.905 100  0.1143 0.868    
  edge        0.1656 0.732  17  0.1477 0.792   7  0.1567 0.762    
  flat        0.1227 0.850  83  0.0950 0.913  93  0.1089 0.882    
  dynamic     0.3116 0.563   9  0.1729 0.788  13  0.2423 0.675    
  static      0.1125 0.856  91  0.0871 0.923  87  0.0998 0.889    
  near        0.2600 0.680  17  0.1431 0.846  25  0.2015 0.763    
  mid         0.0841 0.891  74  0.0838 0.928  64  0.0839 0.910    
  far         0.2586 0.619   9  0.0843 0.901  11  0.1715 0.760    

  sharpness (alignment-free, PLAN.md §3.2)
  source            absrel_edge         grad_ratio        boundary_f1 boundary_precision    boundary_recall            flat_tv          overshoot
  tum                    0.1768             0.4063             0.3906             0.4791             0.3422             0.0332             0.1914
  bonn                   0.1239             0.3966             0.2814             0.5524             0.2294             0.0360             0.4349
  balanced               0.1504             0.4015             0.3360             0.5157             0.2858             0.0346             0.3132

-> work_dirs/acc/s2-trim-s0-L8.json
-> work_dirs/acc/table.txt
s2-trim-s0  gauge=scaleshift  work_dirs/acc/s2-trim-s0-L8.json

P1 - PLAN.md §3.1 promotion gate (8-frame, real TUM+Bonn)
  [FAIL] balanced AbsRel                  0.1143 <= 0.0900
  [FAIL] balanced delta1                  0.8676 >= 0.9300
  [FAIL] clip P95 AbsRel                  0.2730 <= 0.1530
  [FAIL] alignment failures               3 <= 0
  [PASS] catastrophic clips (AbsRel>1)    0 <= 0
  [PASS] TUM clip median AbsRel           0.0847 <= 0.0950
  [FAIL] Bonn pooled AbsRel               0.0986 <= 0.0580
  [FAIL] Bonn delta1                      0.9049 >= 0.9730

P2 - PLAN.md §3.2 sharpness gate
  [FAIL] balanced grad_ratio              0.4015 >= 0.7560
  [FAIL] boundary F1 vs DA2               0.3360 >= 0.6376
  [PASS] edge AbsRel vs DA2               0.1504 <= 0.1663
  [FAIL] overshoot vs DA2                 0.3132 <= 0.2255
  [PASS] flat TV vs reported              0.0346 <= 0.0358

P3 - PLAN.md §3.3 long-stream gate
  [SKIP] needs an L8 and an L256 dump
  [SKIP] sparse-vs-dense L8 gap (<=2%) and sharpness drop after the sparse switch (<=3%): need the tau=0 dump and its sharpness block

G1 - relative depth accuracy (8-frame, real TUM+Bonn)
  [FAIL] MEAN(src) AbsRel                 0.1143 <= 0.1000
  [PASS] clip medAbsRel                   0.0844 <= 0.0900
  [FAIL] MEAN(src) delta1                 0.8676 >= 0.9100
  [FAIL] TUM AbsRel                       0.1300 <= 0.1150
  [FAIL] Bonn AbsRel                      0.0986 <= 0.0700
  [PASS] catastrophic clips (AbsRel>1)    0 <= 0
  [note] 3 clips needed a disparity fit that crossed zero; their depth is clamped fiction
  [SKIP] 3-seed agreement and non-overlapping CI vs the current model: needs 3 seed dumps (run this per seed)

G2 - long-stream accuracy
  [SKIP] no 32-frame dump
  [SKIP] no 256-frame dump
  [SKIP] late/early frame ratio and keyframe sawtooth amplitude: need per-frame traces (scripts/frame_index_probe.py)

P1 FAIL   P2 FAIL   P3 FAIL   G1 FAIL   G2 FAIL
promotion needs P1, P2 and P3 (PLAN.md §3); G1/G2 are the older PLAN_ACC set, kept so a run between the two is visible
[2026-08-29T23:14:29+09:00] === s4-msgrad2-s0 : --full-res --boundary-weight 1.0 --msgrad-weight 2.0 ===
2026-08-29 23:14:30,539 work dir: work_dirs/s4-msgrad2-s0  seed 0  commit 1d4d01a6
2026-08-29 23:14:30,967 partial init from work_dirs/v11-longclip-spread-s0/latest.pt: 7 new tensors kept at init, 0 checkpoint tensors unused
2026-08-29 23:14:31,807 mixed dataset: 208720 clips from 5 sources (size 256)
2026-08-29 23:14:33,862 step    0  loss 2.8702  skip 0.00  lr 2.00e-07  depth_std 28.4354
2026-08-29 23:15:25,267 step   50  loss 2.2611  skip 0.01  lr 1.02e-05  depth_std 11.2303
2026-08-29 23:16:19,203 step  100  loss 2.9000  skip 0.03  lr 2.02e-05  depth_std 42.2529
2026-08-29 23:17:13,145 step  150  loss 5.4019  skip 0.04  lr 3.02e-05  depth_std 1.7182
2026-08-29 23:18:06,939 step  200  loss 6.9556  skip 0.05  lr 4.02e-05  depth_std 11.8002
2026-08-29 23:19:00,039 step  250  loss 4.0871  skip 0.06  lr 5.02e-05  depth_std 6.2205
2026-08-29 23:19:52,281 step  300  loss 1.8996  skip 0.07  lr 6.02e-05  depth_std 14.5287
2026-08-29 23:20:44,181 step  350  loss 1.7956  skip 0.09  lr 7.02e-05  depth_std 10.7680
2026-08-29 23:21:35,581 step  400  loss 3.9186  skip 0.10  lr 8.02e-05  depth_std 17.0984
2026-08-29 23:22:26,575 step  450  loss 2.3405  skip 0.11  lr 9.02e-05  depth_std 8.4243
2026-08-29 23:23:17,374 step  500  loss 3.3835  skip 0.12  lr 1.00e-04  depth_std 25.6821
2026-08-29 23:24:07,208 step  550  loss 2.9794  skip 0.14  lr 9.99e-05  depth_std 30.2673
2026-08-29 23:24:56,674 step  600  loss 2.6207  skip 0.15  lr 9.98e-05  depth_std 28.7643
2026-08-29 23:25:45,663 step  650  loss 3.9744  skip 0.16  lr 9.95e-05  depth_std 11.1519
2026-08-29 23:26:34,422 step  700  loss 2.6273  skip 0.17  lr 9.92e-05  depth_std 31.3398
2026-08-29 23:27:22,365 step  750  loss 2.5647  skip 0.19  lr 9.87e-05  depth_std 22.4057
2026-08-29 23:28:09,997 step  800  loss 2.1570  skip 0.20  lr 9.82e-05  depth_std 0.9611
2026-08-29 23:28:56,975 step  850  loss 1.4816  skip 0.21  lr 9.76e-05  depth_std 2.1649
2026-08-29 23:29:43,558 step  900  loss 1.1567  skip 0.23  lr 9.68e-05  depth_std 1.5170
2026-08-29 23:30:29,637 step  950  loss 4.2786  skip 0.24  lr 9.60e-05  depth_std 16.9642
2026-08-29 23:31:15,159 step 1000  loss 8.5097  skip 0.25  lr 9.50e-05  depth_std 33.9728
2026-08-29 23:32:00,117 step 1050  loss 2.6601  skip 0.26  lr 9.40e-05  depth_std 35.5723
2026-08-29 23:32:44,560 step 1100  loss 1.9223  skip 0.28  lr 9.29e-05  depth_std 25.9508
2026-08-29 23:33:28,480 step 1150  loss 2.8197  skip 0.29  lr 9.17e-05  depth_std 24.6772
2026-08-29 23:34:11,923 step 1200  loss 2.6673  skip 0.30  lr 9.05e-05  depth_std 9.8645
2026-08-29 23:34:55,025 step 1250  loss 2.2557  skip 0.31  lr 8.91e-05  depth_std 5.9169
2026-08-29 23:35:37,639 step 1300  loss 3.6877  skip 0.33  lr 8.77e-05  depth_std 15.5589
2026-08-29 23:36:19,624 step 1350  loss 2.0439  skip 0.34  lr 8.61e-05  depth_std 1.9385
2026-08-29 23:37:01,189 step 1400  loss 2.3975  skip 0.35  lr 8.46e-05  depth_std 16.0028
2026-08-29 23:37:42,319 step 1450  loss 3.2136  skip 0.36  lr 8.29e-05  depth_std 14.9676
2026-08-29 23:38:22,878 step 1500  loss 3.2893  skip 0.38  lr 8.12e-05  depth_std 2.0287
2026-08-29 23:39:03,050 step 1550  loss 3.8661  skip 0.39  lr 7.94e-05  depth_std 17.4866
2026-08-29 23:39:42,552 step 1600  loss 4.3464  skip 0.40  lr 7.75e-05  depth_std 19.1432
2026-08-29 23:40:21,641 step 1650  loss 1.6439  skip 0.41  lr 7.56e-05  depth_std 12.4180
2026-08-29 23:41:00,308 step 1700  loss 3.6675  skip 0.42  lr 7.37e-05  depth_std 8.0399
2026-08-29 23:41:38,309 step 1750  loss 4.1864  skip 0.44  lr 7.17e-05  depth_std 12.8678
2026-08-29 23:42:15,839 step 1800  loss 3.3856  skip 0.45  lr 6.97e-05  depth_std 26.8185
2026-08-29 23:42:52,937 step 1850  loss 3.6584  skip 0.46  lr 6.76e-05  depth_std 29.1844
2026-08-29 23:43:29,373 step 1900  loss 1.9743  skip 0.47  lr 6.55e-05  depth_std 1.8312
2026-08-29 23:44:05,530 step 1950  loss 2.7762  skip 0.49  lr 6.33e-05  depth_std 5.1813
2026-08-29 23:44:41,125 step 2000  loss 4.2986  skip 0.50  lr 6.11e-05  depth_std 16.5506
2026-08-29 23:45:16,430 step 2050  loss 2.0743  skip 0.50  lr 5.89e-05  depth_std 21.1358
2026-08-29 23:45:51,754 step 2100  loss 2.6945  skip 0.50  lr 5.67e-05  depth_std 18.6190
2026-08-29 23:46:27,107 step 2150  loss 1.5804  skip 0.50  lr 5.45e-05  depth_std 13.2290
2026-08-29 23:47:02,295 step 2200  loss 3.0886  skip 0.50  lr 5.22e-05  depth_std 38.4729
2026-08-29 23:47:37,558 step 2250  loss 1.6694  skip 0.50  lr 5.00e-05  depth_std 2.0193
2026-08-29 23:48:12,667 step 2300  loss 2.3889  skip 0.50  lr 4.78e-05  depth_std 36.2026
2026-08-29 23:48:47,967 step 2350  loss 2.8976  skip 0.50  lr 4.55e-05  depth_std 27.0496
2026-08-29 23:49:23,286 step 2400  loss 8.3652  skip 0.50  lr 4.33e-05  depth_std 33.3925
2026-08-29 23:49:58,565 step 2450  loss 6.1735  skip 0.50  lr 4.11e-05  depth_std 20.3234
2026-08-29 23:50:33,832 step 2500  loss 2.3651  skip 0.50  lr 3.89e-05  depth_std 11.0971
2026-08-29 23:51:09,016 step 2550  loss 1.7098  skip 0.50  lr 3.67e-05  depth_std 35.8046
2026-08-29 23:51:44,380 step 2600  loss 7.6941  skip 0.50  lr 3.45e-05  depth_std 2.3965
2026-08-29 23:52:19,672 step 2650  loss 2.3294  skip 0.50  lr 3.24e-05  depth_std 5.0749
2026-08-29 23:52:55,101 step 2700  loss 1.5413  skip 0.50  lr 3.03e-05  depth_std 3.5568
2026-08-29 23:53:30,369 step 2750  loss 1.4751  skip 0.50  lr 2.83e-05  depth_std 9.3653
2026-08-29 23:54:05,633 step 2800  loss 1.8818  skip 0.50  lr 2.63e-05  depth_std 13.0961
2026-08-29 23:54:40,984 step 2850  loss 3.8741  skip 0.50  lr 2.44e-05  depth_std 6.2990
2026-08-29 23:55:16,658 step 2900  loss 3.3126  skip 0.50  lr 2.25e-05  depth_std 12.4331
2026-08-29 23:55:52,158 step 2950  loss 3.7879  skip 0.50  lr 2.06e-05  depth_std 38.8673
2026-08-29 23:56:27,730 step 3000  loss 3.4014  skip 0.50  lr 1.88e-05  depth_std 0.9112
2026-08-29 23:57:03,231 step 3050  loss 2.6772  skip 0.50  lr 1.71e-05  depth_std 9.1554
2026-08-29 23:57:38,635 step 3100  loss 5.9397  skip 0.50  lr 1.54e-05  depth_std 36.9372
2026-08-29 23:58:13,904 step 3150  loss 2.8606  skip 0.50  lr 1.39e-05  depth_std 4.0519
2026-08-29 23:58:49,381 step 3200  loss 1.9877  skip 0.50  lr 1.23e-05  depth_std 3.9504
2026-08-29 23:59:24,826 step 3250  loss 2.4090  skip 0.50  lr 1.09e-05  depth_std 8.1472
2026-08-30 00:00:00,113 step 3300  loss 2.7570  skip 0.50  lr 9.55e-06  depth_std 29.3389
2026-08-30 00:00:35,365 step 3350  loss 2.4384  skip 0.50  lr 8.27e-06  depth_std 29.0169
2026-08-30 00:01:10,670 step 3400  loss 1.9682  skip 0.50  lr 7.08e-06  depth_std 16.0626
2026-08-30 00:01:46,174 step 3450  loss 1.2636  skip 0.50  lr 5.97e-06  depth_std 4.1201
2026-08-30 00:02:21,660 step 3500  loss 2.6733  skip 0.50  lr 4.95e-06  depth_std 1.5884
2026-08-30 00:02:56,895 step 3550  loss 5.2764  skip 0.50  lr 4.02e-06  depth_std 25.1607
2026-08-30 00:03:32,287 step 3600  loss 2.4774  skip 0.50  lr 3.19e-06  depth_std 36.3438
2026-08-30 00:04:07,624 step 3650  loss 3.3501  skip 0.50  lr 2.45e-06  depth_std 1.7541
2026-08-30 00:04:42,908 step 3700  loss 3.2429  skip 0.50  lr 1.80e-06  depth_std 26.5285
2026-08-30 00:05:18,375 step 3750  loss 3.2781  skip 0.50  lr 1.25e-06  depth_std 40.1874
2026-08-30 00:05:53,810 step 3800  loss 1.8177  skip 0.50  lr 8.04e-07  depth_std 2.7058
2026-08-30 00:06:29,182 step 3850  loss 1.9867  skip 0.50  lr 4.53e-07  depth_std 35.3934
2026-08-30 00:07:04,370 step 3900  loss 4.0302  skip 0.50  lr 2.01e-07  depth_std 16.7305
2026-08-30 00:07:39,688 step 3950  loss 3.2806  skip 0.50  lr 5.03e-08  depth_std 37.1241
2026-08-30 00:08:14,487 saved -> work_dirs/s4-msgrad2-s0/latest.pt
[2026-08-30T00:08:15+09:00] --- P2 screening protocol: s4-msgrad2-s0 ---

s4-msgrad2-s0
    source       absrel   absrel_dyn  absrel_near  absrel_edge   grad_ratio  boundary_f1 boundary_precision boundary_recall      flat_tv   flat_tv_gt flat_tv_ratio    overshoot
       tum       0.1258       0.3200       0.2376       0.1722       0.4478       0.4124       0.6119       0.3575       0.0332       0.0039      10.0979       0.2145
      bonn       0.1237       0.2447       0.2601       0.1413       0.4366       0.2876       0.5688       0.2377       0.0351       0.0086      75.6564       0.4287
  balanced       0.1247       0.2824       0.2489       0.1567       0.4422       0.3500       0.5903       0.2976       0.0342       0.0062      42.8772       0.3216

grad_ratio alone is buyable: read it with boundary_f1 (blur loses recall, noise loses precision), flat_tv_ratio (noise) and overshoot (ringing).
[2026-08-30T00:08:36+09:00] --- P1+P2 sealed L8 manifest: s4-msgrad2-s0 ---
  tum 50/89
  bonn 50/399
  bonn 100/399
  bonn 150/399
  bonn 200/399
  bonn 250/399
  bonn 300/399
  bonn 350/399
s4-msgrad2-s0 (4.2M) space=depth infer_size=official manifest=manifests/acc_real_L8.json clips=488 active=24.7% 56s (+3 no-GT)

[align=median]
  source         pooled     mean   median   trim10      P90      P95       max      d1  fail  cat     n
  tum            0.1285   0.1258   0.0788   0.1114   0.2767   0.3874    0.5110  0.8471     0    0    89
  bonn           0.1169   0.1183   0.0927   0.1070   0.2046   0.2819    0.8210  0.8905     0    0   398
  MEAN(src)      0.1227   0.1220   0.0858   0.1092   0.2406   0.3346    0.6660  0.8688     0    0   487
  95% CI of balanced clip mean   AbsRel: [0.1109, 0.1344]
  95% CI of balanced clip median AbsRel: [0.0825, 0.0898]
  region                   tum              bonn         MEAN(src)
              AbsRel  d1   px%  AbsRel  d1   px%  AbsRel  d1   px%
  all         0.1285 0.847 100  0.1169 0.890 100  0.1227 0.869    
  edge        0.1635 0.752  17  0.1535 0.787   7  0.1585 0.770    
  flat        0.1213 0.866  83  0.1143 0.898  93  0.1178 0.882    
  dynamic     0.4644 0.439   9  0.3006 0.661  13  0.3825 0.550    
  static      0.0961 0.886  91  0.0886 0.926  87  0.0924 0.906    
  near        0.3692 0.602  17  0.2171 0.771  25  0.2931 0.686    
  mid         0.0734 0.904  74  0.0834 0.934  64  0.0784 0.919    
  far         0.1245 0.841   9  0.0862 0.909  11  0.1054 0.875    

[align=scale]
  source         pooled     mean   median   trim10      P90      P95       max      d1  fail  cat     n
  tum            0.1262   0.1237   0.0832   0.1122   0.2703   0.3688    0.4950  0.8494     0    0    89
  bonn           0.1134   0.1150   0.0896   0.1069   0.2078   0.2913    0.5106  0.8654     0    0   398
  MEAN(src)      0.1198   0.1193   0.0864   0.1095   0.2390   0.3300    0.5028  0.8574     0    0   487
  95% CI of balanced clip mean   AbsRel: [0.1092, 0.1305]
  95% CI of balanced clip median AbsRel: [0.0832, 0.0902]
  region                   tum              bonn         MEAN(src)
              AbsRel  d1   px%  AbsRel  d1   px%  AbsRel  d1   px%
  all         0.1262 0.849 100  0.1134 0.865 100  0.1198 0.857    
  edge        0.1629 0.743  17  0.1539 0.760   7  0.1584 0.751    
  flat        0.1187 0.871  83  0.1105 0.873  93  0.1146 0.872    
  dynamic     0.3558 0.567   9  0.1956 0.719  13  0.2757 0.643    
  static      0.1040 0.877  91  0.1008 0.888  87  0.1024 0.882    
  near        0.2968 0.686  17  0.1504 0.827  25  0.2236 0.756    
  mid         0.0861 0.890  74  0.1012 0.875  64  0.0936 0.883    
  far         0.1317 0.827   9  0.1016 0.894  11  0.1167 0.861    

[align=scaleshift]
  source         pooled     mean   median   trim10      P90      P95       max      d1  fail  cat     n
  tum            0.1260   0.1237   0.0838   0.1140   0.2698   0.3437    0.4130  0.8326     0    0    89
  bonn           0.0981   0.0989   0.0811   0.0932   0.1584   0.1967    0.5453  0.9081     1    0   398
  MEAN(src)      0.1121   0.1113   0.0825   0.1036   0.2141   0.2702    0.4791  0.8704     1    0   487
  95% CI of balanced clip mean   AbsRel: [0.1020, 0.1216]
  95% CI of balanced clip median AbsRel: [0.0790, 0.0872]
  region                   tum              bonn         MEAN(src)
              AbsRel  d1   px%  AbsRel  d1   px%  AbsRel  d1   px%
  all         0.1260 0.833 100  0.0981 0.908 100  0.1121 0.870    
  edge        0.1622 0.734  17  0.1461 0.794   7  0.1542 0.764    
  flat        0.1186 0.853  83  0.0946 0.916  93  0.1066 0.885    
  dynamic     0.3199 0.558   9  0.1755 0.792  13  0.2477 0.675    
  static      0.1073 0.859  91  0.0862 0.926  87  0.0968 0.893    
  near        0.2639 0.678  17  0.1433 0.849  25  0.2036 0.764    
  mid         0.0847 0.886  74  0.0835 0.931  64  0.0841 0.908    
  far         0.2033 0.691   9  0.0811 0.912  11  0.1422 0.802    

  sharpness (alignment-free, PLAN.md §3.2)
  source            absrel_edge         grad_ratio        boundary_f1 boundary_precision    boundary_recall            flat_tv          overshoot
  tum                    0.1719             0.4478             0.4124             0.6119             0.3575             0.0332             0.2145
  bonn                   0.1224             0.3950             0.2748             0.5615             0.2220             0.0342             0.4295
  balanced               0.1471             0.4214             0.3436             0.5867             0.2898             0.0337             0.3220

-> work_dirs/acc/s4-msgrad2-s0-L8.json
-> work_dirs/acc/table.txt
s4-msgrad2-s0  gauge=scaleshift  work_dirs/acc/s4-msgrad2-s0-L8.json

P1 - PLAN.md §3.1 promotion gate (8-frame, real TUM+Bonn)
  [FAIL] balanced AbsRel                  0.1121 <= 0.0900
  [FAIL] balanced delta1                  0.8704 >= 0.9300
  [FAIL] clip P95 AbsRel                  0.2702 <= 0.1530
  [FAIL] alignment failures               1 <= 0
  [PASS] catastrophic clips (AbsRel>1)    0 <= 0
  [PASS] TUM clip median AbsRel           0.0838 <= 0.0950
  [FAIL] Bonn pooled AbsRel               0.0981 <= 0.0580
  [FAIL] Bonn delta1                      0.9081 >= 0.9730

P2 - PLAN.md §3.2 sharpness gate
  [FAIL] balanced grad_ratio              0.4214 >= 0.7560
  [FAIL] boundary F1 vs DA2               0.3436 >= 0.6376
  [PASS] edge AbsRel vs DA2               0.1471 <= 0.1663
  [FAIL] overshoot vs DA2                 0.3220 <= 0.2255
  [PASS] flat TV vs reported              0.0337 <= 0.0358

P3 - PLAN.md §3.3 long-stream gate
  [SKIP] needs an L8 and an L256 dump
  [SKIP] sparse-vs-dense L8 gap (<=2%) and sharpness drop after the sparse switch (<=3%): need the tau=0 dump and its sharpness block

G1 - relative depth accuracy (8-frame, real TUM+Bonn)
  [FAIL] MEAN(src) AbsRel                 0.1121 <= 0.1000
  [PASS] clip medAbsRel                   0.0825 <= 0.0900
  [FAIL] MEAN(src) delta1                 0.8704 >= 0.9100
  [FAIL] TUM AbsRel                       0.1260 <= 0.1150
  [FAIL] Bonn AbsRel                      0.0981 <= 0.0700
  [PASS] catastrophic clips (AbsRel>1)    0 <= 0
  [note] 1 clips needed a disparity fit that crossed zero; their depth is clamped fiction
  [SKIP] 3-seed agreement and non-overlapping CI vs the current model: needs 3 seed dumps (run this per seed)

G2 - long-stream accuracy
  [SKIP] no 32-frame dump
  [SKIP] no 256-frame dump
  [SKIP] late/early frame ratio and keyframe sawtooth amplitude: need per-frame traces (scripts/frame_index_probe.py)

P1 FAIL   P2 FAIL   P3 FAIL   G1 FAIL   G2 FAIL
promotion needs P1, P2 and P3 (PLAN.md §3); G1/G2 are the older PLAN_ACC set, kept so a run between the two is visible
[2026-08-30T00:09:34+09:00] === s5-fusenorm-s0 : --full-res --boundary-weight 1.0 --fuse-norm ===
2026-08-30 00:09:34,665 work dir: work_dirs/s5-fusenorm-s0  seed 0  commit 1d4d01a6
2026-08-30 00:09:35,092 partial init from work_dirs/v11-longclip-spread-s0/latest.pt: 19 new tensors kept at init, 0 checkpoint tensors unused
2026-08-30 00:09:35,931 mixed dataset: 208720 clips from 5 sources (size 256)
2026-08-30 00:09:38,278 step    0  loss 9.3914  skip 0.00  lr 2.00e-07  depth_std 2.2045
2026-08-30 00:10:29,996 step   50  loss 4.3452  skip 0.01  lr 1.02e-05  depth_std 1.6213
2026-08-30 00:11:23,277 step  100  loss 8.6887  skip 0.03  lr 2.02e-05  depth_std 1.5974
2026-08-30 00:12:16,739 step  150  loss 5.9675  skip 0.04  lr 3.02e-05  depth_std 1.6056
2026-08-30 00:13:09,891 step  200  loss 8.3952  skip 0.05  lr 4.02e-05  depth_std 2.9965
2026-08-30 00:14:02,466 step  250  loss 4.2656  skip 0.06  lr 5.02e-05  depth_std 3.4080
2026-08-30 00:14:54,282 step  300  loss 3.3019  skip 0.07  lr 6.02e-05  depth_std 4.9874
2026-08-30 00:15:45,654 step  350  loss 2.7436  skip 0.09  lr 7.02e-05  depth_std 4.7963
2026-08-30 00:16:36,754 step  400  loss 4.4433  skip 0.10  lr 8.02e-05  depth_std 6.8217
2026-08-30 00:17:27,507 step  450  loss 2.5347  skip 0.11  lr 9.02e-05  depth_std 7.3780
2026-08-30 00:18:17,849 step  500  loss 4.4525  skip 0.12  lr 1.00e-04  depth_std 12.2657
2026-08-30 00:19:07,384 step  550  loss 3.8307  skip 0.14  lr 9.99e-05  depth_std 11.1204
2026-08-30 00:19:56,451 step  600  loss 2.9544  skip 0.15  lr 9.98e-05  depth_std 15.4581
2026-08-30 00:20:45,046 step  650  loss 4.2127  skip 0.16  lr 9.95e-05  depth_std 11.0918
2026-08-30 00:21:33,255 step  700  loss 2.9577  skip 0.17  lr 9.92e-05  depth_std 15.3355
2026-08-30 00:22:20,962 step  750  loss 2.7000  skip 0.19  lr 9.87e-05  depth_std 14.0035
2026-08-30 00:23:08,211 step  800  loss 2.3784  skip 0.20  lr 9.82e-05  depth_std 0.8319
2026-08-30 00:23:54,878 step  850  loss 1.6194  skip 0.21  lr 9.76e-05  depth_std 2.2275
2026-08-30 00:24:41,037 step  900  loss 1.2354  skip 0.23  lr 9.68e-05  depth_std 1.6721
2026-08-30 00:25:26,847 step  950  loss 4.2482  skip 0.24  lr 9.60e-05  depth_std 16.2252
2026-08-30 00:26:12,008 step 1000  loss 8.8370  skip 0.25  lr 9.50e-05  depth_std 23.5705
2026-08-30 00:26:56,723 step 1050  loss 2.9134  skip 0.26  lr 9.40e-05  depth_std 20.3498
2026-08-30 00:27:40,998 step 1100  loss 2.4066  skip 0.28  lr 9.29e-05  depth_std 18.4343
2026-08-30 00:28:24,762 step 1150  loss 3.0225  skip 0.29  lr 9.17e-05  depth_std 19.0559
2026-08-30 00:29:07,963 step 1200  loss 2.6626  skip 0.30  lr 9.05e-05  depth_std 10.2542
2026-08-30 00:29:50,782 step 1250  loss 2.7162  skip 0.31  lr 8.91e-05  depth_std 7.6119
2026-08-30 00:30:33,091 step 1300  loss 3.7567  skip 0.33  lr 8.77e-05  depth_std 15.9843
2026-08-30 00:31:14,818 step 1350  loss 1.9054  skip 0.34  lr 8.61e-05  depth_std 1.8317
2026-08-30 00:31:56,178 step 1400  loss 2.9034  skip 0.35  lr 8.46e-05  depth_std 13.9382
2026-08-30 00:32:37,067 step 1450  loss 3.4130  skip 0.36  lr 8.29e-05  depth_std 16.8959
2026-08-30 00:33:17,399 step 1500  loss 3.2705  skip 0.38  lr 8.12e-05  depth_std 2.1105
2026-08-30 00:33:57,311 step 1550  loss 3.7156  skip 0.39  lr 7.94e-05  depth_std 17.9323
2026-08-30 00:34:36,591 step 1600  loss 4.4267  skip 0.40  lr 7.75e-05  depth_std 23.8189
2026-08-30 00:35:15,345 step 1650  loss 1.8090  skip 0.41  lr 7.56e-05  depth_std 12.1791
2026-08-30 00:35:53,725 step 1700  loss 3.5798  skip 0.42  lr 7.37e-05  depth_std 8.1839
2026-08-30 00:36:31,468 step 1750  loss 4.0929  skip 0.44  lr 7.17e-05  depth_std 14.1776
2026-08-30 00:37:08,692 step 1800  loss 3.5940  skip 0.45  lr 6.97e-05  depth_std 24.9551
2026-08-30 00:37:45,454 step 1850  loss 3.4673  skip 0.46  lr 6.76e-05  depth_std 22.5232
2026-08-30 00:38:21,691 step 1900  loss 1.8790  skip 0.47  lr 6.55e-05  depth_std 2.0316
2026-08-30 00:38:57,493 step 1950  loss 2.8626  skip 0.49  lr 6.33e-05  depth_std 4.4111
2026-08-30 00:39:32,905 step 2000  loss 4.3540  skip 0.50  lr 6.11e-05  depth_std 17.5613
2026-08-30 00:40:07,980 step 2050  loss 2.2090  skip 0.50  lr 5.89e-05  depth_std 19.8881
2026-08-30 00:40:43,114 step 2100  loss 2.8234  skip 0.50  lr 5.67e-05  depth_std 19.6615
2026-08-30 00:41:18,314 step 2150  loss 1.6912  skip 0.50  lr 5.45e-05  depth_std 12.6302
2026-08-30 00:41:53,374 step 2200  loss 3.2408  skip 0.50  lr 5.22e-05  depth_std 28.5741
2026-08-30 00:42:28,486 step 2250  loss 1.6163  skip 0.50  lr 5.00e-05  depth_std 2.2163
2026-08-30 00:43:03,544 step 2300  loss 2.4402  skip 0.50  lr 4.78e-05  depth_std 27.2802
2026-08-30 00:43:38,563 step 2350  loss 2.9578  skip 0.50  lr 4.55e-05  depth_std 23.9000
2026-08-30 00:44:13,686 step 2400  loss 8.3352  skip 0.50  lr 4.33e-05  depth_std 33.3056
2026-08-30 00:44:48,838 step 2450  loss 5.9493  skip 0.50  lr 4.11e-05  depth_std 20.1278
2026-08-30 00:45:23,782 step 2500  loss 2.5432  skip 0.50  lr 3.89e-05  depth_std 10.5828
2026-08-30 00:45:58,831 step 2550  loss 1.9357  skip 0.50  lr 3.67e-05  depth_std 27.8391
2026-08-30 00:46:33,959 step 2600  loss 7.6306  skip 0.50  lr 3.45e-05  depth_std 2.5936
2026-08-30 00:47:09,042 step 2650  loss 2.4403  skip 0.50  lr 3.24e-05  depth_std 6.1555
2026-08-30 00:47:44,229 step 2700  loss 1.4401  skip 0.50  lr 3.03e-05  depth_std 4.0811
2026-08-30 00:48:19,407 step 2750  loss 1.4451  skip 0.50  lr 2.83e-05  depth_std 8.5564
2026-08-30 00:48:54,405 step 2800  loss 1.9640  skip 0.50  lr 2.63e-05  depth_std 12.3141
2026-08-30 00:49:29,594 step 2850  loss 3.7703  skip 0.50  lr 2.44e-05  depth_std 6.0860
2026-08-30 00:50:04,661 step 2900  loss 3.3689  skip 0.50  lr 2.25e-05  depth_std 11.7047
2026-08-30 00:50:39,737 step 2950  loss 3.9648  skip 0.50  lr 2.06e-05  depth_std 33.5391
2026-08-30 00:51:14,876 step 3000  loss 3.4419  skip 0.50  lr 1.88e-05  depth_std 1.1092
2026-08-30 00:51:49,964 step 3050  loss 2.9910  skip 0.50  lr 1.71e-05  depth_std 8.9625
2026-08-30 00:52:25,110 step 3100  loss 6.0849  skip 0.50  lr 1.54e-05  depth_std 31.1986
2026-08-30 00:53:00,036 step 3150  loss 2.9146  skip 0.50  lr 1.39e-05  depth_std 3.7977
2026-08-30 00:53:35,228 step 3200  loss 2.1010  skip 0.50  lr 1.23e-05  depth_std 4.7134
2026-08-30 00:54:10,352 step 3250  loss 2.3520  skip 0.50  lr 1.09e-05  depth_std 7.8953
2026-08-30 00:54:45,373 step 3300  loss 2.8349  skip 0.50  lr 9.55e-06  depth_std 24.8278
2026-08-30 00:55:20,371 step 3350  loss 2.6127  skip 0.50  lr 8.27e-06  depth_std 22.9327
2026-08-30 00:55:55,478 step 3400  loss 2.1009  skip 0.50  lr 7.08e-06  depth_std 16.0770
2026-08-30 00:56:30,663 step 3450  loss 1.2786  skip 0.50  lr 5.97e-06  depth_std 4.2629
2026-08-30 00:57:05,858 step 3500  loss 2.6711  skip 0.50  lr 4.95e-06  depth_std 1.1978
2026-08-30 00:57:40,863 step 3550  loss 5.2855  skip 0.50  lr 4.02e-06  depth_std 23.3113
2026-08-30 00:58:16,036 step 3600  loss 2.4297  skip 0.50  lr 3.19e-06  depth_std 29.8084
2026-08-30 00:58:51,118 step 3650  loss 2.9885  skip 0.50  lr 2.45e-06  depth_std 1.8182
2026-08-30 00:59:26,207 step 3700  loss 3.3157  skip 0.50  lr 1.80e-06  depth_std 23.4993
2026-08-30 01:00:01,357 step 3750  loss 3.3997  skip 0.50  lr 1.25e-06  depth_std 32.1539
2026-08-30 01:00:36,509 step 3800  loss 1.7826  skip 0.50  lr 8.04e-07  depth_std 2.4975
2026-08-30 01:01:11,605 step 3850  loss 2.0771  skip 0.50  lr 4.53e-07  depth_std 26.3375
2026-08-30 01:01:46,634 step 3900  loss 3.9359  skip 0.50  lr 2.01e-07  depth_std 15.0180
2026-08-30 01:02:21,619 step 3950  loss 3.4914  skip 0.50  lr 5.03e-08  depth_std 30.3207
2026-08-30 01:02:56,112 saved -> work_dirs/s5-fusenorm-s0/latest.pt
[2026-08-30T01:02:56+09:00] --- P2 screening protocol: s5-fusenorm-s0 ---

s5-fusenorm-s0
    source       absrel   absrel_dyn  absrel_near  absrel_edge   grad_ratio  boundary_f1 boundary_precision boundary_recall      flat_tv   flat_tv_gt flat_tv_ratio    overshoot
       tum       0.1394       0.3803       0.2529       0.1811       0.3924       0.4082       0.4954       0.3751       0.0377       0.0039      11.7007       0.2130
      bonn       0.1420       0.2859       0.2910       0.1627       0.5082       0.3710       0.5088       0.3498       0.0448       0.0086      94.7421       0.4364
  balanced       0.1407       0.3331       0.2719       0.1719       0.4503       0.3896       0.5021       0.3625       0.0413       0.0062      53.2214       0.3247

grad_ratio alone is buyable: read it with boundary_f1 (blur loses recall, noise loses precision), flat_tv_ratio (noise) and overshoot (ringing).
[2026-08-30T01:03:18+09:00] --- P1+P2 sealed L8 manifest: s5-fusenorm-s0 ---
  tum 50/89
  bonn 50/399
  bonn 100/399
  bonn 150/399
  bonn 200/399
  bonn 250/399
  bonn 300/399
  bonn 350/399
s5-fusenorm-s0 (4.2M) space=depth infer_size=official manifest=manifests/acc_real_L8.json clips=488 active=24.7% 55s (+3 no-GT)

[align=median]
  source         pooled     mean   median   trim10      P90      P95       max      d1  fail  cat     n
  tum            0.1425   0.1394   0.0845   0.1283   0.3095   0.3798    0.4770  0.8389     0    0    89
  bonn           0.1358   0.1367   0.1100   0.1251   0.2263   0.2992    0.7784  0.8617     0    0   398
  MEAN(src)      0.1391   0.1381   0.0973   0.1267   0.2679   0.3395    0.6277  0.8503     0    0   487
  95% CI of balanced clip mean   AbsRel: [0.1269, 0.1499]
  95% CI of balanced clip median AbsRel: [0.0946, 0.1048]
  region                   tum              bonn         MEAN(src)
              AbsRel  d1   px%  AbsRel  d1   px%  AbsRel  d1   px%
  all         0.1425 0.839 100  0.1358 0.862 100  0.1391 0.850    
  edge        0.1754 0.745  17  0.1716 0.746   7  0.1735 0.746    
  flat        0.1358 0.858  83  0.1331 0.870  93  0.1345 0.864    
  dynamic     0.4796 0.424   9  0.3343 0.619  13  0.4069 0.522    
  static      0.1100 0.879  91  0.1052 0.899  87  0.1076 0.889    
  near        0.3812 0.610  17  0.2389 0.745  25  0.3101 0.677    
  mid         0.0847 0.895  74  0.0973 0.911  64  0.0910 0.903    
  far         0.1650 0.810   9  0.1264 0.839  11  0.1457 0.825    

[align=scale]
  source         pooled     mean   median   trim10      P90      P95       max      d1  fail  cat     n
  tum            0.1419   0.1389   0.0947   0.1298   0.3047   0.3596    0.4508  0.8364     0    0    89
  bonn           0.1311   0.1323   0.1089   0.1244   0.2276   0.2868    0.5483  0.8337     0    0   398
  MEAN(src)      0.1365   0.1356   0.1018   0.1271   0.2661   0.3232    0.4995  0.8350     0    0   487
  95% CI of balanced clip mean   AbsRel: [0.1254, 0.1466]
  95% CI of balanced clip median AbsRel: [0.0984, 0.1059]
  region                   tum              bonn         MEAN(src)
              AbsRel  d1   px%  AbsRel  d1   px%  AbsRel  d1   px%
  all         0.1419 0.836 100  0.1311 0.834 100  0.1365 0.835    
  edge        0.1746 0.736  17  0.1705 0.721   7  0.1726 0.729    
  flat        0.1353 0.857  83  0.1283 0.842  93  0.1318 0.849    
  dynamic     0.3939 0.538   9  0.2174 0.691  13  0.3056 0.615    
  static      0.1176 0.865  91  0.1178 0.856  87  0.1177 0.860    
  near        0.3260 0.674  17  0.1671 0.804  25  0.2465 0.739    
  mid         0.0960 0.878  74  0.1161 0.848  64  0.1061 0.863    
  far         0.1700 0.799   9  0.1370 0.819  11  0.1535 0.809    

[align=scaleshift]
  source         pooled     mean   median   trim10      P90      P95       max      d1  fail  cat     n
  tum            0.1404   0.1375   0.0880   0.1284   0.2986   0.3607    0.4223  0.8091     1    0    89
  bonn           0.1345   0.1360   0.0991   0.1096   0.1830   0.2230    4.5529  0.8817     5    2   398
  MEAN(src)      0.1375   0.1367   0.0935   0.1190   0.2408   0.2918    2.4876  0.8454     6    2   487
  95% CI of balanced clip mean   AbsRel: [0.1209, 0.1561]
  95% CI of balanced clip median AbsRel: [0.0903, 0.1007]
  region                   tum              bonn         MEAN(src)
              AbsRel  d1   px%  AbsRel  d1   px%  AbsRel  d1   px%
  all         0.1404 0.809 100  0.1345 0.882 100  0.1375 0.845    
  edge        0.1712 0.725  17  0.2054 0.761   7  0.1883 0.743    
  flat        0.1341 0.826  83  0.1294 0.891  93  0.1317 0.858    
  dynamic     0.3463 0.518   9  0.2764 0.755  13  0.3113 0.637    
  static      0.1205 0.837  91  0.1127 0.901  87  0.1166 0.869    
  near        0.2786 0.655  17  0.2000 0.827  25  0.2393 0.741    
  mid         0.0962 0.870  74  0.1130 0.906  64  0.1046 0.888    
  far         0.2397 0.605   9  0.1123 0.863  11  0.1760 0.734    

  sharpness (alignment-free, PLAN.md §3.2)
  source            absrel_edge         grad_ratio        boundary_f1 boundary_precision    boundary_recall            flat_tv          overshoot
  tum                    0.1778             0.3924             0.4082             0.4954             0.3751             0.0377             0.2130
  bonn                   0.1708             0.4888             0.3660             0.5021             0.3426             0.0458             0.4385
  balanced               0.1743             0.4406             0.3871             0.4988             0.3588             0.0418             0.3258

-> work_dirs/acc/s5-fusenorm-s0-L8.json
-> work_dirs/acc/table.txt
s5-fusenorm-s0  gauge=scaleshift  work_dirs/acc/s5-fusenorm-s0-L8.json

P1 - PLAN.md §3.1 promotion gate (8-frame, real TUM+Bonn)
  [FAIL] balanced AbsRel                  0.1375 <= 0.0900
  [FAIL] balanced delta1                  0.8454 >= 0.9300
  [FAIL] clip P95 AbsRel                  0.2918 <= 0.1530
  [FAIL] alignment failures               6 <= 0
  [FAIL] catastrophic clips (AbsRel>1)    2 <= 0
  [PASS] TUM clip median AbsRel           0.0880 <= 0.0950
  [FAIL] Bonn pooled AbsRel               0.1345 <= 0.0580
  [FAIL] Bonn delta1                      0.8817 >= 0.9730

P2 - PLAN.md §3.2 sharpness gate
  [FAIL] balanced grad_ratio              0.4406 >= 0.7560
  [FAIL] boundary F1 vs DA2               0.3871 >= 0.6376
  [FAIL] edge AbsRel vs DA2               0.1743 <= 0.1663
  [FAIL] overshoot vs DA2                 0.3258 <= 0.2255
  [FAIL] flat TV vs reported              0.0418 <= 0.0358

P3 - PLAN.md §3.3 long-stream gate
  [SKIP] needs an L8 and an L256 dump
  [SKIP] sparse-vs-dense L8 gap (<=2%) and sharpness drop after the sparse switch (<=3%): need the tau=0 dump and its sharpness block

G1 - relative depth accuracy (8-frame, real TUM+Bonn)
  [FAIL] MEAN(src) AbsRel                 0.1375 <= 0.1000
  [FAIL] clip medAbsRel                   0.0935 <= 0.0900
  [FAIL] MEAN(src) delta1                 0.8454 >= 0.9100
  [FAIL] TUM AbsRel                       0.1404 <= 0.1150
  [FAIL] Bonn AbsRel                      0.1345 <= 0.0700
  [FAIL] catastrophic clips (AbsRel>1)    2 <= 0
  [note] 6 clips needed a disparity fit that crossed zero; their depth is clamped fiction
  [SKIP] 3-seed agreement and non-overlapping CI vs the current model: needs 3 seed dumps (run this per seed)

G2 - long-stream accuracy
  [SKIP] no 32-frame dump
  [SKIP] no 256-frame dump
  [SKIP] late/early frame ratio and keyframe sawtooth amplitude: need per-frame traces (scripts/frame_index_probe.py)

P1 FAIL   P2 FAIL   P3 FAIL   G1 FAIL   G2 FAIL
promotion needs P1, P2 and P3 (PLAN.md §3); G1/G2 are the older PLAN_ACC set, kept so a run between the two is visible
=== round 3 table ===
arm                                      absrel         absrel_dyn        absrel_near        absrel_edge         grad_ratio        boundary_f1 boundary_precision    boundary_recall            flat_tv         flat_tv_gt      flat_tv_ratio          overshoot
ours (reported v11)                      0.1253                nan                nan             0.1577             0.4323             0.3458             0.5650             0.2960             0.0358                nan            43.6637             0.3196
oracle p16                               0.0521                nan                nan             0.1128             0.2612             0.2411             0.4219             0.1946             0.0360                nan            45.8192             0.0521
Depth-Anything-V2-Small-hf               0.2055                nan                nan             0.1663             0.7559             0.6376             0.7565             0.5901             0.0319                nan            29.9691             0.2255
dpt-large                                0.0881                nan                nan             0.1274             0.4682             0.4377             0.7404             0.3340             0.0262                nan            20.5140             0.2237
d1-fullres-s0                            0.1237             0.2809             0.2416             0.1576             0.4262             0.3493             0.5618             0.2995             0.0357             0.0062            44.3995             0.3105
d0-control-s0                            0.1234             0.2738             0.2430             0.1570             0.4310             0.3417             0.5559             0.2897             0.0343             0.0062            42.2897             0.3159
d1-boundary-s0                           0.1254             0.2856             0.2491             0.1576             0.4570             0.3720             0.6297             0.3161             0.0339             0.0062            43.3762             0.3294
e1-boundary-s0                           0.1228             0.2734             0.2435             0.1562             0.4561             0.3561             0.6018             0.3000             0.0336             0.0062            41.7119             0.3281
e3-dynamic-s0                            0.1227             0.2718             0.2388             0.1563             0.4341             0.3417             0.5493             0.2899             0.0340             0.0062            41.8710             0.3180
e2-rank-s0                               0.1226             0.2733             0.2413             0.1573             0.4353             0.3456             0.5426             0.2951             0.0343             0.0062            42.2997             0.3107
d1-boundary3-s0                          0.1256             0.2810             0.2505             0.1578             0.5778             0.4406             0.6582             0.3758             0.0372             0.0062            44.1684             0.3610
d1-boundary-long-s0                      0.1247             0.2872             0.2461             0.1570             0.4651             0.3803             0.6415             0.3172             0.0331             0.0062            46.1013             0.3338
combined-s0                              0.1247             0.2841             0.2476             0.1572             0.4530             0.3614             0.5928             0.3105             0.0338             0.0062            44.0979             0.3276
s3-overshoot-s0                          0.1268             0.2876             0.2488             0.1608             0.5041             0.4170             0.6441             0.3570             0.0399             0.0062            47.0065             0.3333
s1-synthshape-s0                         0.1223             0.2776             0.2387             0.1551             0.4155             0.3423             0.5176             0.2941             0.0354             0.0062            43.5484             0.3084
s2-trim-s0                               0.1215             0.2743             0.2362             0.1547             0.4156             0.3419             0.5187             0.2933             0.0351             0.0062            44.0508             0.3104
s4-msgrad2-s0                            0.1247             0.2824             0.2489             0.1567             0.4422             0.3500             0.5903             0.2976             0.0342             0.0062            42.8772             0.3216
s5-fusenorm-s0                           0.1407             0.3331             0.2719             0.1719             0.4503             0.3896             0.5021             0.3625             0.0413             0.0062            53.2214             0.3247
=== gate: s3-overshoot-s0 ===
s3-overshoot-s0  gauge=scaleshift  work_dirs/acc/s3-overshoot-s0-L8.json

P1 - PLAN.md §3.1 promotion gate (8-frame, real TUM+Bonn)
  [FAIL] balanced AbsRel                  0.1177 <= 0.0900
  [FAIL] balanced delta1                  0.8613 >= 0.9300
  [FAIL] clip P95 AbsRel                  0.2562 <= 0.1530
  [FAIL] alignment failures               2 <= 0
  [FAIL] catastrophic clips (AbsRel>1)    1 <= 0
  [PASS] TUM clip median AbsRel           0.0901 <= 0.0950
  [FAIL] Bonn pooled AbsRel               0.1082 <= 0.0580
  [FAIL] Bonn delta1                      0.8989 >= 0.9730

P2 - PLAN.md §3.2 sharpness gate
  [FAIL] balanced grad_ratio              0.4885 >= 0.7560
  [FAIL] boundary F1 vs DA2               0.4116 >= 0.6392
  [PASS] edge AbsRel vs DA2               0.1508 <= 0.1659
  [FAIL] overshoot vs DA2                 0.3356 <= 0.2230
  [FAIL] flat TV vs reported              0.0382 <= 0.0358

P3 - PLAN.md §3.3 long-stream gate
  [SKIP] needs an L8 and an L256 dump
  [SKIP] sparse-vs-dense L8 gap (<=2%) and sharpness drop after the sparse switch (<=3%): need the tau=0 dump and its sharpness block

G1 - relative depth accuracy (8-frame, real TUM+Bonn)
  [FAIL] MEAN(src) AbsRel                 0.1177 <= 0.1000
  [PASS] clip medAbsRel                   0.0896 <= 0.0900
  [FAIL] MEAN(src) delta1                 0.8613 >= 0.9100
  [FAIL] TUM AbsRel                       0.1273 <= 0.1150
  [FAIL] Bonn AbsRel                      0.1082 <= 0.0700
  [FAIL] catastrophic clips (AbsRel>1)    1 <= 0
  [note] 2 clips needed a disparity fit that crossed zero; their depth is clamped fiction
  [SKIP] 3-seed agreement and non-overlapping CI vs the current model: needs 3 seed dumps (run this per seed)

G2 - long-stream accuracy
  [SKIP] no 32-frame dump
  [SKIP] no 256-frame dump
  [SKIP] late/early frame ratio and keyframe sawtooth amplitude: need per-frame traces (scripts/frame_index_probe.py)

P1 FAIL   P2 FAIL   P3 FAIL   G1 FAIL   G2 FAIL
promotion needs P1, P2 and P3 (PLAN.md §3); G1/G2 are the older PLAN_ACC set, kept so a run between the two is visible
=== gate: s1-synthshape-s0 ===
s1-synthshape-s0  gauge=scaleshift  work_dirs/acc/s1-synthshape-s0-L8.json

P1 - PLAN.md §3.1 promotion gate (8-frame, real TUM+Bonn)
  [FAIL] balanced AbsRel                  0.1145 <= 0.0900
  [FAIL] balanced delta1                  0.8665 >= 0.9300
  [FAIL] clip P95 AbsRel                  0.2750 <= 0.1530
  [FAIL] alignment failures               1 <= 0
  [PASS] catastrophic clips (AbsRel>1)    0 <= 0
  [PASS] TUM clip median AbsRel           0.0854 <= 0.0950
  [FAIL] Bonn pooled AbsRel               0.0998 <= 0.0580
  [FAIL] Bonn delta1                      0.9062 >= 0.9730

P2 - PLAN.md §3.2 sharpness gate
  [FAIL] balanced grad_ratio              0.3990 >= 0.7560
  [FAIL] boundary F1 vs DA2               0.3359 >= 0.6392
  [PASS] edge AbsRel vs DA2               0.1495 <= 0.1659
  [FAIL] overshoot vs DA2                 0.3110 <= 0.2230
  [PASS] flat TV vs reported              0.0348 <= 0.0358

P3 - PLAN.md §3.3 long-stream gate
  [SKIP] needs an L8 and an L256 dump
  [SKIP] sparse-vs-dense L8 gap (<=2%) and sharpness drop after the sparse switch (<=3%): need the tau=0 dump and its sharpness block

G1 - relative depth accuracy (8-frame, real TUM+Bonn)
  [FAIL] MEAN(src) AbsRel                 0.1145 <= 0.1000
  [PASS] clip medAbsRel                   0.0846 <= 0.0900
  [FAIL] MEAN(src) delta1                 0.8665 >= 0.9100
  [FAIL] TUM AbsRel                       0.1292 <= 0.1150
  [FAIL] Bonn AbsRel                      0.0998 <= 0.0700
  [PASS] catastrophic clips (AbsRel>1)    0 <= 0
  [note] 1 clips needed a disparity fit that crossed zero; their depth is clamped fiction
  [SKIP] 3-seed agreement and non-overlapping CI vs the current model: needs 3 seed dumps (run this per seed)

G2 - long-stream accuracy
  [SKIP] no 32-frame dump
  [SKIP] no 256-frame dump
  [SKIP] late/early frame ratio and keyframe sawtooth amplitude: need per-frame traces (scripts/frame_index_probe.py)

P1 FAIL   P2 FAIL   P3 FAIL   G1 FAIL   G2 FAIL
promotion needs P1, P2 and P3 (PLAN.md §3); G1/G2 are the older PLAN_ACC set, kept so a run between the two is visible
=== gate: s2-trim-s0 ===
s2-trim-s0  gauge=scaleshift  work_dirs/acc/s2-trim-s0-L8.json

P1 - PLAN.md §3.1 promotion gate (8-frame, real TUM+Bonn)
  [FAIL] balanced AbsRel                  0.1143 <= 0.0900
  [FAIL] balanced delta1                  0.8676 >= 0.9300
  [FAIL] clip P95 AbsRel                  0.2730 <= 0.1530
  [FAIL] alignment failures               3 <= 0
  [PASS] catastrophic clips (AbsRel>1)    0 <= 0
  [PASS] TUM clip median AbsRel           0.0847 <= 0.0950
  [FAIL] Bonn pooled AbsRel               0.0986 <= 0.0580
  [FAIL] Bonn delta1                      0.9049 >= 0.9730

P2 - PLAN.md §3.2 sharpness gate
  [FAIL] balanced grad_ratio              0.4015 >= 0.7560
  [FAIL] boundary F1 vs DA2               0.3360 >= 0.6392
  [PASS] edge AbsRel vs DA2               0.1504 <= 0.1659
  [FAIL] overshoot vs DA2                 0.3132 <= 0.2230
  [PASS] flat TV vs reported              0.0346 <= 0.0358

P3 - PLAN.md §3.3 long-stream gate
  [SKIP] needs an L8 and an L256 dump
  [SKIP] sparse-vs-dense L8 gap (<=2%) and sharpness drop after the sparse switch (<=3%): need the tau=0 dump and its sharpness block

G1 - relative depth accuracy (8-frame, real TUM+Bonn)
  [FAIL] MEAN(src) AbsRel                 0.1143 <= 0.1000
  [PASS] clip medAbsRel                   0.0844 <= 0.0900
  [FAIL] MEAN(src) delta1                 0.8676 >= 0.9100
  [FAIL] TUM AbsRel                       0.1300 <= 0.1150
  [FAIL] Bonn AbsRel                      0.0986 <= 0.0700
  [PASS] catastrophic clips (AbsRel>1)    0 <= 0
  [note] 3 clips needed a disparity fit that crossed zero; their depth is clamped fiction
  [SKIP] 3-seed agreement and non-overlapping CI vs the current model: needs 3 seed dumps (run this per seed)

G2 - long-stream accuracy
  [SKIP] no 32-frame dump
  [SKIP] no 256-frame dump
  [SKIP] late/early frame ratio and keyframe sawtooth amplitude: need per-frame traces (scripts/frame_index_probe.py)

P1 FAIL   P2 FAIL   P3 FAIL   G1 FAIL   G2 FAIL
promotion needs P1, P2 and P3 (PLAN.md §3); G1/G2 are the older PLAN_ACC set, kept so a run between the two is visible
=== gate: s4-msgrad2-s0 ===
s4-msgrad2-s0  gauge=scaleshift  work_dirs/acc/s4-msgrad2-s0-L8.json

P1 - PLAN.md §3.1 promotion gate (8-frame, real TUM+Bonn)
  [FAIL] balanced AbsRel                  0.1121 <= 0.0900
  [FAIL] balanced delta1                  0.8704 >= 0.9300
  [FAIL] clip P95 AbsRel                  0.2702 <= 0.1530
  [FAIL] alignment failures               1 <= 0
  [PASS] catastrophic clips (AbsRel>1)    0 <= 0
  [PASS] TUM clip median AbsRel           0.0838 <= 0.0950
  [FAIL] Bonn pooled AbsRel               0.0981 <= 0.0580
  [FAIL] Bonn delta1                      0.9081 >= 0.9730

P2 - PLAN.md §3.2 sharpness gate
  [FAIL] balanced grad_ratio              0.4214 >= 0.7560
  [FAIL] boundary F1 vs DA2               0.3436 >= 0.6392
  [PASS] edge AbsRel vs DA2               0.1471 <= 0.1659
  [FAIL] overshoot vs DA2                 0.3220 <= 0.2230
  [PASS] flat TV vs reported              0.0337 <= 0.0358

P3 - PLAN.md §3.3 long-stream gate
  [SKIP] needs an L8 and an L256 dump
  [SKIP] sparse-vs-dense L8 gap (<=2%) and sharpness drop after the sparse switch (<=3%): need the tau=0 dump and its sharpness block

G1 - relative depth accuracy (8-frame, real TUM+Bonn)
  [FAIL] MEAN(src) AbsRel                 0.1121 <= 0.1000
  [PASS] clip medAbsRel                   0.0825 <= 0.0900
  [FAIL] MEAN(src) delta1                 0.8704 >= 0.9100
  [FAIL] TUM AbsRel                       0.1260 <= 0.1150
  [FAIL] Bonn AbsRel                      0.0981 <= 0.0700
  [PASS] catastrophic clips (AbsRel>1)    0 <= 0
  [note] 1 clips needed a disparity fit that crossed zero; their depth is clamped fiction
  [SKIP] 3-seed agreement and non-overlapping CI vs the current model: needs 3 seed dumps (run this per seed)

G2 - long-stream accuracy
  [SKIP] no 32-frame dump
  [SKIP] no 256-frame dump
  [SKIP] late/early frame ratio and keyframe sawtooth amplitude: need per-frame traces (scripts/frame_index_probe.py)

P1 FAIL   P2 FAIL   P3 FAIL   G1 FAIL   G2 FAIL
promotion needs P1, P2 and P3 (PLAN.md §3); G1/G2 are the older PLAN_ACC set, kept so a run between the two is visible
=== gate: s5-fusenorm-s0 ===
s5-fusenorm-s0  gauge=scaleshift  work_dirs/acc/s5-fusenorm-s0-L8.json

P1 - PLAN.md §3.1 promotion gate (8-frame, real TUM+Bonn)
  [FAIL] balanced AbsRel                  0.1375 <= 0.0900
  [FAIL] balanced delta1                  0.8454 >= 0.9300
  [FAIL] clip P95 AbsRel                  0.2918 <= 0.1530
  [FAIL] alignment failures               6 <= 0
  [FAIL] catastrophic clips (AbsRel>1)    2 <= 0
  [PASS] TUM clip median AbsRel           0.0880 <= 0.0950
  [FAIL] Bonn pooled AbsRel               0.1345 <= 0.0580
  [FAIL] Bonn delta1                      0.8817 >= 0.9730

P2 - PLAN.md §3.2 sharpness gate
  [FAIL] balanced grad_ratio              0.4406 >= 0.7560
  [FAIL] boundary F1 vs DA2               0.3871 >= 0.6392
  [FAIL] edge AbsRel vs DA2               0.1743 <= 0.1659
  [FAIL] overshoot vs DA2                 0.3258 <= 0.2230
  [FAIL] flat TV vs reported              0.0418 <= 0.0358

P3 - PLAN.md §3.3 long-stream gate
  [SKIP] needs an L8 and an L256 dump
  [SKIP] sparse-vs-dense L8 gap (<=2%) and sharpness drop after the sparse switch (<=3%): need the tau=0 dump and its sharpness block

G1 - relative depth accuracy (8-frame, real TUM+Bonn)
  [FAIL] MEAN(src) AbsRel                 0.1375 <= 0.1000
  [FAIL] clip medAbsRel                   0.0935 <= 0.0900
  [FAIL] MEAN(src) delta1                 0.8454 >= 0.9100
  [FAIL] TUM AbsRel                       0.1404 <= 0.1150
  [FAIL] Bonn AbsRel                      0.1345 <= 0.0700
  [FAIL] catastrophic clips (AbsRel>1)    2 <= 0
  [note] 6 clips needed a disparity fit that crossed zero; their depth is clamped fiction
  [SKIP] 3-seed agreement and non-overlapping CI vs the current model: needs 3 seed dumps (run this per seed)

G2 - long-stream accuracy
  [SKIP] no 32-frame dump
  [SKIP] no 256-frame dump
  [SKIP] late/early frame ratio and keyframe sawtooth amplitude: need per-frame traces (scripts/frame_index_probe.py)

P1 FAIL   P2 FAIL   P3 FAIL   G1 FAIL   G2 FAIL
promotion needs P1, P2 and P3 (PLAN.md §3); G1/G2 are the older PLAN_ACC set, kept so a run between the two is visible
[2026-08-30T01:04:15+09:00] queue10 done
