[2026-08-30T22:30:56+09:00] === q2-distil-s0 : --full-res --boundary-weight 3.0 --q-teacher work_dirs/q0-calib-s0/latest.pt --q-weight 0.5 --q-grad-weight 0.5 ===
2026-08-30 22:30:57,052 work dir: work_dirs/q2-distil-s0  seed 0  commit 1d4d01a6
2026-08-30 22:30:58,276 HTTP Request: HEAD https://huggingface.co/depth-anything/Depth-Anything-V2-Small-hf/resolve/main/config.json "HTTP/1.1 307 Temporary Redirect"
2026-08-30 22:30:58,351 HTTP Request: HEAD https://huggingface.co/api/resolve-cache/models/depth-anything/Depth-Anything-V2-Small-hf/5426e4f0f36572d16453bbda7a8389317b1bef99/config.json "HTTP/1.1 200 OK"
Loading weights:   0%|          | 0/287 [00:00<?, ?it/s]Loading weights: 100%|██████████| 287/287 [00:00<00:00, 16232.66it/s]
2026-08-30 22:30:58,630 Q teacher: work_dirs/q0-calib-s0/latest.pt (24.8M, frozen)
2026-08-30 22:30:58,684 partial init from work_dirs/v11-longclip-spread-s0/latest.pt: 7 new tensors kept at init, 0 checkpoint tensors unused
2026-08-30 22:30:59,529 mixed dataset: 208720 clips from 5 sources (size 256)
2026-08-30 22:31:02,155 step    0  loss 4.6027  skip 0.00  lr 2.00e-07  depth_std 12.2073
2026-08-30 22:31:58,595 step   50  loss 4.6526  skip 0.01  lr 1.02e-05  depth_std 10.6913
2026-08-30 22:32:56,746 step  100  loss 6.9318  skip 0.03  lr 2.02e-05  depth_std 25.0128
2026-08-30 22:33:55,183 step  150  loss 2.1926  skip 0.04  lr 3.02e-05  depth_std 1.2858
2026-08-30 22:34:53,197 step  200  loss 2.5820  skip 0.05  lr 4.02e-05  depth_std 2.1984
2026-08-30 22:35:50,505 step  250  loss 6.4238  skip 0.06  lr 5.02e-05  depth_std 12.9583
2026-08-30 22:36:46,972 step  300  loss 2.7741  skip 0.07  lr 6.02e-05  depth_std 14.1122
2026-08-30 22:37:43,042 step  350  loss 3.3593  skip 0.09  lr 7.02e-05  depth_std 15.0203
2026-08-30 22:38:38,873 step  400  loss 7.9323  skip 0.10  lr 8.02e-05  depth_std 17.2226
2026-08-30 22:39:34,208 step  450  loss 5.4825  skip 0.11  lr 9.02e-05  depth_std 24.3906
2026-08-30 22:40:29,059 step  500  loss 4.5979  skip 0.12  lr 1.00e-04  depth_std 1.3940
2026-08-30 22:41:23,281 step  550  loss 4.2526  skip 0.14  lr 9.99e-05  depth_std 18.9708
2026-08-30 22:42:16,853 step  600  loss 2.9985  skip 0.15  lr 9.98e-05  depth_std 1.7389
2026-08-30 22:43:10,030 step  650  loss 5.2760  skip 0.16  lr 9.95e-05  depth_std 15.0770
2026-08-30 22:44:03,016 step  700  loss 5.0116  skip 0.17  lr 9.92e-05  depth_std 7.0628
2026-08-30 22:44:55,172 step  750  loss 4.5241  skip 0.19  lr 9.87e-05  depth_std 17.5496
2026-08-30 22:45:47,079 step  800  loss 3.8498  skip 0.20  lr 9.82e-05  depth_std 3.3945
2026-08-30 22:46:38,376 step  850  loss 3.6339  skip 0.21  lr 9.76e-05  depth_std 20.0702
2026-08-30 22:47:29,184 step  900  loss 4.8467  skip 0.23  lr 9.68e-05  depth_std 21.0156
2026-08-30 22:48:19,605 step  950  loss 3.5051  skip 0.24  lr 9.60e-05  depth_std 3.3931
2026-08-30 22:49:09,358 step 1000  loss 3.0806  skip 0.25  lr 9.50e-05  depth_std 1.9368
2026-08-30 22:49:58,666 step 1050  loss 3.8928  skip 0.26  lr 9.40e-05  depth_std 12.7704
2026-08-30 22:50:47,544 step 1100  loss 5.1917  skip 0.28  lr 9.29e-05  depth_std 14.9164
2026-08-30 22:51:35,853 step 1150  loss 6.3375  skip 0.29  lr 9.17e-05  depth_std 25.0761
2026-08-30 22:52:23,652 step 1200  loss 2.7799  skip 0.30  lr 9.05e-05  depth_std 9.4060
2026-08-30 22:53:11,176 step 1250  loss 7.2645  skip 0.31  lr 8.91e-05  depth_std 12.1937
2026-08-30 22:53:58,187 step 1300  loss 3.9032  skip 0.33  lr 8.77e-05  depth_std 7.3931
2026-08-30 22:54:44,581 step 1350  loss 5.2598  skip 0.34  lr 8.61e-05  depth_std 8.5584
2026-08-30 22:55:30,499 step 1400  loss 3.6510  skip 0.35  lr 8.46e-05  depth_std 2.7634
2026-08-30 22:56:16,076 step 1450  loss 1.9742  skip 0.36  lr 8.29e-05  depth_std 2.6559
2026-08-30 22:57:00,950 step 1500  loss 1.8219  skip 0.38  lr 8.12e-05  depth_std 1.2621
2026-08-30 22:57:45,405 step 1550  loss 4.3889  skip 0.39  lr 7.94e-05  depth_std 29.9676
2026-08-30 22:58:29,145 step 1600  loss 2.5116  skip 0.40  lr 7.75e-05  depth_std 6.9167
2026-08-30 22:59:12,496 step 1650  loss 6.3179  skip 0.41  lr 7.56e-05  depth_std 1.9853
2026-08-30 22:59:55,462 step 1700  loss 5.2023  skip 0.42  lr 7.37e-05  depth_std 23.1105
2026-08-30 23:00:37,838 step 1750  loss 4.3510  skip 0.44  lr 7.17e-05  depth_std 22.7355
2026-08-30 23:01:19,809 step 1800  loss 3.8629  skip 0.45  lr 6.97e-05  depth_std 21.3552
2026-08-30 23:02:01,091 step 1850  loss 4.5509  skip 0.46  lr 6.76e-05  depth_std 19.3522
2026-08-30 23:02:41,867 step 1900  loss 2.9558  skip 0.47  lr 6.55e-05  depth_std 13.9075
2026-08-30 23:03:22,256 step 1950  loss 6.0525  skip 0.49  lr 6.33e-05  depth_std 5.0795
2026-08-30 23:04:02,182 step 2000  loss 2.2732  skip 0.50  lr 6.11e-05  depth_std 2.6301
2026-08-30 23:04:41,857 step 2050  loss 2.9213  skip 0.50  lr 5.89e-05  depth_std 0.8713
2026-08-30 23:05:21,525 step 2100  loss 9.2984  skip 0.50  lr 5.67e-05  depth_std 15.4616
2026-08-30 23:06:01,272 step 2150  loss 3.2593  skip 0.50  lr 5.45e-05  depth_std 2.0955
2026-08-30 23:06:40,801 step 2200  loss 5.6260  skip 0.50  lr 5.22e-05  depth_std 19.3926
2026-08-30 23:07:20,459 step 2250  loss 3.3107  skip 0.50  lr 5.00e-05  depth_std 5.4311
2026-08-30 23:08:00,036 step 2300  loss 2.1085  skip 0.50  lr 4.78e-05  depth_std 3.8294
2026-08-30 23:08:39,694 step 2350  loss 2.9998  skip 0.50  lr 4.55e-05  depth_std 14.4835
2026-08-30 23:09:19,446 step 2400  loss 4.7701  skip 0.50  lr 4.33e-05  depth_std 19.6278
2026-08-30 23:09:59,195 step 2450  loss 4.9021  skip 0.50  lr 4.11e-05  depth_std 5.0921
2026-08-30 23:10:38,672 step 2500  loss 2.1427  skip 0.50  lr 3.89e-05  depth_std 1.9946
2026-08-30 23:11:18,219 step 2550  loss 2.5631  skip 0.50  lr 3.67e-05  depth_std 24.4015
2026-08-30 23:11:57,928 step 2600  loss 4.7578  skip 0.50  lr 3.45e-05  depth_std 14.0659
2026-08-30 23:12:37,626 step 2650  loss 1.7781  skip 0.50  lr 3.24e-05  depth_std 2.6083
2026-08-30 23:13:17,251 step 2700  loss 5.0300  skip 0.50  lr 3.03e-05  depth_std 18.4787
2026-08-30 23:13:56,863 step 2750  loss 3.7340  skip 0.50  lr 2.83e-05  depth_std 19.7477
2026-08-30 23:14:36,389 step 2800  loss 3.7472  skip 0.50  lr 2.63e-05  depth_std 4.7581
2026-08-30 23:15:16,014 step 2850  loss 4.5630  skip 0.50  lr 2.44e-05  depth_std 15.9717
2026-08-30 23:15:55,655 step 2900  loss 1.8120  skip 0.50  lr 2.25e-05  depth_std 3.1822
2026-08-30 23:16:35,251 step 2950  loss 4.9231  skip 0.50  lr 2.06e-05  depth_std 17.8933
2026-08-30 23:17:15,127 step 3000  loss 4.2786  skip 0.50  lr 1.88e-05  depth_std 7.5685
2026-08-30 23:17:54,840 step 3050  loss 6.1381  skip 0.50  lr 1.71e-05  depth_std 10.0427
2026-08-30 23:18:34,443 step 3100  loss 13.5613  skip 0.50  lr 1.54e-05  depth_std 11.3559
2026-08-30 23:19:13,893 step 3150  loss 2.8298  skip 0.50  lr 1.39e-05  depth_std 1.4153
2026-08-30 23:19:53,692 step 3200  loss 2.1420  skip 0.50  lr 1.23e-05  depth_std 2.1815
2026-08-30 23:20:33,437 step 3250  loss 3.2355  skip 0.50  lr 1.09e-05  depth_std 16.3594
2026-08-30 23:21:13,009 step 3300  loss 3.5896  skip 0.50  lr 9.55e-06  depth_std 5.2509
2026-08-30 23:21:52,540 step 3350  loss 2.5965  skip 0.50  lr 8.27e-06  depth_std 23.6858
2026-08-30 23:22:32,242 step 3400  loss 3.3184  skip 0.50  lr 7.08e-06  depth_std 1.1577
2026-08-30 23:23:12,068 step 3450  loss 4.0254  skip 0.50  lr 5.97e-06  depth_std 23.5627
2026-08-30 23:23:51,794 step 3500  loss 1.8549  skip 0.50  lr 4.95e-06  depth_std 2.6479
2026-08-30 23:24:31,319 step 3550  loss 6.3596  skip 0.50  lr 4.02e-06  depth_std 8.3052
2026-08-30 23:25:10,925 step 3600  loss 4.5682  skip 0.50  lr 3.19e-06  depth_std 19.4723
2026-08-30 23:25:50,456 step 3650  loss 4.6117  skip 0.50  lr 2.45e-06  depth_std 4.5742
2026-08-30 23:26:30,035 step 3700  loss 1.6532  skip 0.50  lr 1.80e-06  depth_std 1.5525
2026-08-30 23:27:09,742 step 3750  loss 4.1721  skip 0.50  lr 1.25e-06  depth_std 2.5081
2026-08-30 23:27:49,384 step 3800  loss 2.7336  skip 0.50  lr 8.04e-07  depth_std 9.8536
2026-08-30 23:28:29,050 step 3850  loss 4.9944  skip 0.50  lr 4.53e-07  depth_std 1.6838
2026-08-30 23:29:08,477 step 3900  loss 2.7268  skip 0.50  lr 2.01e-07  depth_std 1.1147
2026-08-30 23:29:48,149 step 3950  loss 7.9923  skip 0.50  lr 5.03e-08  depth_std 9.2016
2026-08-30 23:30:27,189 saved -> work_dirs/q2-distil-s0/latest.pt
[2026-08-30T23:30:27+09:00] --- P2 screening protocol: q2-distil-s0 ---

q2-distil-s0
    source       absrel   absrel_dyn  absrel_near  absrel_edge   grad_ratio  boundary_f1 boundary_precision boundary_recall      flat_tv   flat_tv_gt flat_tv_ratio    overshoot
       tum       0.1431       0.3955       0.2869       0.1753       0.6401       0.5533       0.7512       0.4728       0.0397       0.0039      12.1077       0.2541
      bonn       0.1277       0.2630       0.2773       0.1444       0.4471       0.3056       0.5679       0.2506       0.0332       0.0086      72.5418       0.4525
  balanced       0.1354       0.3293       0.2821       0.1599       0.5436       0.4294       0.6596       0.3617       0.0365       0.0062      42.3248       0.3533

grad_ratio alone is buyable: read it with boundary_f1 (blur loses recall, noise loses precision), flat_tv_ratio (noise) and overshoot (ringing).
[2026-08-30T23:30:49+09:00] --- P1+P2 sealed L8 manifest: q2-distil-s0 ---
  tum 50/89
  bonn 50/399
  bonn 100/399
  bonn 150/399
  bonn 200/399
  bonn 250/399
  bonn 300/399
  bonn 350/399
q2-distil-s0 (4.2M) space=depth infer_size=official manifest=manifests/acc_real_L8.json clips=488 active=24.7% 56s (+3 no-GT)

[align=median]
  source         pooled     mean   median   trim10      P90      P95       max      d1  fail  cat     n
  tum            0.1462   0.1431   0.0857   0.1280   0.3253   0.4529    0.5671  0.8442     0    0    89
  bonn           0.1206   0.1220   0.0981   0.1103   0.2065   0.2897    0.6506  0.8881     0    0   398
  MEAN(src)      0.1334   0.1326   0.0919   0.1191   0.2659   0.3713    0.6088  0.8661     0    0   487
  95% CI of balanced clip mean   AbsRel: [0.1197, 0.1466]
  95% CI of balanced clip median AbsRel: [0.0886, 0.0961]
  region                   tum              bonn         MEAN(src)
              AbsRel  d1   px%  AbsRel  d1   px%  AbsRel  d1   px%
  all         0.1462 0.844 100  0.1206 0.888 100  0.1334 0.866    
  edge        0.1679 0.744  17  0.1541 0.783   7  0.1610 0.764    
  flat        0.1418 0.865  83  0.1181 0.896  93  0.1299 0.880    
  dynamic     0.5393 0.441   9  0.3161 0.649  13  0.4277 0.545    
  static      0.1083 0.883  91  0.0904 0.925  87  0.0994 0.904    
  near        0.4403 0.606  17  0.2271 0.761  25  0.3337 0.684    
  mid         0.0798 0.902  74  0.0841 0.932  64  0.0819 0.917    
  far         0.1345 0.818   9  0.0923 0.916  11  0.1134 0.867    

[align=scale]
  source         pooled     mean   median   trim10      P90      P95       max      d1  fail  cat     n
  tum            0.1434   0.1403   0.0863   0.1275   0.3205   0.4174    0.5688  0.8443     0    0    89
  bonn           0.1186   0.1203   0.0962   0.1112   0.2203   0.2976    0.5637  0.8605     0    0   398
  MEAN(src)      0.1310   0.1303   0.0912   0.1193   0.2704   0.3575    0.5663  0.8524     0    0   487
  95% CI of balanced clip mean   AbsRel: [0.1183, 0.1433]
  95% CI of balanced clip median AbsRel: [0.0872, 0.0970]
  region                   tum              bonn         MEAN(src)
              AbsRel  d1   px%  AbsRel  d1   px%  AbsRel  d1   px%
  all         0.1434 0.844 100  0.1186 0.860 100  0.1310 0.852    
  edge        0.1670 0.736  17  0.1554 0.752   7  0.1612 0.744    
  flat        0.1386 0.866  83  0.1160 0.868  93  0.1273 0.867    
  dynamic     0.4417 0.553   9  0.2064 0.711  13  0.3241 0.632    
  static      0.1146 0.872  91  0.1051 0.884  87  0.1099 0.878    
  near        0.3744 0.676  17  0.1566 0.821  25  0.2655 0.749    
  mid         0.0904 0.888  74  0.1043 0.871  64  0.0973 0.879    
  far         0.1409 0.808   9  0.1162 0.888  11  0.1286 0.848    

[align=scaleshift]
  source         pooled     mean   median   trim10      P90      P95       max      d1  fail  cat     n
  tum            0.1370   0.1345   0.0904   0.1249   0.2878   0.3591    0.4459  0.8152     0    0    89
  bonn           0.1016   0.1023   0.0840   0.0949   0.1601   0.2004    0.5231  0.9013     1    0   398
  MEAN(src)      0.1193   0.1184   0.0872   0.1099   0.2240   0.2798    0.4845  0.8583     1    0   487
  95% CI of balanced clip mean   AbsRel: [0.1081, 0.1293]
  95% CI of balanced clip median AbsRel: [0.0808, 0.0917]
  region                   tum              bonn         MEAN(src)
              AbsRel  d1   px%  AbsRel  d1   px%  AbsRel  d1   px%
  all         0.1370 0.815 100  0.1016 0.901 100  0.1193 0.858    
  edge        0.1640 0.722  17  0.1477 0.785   7  0.1559 0.753    
  flat        0.1315 0.834  83  0.0983 0.910  93  0.1149 0.872    
  dynamic     0.3500 0.526   9  0.1862 0.778  13  0.2681 0.652    
  static      0.1165 0.843  91  0.0886 0.920  87  0.1025 0.882    
  near        0.2909 0.657  17  0.1492 0.843  25  0.2200 0.750    
  mid         0.0910 0.877  74  0.0867 0.921  64  0.0888 0.899    
  far         0.2223 0.611   9  0.0813 0.919  11  0.1518 0.765    

  sharpness (alignment-free, PLAN.md §3.2)
  source            absrel_edge         grad_ratio        boundary_f1 boundary_precision    boundary_recall            flat_tv          overshoot
  tum                    0.1726             0.6401             0.5533             0.7512             0.4728             0.0397             0.2541
  bonn                   0.1254             0.4215             0.2978             0.5664             0.2403             0.0333             0.4502
  balanced               0.1490             0.5308             0.4255             0.6588             0.3566             0.0365             0.3522

-> work_dirs/acc/q2-distil-s0-L8.json
-> work_dirs/acc/table.txt
q2-distil-s0  gauge=scaleshift  work_dirs/acc/q2-distil-s0-L8.json

P1 - PLAN.md §3.1 promotion gate (8-frame, real TUM+Bonn)
  [FAIL] balanced AbsRel                  0.1193 <= 0.0900
  [FAIL] balanced delta1                  0.8583 >= 0.9300
  [FAIL] clip P95 AbsRel                  0.2798 <= 0.1530
  [FAIL] alignment failures               1 <= 0
  [PASS] catastrophic clips (AbsRel>1)    0 <= 0
  [PASS] TUM clip median AbsRel           0.0904 <= 0.0950
  [FAIL] Bonn pooled AbsRel               0.1016 <= 0.0580
  [FAIL] Bonn delta1                      0.9013 >= 0.9730

P2 - PLAN.md §3.2 sharpness gate
  [FAIL] balanced grad_ratio              0.5308 >= 0.7560
  [FAIL] boundary F1 vs DA2               0.4255 >= 0.6376
  [PASS] edge AbsRel vs DA2               0.1490 <= 0.1663
  [FAIL] overshoot vs DA2                 0.3522 <= 0.2255
  [FAIL] flat TV vs reported              0.0365 <= 0.0358

P3 - PLAN.md §3.3 long-stream gate
  [SKIP] needs an L8 and an L256 dump
  [SKIP] sparse-vs-dense L8 gap (<=2%) and sharpness drop after the sparse switch (<=3%): need the tau=0 dump and its sharpness block

G1 - relative depth accuracy (8-frame, real TUM+Bonn)
  [FAIL] MEAN(src) AbsRel                 0.1193 <= 0.1000
  [PASS] clip medAbsRel                   0.0872 <= 0.0900
  [FAIL] MEAN(src) delta1                 0.8583 >= 0.9100
  [FAIL] TUM AbsRel                       0.1370 <= 0.1150
  [FAIL] Bonn AbsRel                      0.1016 <= 0.0700
  [PASS] catastrophic clips (AbsRel>1)    0 <= 0
  [note] 1 clips needed a disparity fit that crossed zero; their depth is clamped fiction
  [SKIP] 3-seed agreement and non-overlapping CI vs the current model: needs 3 seed dumps (run this per seed)

G2 - long-stream accuracy
  [SKIP] no 32-frame dump
  [SKIP] no 256-frame dump
  [SKIP] late/early frame ratio and keyframe sawtooth amplitude: need per-frame traces (scripts/frame_index_probe.py)

P1 FAIL   P2 FAIL   P3 FAIL   G1 FAIL   G2 FAIL
promotion needs P1, P2 and P3 (PLAN.md §3); G1/G2 are the older PLAN_ACC set, kept so a run between the two is visible
[2026-08-30T23:31:46+09:00] === q2-teacheronly-s0 : --full-res --q-teacher work_dirs/q0-calib-s0/latest.pt --q-weight 1.0 --q-grad-weight 1.0 ===
2026-08-30 23:31:47,493 work dir: work_dirs/q2-teacheronly-s0  seed 0  commit 1d4d01a6
2026-08-30 23:31:49,170 HTTP Request: HEAD https://huggingface.co/depth-anything/Depth-Anything-V2-Small-hf/resolve/main/config.json "HTTP/1.1 307 Temporary Redirect"
Warning: You are sending unauthenticated requests to the HF Hub. Please set a HF_TOKEN to enable higher rate limits and faster downloads.
2026-08-30 23:31:49,171 Warning: You are sending unauthenticated requests to the HF Hub. Please set a HF_TOKEN to enable higher rate limits and faster downloads.
2026-08-30 23:31:49,383 HTTP Request: HEAD https://huggingface.co/api/resolve-cache/models/depth-anything/Depth-Anything-V2-Small-hf/5426e4f0f36572d16453bbda7a8389317b1bef99/config.json "HTTP/1.1 200 OK"
Loading weights:   0%|          | 0/287 [00:00<?, ?it/s]Loading weights: 100%|██████████| 287/287 [00:00<00:00, 21462.46it/s]
2026-08-30 23:31:49,683 Q teacher: work_dirs/q0-calib-s0/latest.pt (24.8M, frozen)
2026-08-30 23:31:49,734 partial init from work_dirs/v11-longclip-spread-s0/latest.pt: 7 new tensors kept at init, 0 checkpoint tensors unused
2026-08-30 23:31:50,600 mixed dataset: 208720 clips from 5 sources (size 256)
2026-08-30 23:31:52,839 step    0  loss 4.1252  skip 0.00  lr 2.00e-07  depth_std 12.2073
2026-08-30 23:32:48,338 step   50  loss 3.6445  skip 0.01  lr 1.02e-05  depth_std 10.4385
2026-08-30 23:33:46,230 step  100  loss 6.4315  skip 0.03  lr 2.02e-05  depth_std 22.0319
2026-08-30 23:34:44,336 step  150  loss 1.2404  skip 0.04  lr 3.02e-05  depth_std 1.2898
2026-08-30 23:35:42,147 step  200  loss 1.8209  skip 0.05  lr 4.02e-05  depth_std 2.1088
2026-08-30 23:36:39,195 step  250  loss 4.6831  skip 0.06  lr 5.02e-05  depth_std 10.2482
2026-08-30 23:37:35,479 step  300  loss 2.4920  skip 0.07  lr 6.02e-05  depth_std 10.5270
2026-08-30 23:38:31,377 step  350  loss 3.1864  skip 0.09  lr 7.02e-05  depth_std 11.5512
2026-08-30 23:39:26,825 step  400  loss 6.2902  skip 0.10  lr 8.02e-05  depth_std 13.2619
2026-08-30 23:40:21,879 step  450  loss 4.3714  skip 0.11  lr 9.02e-05  depth_std 16.6391
2026-08-30 23:41:16,557 step  500  loss 3.0299  skip 0.12  lr 1.00e-04  depth_std 1.3526
2026-08-30 23:42:10,591 step  550  loss 3.7601  skip 0.14  lr 9.99e-05  depth_std 14.4793
2026-08-30 23:43:03,976 step  600  loss 1.8556  skip 0.15  lr 9.98e-05  depth_std 1.4945
2026-08-30 23:43:57,169 step  650  loss 4.2665  skip 0.16  lr 9.95e-05  depth_std 11.1916
2026-08-30 23:44:49,880 step  700  loss 3.8275  skip 0.17  lr 9.92e-05  depth_std 5.4982
2026-08-30 23:45:41,904 step  750  loss 4.4379  skip 0.19  lr 9.87e-05  depth_std 14.5234
2026-08-30 23:46:33,665 step  800  loss 3.0749  skip 0.20  lr 9.82e-05  depth_std 2.8521
2026-08-30 23:47:24,706 step  850  loss 3.3784  skip 0.21  lr 9.76e-05  depth_std 13.8951
2026-08-30 23:48:15,307 step  900  loss 4.3198  skip 0.23  lr 9.68e-05  depth_std 15.9754
2026-08-30 23:49:05,498 step  950  loss 2.3314  skip 0.24  lr 9.60e-05  depth_std 2.5386
2026-08-30 23:49:55,144 step 1000  loss 1.9075  skip 0.25  lr 9.50e-05  depth_std 2.4455
2026-08-30 23:50:44,420 step 1050  loss 3.2127  skip 0.26  lr 9.40e-05  depth_std 8.8063
2026-08-30 23:51:33,029 step 1100  loss 4.1847  skip 0.28  lr 9.29e-05  depth_std 11.2662
2026-08-30 23:52:21,005 step 1150  loss 5.7882  skip 0.29  lr 9.17e-05  depth_std 16.7615
2026-08-30 23:53:08,701 step 1200  loss 2.8078  skip 0.30  lr 9.05e-05  depth_std 6.8378
2026-08-30 23:53:56,040 step 1250  loss 5.7918  skip 0.31  lr 8.91e-05  depth_std 9.2954
2026-08-30 23:54:42,803 step 1300  loss 3.2999  skip 0.33  lr 8.77e-05  depth_std 5.7581
2026-08-30 23:55:29,070 step 1350  loss 4.3210  skip 0.34  lr 8.61e-05  depth_std 5.2281
2026-08-30 23:56:14,789 step 1400  loss 2.6353  skip 0.35  lr 8.46e-05  depth_std 2.6669
2026-08-30 23:57:00,388 step 1450  loss 1.2594  skip 0.36  lr 8.29e-05  depth_std 2.7531
2026-08-30 23:57:45,015 step 1500  loss 1.1500  skip 0.38  lr 8.12e-05  depth_std 1.3284
2026-08-30 23:58:29,570 step 1550  loss 5.1925  skip 0.39  lr 7.94e-05  depth_std 21.1126
2026-08-30 23:59:13,167 step 1600  loss 1.7892  skip 0.40  lr 7.75e-05  depth_std 5.4019
2026-08-30 23:59:56,457 step 1650  loss 2.9185  skip 0.41  lr 7.56e-05  depth_std 1.7934
2026-08-31 00:00:39,485 step 1700  loss 5.0196  skip 0.42  lr 7.37e-05  depth_std 16.7321
2026-08-31 00:01:21,743 step 1750  loss 3.6851  skip 0.44  lr 7.17e-05  depth_std 16.3114
2026-08-31 00:02:03,638 step 1800  loss 3.2182  skip 0.45  lr 6.97e-05  depth_std 14.0376
2026-08-31 00:02:44,892 step 1850  loss 3.7557  skip 0.46  lr 6.76e-05  depth_std 12.5094
2026-08-31 00:03:25,402 step 1900  loss 2.7234  skip 0.47  lr 6.55e-05  depth_std 9.3812
2026-08-31 00:04:05,490 step 1950  loss 4.1370  skip 0.49  lr 6.33e-05  depth_std 4.3223
2026-08-31 00:04:45,372 step 2000  loss 1.3654  skip 0.50  lr 6.11e-05  depth_std 3.1196
2026-08-31 00:05:24,746 step 2050  loss 1.5099  skip 0.50  lr 5.89e-05  depth_std 0.8156
2026-08-31 00:06:04,142 step 2100  loss 6.6594  skip 0.50  lr 5.67e-05  depth_std 8.6327
2026-08-31 00:06:43,701 step 2150  loss 1.8682  skip 0.50  lr 5.45e-05  depth_std 2.5418
2026-08-31 00:07:23,098 step 2200  loss 4.3029  skip 0.50  lr 5.22e-05  depth_std 13.5074
2026-08-31 00:08:02,615 step 2250  loss 2.5326  skip 0.50  lr 5.00e-05  depth_std 4.5422
2026-08-31 00:08:41,939 step 2300  loss 1.2990  skip 0.50  lr 4.78e-05  depth_std 3.5655
2026-08-31 00:09:21,463 step 2350  loss 3.0275  skip 0.50  lr 4.55e-05  depth_std 10.5912
2026-08-31 00:10:01,001 step 2400  loss 4.5047  skip 0.50  lr 4.33e-05  depth_std 11.9121
2026-08-31 00:10:40,540 step 2450  loss 2.9571  skip 0.50  lr 4.11e-05  depth_std 3.9270
2026-08-31 00:11:19,778 step 2500  loss 1.1710  skip 0.50  lr 3.89e-05  depth_std 2.2717
2026-08-31 00:11:59,204 step 2550  loss 2.3761  skip 0.50  lr 3.67e-05  depth_std 15.7366
2026-08-31 00:12:38,672 step 2600  loss 4.3022  skip 0.50  lr 3.45e-05  depth_std 10.7406
2026-08-31 00:13:18,172 step 2650  loss 0.9408  skip 0.50  lr 3.24e-05  depth_std 3.0970
2026-08-31 00:13:57,724 step 2700  loss 4.6167  skip 0.50  lr 3.03e-05  depth_std 14.3685
2026-08-31 00:14:37,359 step 2750  loss 3.9204  skip 0.50  lr 2.83e-05  depth_std 15.1507
2026-08-31 00:15:16,704 step 2800  loss 2.3687  skip 0.50  lr 2.63e-05  depth_std 3.8498
2026-08-31 00:15:56,221 step 2850  loss 3.8358  skip 0.50  lr 2.44e-05  depth_std 11.8257
2026-08-31 00:16:35,679 step 2900  loss 0.7807  skip 0.50  lr 2.25e-05  depth_std 3.9702
2026-08-31 00:17:15,120 step 2950  loss 3.9760  skip 0.50  lr 2.06e-05  depth_std 11.2085
2026-08-31 00:17:54,741 step 3000  loss 3.5233  skip 0.50  lr 1.88e-05  depth_std 5.6229
2026-08-31 00:18:34,182 step 3050  loss 4.9148  skip 0.50  lr 1.71e-05  depth_std 6.8277
2026-08-31 00:19:13,584 step 3100  loss 11.7241  skip 0.50  lr 1.54e-05  depth_std 8.9812
2026-08-31 00:19:52,887 step 3150  loss 2.0178  skip 0.50  lr 1.39e-05  depth_std 1.2495
2026-08-31 00:20:32,570 step 3200  loss 1.0168  skip 0.50  lr 1.23e-05  depth_std 2.5444
2026-08-31 00:21:12,062 step 3250  loss 2.9978  skip 0.50  lr 1.09e-05  depth_std 11.3482
2026-08-31 00:21:51,618 step 3300  loss 3.4150  skip 0.50  lr 9.55e-06  depth_std 4.6976
2026-08-31 00:22:31,050 step 3350  loss 2.2131  skip 0.50  lr 8.27e-06  depth_std 15.1324
2026-08-31 00:23:10,617 step 3400  loss 2.1298  skip 0.50  lr 7.08e-06  depth_std 1.1123
2026-08-31 00:23:50,251 step 3450  loss 4.4153  skip 0.50  lr 5.97e-06  depth_std 16.7927
2026-08-31 00:24:29,889 step 3500  loss 0.8619  skip 0.50  lr 4.95e-06  depth_std 3.0944
2026-08-31 00:25:09,299 step 3550  loss 5.6306  skip 0.50  lr 4.02e-06  depth_std 6.4410
2026-08-31 00:25:48,877 step 3600  loss 3.9992  skip 0.50  lr 3.19e-06  depth_std 14.4119
2026-08-31 00:26:28,315 step 3650  loss 3.1250  skip 0.50  lr 2.45e-06  depth_std 3.9389
2026-08-31 00:27:07,892 step 3700  loss 0.9306  skip 0.50  lr 1.80e-06  depth_std 1.6526
2026-08-31 00:27:47,430 step 3750  loss 2.2677  skip 0.50  lr 1.25e-06  depth_std 1.9616
2026-08-31 00:28:26,968 step 3800  loss 2.5075  skip 0.50  lr 8.04e-07  depth_std 7.5392
2026-08-31 00:29:06,478 step 3850  loss 1.9894  skip 0.50  lr 4.53e-07  depth_std 1.4680
2026-08-31 00:29:45,850 step 3900  loss 1.8427  skip 0.50  lr 2.01e-07  depth_std 1.0858
2026-08-31 00:30:25,297 step 3950  loss 6.2388  skip 0.50  lr 5.03e-08  depth_std 7.3783
2026-08-31 00:31:04,081 saved -> work_dirs/q2-teacheronly-s0/latest.pt
[2026-08-31T00:31:04+09:00] --- P2 screening protocol: q2-teacheronly-s0 ---

q2-teacheronly-s0
    source       absrel   absrel_dyn  absrel_near  absrel_edge   grad_ratio  boundary_f1 boundary_precision boundary_recall      flat_tv   flat_tv_gt flat_tv_ratio    overshoot
       tum       0.1500       0.4284       0.2962       0.1773       0.4163       0.4023       0.4960       0.3555       0.0357       0.0039      11.0857       0.1849
      bonn       0.1271       0.2606       0.2773       0.1444       0.4321       0.2941       0.5632       0.2461       0.0378       0.0086      75.2835       0.4243
  balanced       0.1386       0.3445       0.2867       0.1608       0.4242       0.3482       0.5296       0.3008       0.0368       0.0062      43.1846       0.3046

grad_ratio alone is buyable: read it with boundary_f1 (blur loses recall, noise loses precision), flat_tv_ratio (noise) and overshoot (ringing).
[2026-08-31T00:31:26+09:00] --- P1+P2 sealed L8 manifest: q2-teacheronly-s0 ---
  tum 50/89
  bonn 50/399
  bonn 100/399
  bonn 150/399
  bonn 200/399
  bonn 250/399
  bonn 300/399
  bonn 350/399
q2-teacheronly-s0 (4.2M) space=depth infer_size=official manifest=manifests/acc_real_L8.json clips=488 active=24.7% 55s (+3 no-GT)

[align=median]
  source         pooled     mean   median   trim10      P90      P95       max      d1  fail  cat     n
  tum            0.1536   0.1500   0.0879   0.1334   0.3499   0.5009    0.5921  0.8399     0    0    89
  bonn           0.1202   0.1215   0.0965   0.1098   0.2110   0.2911    0.6666  0.8898     0    0   398
  MEAN(src)      0.1369   0.1358   0.0922   0.1216   0.2804   0.3960    0.6294  0.8649     0    0   487
  95% CI of balanced clip mean   AbsRel: [0.1219, 0.1510]
  95% CI of balanced clip median AbsRel: [0.0886, 0.0954]
  region                   tum              bonn         MEAN(src)
              AbsRel  d1   px%  AbsRel  d1   px%  AbsRel  d1   px%
  all         0.1536 0.840 100  0.1202 0.890 100  0.1369 0.865    
  edge        0.1698 0.754  17  0.1534 0.790   7  0.1616 0.772    
  flat        0.1503 0.857  83  0.1178 0.897  93  0.1341 0.877    
  dynamic     0.5898 0.436   9  0.3158 0.648  13  0.4528 0.542    
  static      0.1116 0.879  91  0.0900 0.927  87  0.1008 0.903    
  near        0.4754 0.601  17  0.2268 0.760  25  0.3511 0.680    
  mid         0.0816 0.900  74  0.0824 0.936  64  0.0820 0.918    
  far         0.1355 0.799   9  0.0993 0.912  11  0.1174 0.856    

[align=scale]
  source         pooled     mean   median   trim10      P90      P95       max      d1  fail  cat     n
  tum            0.1519   0.1486   0.0907   0.1343   0.3421   0.4710    0.6449  0.8421     0    0    89
  bonn           0.1188   0.1202   0.0963   0.1111   0.2229   0.3022    0.5689  0.8608     0    0   398
  MEAN(src)      0.1353   0.1344   0.0935   0.1227   0.2825   0.3866    0.6069  0.8514     0    0   487
  95% CI of balanced clip mean   AbsRel: [0.1214, 0.1486]
  95% CI of balanced clip median AbsRel: [0.0895, 0.0991]
  region                   tum              bonn         MEAN(src)
              AbsRel  d1   px%  AbsRel  d1   px%  AbsRel  d1   px%
  all         0.1519 0.842 100  0.1188 0.861 100  0.1353 0.851    
  edge        0.1695 0.748  17  0.1546 0.758   7  0.1620 0.753    
  flat        0.1483 0.861  83  0.1161 0.868  93  0.1322 0.865    
  dynamic     0.4970 0.548   9  0.2087 0.708  13  0.3529 0.628    
  static      0.1186 0.870  91  0.1049 0.884  87  0.1118 0.877    
  near        0.4122 0.673  17  0.1582 0.818  25  0.2852 0.745    
  mid         0.0928 0.888  74  0.1030 0.874  64  0.0979 0.881    
  far         0.1441 0.791   9  0.1211 0.883  11  0.1326 0.837    

[align=scaleshift]
  source         pooled     mean   median   trim10      P90      P95       max      d1  fail  cat     n
  tum            0.1384   0.1358   0.0901   0.1260   0.2993   0.3637    0.4533  0.8052     0    0    89
  bonn           0.1007   0.1014   0.0816   0.0935   0.1570   0.1965    0.6060  0.9026     1    0   398
  MEAN(src)      0.1195   0.1186   0.0859   0.1097   0.2281   0.2801    0.5297  0.8539     1    0   487
  95% CI of balanced clip mean   AbsRel: [0.1082, 0.1298]
  95% CI of balanced clip median AbsRel: [0.0804, 0.0889]
  region                   tum              bonn         MEAN(src)
              AbsRel  d1   px%  AbsRel  d1   px%  AbsRel  d1   px%
  all         0.1384 0.805 100  0.1007 0.903 100  0.1195 0.854    
  edge        0.1647 0.726  17  0.1468 0.793   7  0.1557 0.760    
  flat        0.1330 0.821  83  0.0973 0.911  93  0.1152 0.866    
  dynamic     0.3596 0.509   9  0.1903 0.775  13  0.2750 0.642    
  static      0.1170 0.834  91  0.0869 0.922  87  0.1019 0.878    
  near        0.2916 0.648  17  0.1518 0.840  25  0.2217 0.744    
  mid         0.0904 0.876  74  0.0846 0.924  64  0.0875 0.900    
  far         0.2405 0.528   9  0.0792 0.921  11  0.1599 0.724    

  sharpness (alignment-free, PLAN.md §3.2)
  source            absrel_edge         grad_ratio        boundary_f1 boundary_precision    boundary_recall            flat_tv          overshoot
  tum                    0.1744             0.4163             0.4023             0.4960             0.3555             0.0357             0.1849
  bonn                   0.1236             0.3944             0.2839             0.5596             0.2307             0.0356             0.4266
  balanced               0.1490             0.4054             0.3431             0.5278             0.2931             0.0357             0.3058

-> work_dirs/acc/q2-teacheronly-s0-L8.json
-> work_dirs/acc/table.txt
q2-teacheronly-s0  gauge=scaleshift  work_dirs/acc/q2-teacheronly-s0-L8.json

P1 - PLAN.md §3.1 promotion gate (8-frame, real TUM+Bonn)
  [FAIL] balanced AbsRel                  0.1195 <= 0.0900
  [FAIL] balanced delta1                  0.8539 >= 0.9300
  [FAIL] clip P95 AbsRel                  0.2801 <= 0.1530
  [FAIL] alignment failures               1 <= 0
  [PASS] catastrophic clips (AbsRel>1)    0 <= 0
  [PASS] TUM clip median AbsRel           0.0901 <= 0.0950
  [FAIL] Bonn pooled AbsRel               0.1007 <= 0.0580
  [FAIL] Bonn delta1                      0.9026 >= 0.9730

P2 - PLAN.md §3.2 sharpness gate
  [FAIL] balanced grad_ratio              0.4054 >= 0.7560
  [FAIL] boundary F1 vs DA2               0.3431 >= 0.6376
  [PASS] edge AbsRel vs DA2               0.1490 <= 0.1663
  [FAIL] overshoot vs DA2                 0.3058 <= 0.2255
  [PASS] flat TV vs reported              0.0357 <= 0.0358

P3 - PLAN.md §3.3 long-stream gate
  [SKIP] needs an L8 and an L256 dump
  [SKIP] sparse-vs-dense L8 gap (<=2%) and sharpness drop after the sparse switch (<=3%): need the tau=0 dump and its sharpness block

G1 - relative depth accuracy (8-frame, real TUM+Bonn)
  [FAIL] MEAN(src) AbsRel                 0.1195 <= 0.1000
  [PASS] clip medAbsRel                   0.0859 <= 0.0900
  [FAIL] MEAN(src) delta1                 0.8539 >= 0.9100
  [FAIL] TUM AbsRel                       0.1384 <= 0.1150
  [FAIL] Bonn AbsRel                      0.1007 <= 0.0700
  [PASS] catastrophic clips (AbsRel>1)    0 <= 0
  [note] 1 clips needed a disparity fit that crossed zero; their depth is clamped fiction
  [SKIP] 3-seed agreement and non-overlapping CI vs the current model: needs 3 seed dumps (run this per seed)

G2 - long-stream accuracy
  [SKIP] no 32-frame dump
  [SKIP] no 256-frame dump
  [SKIP] late/early frame ratio and keyframe sawtooth amplitude: need per-frame traces (scripts/frame_index_probe.py)

P1 FAIL   P2 FAIL   P3 FAIL   G1 FAIL   G2 FAIL
promotion needs P1, P2 and P3 (PLAN.md §3); G1/G2 are the older PLAN_ACC set, kept so a run between the two is visible
=== Q2 table ===
arm                                      absrel         absrel_dyn        absrel_near        absrel_edge         grad_ratio        boundary_f1 boundary_precision    boundary_recall            flat_tv         flat_tv_gt      flat_tv_ratio          overshoot
ours (reported v11)                      0.1253                nan                nan             0.1577             0.4323             0.3458             0.5650             0.2960             0.0358                nan            43.6637             0.3196
oracle p16                               0.0521                nan                nan             0.1128             0.2612             0.2411             0.4219             0.1946             0.0360                nan            45.8192             0.0521
Depth-Anything-V2-Small-hf               0.2055                nan                nan             0.1663             0.7559             0.6376             0.7565             0.5901             0.0319                nan            29.9691             0.2255
dpt-large                                0.0881                nan                nan             0.1274             0.4682             0.4377             0.7404             0.3340             0.0262                nan            20.5140             0.2237
d1-fullres-s0                            0.1237             0.2809             0.2416             0.1576             0.4262             0.3493             0.5618             0.2995             0.0357             0.0062            44.3995             0.3105
d0-control-s0                            0.1234             0.2738             0.2430             0.1570             0.4310             0.3417             0.5559             0.2897             0.0343             0.0062            42.2897             0.3159
d1-boundary-s0                           0.1254             0.2856             0.2491             0.1576             0.4570             0.3720             0.6297             0.3161             0.0339             0.0062            43.3762             0.3294
e1-boundary-s0                           0.1228             0.2734             0.2435             0.1562             0.4561             0.3561             0.6018             0.3000             0.0336             0.0062            41.7119             0.3281
e3-dynamic-s0                            0.1227             0.2718             0.2388             0.1563             0.4341             0.3417             0.5493             0.2899             0.0340             0.0062            41.8710             0.3180
e2-rank-s0                               0.1226             0.2733             0.2413             0.1573             0.4353             0.3456             0.5426             0.2951             0.0343             0.0062            42.2997             0.3107
d1-boundary3-s0                          0.1256             0.2810             0.2505             0.1578             0.5778             0.4406             0.6582             0.3758             0.0372             0.0062            44.1684             0.3610
d1-boundary-long-s0                      0.1247             0.2872             0.2461             0.1570             0.4651             0.3803             0.6415             0.3172             0.0331             0.0062            46.1013             0.3338
combined-s0                              0.1247             0.2841             0.2476             0.1572             0.4530             0.3614             0.5928             0.3105             0.0338             0.0062            44.0979             0.3276
s3-overshoot-s0                          0.1268             0.2876             0.2488             0.1608             0.5041             0.4170             0.6441             0.3570             0.0399             0.0062            47.0065             0.3333
s1-synthshape-s0                         0.1223             0.2776             0.2387             0.1551             0.4155             0.3423             0.5176             0.2941             0.0354             0.0062            43.5484             0.3084
s2-trim-s0                               0.1215             0.2743             0.2362             0.1547             0.4156             0.3419             0.5187             0.2933             0.0351             0.0062            44.0508             0.3104
s4-msgrad2-s0                            0.1247             0.2824             0.2489             0.1567             0.4422             0.3500             0.5903             0.2976             0.0342             0.0062            42.8772             0.3216
s5-fusenorm-s0                           0.1407             0.3331             0.2719             0.1719             0.4503             0.3896             0.5021             0.3625             0.0413             0.0062            53.2214             0.3247
r4a-b3-os2-trim-s0                       0.1248             0.2942             0.2412             0.1576             0.4831             0.3998             0.6492             0.3435             0.0388             0.0062            51.4766             0.3228
r4b-b6-os3-trim-s0                       0.1270             0.2873             0.2465             0.1605             0.5419             0.4287             0.6408             0.3692             0.0400             0.0062            49.2722             0.3331
a1-384-s0 @384                           0.1239             0.2361             0.2419             0.1443             0.5406             0.3878             0.6522             0.3161             0.0290             0.0016         21813.0254             0.4895
a1-384-s0 @256                           0.1270             0.2956             0.2536             0.1620             0.5037             0.4197             0.6469             0.3596             0.0364             0.0062            47.5771             0.3482
q0-calib-s0                              0.1005             0.1778             0.1684             0.1311             0.7095             0.6191             0.7510             0.5641             0.0301             0.0062            28.9225             0.2163
q1-unfrozen-s0                           0.1438             0.2511             0.2679             0.1867             1.1540             0.6731             0.7438             0.6551             0.0351             0.0062            37.2120             0.3471
q1b-head-s0                              0.1461             0.2569             0.2658             0.1843             0.7081             0.6313             0.7471             0.5861             0.0338             0.0062            33.6715             0.2127
q1c-slow-s0                              0.1368             0.2090             0.2194             0.1961             0.7407             0.6296             0.7456             0.5852             0.0329             0.0062            35.4230             0.2613
q2-distil-s0                             0.1354             0.3293             0.2821             0.1599             0.5436             0.4294             0.6596             0.3617             0.0365             0.0062            42.3248             0.3533
q2-teacheronly-s0                        0.1386             0.3445             0.2867             0.1608             0.4242             0.3482             0.5296             0.3008             0.0368             0.0062            43.1846             0.3046
[2026-08-31T00:32:23+09:00] queue16 done
