2026-08-30 21:50:01,938 work dir: work_dirs/q1-unfrozen-s0  commit 1d4d01a6
2026-08-30 21:50:03,053 HTTP Request: HEAD https://huggingface.co/depth-anything/Depth-Anything-V2-Small-hf/resolve/main/config.json "HTTP/1.1 307 Temporary Redirect"
2026-08-30 21:50:03,118 HTTP Request: HEAD https://huggingface.co/api/resolve-cache/models/depth-anything/Depth-Anything-V2-Small-hf/5426e4f0f36572d16453bbda7a8389317b1bef99/config.json "HTTP/1.1 200 OK"
Loading weights:   0%|          | 0/287 [00:00<?, ?it/s]Loading weights: 100%|██████████| 287/287 [00:00<00:00, 22829.72it/s]
2026-08-30 21:50:03,702 HTTP Request: HEAD https://huggingface.co/depth-anything/Depth-Anything-V2-Small-hf/resolve/main/config.json "HTTP/1.1 307 Temporary Redirect"
Warning: You are sending unauthenticated requests to the HF Hub. Please set a HF_TOKEN to enable higher rate limits and faster downloads.
2026-08-30 21:50:03,703 Warning: You are sending unauthenticated requests to the HF Hub. Please set a HF_TOKEN to enable higher rate limits and faster downloads.
2026-08-30 21:50:03,768 HTTP Request: HEAD https://huggingface.co/api/resolve-cache/models/depth-anything/Depth-Anything-V2-Small-hf/5426e4f0f36572d16453bbda7a8389317b1bef99/config.json "HTTP/1.1 200 OK"
Loading weights:   0%|          | 0/287 [00:00<?, ?it/s]Loading weights: 100%|██████████| 287/287 [00:00<00:00, 14630.11it/s]
2026-08-30 21:50:03,853 trainable 24.811M of 24.81M  (shape lr 1e-05)
2026-08-30 21:50:03,943 mixed dataset: 13245 clips from 2 sources
2026-08-30 21:50:04,642 step      0  loss 3.1001  median 3.33 m
2026-08-30 21:50:13,973 step     50  loss 3.0093  median 3.30 m
2026-08-30 21:50:23,311 step    100  loss 1.1325  median 3.12 m
2026-08-30 21:50:32,652 step    150  loss 0.9328  median 2.65 m
2026-08-30 21:50:41,990 step    200  loss 1.2450  median 2.04 m
2026-08-30 21:50:51,319 step    250  loss 0.3032  median 1.99 m
2026-08-30 21:51:00,659 step    300  loss 0.8664  median 1.86 m
2026-08-30 21:51:09,997 step    350  loss 0.5149  median 2.20 m
2026-08-30 21:51:19,351 step    400  loss 0.6110  median 1.97 m
2026-08-30 21:51:28,690 step    450  loss 0.3689  median 1.98 m
2026-08-30 21:51:38,038 step    500  loss 0.4297  median 2.27 m
2026-08-30 21:51:47,391 step    550  loss 0.5068  median 2.43 m
2026-08-30 21:51:56,730 step    600  loss 0.3395  median 3.14 m
2026-08-30 21:52:06,080 step    650  loss 0.3621  median 2.36 m
2026-08-30 21:52:15,424 step    700  loss 0.4421  median 2.31 m
2026-08-30 21:52:24,760 step    750  loss 0.3792  median 2.54 m
2026-08-30 21:52:34,092 step    800  loss 0.4586  median 1.96 m
2026-08-30 21:52:43,435 step    850  loss 1.0229  median 2.80 m
2026-08-30 21:52:52,776 step    900  loss 0.5412  median 2.10 m
2026-08-30 21:53:02,117 step    950  loss 0.6000  median 2.17 m
2026-08-30 21:53:11,470 step   1000  loss 0.6294  median 3.39 m
2026-08-30 21:53:20,818 step   1050  loss 0.3959  median 2.38 m
2026-08-30 21:53:30,159 step   1100  loss 0.4583  median 2.14 m
2026-08-30 21:53:39,496 step   1150  loss 0.4259  median 2.24 m
2026-08-30 21:53:48,827 step   1200  loss 0.2876  median 2.35 m
2026-08-30 21:53:58,170 step   1250  loss 0.4852  median 2.55 m
2026-08-30 21:54:07,505 step   1300  loss 0.3678  median 2.86 m
2026-08-30 21:54:16,840 step   1350  loss 0.6458  median 2.83 m
2026-08-30 21:54:26,183 step   1400  loss 0.4262  median 2.24 m
2026-08-30 21:54:35,521 step   1450  loss 0.5217  median 2.05 m
2026-08-30 21:54:44,859 step   1500  loss 0.4930  median 2.92 m
2026-08-30 21:54:54,201 step   1550  loss 0.3475  median 2.09 m
2026-08-30 21:55:03,540 step   1600  loss 0.9508  median 2.21 m
2026-08-30 21:55:12,890 step   1650  loss 0.4749  median 1.89 m
2026-08-30 21:55:22,225 step   1700  loss 0.4235  median 2.35 m
2026-08-30 21:55:31,555 step   1750  loss 0.8901  median 2.06 m
2026-08-30 21:55:40,887 step   1800  loss 0.3215  median 2.47 m
2026-08-30 21:55:50,235 step   1850  loss 0.4228  median 2.56 m
2026-08-30 21:55:59,580 step   1900  loss 0.9411  median 2.44 m
2026-08-30 21:56:08,924 step   1950  loss 0.3611  median 2.50 m
2026-08-30 21:56:18,254 step   2000  loss 0.5211  median 2.45 m
2026-08-30 21:56:27,591 step   2050  loss 0.7307  median 2.25 m
2026-08-30 21:56:36,928 step   2100  loss 0.5776  median 2.12 m
2026-08-30 21:56:46,260 step   2150  loss 0.5150  median 2.14 m
2026-08-30 21:56:55,604 step   2200  loss 0.4026  median 2.86 m
2026-08-30 21:57:04,945 step   2250  loss 0.4898  median 2.51 m
2026-08-30 21:57:14,288 step   2300  loss 0.4989  median 2.16 m
2026-08-30 21:57:23,627 step   2350  loss 0.4334  median 2.78 m
2026-08-30 21:57:32,973 step   2400  loss 0.6799  median 2.44 m
2026-08-30 21:57:42,314 step   2450  loss 0.4646  median 2.55 m
2026-08-30 21:57:51,652 step   2500  loss 0.2842  median 2.71 m
2026-08-30 21:58:00,982 step   2550  loss 0.4943  median 2.41 m
2026-08-30 21:58:10,313 step   2600  loss 0.6504  median 3.12 m
2026-08-30 21:58:19,657 step   2650  loss 0.4546  median 2.08 m
2026-08-30 21:58:29,008 step   2700  loss 0.5600  median 2.79 m
2026-08-30 21:58:38,354 step   2750  loss 0.5661  median 3.22 m
2026-08-30 21:58:47,688 step   2800  loss 0.3364  median 2.19 m
2026-08-30 21:58:57,039 step   2850  loss 0.7813  median 2.58 m
2026-08-30 21:59:06,376 step   2900  loss 0.5340  median 2.41 m
2026-08-30 21:59:15,715 step   2950  loss 0.4581  median 2.58 m
2026-08-30 21:59:25,049 step   3000  loss 0.4088  median 2.30 m
2026-08-30 21:59:34,391 step   3050  loss 0.4022  median 2.89 m
2026-08-30 21:59:43,744 step   3100  loss 0.3660  median 2.62 m
2026-08-30 21:59:53,088 step   3150  loss 0.5532  median 2.72 m
2026-08-30 22:00:02,436 step   3200  loss 0.3554  median 2.87 m
2026-08-30 22:00:11,788 step   3250  loss 0.7006  median 2.54 m
2026-08-30 22:00:21,134 step   3300  loss 0.3840  median 2.44 m
2026-08-30 22:00:30,490 step   3350  loss 0.5417  median 2.09 m
2026-08-30 22:00:39,846 step   3400  loss 0.6801  median 2.00 m
2026-08-30 22:00:49,198 step   3450  loss 0.4017  median 2.64 m
2026-08-30 22:00:58,544 step   3500  loss 0.4062  median 2.25 m
2026-08-30 22:01:07,891 step   3550  loss 0.7740  median 3.09 m
2026-08-30 22:01:17,243 step   3600  loss 0.3594  median 2.21 m
2026-08-30 22:01:26,604 step   3650  loss 0.4505  median 2.39 m
2026-08-30 22:01:35,956 step   3700  loss 0.4175  median 2.28 m
2026-08-30 22:01:45,306 step   3750  loss 0.5368  median 2.41 m
2026-08-30 22:01:54,659 step   3800  loss 0.6034  median 2.61 m
2026-08-30 22:02:04,011 step   3850  loss 0.3962  median 2.21 m
2026-08-30 22:02:13,365 step   3900  loss 0.4181  median 2.31 m
2026-08-30 22:02:22,722 step   3950  loss 0.5024  median 2.72 m
2026-08-30 22:02:31,947 saved -> work_dirs/q1-unfrozen-s0/latest.pt
[2026-08-30T22:02:32+09:00] --- Q1 sharpness ---
Warning: You are sending unauthenticated requests to the HF Hub. Please set a HF_TOKEN to enable higher rate limits and faster downloads.
Loading weights:   0%|          | 0/287 [00:00<?, ?it/s]Loading weights: 100%|██████████| 287/287 [00:00<00:00, 17320.11it/s]

q1-unfrozen-s0
    source       absrel   absrel_dyn  absrel_near  absrel_edge   grad_ratio  boundary_f1 boundary_precision boundary_recall      flat_tv   flat_tv_gt flat_tv_ratio    overshoot
       tum       0.1481       0.2631       0.2658       0.1934       1.2921       0.7711       0.7641       0.7863       0.0392       0.0039      11.7804       0.3131
      bonn       0.1395       0.2391       0.2701       0.1800       1.0159       0.5750       0.7235       0.5239       0.0310       0.0086      62.6437       0.3810
  balanced       0.1438       0.2511       0.2679       0.1867       1.1540       0.6731       0.7438       0.6551       0.0351       0.0062      37.2120       0.3471

grad_ratio alone is buyable: read it with boundary_f1 (blur loses recall, noise loses precision), flat_tv_ratio (noise) and overshoot (ringing).
[2026-08-30T22:03:00+09:00] --- Q1 P1+P2 sealed L8 ---
Warning: You are sending unauthenticated requests to the HF Hub. Please set a HF_TOKEN to enable higher rate limits and faster downloads.
Loading weights:   0%|          | 0/287 [00:00<?, ?it/s]Loading weights: 100%|██████████| 287/287 [00:00<00:00, 20756.72it/s]
  tum 50/89
  bonn 50/399
  bonn 100/399
  bonn 150/399
  bonn 200/399
  bonn 250/399
  bonn 300/399
  bonn 350/399
q1-unfrozen-s0 (24.8M) space=depth infer_size=official manifest=manifests/acc_real_L8.json clips=488 active=100.0% 67s (+3 no-GT)

[align=median]
  source         pooled     mean   median   trim10      P90      P95       max      d1  fail  cat     n
  tum            0.1492   0.1481   0.1202   0.1384   0.2677   0.3079    0.4664  0.7992     0    0    89
  bonn           0.1097   0.1231   0.0674   0.0984   0.2778   0.3787    2.4778  0.9202     0    1   398
  MEAN(src)      0.1294   0.1356   0.0938   0.1184   0.2727   0.3433    1.4721  0.8597     0    1   487
  95% CI of balanced clip mean   AbsRel: [0.1247, 0.1473]
  95% CI of balanced clip median AbsRel: [0.0900, 0.1015]
  region                   tum              bonn         MEAN(src)
              AbsRel  d1   px%  AbsRel  d1   px%  AbsRel  d1   px%
  all         0.1492 0.799 100  0.1097 0.920 100  0.1294 0.860    
  edge        0.1657 0.776  17  0.1381 0.854   7  0.1519 0.815    
  flat        0.1459 0.804  83  0.1076 0.925  93  0.1267 0.865    
  dynamic     0.3672 0.430   9  0.3709 0.598  13  0.3691 0.514    
  static      0.1282 0.835  91  0.0694 0.970  87  0.0988 0.902    
  near        0.3202 0.530  17  0.2385 0.770  25  0.2793 0.650    
  mid         0.0721 0.955  74  0.0661 0.968  64  0.0691 0.961    
  far         0.4543 0.045   9  0.0726 0.977  11  0.2634 0.511    

[align=scale]
  source         pooled     mean   median   trim10      P90      P95       max      d1  fail  cat     n
  tum            0.1467   0.1456   0.1221   0.1380   0.2592   0.2953    0.3858  0.8036     0    0    89
  bonn           0.1092   0.1385   0.0666   0.1009   0.2846   0.3717    8.3119  0.8759     0    2   398
  MEAN(src)      0.1280   0.1421   0.0944   0.1194   0.2719   0.3335    4.3488  0.8398     0    2   487
  95% CI of balanced clip mean   AbsRel: [0.1249, 0.1675]
  95% CI of balanced clip median AbsRel: [0.0895, 0.0996]
  region                   tum              bonn         MEAN(src)
              AbsRel  d1   px%  AbsRel  d1   px%  AbsRel  d1   px%
  all         0.1467 0.804 100  0.1092 0.876 100  0.1280 0.840    
  edge        0.1572 0.777  17  0.1379 0.820   7  0.1475 0.799    
  flat        0.1446 0.809  83  0.1071 0.880  93  0.1258 0.845    
  dynamic     0.2364 0.609   9  0.2127 0.714  13  0.2245 0.662    
  static      0.1381 0.822  91  0.0932 0.901  87  0.1156 0.862    
  near        0.2140 0.724  17  0.1389 0.867  25  0.1764 0.795    
  mid         0.0899 0.917  74  0.1046 0.863  64  0.0972 0.890    
  far         0.4815 0.036   9  0.0693 0.968  11  0.2754 0.502    

[align=scaleshift]
  source         pooled     mean   median   trim10      P90      P95       max      d1  fail  cat     n
  tum            0.7943   0.7690   0.1069   0.4256   1.8609   4.9694   13.1617  0.8663    14   12    89
  bonn           0.0782   0.0794   0.0596   0.0713   0.1392   0.1986    0.5073  0.9479    13    0   398
  MEAN(src)      0.4363   0.4242   0.0833   0.2484   1.0000   2.5840    6.8345  0.9071    27   12   487
  95% CI of balanced clip mean   AbsRel: [0.2382, 0.6521]
  95% CI of balanced clip median AbsRel: [0.0816, 0.0854]
  region                   tum              bonn         MEAN(src)
              AbsRel  d1   px%  AbsRel  d1   px%  AbsRel  d1   px%
  all         0.7943 0.866 100  0.0782 0.948 100  0.4363 0.907    
  edge        0.5555 0.794  17  0.1271 0.873   7  0.3413 0.833    
  flat        0.8432 0.881  83  0.0746 0.953  93  0.4589 0.917    
  dynamic     2.9852 0.834   9  0.1368 0.871  13  1.5610 0.852    
  static      0.5830 0.869  91  0.0692 0.960  87  0.3261 0.915    
  near        2.9656 0.878  17  0.0989 0.927  25  1.5322 0.902    
  mid         0.1486 0.951  74  0.0730 0.950  64  0.1108 0.950    
  far         1.9651 0.163   9  0.0616 0.981  11  1.0134 0.572    

  sharpness (alignment-free, PLAN.md §3.2)
  source            absrel_edge         grad_ratio        boundary_f1 boundary_precision    boundary_recall            flat_tv          overshoot
  tum                    0.7413             1.2874             0.7712             0.7642             0.7864             0.0391             0.3133
  bonn                   0.1043             0.9773             0.5759             0.7245             0.5266             0.0368             0.3741
  balanced               0.4228             1.1324             0.6735             0.7444             0.6565             0.0379             0.3437

-> work_dirs/acc/q1-unfrozen-s0-L8.json
-> work_dirs/acc/table.txt
q1-unfrozen-s0  gauge=scaleshift  work_dirs/acc/q1-unfrozen-s0-L8.json

P1 - PLAN.md §3.1 promotion gate (8-frame, real TUM+Bonn)
  [FAIL] balanced AbsRel                  0.4363 <= 0.0900
  [FAIL] balanced delta1                  0.9071 >= 0.9300
  [FAIL] clip P95 AbsRel                  2.5840 <= 0.1530
  [FAIL] alignment failures               27 <= 0
  [FAIL] catastrophic clips (AbsRel>1)    12 <= 0
  [FAIL] TUM clip median AbsRel           0.1069 <= 0.0950
  [FAIL] Bonn pooled AbsRel               0.0782 <= 0.0580
  [FAIL] Bonn delta1                      0.9479 >= 0.9730

P2 - PLAN.md §3.2 sharpness gate
  [PASS] balanced grad_ratio              1.1540 >= 0.7560
  [PASS] boundary F1 vs DA2               0.6731 >= 0.6392
  [FAIL] edge AbsRel vs DA2               0.1867 <= 0.1659
  [FAIL] overshoot vs DA2                 0.3471 <= 0.2230
  [PASS] flat TV vs reported              0.0351 <= 0.0358

P3 - PLAN.md §3.3 long-stream gate
  [SKIP] needs an L8 and an L256 dump
  [SKIP] sparse-vs-dense L8 gap (<=2%) and sharpness drop after the sparse switch (<=3%): need the tau=0 dump and its sharpness block

G1 - relative depth accuracy (8-frame, real TUM+Bonn)
  [FAIL] MEAN(src) AbsRel                 0.4363 <= 0.1000
  [PASS] clip medAbsRel                   0.0833 <= 0.0900
  [FAIL] MEAN(src) delta1                 0.9071 >= 0.9100
  [FAIL] TUM AbsRel                       0.7943 <= 0.1150
  [FAIL] Bonn AbsRel                      0.0782 <= 0.0700
  [FAIL] catastrophic clips (AbsRel>1)    12 <= 0
  [note] 27 clips needed a disparity fit that crossed zero; their depth is clamped fiction
  [SKIP] 3-seed agreement and non-overlapping CI vs the current model: needs 3 seed dumps (run this per seed)

G2 - long-stream accuracy
  [SKIP] no 32-frame dump
  [SKIP] no 256-frame dump
  [SKIP] late/early frame ratio and keyframe sawtooth amplitude: need per-frame traces (scripts/frame_index_probe.py)

P1 FAIL   P2 FAIL   P3 FAIL   G1 FAIL   G2 FAIL
promotion needs P1, P2 and P3 (PLAN.md §3); G1/G2 are the older PLAN_ACC set, kept so a run between the two is visible
[2026-08-30T22:04:10+09:00] queue14 done
