######## A. activity sweep on the reported checkpoint ########
2026-08-21T01:42:42+00:00
ckpt=work_dirs/v11-longclip-spread-s0/latest.pt data=['tum:/home/hyunsu/dataset_ssd/tum_static', 'bonn:/home/hyunsu/dataset_ssd/bonn/rgbd_bonn_dataset'] clips=488 size=256 max=100/source clip_len=8 stride=8 align=median gate_mode=delta keyframe_every=30 dense_above=0.4 bin_temp=1.0 gmc=False tag=final-real-sweep spatial_cache=True temporal_cache=True
tau_on   source        active%  AbsRel   RMSE     d1      t-delta  OPW     TCE     mAbsRel  scale  drift   clipAbsRel(std)  n
-----------------------------------------------------------------------------------------------------------------------------
0        tum            100.0  0.1353   0.8057  0.8528  0.0671   0.0216  0.0322  0.1554  1.056  0.0095  0.1319 (0.121)  89
0        bonn           100.0  0.1131   0.3695  0.9028  0.0438   0.0166  0.0204  0.2691  1.112  0.0214  0.1143 (0.091)  100
0        MEAN(src)      100.0  0.1242   0.5876  0.8778  0.0554   0.0191  0.0263  0.2122  1.084  0.0155  0.1231 (0.106)  189
0        POOLED(px)     100.0  0.1224   0.5930  0.8818  0.0548   0.0187  0.0254  0.2155  1.086  0.0158  0.1226 (0.105)  189
0.005    tum             94.9  0.1352   0.8063  0.8527  0.0876   0.0224  0.0330  0.1553  1.056  0.0096  0.1318 (0.121)  89
0.005    bonn            95.0  0.1134   0.3723  0.9020  0.0470   0.0178  0.0216  0.2690  1.111  0.0219  0.1146 (0.091)  100
0.005    MEAN(src)       94.9  0.1243   0.5893  0.8773  0.0673   0.0201  0.0273  0.2122  1.083  0.0157  0.1232 (0.106)  189
0.005    POOLED(px)      94.9  0.1225   0.5943  0.8813  0.0661   0.0197  0.0264  0.2155  1.085  0.0161  0.1227 (0.105)  189
0.01     tum             82.8  0.1347   0.8052  0.8525  0.1119   0.0234  0.0340  0.1549  1.056  0.0097  0.1313 (0.120)  89
0.01     bonn            87.2  0.1138   0.3761  0.9011  0.0493   0.0185  0.0223  0.2690  1.111  0.0220  0.1150 (0.090)  100
0.01     MEAN(src)       85.0  0.1243   0.5906  0.8768  0.0806   0.0209  0.0282  0.2119  1.084  0.0159  0.1232 (0.105)  189
0.01     POOLED(px)      85.1  0.1226   0.5951  0.8807  0.0788   0.0206  0.0273  0.2152  1.085  0.0162  0.1227 (0.105)  189
0.02     tum             56.9  0.1322   0.7972  0.8511  0.1540   0.0266  0.0372  0.1525  1.058  0.0100  0.1291 (0.118)  89
0.02     bonn            70.4  0.1157   0.3942  0.8989  0.0495   0.0194  0.0233  0.2687  1.111  0.0226  0.1169 (0.090)  100
0.02     MEAN(src)       63.6  0.1240   0.5957  0.8750  0.1018   0.0230  0.0302  0.2106  1.084  0.0163  0.1230 (0.104)  189
0.02     POOLED(px)      64.0  0.1226   0.5974  0.8788  0.0987   0.0224  0.0292  0.2140  1.086  0.0167  0.1226 (0.103)  189
0.05     tum             19.7  0.1285   0.7861  0.8467  0.1191   0.0227  0.0335  0.1477  1.062  0.0107  0.1257 (0.104)  89
0.05     bonn            24.4  0.1241   0.4118  0.8894  0.0308   0.0158  0.0205  0.2730  1.113  0.0224  0.1249 (0.102)  100
0.05     MEAN(src)       22.0  0.1263   0.5989  0.8681  0.0750   0.0193  0.0270  0.2104  1.087  0.0165  0.1253 (0.103)  189
0.05     POOLED(px)      22.2  0.1259   0.5981  0.8715  0.0724   0.0187  0.0260  0.2140  1.089  0.0169  0.1253 (0.103)  189
0.1      tum              3.5  0.1366   0.8089  0.8453  0.0391   0.0173  0.0283  0.1550  1.060  0.0103  0.1333 (0.114)  89
0.1      bonn             5.6  0.1285   0.4170  0.8815  0.0153   0.0133  0.0186  0.2749  1.115  0.0224  0.1291 (0.108)  100
0.1      MEAN(src)        4.6  0.1325   0.6129  0.8634  0.0272   0.0153  0.0234  0.2149  1.087  0.0163  0.1312 (0.111)  189
0.1      POOLED(px)       4.6  0.1319   0.6127  0.8663  0.0265   0.0150  0.0227  0.2184  1.089  0.0167  0.1310 (0.111)  189
const    tum              3.5  0.2543   1.6094  0.6209  0.0000   0.0000  0.0147  0.2530  1.000  0.0091  0.2530 (0.081)  89
const    bonn             5.6  0.2979   0.9033  0.5453  0.0000   0.0000  0.0091  0.2911  1.000  0.0233  0.2911 (0.203)  100
const    MEAN(src)        4.6  0.2761   1.2563  0.5831  0.0000   0.0000  0.0119  0.2720  1.000  0.0162  0.2720 (0.142)  189
const    POOLED(px)       4.6  0.2796   1.2491  0.5770  0.0000   0.0000  0.0115  0.2732  1.000  0.0166  0.2732 (0.146)  189

appended -> work_dirs/v11-longclip-spread-s0/eval.txt
per-clip -> work_dirs/v11-longclip-spread-s0/scores_final-real-sweep.json
ckpt=work_dirs/v11-longclip-spread-s0/latest.pt data=['vkitti2:/home/hyunsu/dataset_ssd/vkitti2', 'tartanair2:/home/hyunsu/dataset_ssd/tartanair_v2', 'pointodyssey:/home/hyunsu/dataset_ssd/pointodyssey'] clips=8929 size=256 max=100/source clip_len=8 stride=8 align=median gate_mode=delta keyframe_every=30 dense_above=0.4 bin_temp=1.0 gmc=False tag=final-synth-sweep spatial_cache=True temporal_cache=True
tau_on   source        active%  AbsRel   RMSE     d1      t-delta  OPW     TCE     mAbsRel  scale  drift   clipAbsRel(std)  n
-----------------------------------------------------------------------------------------------------------------------------
0        vkitti2        100.0  0.2402  36.2161  0.6467  0.5932   0.0189  0.0207  0.2529  0.829  0.0315  0.2357 (0.151)  100
0        tartanair2     100.0  0.7196   4.9088  0.4462  0.3943   0.0836  0.1891  0.5837  2.065  0.1458  0.7573 (0.521)  100
0        pointodyssey   100.0  0.3312   2.4313  0.6070  0.2122   0.0476  0.0585  0.4504  1.385  0.0616  0.3295 (0.508)  100
0        MEAN(src)      100.0  0.4304  14.5187  0.5666  0.3999   0.0500  0.0894  0.4290  1.426  0.0796  0.4408 (0.393)  300
0        POOLED(px)     100.0  0.4414  19.9719  0.5620  0.3999   0.0512  0.0918  0.4290  1.426  0.0796  0.4408 (0.393)  300
0.005    vkitti2         30.7  0.2492  36.1475  0.6443  0.4083   0.0160  0.0186  0.2638  0.857  0.0394  0.2452 (0.149)  100
0.005    tartanair2      98.2  0.7200   4.9148  0.4464  0.3922   0.0824  0.1879  0.5819  2.071  0.1436  0.7576 (0.523)  100
0.005    pointodyssey    59.5  0.3372   2.4548  0.5946  0.1739   0.0440  0.0551  0.4658  1.458  0.0481  0.3361 (0.507)  100
0.005    MEAN(src)       62.8  0.4354  14.5057  0.5618  0.3248   0.0475  0.0872  0.4372  1.462  0.0770  0.4463 (0.393)  300
0.005    POOLED(px)      62.8  0.4462  19.9366  0.5570  0.3248   0.0486  0.0896  0.4372  1.462  0.0770  0.4463 (0.393)  300
0.01     vkitti2         27.3  0.2491  36.1358  0.6459  0.3886   0.0156  0.0183  0.2639  0.858  0.0382  0.2452 (0.149)  100
0.01     tartanair2      97.7  0.7200   4.9160  0.4457  0.3923   0.0822  0.1878  0.5820  2.074  0.1429  0.7577 (0.522)  100
0.01     pointodyssey    49.4  0.3364   2.4548  0.5957  0.1661   0.0442  0.0554  0.4676  1.461  0.0464  0.3355 (0.508)  100
0.01     MEAN(src)       58.1  0.4352  14.5022  0.5624  0.3157   0.0474  0.0871  0.4378  1.464  0.0758  0.4461 (0.393)  300
0.01     POOLED(px)      58.1  0.4459  19.9304  0.5576  0.3157   0.0485  0.0895  0.4378  1.464  0.0758  0.4461 (0.393)  300
0.02     vkitti2         21.2  0.2491  36.1287  0.6466  0.3849   0.0159  0.0188  0.2645  0.858  0.0377  0.2454 (0.149)  100
0.02     tartanair2      96.0  0.7205   4.9205  0.4458  0.3922   0.0821  0.1877  0.5822  2.075  0.1425  0.7581 (0.522)  100
0.02     pointodyssey    36.4  0.3367   2.4808  0.5960  0.1358   0.0395  0.0508  0.4642  1.469  0.0409  0.3359 (0.508)  100
0.02     MEAN(src)       51.2  0.4354  14.5100  0.5628  0.3043   0.0458  0.0858  0.4369  1.467  0.0737  0.4465 (0.393)  300
0.02     POOLED(px)      51.2  0.4462  19.9281  0.5580  0.3043   0.0469  0.0881  0.4369  1.467  0.0737  0.4465 (0.393)  300
0.05     vkitti2         10.5  0.2493  36.3312  0.6465  0.3066   0.0150  0.0180  0.2707  0.854  0.0358  0.2455 (0.149)  100
0.05     tartanair2      91.0  0.7210   4.9269  0.4419  0.3874   0.0820  0.1876  0.5819  2.084  0.1421  0.7585 (0.519)  100
0.05     pointodyssey    21.2  0.3361   2.5039  0.6042  0.1010   0.0328  0.0445  0.4624  1.484  0.0312  0.3354 (0.510)  100
0.05     MEAN(src)       40.9  0.4355  14.5873  0.5642  0.2650   0.0433  0.0834  0.4383  1.474  0.0697  0.4465 (0.393)  300
0.05     POOLED(px)      40.9  0.4462  20.0384  0.5594  0.2650   0.0443  0.0856  0.4383  1.474  0.0697  0.4465 (0.393)  300
0.1      vkitti2          4.4  0.2514  36.3604  0.6512  0.1797   0.0135  0.0163  0.2749  0.858  0.0368  0.2473 (0.148)  100
0.1      tartanair2      81.9  0.7187   4.9201  0.4412  0.3677   0.0806  0.1862  0.5787  2.090  0.1403  0.7556 (0.510)  100
0.1      pointodyssey    10.1  0.3403   2.4764  0.6086  0.0688   0.0293  0.0410  0.4656  1.477  0.0272  0.3396 (0.547)  100
0.1      MEAN(src)       32.1  0.4368  14.5856  0.5670  0.2054   0.0411  0.0812  0.4397  1.475  0.0681  0.4475 (0.402)  300
0.1      POOLED(px)      32.1  0.4475  20.0523  0.5621  0.2054   0.0421  0.0834  0.4397  1.475  0.0681  0.4475 (0.402)  300
const    vkitti2          4.4  0.7912  59.4201  0.1273  0.0000   0.0000  0.0162  0.7739  1.000  0.0330  0.7739 (0.192)  100
const    tartanair2      81.9  0.6744   4.9387  0.6106  0.0000   0.0000  0.1139  0.7094  1.000  0.0996  0.7094 (0.548)  100
const    pointodyssey    10.1  0.4252   3.4910  0.5077  0.0000   0.0000  0.0164  0.4294  1.000  0.0232  0.4294 (0.558)  100
const    MEAN(src)       32.1  0.6303  22.6166  0.4152  0.0000   0.0000  0.0488  0.6375  1.000  0.0519  0.6375 (0.433)  300
const    POOLED(px)      32.1  0.6215  32.5292  0.4314  0.0000   0.0000  0.0499  0.6375  1.000  0.0519  0.6375 (0.433)  300

appended -> work_dirs/v11-longclip-spread-s0/eval.txt
per-clip -> work_dirs/v11-longclip-spread-s0/scores_final-synth-sweep.json

######## B. dense-fallback threshold, reported checkpoint ########
2026-08-21T01:51:07+00:00

---- dense_above=0.0 ----
ckpt=work_dirs/v11-longclip-spread-s0/latest.pt data=['tum:/home/hyunsu/dataset_ssd/tum_static', 'bonn:/home/hyunsu/dataset_ssd/bonn/rgbd_bonn_dataset'] clips=488 size=256 max=100/source clip_len=8 stride=8 align=median gate_mode=delta keyframe_every=30 dense_above=0.0 bin_temp=1.0 gmc=False tag=final-dense0.0 spatial_cache=True temporal_cache=True
tau_on   source        active%  AbsRel   RMSE     d1      t-delta  OPW     TCE     mAbsRel  scale  drift   clipAbsRel(std)  n
-----------------------------------------------------------------------------------------------------------------------------
0.05     tum             14.5  0.1236   0.7620  0.8457  0.1157   0.0209  0.0317  0.1415  1.063  0.0107  0.1212 (0.092)  89
0.05     bonn            17.7  0.1274   0.4183  0.8816  0.0299   0.0159  0.0207  0.2707  1.119  0.0238  0.1282 (0.109)  100
0.05     MEAN(src)       16.1  0.1255   0.5902  0.8637  0.0728   0.0184  0.0262  0.2061  1.091  0.0172  0.1247 (0.100)  189
0.05     POOLED(px)      16.2  0.1258   0.5875  0.8665  0.0703   0.0180  0.0253  0.2099  1.093  0.0176  0.1249 (0.101)  189

appended -> work_dirs/v11-longclip-spread-s0/eval.txt
per-clip -> work_dirs/v11-longclip-spread-s0/scores_final-dense0.0.json

---- dense_above=0.2 ----
ckpt=work_dirs/v11-longclip-spread-s0/latest.pt data=['tum:/home/hyunsu/dataset_ssd/tum_static', 'bonn:/home/hyunsu/dataset_ssd/bonn/rgbd_bonn_dataset'] clips=488 size=256 max=100/source clip_len=8 stride=8 align=median gate_mode=delta keyframe_every=30 dense_above=0.2 bin_temp=1.0 gmc=False tag=final-dense0.2 spatial_cache=True temporal_cache=True
tau_on   source        active%  AbsRel   RMSE     d1      t-delta  OPW     TCE     mAbsRel  scale  drift   clipAbsRel(std)  n
-----------------------------------------------------------------------------------------------------------------------------
0.05     tum             31.4  0.1335   0.7879  0.8503  0.0923   0.0219  0.0327  0.1531  1.058  0.0101  0.1303 (0.117)  89
0.05     bonn            41.5  0.1182   0.3960  0.8944  0.0330   0.0157  0.0202  0.2704  1.109  0.0210  0.1192 (0.093)  100
0.05     MEAN(src)       36.5  0.1259   0.5920  0.8724  0.0627   0.0188  0.0265  0.2117  1.084  0.0156  0.1247 (0.105)  189
0.05     POOLED(px)      36.8  0.1246   0.5929  0.8759  0.0609   0.0183  0.0255  0.2152  1.085  0.0159  0.1244 (0.104)  189

appended -> work_dirs/v11-longclip-spread-s0/eval.txt
per-clip -> work_dirs/v11-longclip-spread-s0/scores_final-dense0.2.json

---- dense_above=0.4 ----
ckpt=work_dirs/v11-longclip-spread-s0/latest.pt data=['tum:/home/hyunsu/dataset_ssd/tum_static', 'bonn:/home/hyunsu/dataset_ssd/bonn/rgbd_bonn_dataset'] clips=488 size=256 max=100/source clip_len=8 stride=8 align=median gate_mode=delta keyframe_every=30 dense_above=0.4 bin_temp=1.0 gmc=False tag=final-dense0.4 spatial_cache=True temporal_cache=True
tau_on   source        active%  AbsRel   RMSE     d1      t-delta  OPW     TCE     mAbsRel  scale  drift   clipAbsRel(std)  n
-----------------------------------------------------------------------------------------------------------------------------
0.05     tum             19.7  0.1285   0.7861  0.8467  0.1191   0.0227  0.0335  0.1477  1.062  0.0107  0.1257 (0.104)  89
0.05     bonn            24.4  0.1241   0.4118  0.8894  0.0308   0.0158  0.0205  0.2730  1.113  0.0224  0.1249 (0.102)  100
0.05     MEAN(src)       22.0  0.1263   0.5989  0.8681  0.0750   0.0193  0.0270  0.2104  1.087  0.0165  0.1253 (0.103)  189
0.05     POOLED(px)      22.2  0.1259   0.5981  0.8715  0.0724   0.0187  0.0260  0.2140  1.089  0.0169  0.1253 (0.103)  189

appended -> work_dirs/v11-longclip-spread-s0/eval.txt
per-clip -> work_dirs/v11-longclip-spread-s0/scores_final-dense0.4.json

---- dense_above=0.6 ----
ckpt=work_dirs/v11-longclip-spread-s0/latest.pt data=['tum:/home/hyunsu/dataset_ssd/tum_static', 'bonn:/home/hyunsu/dataset_ssd/bonn/rgbd_bonn_dataset'] clips=488 size=256 max=100/source clip_len=8 stride=8 align=median gate_mode=delta keyframe_every=30 dense_above=0.6 bin_temp=1.0 gmc=False tag=final-dense0.6 spatial_cache=True temporal_cache=True
tau_on   source        active%  AbsRel   RMSE     d1      t-delta  OPW     TCE     mAbsRel  scale  drift   clipAbsRel(std)  n
-----------------------------------------------------------------------------------------------------------------------------
0.05     tum             15.3  0.1239   0.7633  0.8462  0.1172   0.0214  0.0322  0.1419  1.063  0.0106  0.1215 (0.092)  89
0.05     bonn            18.5  0.1270   0.4167  0.8824  0.0300   0.0159  0.0207  0.2704  1.118  0.0239  0.1278 (0.108)  100
0.05     MEAN(src)       16.9  0.1254   0.5900  0.8643  0.0736   0.0186  0.0264  0.2062  1.090  0.0173  0.1246 (0.100)  189
0.05     POOLED(px)      17.0  0.1257   0.5876  0.8672  0.0711   0.0182  0.0255  0.2099  1.092  0.0177  0.1248 (0.101)  189

appended -> work_dirs/v11-longclip-spread-s0/eval.txt
per-clip -> work_dirs/v11-longclip-spread-s0/scores_final-dense0.6.json

######## C. token-drop control, reported checkpoint ########
2026-08-21T01:53:07+00:00
ckpt=work_dirs/v11-longclip-spread-s0/latest.pt data=['vkitti2:/home/hyunsu/dataset_ssd/vkitti2', 'tartanair2:/home/hyunsu/dataset_ssd/tartanair_v2', 'pointodyssey:/home/hyunsu/dataset_ssd/pointodyssey'] clips=8929 size=256 max=100/source clip_len=8 stride=8 align=median gate_mode=drop keyframe_every=30 dense_above=0.4 bin_temp=1.0 gmc=False tag=final-synth-drop spatial_cache=True temporal_cache=False
tau_on   source        active%  AbsRel   RMSE     d1      t-delta  OPW     TCE     mAbsRel  scale  drift   clipAbsRel(std)  n
-----------------------------------------------------------------------------------------------------------------------------
0.05     vkitti2         10.5  0.2536  35.6310  0.6517  0.4263   0.0192  0.0222  0.2583  0.888  0.0475  0.2500 (0.146)  100
0.05     tartanair2      91.0  0.7180   4.9339  0.4466  0.3896   0.0834  0.1889  0.5806  2.067  0.1436  0.7558 (0.520)  100
0.05     pointodyssey    21.2  0.3335   2.5203  0.6092  0.1339   0.0381  0.0496  0.4597  1.435  0.0371  0.3327 (0.509)  100
0.05     MEAN(src)       40.9  0.4350  14.3617  0.5692  0.3166   0.0469  0.0869  0.4329  1.464  0.0761  0.4462 (0.392)  300
0.05     POOLED(px)      40.9  0.4456  19.6640  0.5644  0.3166   0.0479  0.0891  0.4329  1.464  0.0761  0.4462 (0.392)  300

appended -> work_dirs/v11-longclip-spread-s0/eval.txt
per-clip -> work_dirs/v11-longclip-spread-s0/scores_final-synth-drop.json
ckpt=work_dirs/v11-longclip-spread-s0/latest.pt data=['vkitti2:/home/hyunsu/dataset_ssd/vkitti2', 'tartanair2:/home/hyunsu/dataset_ssd/tartanair_v2', 'pointodyssey:/home/hyunsu/dataset_ssd/pointodyssey'] clips=8929 size=256 max=100/source clip_len=8 stride=8 align=median gate_mode=delta keyframe_every=30 dense_above=0.4 bin_temp=1.0 gmc=False tag=final-synth-delta spatial_cache=True temporal_cache=False
tau_on   source        active%  AbsRel   RMSE     d1      t-delta  OPW     TCE     mAbsRel  scale  drift   clipAbsRel(std)  n
-----------------------------------------------------------------------------------------------------------------------------
0.05     vkitti2         10.5  0.2492  36.3304  0.6467  0.3078   0.0150  0.0180  0.2706  0.854  0.0359  0.2454 (0.149)  100
0.05     tartanair2      91.0  0.7208   4.9268  0.4416  0.3879   0.0821  0.1877  0.5818  2.083  0.1422  0.7583 (0.519)  100
0.05     pointodyssey    21.2  0.3362   2.5052  0.6041  0.1017   0.0329  0.0445  0.4625  1.486  0.0313  0.3356 (0.510)  100
0.05     MEAN(src)       40.9  0.4354  14.5875  0.5641  0.2658   0.0433  0.0834  0.4383  1.474  0.0698  0.4464 (0.393)  300
0.05     POOLED(px)      40.9  0.4462  20.0380  0.5593  0.2658   0.0443  0.0857  0.4383  1.474  0.0698  0.4464 (0.393)  300

appended -> work_dirs/v11-longclip-spread-s0/eval.txt
per-clip -> work_dirs/v11-longclip-spread-s0/scores_final-synth-delta.json

######## D. cross-domain, reported checkpoint ########
2026-08-21T01:54:38+00:00
ckpt=work_dirs/v11-longclip-spread-s0/latest.pt data=['kitti:/home/hyunsu/dataset_ssd/kitti_zs'] clips=101 size=256 max=30/source clip_len=8 stride=8 align=median gate_mode=delta keyframe_every=30 dense_above=0.4 bin_temp=1.0 gmc=True tag=final-kitti-gmc spatial_cache=True temporal_cache=True
tau_on   source        active%  AbsRel   RMSE     d1      t-delta  OPW     TCE     mAbsRel  scale  drift   clipAbsRel(std)  n
-----------------------------------------------------------------------------------------------------------------------------
0        kitti          100.0  0.2895  10.0348  0.4772  2.5674   0.1054  0.1027  0.4988  2.210  0.1505  0.2968 (0.080)  30
0.05     kitti          100.0  0.2895  10.0348  0.4772  2.5674   0.1054  0.1027  0.4988  2.210  0.1505  0.2968 (0.080)  30
0.1      kitti          100.0  0.2895  10.0348  0.4772  2.5674   0.1054  0.1027  0.4988  2.210  0.1505  0.2968 (0.080)  30
0.2      kitti           88.1  0.2955  10.0938  0.4752  2.4760   0.1059  0.1030  0.5047  2.234  0.1506  0.3089 (0.103)  30
0.4      kitti           48.6  0.2973  10.7223  0.4780  1.8263   0.1040  0.1014  0.5304  2.337  0.1118  0.3048 (0.104)  30
0.8      kitti           12.2  0.3134  11.1520  0.4874  1.0040   0.0888  0.0856  0.5385  2.592  0.0784  0.3239 (0.151)  30
gmc: 0/1260 frames fell back to identity (0.0%)

appended -> work_dirs/v11-longclip-spread-s0/eval.txt
per-clip -> work_dirs/v11-longclip-spread-s0/scores_final-kitti-gmc.json
ckpt=work_dirs/v11-longclip-spread-s0/latest.pt data=['kitti:/home/hyunsu/dataset_ssd/kitti_zs'] clips=101 size=256 max=30/source clip_len=8 stride=8 align=median gate_mode=delta keyframe_every=30 dense_above=0.4 bin_temp=1.0 gmc=False tag=final-kitti-pixel spatial_cache=True temporal_cache=True
tau_on   source        active%  AbsRel   RMSE     d1      t-delta  OPW     TCE     mAbsRel  scale  drift   clipAbsRel(std)  n
-----------------------------------------------------------------------------------------------------------------------------
0        kitti          100.0  0.2895  10.0348  0.4772  2.5674   0.1054  0.1027  0.4988  2.210  0.1505  0.2968 (0.080)  30
0.005    kitti          100.0  0.2895  10.0348  0.4772  2.5674   0.1054  0.1027  0.4988  2.210  0.1505  0.2968 (0.080)  30
0.01     kitti           98.5  0.2897  10.0178  0.4761  2.5811   0.1065  0.1038  0.5026  2.232  0.1563  0.2972 (0.081)  30
0.02     kitti           97.6  0.2897  10.0113  0.4772  2.5697   0.1062  0.1035  0.5045  2.258  0.1556  0.2972 (0.081)  30
0.05     kitti           93.1  0.2924  10.1182  0.4805  2.5602   0.1078  0.1051  0.5040  2.272  0.1453  0.3014 (0.090)  30
0.1      kitti           77.3  0.2941  10.1235  0.4888  2.3820   0.1072  0.1026  0.5150  2.352  0.1276  0.3035 (0.101)  30

appended -> work_dirs/v11-longclip-spread-s0/eval.txt
per-clip -> work_dirs/v11-longclip-spread-s0/scores_final-kitti-pixel.json

######## E. long streams, reported checkpoint ########
2026-08-21T01:55:46+00:00
ckpt=work_dirs/v11-longclip-spread-s0/latest.pt data=['tum:/home/hyunsu/dataset_ssd/tum_static', 'bonn:/home/hyunsu/dataset_ssd/bonn/rgbd_bonn_dataset'] clips=6 size=256 max=10/source clip_len=512 stride=512 align=median gate_mode=delta keyframe_every=30 dense_above=0.4 bin_temp=1.0 gmc=False tag=final-L512 spatial_cache=True temporal_cache=True
tau_on   source        active%  AbsRel   RMSE     d1      t-delta  OPW     TCE     mAbsRel  scale  drift   clipAbsRel(std)  n
-----------------------------------------------------------------------------------------------------------------------------
0.05     tum             21.3  0.1792   0.9353  0.8121  0.1010   0.0318  0.0423  0.1799  1.092  0.0745  0.1792 (0.000)  1
0.05     bonn            26.5  0.2676   0.7014  0.6799  0.0408   0.0204  0.0250  0.2778  1.235  0.2397  0.2737 (0.100)  5
0.05     MEAN(src)       23.9  0.2234   0.8183  0.7460  0.0709   0.0261  0.0337  0.2288  1.164  0.1571  0.2264 (0.050)  6
0.05     POOLED(px)      25.7  0.2547   0.7400  0.6992  0.0509   0.0221  0.0275  0.2615  1.212  0.2122  0.2579 (0.083)  6

appended -> work_dirs/v11-longclip-spread-s0/eval.txt
per-clip -> work_dirs/v11-longclip-spread-s0/scores_final-L512.json
ckpt=work_dirs/v11-longclip-spread-s0/latest.pt data=['pointodyssey:/home/hyunsu/dataset_ssd/pointodyssey'] clips=50 size=256 max=20/source clip_len=1024 stride=1024 align=median gate_mode=delta keyframe_every=30 dense_above=0.4 bin_temp=1.0 gmc=False tag=final-L1024-po spatial_cache=True temporal_cache=True
tau_on   source        active%  AbsRel   RMSE     d1      t-delta  OPW     TCE     mAbsRel  scale  drift   clipAbsRel(std)  n
-----------------------------------------------------------------------------------------------------------------------------
0.05     pointodyssey    22.7  0.4568   2.8832  0.4937  0.1535   0.0563  0.0713  0.4407  1.420  0.2172  0.4489 (0.256)  20

appended -> work_dirs/v11-longclip-spread-s0/eval.txt
per-clip -> work_dirs/v11-longclip-spread-s0/scores_final-L1024-po.json
ckpt=work_dirs/v11-longclip-spread-s0/latest.pt clip_len=1024 stride=1024 max=8 keyframe_every=30

pointodyssey: by frame index (50 clips available, 8 scored)
  frame  AbsRel  delta1  t-delta     OPW     TCE
      0  0.3137  0.5226       -       -       -
     64  0.2644  0.5469  0.0859  0.0220  0.0275
    128  0.2703  0.5319  0.0761  0.0216  0.0304
    192  0.2369  0.6313  0.1141  0.0244  0.0300
    256  0.2197  0.6040  0.0906  0.0201  0.0270
    320  0.3534  0.5899  0.1001  0.0418  0.0617
    384  0.2987  0.5709  0.2101  0.0356  0.0490
    448  1.1529  0.5091  0.1797  0.0806  0.1330
    512  0.3020  0.5137  0.1023  0.0323  0.0503
    576  0.2919  0.5854  0.0478  0.0143  0.0262
    640  0.3634  0.5179  0.1561  0.0415  0.0779
    704  0.2992  0.5272  0.1148  0.0309  0.0372
    768  0.9737  0.4365  0.3207  0.7536  0.7763
    832  0.2174  0.6172  0.0544  0.0174  0.0214
    896  0.2581  0.5211  0.1087  0.0219  0.0284
    960  0.2717  0.5684  0.5103  0.1240  0.1334
   1023  0.2637  0.5623  0.0952  0.0263  0.0410
FINAL SWEEPS DONE
2026-08-21T02:05:49+00:00
