
---- work_dirs/v9-60k keyframe=5, 32-frame ----
2026-08-20T15:02:13+00:00
ckpt=work_dirs/v9-60k/latest.pt data=['tum:/home/hyunsu/dataset_ssd/tum_static', 'bonn:/home/hyunsu/dataset_ssd/bonn/rgbd_bonn_dataset'] clips=120 size=256 max=100/source clip_len=32 stride=32 align=median gate_mode=delta keyframe_every=5 dense_above=0.4 gmc=False tag=evenkf5 spatial_cache=True temporal_cache=True
tau_on   source        active%  AbsRel   RMSE     d1      t-delta  OPW     TCE     mAbsRel  scale  drift   clipAbsRel(std)  n
-----------------------------------------------------------------------------------------------------------------------------
0.05     tum             36.1  0.1343   0.7739  0.8375  0.1452   0.0275  0.0380  0.1535  1.060  0.0249  0.1320 (0.118)  22
0.05     bonn            42.6  0.1331   0.4293  0.8623  0.0501   0.0217  0.0261  0.2918  1.136  0.0571  0.1360 (0.082)  98
0.05     MEAN(src)       39.4  0.1337   0.6016  0.8499  0.0976   0.0246  0.0320  0.2227  1.098  0.0410  0.1340 (0.100)  120
0.05     POOLED(px)      41.4  0.1333   0.4983  0.8585  0.0675   0.0226  0.0279  0.2665  1.122  0.0512  0.1353 (0.088)  120

appended -> work_dirs/v9-60k/eval.txt
per-clip -> work_dirs/v9-60k/scores_evenkf5.json

---- work_dirs/v9-60k keyframe=10, 32-frame ----
2026-08-20T15:03:25+00:00
ckpt=work_dirs/v9-60k/latest.pt data=['tum:/home/hyunsu/dataset_ssd/tum_static', 'bonn:/home/hyunsu/dataset_ssd/bonn/rgbd_bonn_dataset'] clips=120 size=256 max=100/source clip_len=32 stride=32 align=median gate_mode=delta keyframe_every=10 dense_above=0.4 gmc=False tag=evenkf10 spatial_cache=True temporal_cache=True
tau_on   source        active%  AbsRel   RMSE     d1      t-delta  OPW     TCE     mAbsRel  scale  drift   clipAbsRel(std)  n
-----------------------------------------------------------------------------------------------------------------------------
0.05     tum             25.8  0.1391   0.8062  0.8343  0.1160   0.0254  0.0360  0.1574  1.061  0.0259  0.1367 (0.118)  22
0.05     bonn            33.0  0.1349   0.4356  0.8584  0.0426   0.0198  0.0244  0.2918  1.134  0.0578  0.1375 (0.083)  98
0.05     MEAN(src)       29.4  0.1370   0.6209  0.8464  0.0793   0.0226  0.0302  0.2246  1.098  0.0419  0.1371 (0.100)  120
0.05     POOLED(px)      31.7  0.1355   0.5107  0.8547  0.0561   0.0206  0.0262  0.2672  1.121  0.0519  0.1374 (0.089)  120

appended -> work_dirs/v9-60k/eval.txt
per-clip -> work_dirs/v9-60k/scores_evenkf10.json

---- work_dirs/v9-60k keyframe=15, 32-frame ----
2026-08-20T15:04:36+00:00
ckpt=work_dirs/v9-60k/latest.pt data=['tum:/home/hyunsu/dataset_ssd/tum_static', 'bonn:/home/hyunsu/dataset_ssd/bonn/rgbd_bonn_dataset'] clips=120 size=256 max=100/source clip_len=32 stride=32 align=median gate_mode=delta keyframe_every=15 dense_above=0.4 gmc=False tag=evenkf15 spatial_cache=True temporal_cache=True
tau_on   source        active%  AbsRel   RMSE     d1      t-delta  OPW     TCE     mAbsRel  scale  drift   clipAbsRel(std)  n
-----------------------------------------------------------------------------------------------------------------------------
0.05     tum             22.7  0.1411   0.8100  0.8271  0.1108   0.0259  0.0366  0.1588  1.061  0.0257  0.1387 (0.117)  22
0.05     bonn            29.2  0.1388   0.4474  0.8516  0.0398   0.0191  0.0238  0.2935  1.133  0.0573  0.1414 (0.085)  98
0.05     MEAN(src)       26.0  0.1400   0.6287  0.8393  0.0753   0.0225  0.0302  0.2262  1.097  0.0415  0.1401 (0.101)  120
0.05     POOLED(px)      28.0  0.1392   0.5202  0.8478  0.0528   0.0201  0.0258  0.2688  1.119  0.0515  0.1409 (0.091)  120

appended -> work_dirs/v9-60k/eval.txt
per-clip -> work_dirs/v9-60k/scores_evenkf15.json

---- work_dirs/v9-60k keyframe=30, 32-frame ----
2026-08-20T15:05:48+00:00
ckpt=work_dirs/v9-60k/latest.pt data=['tum:/home/hyunsu/dataset_ssd/tum_static', 'bonn:/home/hyunsu/dataset_ssd/bonn/rgbd_bonn_dataset'] clips=120 size=256 max=100/source clip_len=32 stride=32 align=median gate_mode=delta keyframe_every=30 dense_above=0.4 gmc=False tag=evenkf30 spatial_cache=True temporal_cache=True
tau_on   source        active%  AbsRel   RMSE     d1      t-delta  OPW     TCE     mAbsRel  scale  drift   clipAbsRel(std)  n
-----------------------------------------------------------------------------------------------------------------------------
0.05     tum             19.6  0.1477   0.8522  0.8196  0.0996   0.0254  0.0362  0.1639  1.060  0.0266  0.1452 (0.115)  22
0.05     bonn            25.8  0.1496   0.4801  0.8333  0.0367   0.0184  0.0233  0.3033  1.127  0.0605  0.1525 (0.094)  98
0.05     MEAN(src)       22.7  0.1487   0.6661  0.8264  0.0682   0.0219  0.0298  0.2336  1.093  0.0435  0.1489 (0.105)  120
0.05     POOLED(px)      24.7  0.1493   0.5542  0.8312  0.0483   0.0195  0.0253  0.2777  1.114  0.0543  0.1512 (0.098)  120

appended -> work_dirs/v9-60k/eval.txt
per-clip -> work_dirs/v9-60k/scores_evenkf30.json

---- work_dirs/v9-60k keyframe=60, 32-frame ----
2026-08-20T15:06:59+00:00
ckpt=work_dirs/v9-60k/latest.pt data=['tum:/home/hyunsu/dataset_ssd/tum_static', 'bonn:/home/hyunsu/dataset_ssd/bonn/rgbd_bonn_dataset'] clips=120 size=256 max=100/source clip_len=32 stride=32 align=median gate_mode=delta keyframe_every=60 dense_above=0.4 gmc=False tag=evenkf60 spatial_cache=True temporal_cache=True
tau_on   source        active%  AbsRel   RMSE     d1      t-delta  OPW     TCE     mAbsRel  scale  drift   clipAbsRel(std)  n
-----------------------------------------------------------------------------------------------------------------------------
0.05     tum             16.5  0.1494   0.8621  0.8168  0.0835   0.0229  0.0339  0.1650  1.060  0.0275  0.1469 (0.115)  22
0.05     bonn            22.8  0.1526   0.4883  0.8281  0.0305   0.0160  0.0210  0.3054  1.127  0.0603  0.1554 (0.097)  98
0.05     MEAN(src)       19.6  0.1510   0.6752  0.8225  0.0570   0.0195  0.0275  0.2352  1.093  0.0439  0.1511 (0.106)  120
0.05     POOLED(px)      21.6  0.1521   0.5625  0.8264  0.0402   0.0171  0.0230  0.2797  1.114  0.0543  0.1538 (0.100)  120

appended -> work_dirs/v9-60k/eval.txt
per-clip -> work_dirs/v9-60k/scores_evenkf60.json

---- work_dirs/v10-longclip keyframe=5, 32-frame ----
2026-08-20T15:08:12+00:00
ckpt=work_dirs/v10-longclip/latest.pt data=['tum:/home/hyunsu/dataset_ssd/tum_static', 'bonn:/home/hyunsu/dataset_ssd/bonn/rgbd_bonn_dataset'] clips=120 size=256 max=100/source clip_len=32 stride=32 align=median gate_mode=delta keyframe_every=5 dense_above=0.4 gmc=False tag=evenkf5 spatial_cache=True temporal_cache=True
tau_on   source        active%  AbsRel   RMSE     d1      t-delta  OPW     TCE     mAbsRel  scale  drift   clipAbsRel(std)  n
-----------------------------------------------------------------------------------------------------------------------------
0.05     tum             36.1  0.1352   0.7989  0.8514  0.1441   0.0305  0.0409  0.1566  1.057  0.0220  0.1324 (0.120)  22
0.05     bonn            42.6  0.1209   0.3930  0.8812  0.0460   0.0199  0.0242  0.2863  1.129  0.0527  0.1248 (0.079)  98
0.05     MEAN(src)       39.4  0.1281   0.5960  0.8663  0.0951   0.0252  0.0326  0.2214  1.093  0.0373  0.1286 (0.099)  120
0.05     POOLED(px)      41.4  0.1231   0.4788  0.8766  0.0640   0.0215  0.0268  0.2625  1.116  0.0470  0.1262 (0.086)  120

appended -> work_dirs/v10-longclip/eval.txt
per-clip -> work_dirs/v10-longclip/scores_evenkf5.json

---- work_dirs/v10-longclip keyframe=10, 32-frame ----
2026-08-20T15:09:25+00:00
ckpt=work_dirs/v10-longclip/latest.pt data=['tum:/home/hyunsu/dataset_ssd/tum_static', 'bonn:/home/hyunsu/dataset_ssd/bonn/rgbd_bonn_dataset'] clips=120 size=256 max=100/source clip_len=32 stride=32 align=median gate_mode=delta keyframe_every=10 dense_above=0.4 gmc=False tag=evenkf10 spatial_cache=True temporal_cache=True
tau_on   source        active%  AbsRel   RMSE     d1      t-delta  OPW     TCE     mAbsRel  scale  drift   clipAbsRel(std)  n
-----------------------------------------------------------------------------------------------------------------------------
0.05     tum             25.8  0.1368   0.8137  0.8476  0.1221   0.0275  0.0380  0.1576  1.059  0.0230  0.1342 (0.116)  22
0.05     bonn            33.0  0.1258   0.4105  0.8727  0.0412   0.0188  0.0234  0.2896  1.128  0.0553  0.1294 (0.079)  98
0.05     MEAN(src)       29.4  0.1313   0.6121  0.8602  0.0817   0.0231  0.0307  0.2236  1.094  0.0391  0.1318 (0.098)  120
0.05     POOLED(px)      31.7  0.1275   0.4948  0.8688  0.0561   0.0201  0.0256  0.2654  1.115  0.0494  0.1303 (0.086)  120

appended -> work_dirs/v10-longclip/eval.txt
per-clip -> work_dirs/v10-longclip/scores_evenkf10.json

---- work_dirs/v10-longclip keyframe=15, 32-frame ----
2026-08-20T15:10:36+00:00
ckpt=work_dirs/v10-longclip/latest.pt data=['tum:/home/hyunsu/dataset_ssd/tum_static', 'bonn:/home/hyunsu/dataset_ssd/bonn/rgbd_bonn_dataset'] clips=120 size=256 max=100/source clip_len=32 stride=32 align=median gate_mode=delta keyframe_every=15 dense_above=0.4 gmc=False tag=evenkf15 spatial_cache=True temporal_cache=True
tau_on   source        active%  AbsRel   RMSE     d1      t-delta  OPW     TCE     mAbsRel  scale  drift   clipAbsRel(std)  n
-----------------------------------------------------------------------------------------------------------------------------
0.05     tum             22.7  0.1378   0.8124  0.8398  0.1187   0.0274  0.0380  0.1582  1.059  0.0229  0.1353 (0.115)  22
0.05     bonn            29.2  0.1302   0.4229  0.8645  0.0389   0.0183  0.0230  0.2923  1.130  0.0548  0.1334 (0.081)  98
0.05     MEAN(src)       26.0  0.1340   0.6177  0.8521  0.0788   0.0228  0.0305  0.2253  1.094  0.0388  0.1344 (0.098)  120
0.05     POOLED(px)      28.0  0.1314   0.5032  0.8607  0.0535   0.0197  0.0253  0.2678  1.117  0.0489  0.1338 (0.087)  120

appended -> work_dirs/v10-longclip/eval.txt
per-clip -> work_dirs/v10-longclip/scores_evenkf15.json

---- work_dirs/v10-longclip keyframe=30, 32-frame ----
2026-08-20T15:11:48+00:00
ckpt=work_dirs/v10-longclip/latest.pt data=['tum:/home/hyunsu/dataset_ssd/tum_static', 'bonn:/home/hyunsu/dataset_ssd/bonn/rgbd_bonn_dataset'] clips=120 size=256 max=100/source clip_len=32 stride=32 align=median gate_mode=delta keyframe_every=30 dense_above=0.4 gmc=False tag=evenkf30 spatial_cache=True temporal_cache=True
tau_on   source        active%  AbsRel   RMSE     d1      t-delta  OPW     TCE     mAbsRel  scale  drift   clipAbsRel(std)  n
-----------------------------------------------------------------------------------------------------------------------------
0.05     tum             19.6  0.1437   0.8536  0.8302  0.1094   0.0262  0.0369  0.1630  1.058  0.0238  0.1412 (0.112)  22
0.05     bonn            25.8  0.1412   0.4550  0.8465  0.0364   0.0176  0.0225  0.3042  1.127  0.0584  0.1450 (0.089)  98
0.05     MEAN(src)       22.7  0.1424   0.6543  0.8384  0.0729   0.0219  0.0297  0.2336  1.092  0.0411  0.1431 (0.101)  120
0.05     POOLED(px)      24.7  0.1416   0.5363  0.8440  0.0498   0.0190  0.0248  0.2783  1.115  0.0521  0.1443 (0.094)  120

appended -> work_dirs/v10-longclip/eval.txt
per-clip -> work_dirs/v10-longclip/scores_evenkf30.json

---- work_dirs/v10-longclip keyframe=60, 32-frame ----
2026-08-20T15:13:00+00:00
ckpt=work_dirs/v10-longclip/latest.pt data=['tum:/home/hyunsu/dataset_ssd/tum_static', 'bonn:/home/hyunsu/dataset_ssd/bonn/rgbd_bonn_dataset'] clips=120 size=256 max=100/source clip_len=32 stride=32 align=median gate_mode=delta keyframe_every=60 dense_above=0.4 gmc=False tag=evenkf60 spatial_cache=True temporal_cache=True
tau_on   source        active%  AbsRel   RMSE     d1      t-delta  OPW     TCE     mAbsRel  scale  drift   clipAbsRel(std)  n
-----------------------------------------------------------------------------------------------------------------------------
0.05     tum             16.5  0.1452   0.8637  0.8270  0.0910   0.0236  0.0344  0.1641  1.058  0.0244  0.1428 (0.111)  22
0.05     bonn            22.8  0.1442   0.4632  0.8420  0.0306   0.0154  0.0204  0.3069  1.128  0.0586  0.1479 (0.091)  98
0.05     MEAN(src)       19.6  0.1447   0.6635  0.8345  0.0608   0.0195  0.0274  0.2355  1.093  0.0415  0.1453 (0.101)  120
0.05     POOLED(px)      21.6  0.1444   0.5447  0.8397  0.0416   0.0167  0.0226  0.2807  1.115  0.0524  0.1469 (0.095)  120

appended -> work_dirs/v10-longclip/eval.txt
per-clip -> work_dirs/v10-longclip/scores_evenkf60.json
KF SWEEP DONE
2026-08-20T15:14:12+00:00
