
---- work_dirs/v9-60k clip_len=1024, Bonn static_close_far ----
2026-08-20T17:21:47+00:00
ckpt=work_dirs/v9-60k/latest.pt data=['bonn:/home/hyunsu/dataset_ssd/bonn/rgbd_bonn_dataset'] clips=1 size=256 max=2/source clip_len=1024 stride=1024 align=median gate_mode=delta keyframe_every=30 dense_above=0.4 gmc=False tag=L1024 spatial_cache=True temporal_cache=True
tau_on   source        active%  AbsRel   RMSE     d1      t-delta  OPW     TCE     mAbsRel  scale  drift   clipAbsRel(std)  n
-----------------------------------------------------------------------------------------------------------------------------
0.05     bonn            11.2  0.4820   1.1653  0.3835  0.0344   0.0185  0.0233  0.4137  1.421  0.4770  0.4820 (0.000)  1

appended -> work_dirs/v9-60k/eval.txt
per-clip -> work_dirs/v9-60k/scores_L1024.json

---- work_dirs/v9-60k clip_len=1024, PointOdyssey ----
2026-08-20T17:22:07+00:00
ckpt=work_dirs/v9-60k/latest.pt data=['pointodyssey:/home/hyunsu/dataset_ssd/pointodyssey'] clips=50 size=256 max=20/source clip_len=1024 stride=1024 align=median gate_mode=delta keyframe_every=30 dense_above=0.4 gmc=False tag=L1024-po spatial_cache=True temporal_cache=True
tau_on   source        active%  AbsRel   RMSE     d1      t-delta  OPW     TCE     mAbsRel  scale  drift   clipAbsRel(std)  n
-----------------------------------------------------------------------------------------------------------------------------
0.05     pointodyssey    22.7  0.5344   3.3027  0.4416  0.1078   0.0654  0.0796  0.5099  1.387  0.2308  0.5266 (0.306)  20

appended -> work_dirs/v9-60k/eval.txt
per-clip -> work_dirs/v9-60k/scores_L1024-po.json

---- work_dirs/v10-longclip clip_len=1024, Bonn static_close_far ----
2026-08-20T17:27:23+00:00
ckpt=work_dirs/v10-longclip/latest.pt data=['bonn:/home/hyunsu/dataset_ssd/bonn/rgbd_bonn_dataset'] clips=1 size=256 max=2/source clip_len=1024 stride=1024 align=median gate_mode=delta keyframe_every=30 dense_above=0.4 gmc=False tag=L1024 spatial_cache=True temporal_cache=True
tau_on   source        active%  AbsRel   RMSE     d1      t-delta  OPW     TCE     mAbsRel  scale  drift   clipAbsRel(std)  n
-----------------------------------------------------------------------------------------------------------------------------
0.05     bonn            11.2  0.4170   0.9316  0.4566  0.0209   0.0131  0.0182  0.3743  1.370  0.4163  0.4170 (0.000)  1

appended -> work_dirs/v10-longclip/eval.txt
per-clip -> work_dirs/v10-longclip/scores_L1024.json

---- work_dirs/v10-longclip clip_len=1024, PointOdyssey ----
2026-08-20T17:27:43+00:00
ckpt=work_dirs/v10-longclip/latest.pt data=['pointodyssey:/home/hyunsu/dataset_ssd/pointodyssey'] clips=50 size=256 max=20/source clip_len=1024 stride=1024 align=median gate_mode=delta keyframe_every=30 dense_above=0.4 gmc=False tag=L1024-po spatial_cache=True temporal_cache=True
tau_on   source        active%  AbsRel   RMSE     d1      t-delta  OPW     TCE     mAbsRel  scale  drift   clipAbsRel(std)  n
-----------------------------------------------------------------------------------------------------------------------------
0.05     pointodyssey    22.7  0.4638   2.8200  0.4909  0.1198   0.0491  0.0647  0.4609  1.503  0.2094  0.4538 (0.256)  20

appended -> work_dirs/v10-longclip/eval.txt
per-clip -> work_dirs/v10-longclip/scores_L1024-po.json

---- work_dirs/v9-60k, 1024-frame PointOdyssey curve ----
2026-08-20T17:32:55+00:00
ckpt=work_dirs/v9-60k/latest.pt clip_len=1024 stride=1024 max=8 keyframe_every=30

pointodyssey: by frame index (50 clips available, 8 scored)
  frame  AbsRel  delta1  t-delta     OPW     TCE
      0  0.2842  0.5363       -       -       -
     64  0.2572  0.5792  0.0722  0.0204  0.0264
    128  0.2902  0.4949  0.0761  0.0227  0.0319
    192  0.2760  0.5234  0.0614  0.0161  0.0222
    256  0.2162  0.6181  0.0641  0.0206  0.0291
    320  0.3821  0.5704  0.0875  0.0434  0.0642
    384  0.3160  0.5027  0.1837  0.0398  0.0548
    448  1.1831  0.4718  0.2315  0.1329  0.1551
    512  0.3175  0.5539  0.0950  0.0339  0.0526
    576  0.3943  0.4957  0.0419  0.0143  0.0261
    640  0.4827  0.4931  0.1650  0.0682  0.1058
    704  0.3988  0.5018  0.0736  0.0231  0.0287
    768  1.0818  0.3784  0.3125  0.7533  0.7763
    832  0.3213  0.4857  0.0648  0.0233  0.0274
    896  0.3536  0.4608  0.0422  0.0144  0.0206
    960  0.3513  0.4135  0.3660  0.1086  0.1199
   1023  0.3227  0.4516  0.0602  0.0243  0.0391

---- work_dirs/v10-longclip, 1024-frame PointOdyssey curve ----
2026-08-20T17:36:45+00:00
ckpt=work_dirs/v10-longclip/latest.pt clip_len=1024 stride=1024 max=8 keyframe_every=30

pointodyssey: by frame index (50 clips available, 8 scored)
  frame  AbsRel  delta1  t-delta     OPW     TCE
      0  0.2700  0.5659       -       -       -
     64  0.2277  0.6213  0.0523  0.0137  0.0199
    128  0.2416  0.5697  0.0809  0.0216  0.0306
    192  0.2104  0.6629  0.0733  0.0151  0.0211
    256  0.2066  0.6199  0.0674  0.0164  0.0235
    320  0.3242  0.5869  0.0850  0.0336  0.0534
    384  0.2633  0.6157  0.1692  0.0310  0.0456
    448  1.0870  0.5446  0.1666  0.1031  0.1442
    512  0.2815  0.5756  0.0630  0.0202  0.0390
    576  0.2781  0.6127  0.0346  0.0110  0.0228
    640  0.3318  0.5444  0.1642  0.0368  0.0731
    704  0.2493  0.6338  0.0662  0.0203  0.0262
    768  0.9486  0.4770  0.3044  0.7427  0.7657
    832  0.2167  0.6419  0.0494  0.0157  0.0198
    896  0.2464  0.5522  0.0659  0.0137  0.0198
    960  0.2688  0.5537  0.4197  0.1100  0.1199
   1023  0.2730  0.5515  0.0575  0.0226  0.0372
LS1024 DONE
2026-08-20T17:40:38+00:00
