######## dense-fallback threshold sweep (minor-9) ########
2026-08-20T13:22:35+00:00

---- dense_above=0.0 ----
ckpt=work_dirs/v9-60k/latest.pt data=['tum:/home/hyunsu/dataset_ssd/tum_static', 'bonn:/home/hyunsu/dataset_ssd/bonn/rgbd_bonn_dataset'] clips=488 size=256 max=100/source clip_len=8 stride=8 align=median gate_mode=delta keyframe_every=30 dense_above=0.0 gmc=False tag=dense0.0 spatial_cache=True temporal_cache=True
tau_on   source        active%  AbsRel   RMSE     d1      t-delta  OPW     TCE     mAbsRel  scale  drift   clipAbsRel(std)  n
-----------------------------------------------------------------------------------------------------------------------------
0.05     tum             14.5  0.1260   0.7345  0.8419  0.0925   0.0212  0.0319  0.1457  1.059  0.0103  0.1235 (0.098)  89
0.05     bonn            17.7  0.1325   0.4262  0.8727  0.0268   0.0145  0.0195  0.2763  1.124  0.0239  0.1326 (0.121)  100
0.05     MEAN(src)       16.1  0.1293   0.5804  0.8573  0.0596   0.0178  0.0257  0.2110  1.091  0.0171  0.1281 (0.109)  189
0.05     POOLED(px)      16.2  0.1298   0.5760  0.8598  0.0577   0.0173  0.0247  0.2148  1.093  0.0175  0.1283 (0.110)  189

appended -> work_dirs/v9-60k/eval.txt
per-clip -> work_dirs/v9-60k/scores_dense0.0.json

---- dense_above=0.2 ----
ckpt=work_dirs/v9-60k/latest.pt data=['tum:/home/hyunsu/dataset_ssd/tum_static', 'bonn:/home/hyunsu/dataset_ssd/bonn/rgbd_bonn_dataset'] clips=488 size=256 max=100/source clip_len=8 stride=8 align=median gate_mode=delta keyframe_every=30 dense_above=0.2 gmc=False tag=dense0.2 spatial_cache=True temporal_cache=True
tau_on   source        active%  AbsRel   RMSE     d1      t-delta  OPW     TCE     mAbsRel  scale  drift   clipAbsRel(std)  n
-----------------------------------------------------------------------------------------------------------------------------
0.05     tum             31.4  0.1391   0.8015  0.8449  0.0781   0.0204  0.0312  0.1604  1.055  0.0097  0.1359 (0.127)  89
0.05     bonn            41.5  0.1216   0.3970  0.8880  0.0311   0.0147  0.0193  0.2756  1.114  0.0221  0.1222 (0.097)  100
0.05     MEAN(src)       36.5  0.1303   0.5993  0.8665  0.0546   0.0175  0.0252  0.2180  1.085  0.0159  0.1291 (0.112)  189
0.05     POOLED(px)      36.8  0.1289   0.6009  0.8699  0.0532   0.0171  0.0243  0.2213  1.087  0.0163  0.1287 (0.111)  189

appended -> work_dirs/v9-60k/eval.txt
per-clip -> work_dirs/v9-60k/scores_dense0.2.json

---- dense_above=0.3 ----
ckpt=work_dirs/v9-60k/latest.pt data=['tum:/home/hyunsu/dataset_ssd/tum_static', 'bonn:/home/hyunsu/dataset_ssd/bonn/rgbd_bonn_dataset'] clips=488 size=256 max=100/source clip_len=8 stride=8 align=median gate_mode=delta keyframe_every=30 dense_above=0.3 gmc=False tag=dense0.3 spatial_cache=True temporal_cache=True
tau_on   source        active%  AbsRel   RMSE     d1      t-delta  OPW     TCE     mAbsRel  scale  drift   clipAbsRel(std)  n
-----------------------------------------------------------------------------------------------------------------------------
0.05     tum             24.7  0.1355   0.7856  0.8441  0.0852   0.0217  0.0325  0.1568  1.057  0.0101  0.1326 (0.120)  89
0.05     bonn            30.0  0.1249   0.4066  0.8843  0.0286   0.0145  0.0192  0.2756  1.115  0.0227  0.1254 (0.101)  100
0.05     MEAN(src)       27.4  0.1302   0.5961  0.8642  0.0569   0.0181  0.0258  0.2162  1.086  0.0164  0.1290 (0.111)  189
0.05     POOLED(px)      27.5  0.1293   0.5957  0.8674  0.0553   0.0175  0.0248  0.2196  1.087  0.0168  0.1288 (0.110)  189

appended -> work_dirs/v9-60k/eval.txt
per-clip -> work_dirs/v9-60k/scores_dense0.3.json

---- dense_above=0.4 ----
ckpt=work_dirs/v9-60k/latest.pt data=['tum:/home/hyunsu/dataset_ssd/tum_static', 'bonn:/home/hyunsu/dataset_ssd/bonn/rgbd_bonn_dataset'] clips=488 size=256 max=100/source clip_len=8 stride=8 align=median gate_mode=delta keyframe_every=30 dense_above=0.4 gmc=False tag=dense0.4 spatial_cache=True temporal_cache=True
tau_on   source        active%  AbsRel   RMSE     d1      t-delta  OPW     TCE     mAbsRel  scale  drift   clipAbsRel(std)  n
-----------------------------------------------------------------------------------------------------------------------------
0.05     tum             19.7  0.1321   0.7685  0.8426  0.0935   0.0225  0.0333  0.1530  1.058  0.0104  0.1293 (0.113)  89
0.05     bonn            24.4  0.1283   0.4166  0.8801  0.0279   0.0144  0.0192  0.2763  1.118  0.0230  0.1286 (0.113)  100
0.05     MEAN(src)       22.0  0.1302   0.5926  0.8613  0.0607   0.0184  0.0262  0.2147  1.088  0.0167  0.1289 (0.113)  189
0.05     POOLED(px)      22.2  0.1299   0.5904  0.8643  0.0588   0.0178  0.0251  0.2182  1.089  0.0171  0.1289 (0.113)  189

appended -> work_dirs/v9-60k/eval.txt
per-clip -> work_dirs/v9-60k/scores_dense0.4.json

---- dense_above=0.6 ----
ckpt=work_dirs/v9-60k/latest.pt data=['tum:/home/hyunsu/dataset_ssd/tum_static', 'bonn:/home/hyunsu/dataset_ssd/bonn/rgbd_bonn_dataset'] clips=488 size=256 max=100/source clip_len=8 stride=8 align=median gate_mode=delta keyframe_every=30 dense_above=0.6 gmc=False tag=dense0.6 spatial_cache=True temporal_cache=True
tau_on   source        active%  AbsRel   RMSE     d1      t-delta  OPW     TCE     mAbsRel  scale  drift   clipAbsRel(std)  n
-----------------------------------------------------------------------------------------------------------------------------
0.05     tum             15.3  0.1267   0.7378  0.8419  0.0937   0.0221  0.0329  0.1465  1.058  0.0102  0.1241 (0.099)  89
0.05     bonn            18.5  0.1319   0.4239  0.8745  0.0270   0.0145  0.0195  0.2756  1.122  0.0240  0.1321 (0.120)  100
0.05     MEAN(src)       16.9  0.1293   0.5809  0.8582  0.0604   0.0183  0.0262  0.2110  1.090  0.0171  0.1281 (0.110)  189
0.05     POOLED(px)      17.0  0.1297   0.5768  0.8608  0.0584   0.0177  0.0251  0.2148  1.092  0.0175  0.1283 (0.110)  189

appended -> work_dirs/v9-60k/eval.txt
per-clip -> work_dirs/v9-60k/scores_dense0.6.json

---- dense_above=1.0 ----
ckpt=work_dirs/v9-60k/latest.pt data=['tum:/home/hyunsu/dataset_ssd/tum_static', 'bonn:/home/hyunsu/dataset_ssd/bonn/rgbd_bonn_dataset'] clips=488 size=256 max=100/source clip_len=8 stride=8 align=median gate_mode=delta keyframe_every=30 dense_above=1.0 gmc=False tag=dense1.0 spatial_cache=True temporal_cache=True
tau_on   source        active%  AbsRel   RMSE     d1      t-delta  OPW     TCE     mAbsRel  scale  drift   clipAbsRel(std)  n
-----------------------------------------------------------------------------------------------------------------------------
0.05     tum             14.5  0.1260   0.7345  0.8419  0.0925   0.0212  0.0319  0.1457  1.059  0.0103  0.1235 (0.098)  89
0.05     bonn            17.7  0.1325   0.4262  0.8727  0.0268   0.0145  0.0195  0.2763  1.124  0.0239  0.1326 (0.121)  100
0.05     MEAN(src)       16.1  0.1293   0.5804  0.8573  0.0596   0.0178  0.0257  0.2110  1.091  0.0171  0.1281 (0.109)  189
0.05     POOLED(px)      16.2  0.1298   0.5760  0.8598  0.0577   0.0173  0.0247  0.2148  1.093  0.0175  0.1283 (0.110)  189

appended -> work_dirs/v9-60k/eval.txt
per-clip -> work_dirs/v9-60k/scores_dense1.0.json

######## GMC fallback rate on real driving (minor-8) ########
2026-08-20T13:29:23+00:00

---- gmc, tau_on=0.05 ----
ckpt=work_dirs/v9-60k/latest.pt data=['kitti:/home/hyunsu/dataset_ssd/kitti_zs'] clips=109 size=256 max=30/source clip_len=8 stride=8 align=median gate_mode=delta keyframe_every=30 dense_above=0.4 gmc=True tag=gmc-fallback-0.05 spatial_cache=True temporal_cache=True
tau_on   source        active%  AbsRel   RMSE     d1      t-delta  OPW     TCE     mAbsRel  scale  drift   clipAbsRel(std)  n
-----------------------------------------------------------------------------------------------------------------------------
0.1      kitti          100.0  0.2974  11.5330  0.5000  2.1357   0.0994  0.0930  0.5393  2.529  0.0948  0.3100 (0.090)  30
gmc: 0/210 frames fell back to identity (0.0%)

appended -> work_dirs/v9-60k/eval.txt
per-clip -> work_dirs/v9-60k/scores_gmc-fallback-0.05.json

---- gmc, tau_on=0.2 ----
ckpt=work_dirs/v9-60k/latest.pt data=['kitti:/home/hyunsu/dataset_ssd/kitti_zs'] clips=109 size=256 max=30/source clip_len=8 stride=8 align=median gate_mode=delta keyframe_every=30 dense_above=0.4 gmc=True tag=gmc-fallback-0.2 spatial_cache=True temporal_cache=True
tau_on   source        active%  AbsRel   RMSE     d1      t-delta  OPW     TCE     mAbsRel  scale  drift   clipAbsRel(std)  n
-----------------------------------------------------------------------------------------------------------------------------
0.1      kitti          100.0  0.2974  11.5330  0.5000  2.1357   0.0994  0.0930  0.5393  2.529  0.0948  0.3100 (0.090)  30
gmc: 0/210 frames fell back to identity (0.0%)

appended -> work_dirs/v9-60k/eval.txt
per-clip -> work_dirs/v9-60k/scores_gmc-fallback-0.2.json

---- gmc, tau_on=0.8 ----
ckpt=work_dirs/v9-60k/latest.pt data=['kitti:/home/hyunsu/dataset_ssd/kitti_zs'] clips=109 size=256 max=30/source clip_len=8 stride=8 align=median gate_mode=delta keyframe_every=30 dense_above=0.4 gmc=True tag=gmc-fallback-0.8 spatial_cache=True temporal_cache=True
tau_on   source        active%  AbsRel   RMSE     d1      t-delta  OPW     TCE     mAbsRel  scale  drift   clipAbsRel(std)  n
-----------------------------------------------------------------------------------------------------------------------------
0.1      kitti          100.0  0.2974  11.5330  0.5000  2.1357   0.0994  0.0930  0.5393  2.529  0.0948  0.3100 (0.090)  30
gmc: 0/210 frames fell back to identity (0.0%)

appended -> work_dirs/v9-60k/eval.txt
per-clip -> work_dirs/v9-60k/scores_gmc-fallback-0.8.json
MINOR DONE
2026-08-20T13:30:10+00:00
