
---- seed 0 nofallback clip_len=8 K=30 ----
2026-08-23T01:04:14+09:00
ckpt=work_dirs/v11-longclip-spread-s0/latest.pt data=['tum:/home/hyunsu/dataset_ssd/tum_static', 'bonn:/home/hyunsu/dataset_ssd/bonn/rgbd_bonn_dataset'] clips=488 size=256 max=100/source clip_len=8 stride=8 align=median gate_mode=delta keyframe_every=30 refresh=keyframe dense_above=0.0 bin_temp=1.0 gmc=False tag=nofb-L8K30 spatial_cache=True temporal_cache=True
tau_on   source        active%  AbsRel   RMSE     d1      t-delta  OPW     TCE     mAbsRel  scale  drift   clipAbsRel(std)  n
-----------------------------------------------------------------------------------------------------------------------------
0.05     tum             14.5  0.1236   0.7620  0.8457  0.1157   0.0209  0.0317  0.1415  1.063  0.0107  0.1212 (0.092)  89
0.05     bonn            17.7  0.1274   0.4183  0.8816  0.0299   0.0159  0.0207  0.2707  1.119  0.0238  0.1282 (0.109)  100
0.05     MEAN(src)       16.1  0.1255   0.5902  0.8637  0.0728   0.0184  0.0262  0.2061  1.091  0.0172  0.1247 (0.100)  189
0.05     POOLED(px)      16.2  0.1258   0.5875  0.8665  0.0703   0.0180  0.0253  0.2099  1.093  0.0176  0.1249 (0.101)  189

appended -> work_dirs/v11-longclip-spread-s0/eval.txt
per-clip -> work_dirs/v11-longclip-spread-s0/scores_nofb-L8K30.json

---- seed 0 nofallback clip_len=8 K=60 ----
2026-08-23T01:04:34+09:00
ckpt=work_dirs/v11-longclip-spread-s0/latest.pt data=['tum:/home/hyunsu/dataset_ssd/tum_static', 'bonn:/home/hyunsu/dataset_ssd/bonn/rgbd_bonn_dataset'] clips=488 size=256 max=100/source clip_len=8 stride=8 align=median gate_mode=delta keyframe_every=60 refresh=keyframe dense_above=0.0 bin_temp=1.0 gmc=False tag=nofb-L8K60 spatial_cache=True temporal_cache=True
tau_on   source        active%  AbsRel   RMSE     d1      t-delta  OPW     TCE     mAbsRel  scale  drift   clipAbsRel(std)  n
-----------------------------------------------------------------------------------------------------------------------------
0.05     tum             14.5  0.1236   0.7620  0.8457  0.1157   0.0209  0.0317  0.1415  1.063  0.0107  0.1212 (0.092)  89
0.05     bonn            17.7  0.1274   0.4183  0.8816  0.0299   0.0159  0.0207  0.2707  1.119  0.0238  0.1282 (0.109)  100
0.05     MEAN(src)       16.1  0.1255   0.5902  0.8637  0.0728   0.0184  0.0262  0.2061  1.091  0.0172  0.1247 (0.100)  189
0.05     POOLED(px)      16.2  0.1258   0.5875  0.8665  0.0703   0.0180  0.0253  0.2099  1.093  0.0176  0.1249 (0.101)  189

appended -> work_dirs/v11-longclip-spread-s0/eval.txt
per-clip -> work_dirs/v11-longclip-spread-s0/scores_nofb-L8K60.json

---- seed 0 nofallback clip_len=32 K=30 ----
2026-08-23T01:04:55+09:00
ckpt=work_dirs/v11-longclip-spread-s0/latest.pt data=['tum:/home/hyunsu/dataset_ssd/tum_static', 'bonn:/home/hyunsu/dataset_ssd/bonn/rgbd_bonn_dataset'] clips=120 size=256 max=100/source clip_len=32 stride=32 align=median gate_mode=delta keyframe_every=30 refresh=keyframe dense_above=0.0 bin_temp=1.0 gmc=False tag=nofb-L32K30 spatial_cache=True temporal_cache=True
tau_on   source        active%  AbsRel   RMSE     d1      t-delta  OPW     TCE     mAbsRel  scale  drift   clipAbsRel(std)  n
-----------------------------------------------------------------------------------------------------------------------------
0.05     tum             15.5  0.1356   0.8421  0.8337  0.1120   0.0227  0.0335  0.1502  1.065  0.0235  0.1337 (0.094)  22
0.05     bonn            19.8  0.1470   0.4760  0.8341  0.0378   0.0195  0.0244  0.3019  1.122  0.0604  0.1510 (0.091)  98
0.05     MEAN(src)       17.6  0.1413   0.6591  0.8339  0.0749   0.0211  0.0289  0.2261  1.094  0.0420  0.1424 (0.092)  120
0.05     POOLED(px)      19.0  0.1453   0.5488  0.8340  0.0514   0.0200  0.0258  0.2741  1.112  0.0536  0.1479 (0.091)  120

appended -> work_dirs/v11-longclip-spread-s0/eval.txt
per-clip -> work_dirs/v11-longclip-spread-s0/scores_nofb-L32K30.json

---- seed 0 nofallback clip_len=32 K=60 ----
2026-08-23T01:05:42+09:00
ckpt=work_dirs/v11-longclip-spread-s0/latest.pt data=['tum:/home/hyunsu/dataset_ssd/tum_static', 'bonn:/home/hyunsu/dataset_ssd/bonn/rgbd_bonn_dataset'] clips=120 size=256 max=100/source clip_len=32 stride=32 align=median gate_mode=delta keyframe_every=60 refresh=keyframe dense_above=0.0 bin_temp=1.0 gmc=False tag=nofb-L32K60 spatial_cache=True temporal_cache=True
tau_on   source        active%  AbsRel   RMSE     d1      t-delta  OPW     TCE     mAbsRel  scale  drift   clipAbsRel(std)  n
-----------------------------------------------------------------------------------------------------------------------------
0.05     tum             12.3  0.1374   0.8564  0.8299  0.0882   0.0196  0.0305  0.1516  1.065  0.0247  0.1356 (0.093)  22
0.05     bonn            16.8  0.1509   0.4862  0.8283  0.0306   0.0167  0.0217  0.3056  1.124  0.0612  0.1546 (0.094)  98
0.05     MEAN(src)       14.6  0.1442   0.6713  0.8291  0.0594   0.0182  0.0261  0.2286  1.094  0.0429  0.1451 (0.094)  120
0.05     POOLED(px)      16.0  0.1488   0.5596  0.8285  0.0412   0.0171  0.0230  0.2773  1.113  0.0545  0.1511 (0.094)  120

appended -> work_dirs/v11-longclip-spread-s0/eval.txt
per-clip -> work_dirs/v11-longclip-spread-s0/scores_nofb-L32K60.json

---- seed 0 nofallback clip_len=256 K=30 ----
2026-08-23T01:06:30+09:00
ckpt=work_dirs/v11-longclip-spread-s0/latest.pt data=['tum:/home/hyunsu/dataset_ssd/tum_static', 'bonn:/home/hyunsu/dataset_ssd/bonn/rgbd_bonn_dataset'] clips=13 size=256 max=100/source clip_len=256 stride=256 align=median gate_mode=delta keyframe_every=30 refresh=keyframe dense_above=0.0 bin_temp=1.0 gmc=False tag=nofb-L256K30 spatial_cache=True temporal_cache=True
tau_on   source        active%  AbsRel   RMSE     d1      t-delta  OPW     TCE     mAbsRel  scale  drift   clipAbsRel(std)  n
-----------------------------------------------------------------------------------------------------------------------------
0.05     tum             15.9  0.1741   0.8908  0.8076  0.0978   0.0295  0.0401  0.1753  1.094  0.0625  0.1755 (0.035)  2
0.05     bonn            20.2  0.2108   0.5555  0.7624  0.0411   0.0219  0.0266  0.2757  1.191  0.1636  0.2195 (0.105)  11
0.05     MEAN(src)       18.0  0.1924   0.7231  0.7850  0.0694   0.0257  0.0333  0.2255  1.142  0.1130  0.1975 (0.070)  13
0.05     POOLED(px)      19.5  0.2059   0.6109  0.7684  0.0498   0.0229  0.0284  0.2603  1.176  0.1480  0.2127 (0.095)  13

appended -> work_dirs/v11-longclip-spread-s0/eval.txt
per-clip -> work_dirs/v11-longclip-spread-s0/scores_nofb-L256K30.json

---- seed 0 nofallback clip_len=256 K=60 ----
2026-08-23T01:07:14+09:00
ckpt=work_dirs/v11-longclip-spread-s0/latest.pt data=['tum:/home/hyunsu/dataset_ssd/tum_static', 'bonn:/home/hyunsu/dataset_ssd/bonn/rgbd_bonn_dataset'] clips=13 size=256 max=100/source clip_len=256 stride=256 align=median gate_mode=delta keyframe_every=60 refresh=keyframe dense_above=0.0 bin_temp=1.0 gmc=False tag=nofb-L256K60 spatial_cache=True temporal_cache=True
tau_on   source        active%  AbsRel   RMSE     d1      t-delta  OPW     TCE     mAbsRel  scale  drift   clipAbsRel(std)  n
-----------------------------------------------------------------------------------------------------------------------------
0.05     tum             14.3  0.1826   0.9056  0.7939  0.0947   0.0276  0.0382  0.1759  1.110  0.0691  0.1840 (0.036)  2
0.05     bonn            18.6  0.2317   0.6101  0.7324  0.0395   0.0217  0.0264  0.2953  1.198  0.1771  0.2410 (0.109)  11
0.05     MEAN(src)       16.4  0.2071   0.7579  0.7632  0.0671   0.0247  0.0323  0.2356  1.154  0.1231  0.2125 (0.073)  13
0.05     POOLED(px)      17.9  0.2251   0.6573  0.7406  0.0480   0.0225  0.0280  0.2770  1.185  0.1605  0.2322 (0.098)  13

appended -> work_dirs/v11-longclip-spread-s0/eval.txt
per-clip -> work_dirs/v11-longclip-spread-s0/scores_nofb-L256K60.json

---- seed 1 nofallback clip_len=8 K=30 ----
2026-08-23T01:07:59+09:00
ckpt=work_dirs/v11-longclip-spread-s1/latest.pt data=['tum:/home/hyunsu/dataset_ssd/tum_static', 'bonn:/home/hyunsu/dataset_ssd/bonn/rgbd_bonn_dataset'] clips=488 size=256 max=100/source clip_len=8 stride=8 align=median gate_mode=delta keyframe_every=30 refresh=keyframe dense_above=0.0 bin_temp=1.0 gmc=False tag=nofb-L8K30 spatial_cache=True temporal_cache=True
tau_on   source        active%  AbsRel   RMSE     d1      t-delta  OPW     TCE     mAbsRel  scale  drift   clipAbsRel(std)  n
-----------------------------------------------------------------------------------------------------------------------------
0.05     tum             14.5  0.1262   0.7767  0.8453  0.1160   0.0213  0.0320  0.1441  1.065  0.0107  0.1237 (0.093)  89
0.05     bonn            17.7  0.1271   0.4038  0.8822  0.0306   0.0164  0.0211  0.2779  1.137  0.0243  0.1276 (0.107)  100
0.05     MEAN(src)       16.1  0.1267   0.5902  0.8637  0.0733   0.0188  0.0266  0.2110  1.101  0.0175  0.1256 (0.100)  189
0.05     POOLED(px)      16.2  0.1267   0.5897  0.8667  0.0708   0.0185  0.0257  0.2149  1.103  0.0179  0.1258 (0.101)  189

appended -> work_dirs/v11-longclip-spread-s1/eval.txt
per-clip -> work_dirs/v11-longclip-spread-s1/scores_nofb-L8K30.json

---- seed 1 nofallback clip_len=8 K=60 ----
2026-08-23T01:08:20+09:00
ckpt=work_dirs/v11-longclip-spread-s1/latest.pt data=['tum:/home/hyunsu/dataset_ssd/tum_static', 'bonn:/home/hyunsu/dataset_ssd/bonn/rgbd_bonn_dataset'] clips=488 size=256 max=100/source clip_len=8 stride=8 align=median gate_mode=delta keyframe_every=60 refresh=keyframe dense_above=0.0 bin_temp=1.0 gmc=False tag=nofb-L8K60 spatial_cache=True temporal_cache=True
tau_on   source        active%  AbsRel   RMSE     d1      t-delta  OPW     TCE     mAbsRel  scale  drift   clipAbsRel(std)  n
-----------------------------------------------------------------------------------------------------------------------------
0.05     tum             14.5  0.1262   0.7767  0.8453  0.1160   0.0213  0.0320  0.1441  1.065  0.0107  0.1237 (0.093)  89
0.05     bonn            17.7  0.1271   0.4038  0.8822  0.0306   0.0164  0.0211  0.2779  1.137  0.0243  0.1276 (0.107)  100
0.05     MEAN(src)       16.1  0.1267   0.5902  0.8637  0.0733   0.0188  0.0266  0.2110  1.101  0.0175  0.1256 (0.100)  189
0.05     POOLED(px)      16.2  0.1267   0.5897  0.8667  0.0708   0.0185  0.0257  0.2149  1.103  0.0179  0.1258 (0.101)  189

appended -> work_dirs/v11-longclip-spread-s1/eval.txt
per-clip -> work_dirs/v11-longclip-spread-s1/scores_nofb-L8K60.json

---- seed 1 nofallback clip_len=32 K=30 ----
2026-08-23T01:08:41+09:00
ckpt=work_dirs/v11-longclip-spread-s1/latest.pt data=['tum:/home/hyunsu/dataset_ssd/tum_static', 'bonn:/home/hyunsu/dataset_ssd/bonn/rgbd_bonn_dataset'] clips=120 size=256 max=100/source clip_len=32 stride=32 align=median gate_mode=delta keyframe_every=30 refresh=keyframe dense_above=0.0 bin_temp=1.0 gmc=False tag=nofb-L32K30 spatial_cache=True temporal_cache=True
tau_on   source        active%  AbsRel   RMSE     d1      t-delta  OPW     TCE     mAbsRel  scale  drift   clipAbsRel(std)  n
-----------------------------------------------------------------------------------------------------------------------------
0.05     tum             15.5  0.1371   0.8586  0.8297  0.1101   0.0220  0.0328  0.1518  1.068  0.0236  0.1352 (0.091)  22
0.05     bonn            19.8  0.1469   0.4749  0.8352  0.0392   0.0205  0.0253  0.3083  1.138  0.0599  0.1496 (0.089)  98
0.05     MEAN(src)       17.6  0.1420   0.6668  0.8324  0.0747   0.0213  0.0290  0.2301  1.103  0.0417  0.1424 (0.090)  120
0.05     POOLED(px)      19.0  0.1453   0.5519  0.8343  0.0522   0.0207  0.0265  0.2796  1.125  0.0533  0.1470 (0.089)  120

appended -> work_dirs/v11-longclip-spread-s1/eval.txt
per-clip -> work_dirs/v11-longclip-spread-s1/scores_nofb-L32K30.json

---- seed 1 nofallback clip_len=32 K=60 ----
2026-08-23T01:09:29+09:00
ckpt=work_dirs/v11-longclip-spread-s1/latest.pt data=['tum:/home/hyunsu/dataset_ssd/tum_static', 'bonn:/home/hyunsu/dataset_ssd/bonn/rgbd_bonn_dataset'] clips=120 size=256 max=100/source clip_len=32 stride=32 align=median gate_mode=delta keyframe_every=60 refresh=keyframe dense_above=0.0 bin_temp=1.0 gmc=False tag=nofb-L32K60 spatial_cache=True temporal_cache=True
tau_on   source        active%  AbsRel   RMSE     d1      t-delta  OPW     TCE     mAbsRel  scale  drift   clipAbsRel(std)  n
-----------------------------------------------------------------------------------------------------------------------------
0.05     tum             12.3  0.1389   0.8739  0.8257  0.0830   0.0189  0.0298  0.1532  1.069  0.0244  0.1371 (0.090)  22
0.05     bonn            16.8  0.1507   0.4845  0.8289  0.0318   0.0175  0.0225  0.3122  1.139  0.0606  0.1531 (0.092)  98
0.05     MEAN(src)       14.6  0.1448   0.6792  0.8273  0.0574   0.0182  0.0261  0.2327  1.104  0.0425  0.1451 (0.091)  120
0.05     POOLED(px)      16.0  0.1489   0.5626  0.8284  0.0412   0.0178  0.0236  0.2831  1.126  0.0540  0.1501 (0.092)  120

appended -> work_dirs/v11-longclip-spread-s1/eval.txt
per-clip -> work_dirs/v11-longclip-spread-s1/scores_nofb-L32K60.json

---- seed 1 nofallback clip_len=256 K=30 ----
2026-08-23T01:10:17+09:00
ckpt=work_dirs/v11-longclip-spread-s1/latest.pt data=['tum:/home/hyunsu/dataset_ssd/tum_static', 'bonn:/home/hyunsu/dataset_ssd/bonn/rgbd_bonn_dataset'] clips=13 size=256 max=100/source clip_len=256 stride=256 align=median gate_mode=delta keyframe_every=30 refresh=keyframe dense_above=0.0 bin_temp=1.0 gmc=False tag=nofb-L256K30 spatial_cache=True temporal_cache=True
tau_on   source        active%  AbsRel   RMSE     d1      t-delta  OPW     TCE     mAbsRel  scale  drift   clipAbsRel(std)  n
-----------------------------------------------------------------------------------------------------------------------------
0.05     tum             15.9  0.1732   0.8889  0.8045  0.0951   0.0281  0.0387  0.1751  1.094  0.0651  0.1746 (0.033)  2
0.05     bonn            20.2  0.2125   0.5581  0.7593  0.0424   0.0228  0.0274  0.2835  1.217  0.1670  0.2214 (0.107)  11
0.05     MEAN(src)       18.0  0.1929   0.7235  0.7819  0.0688   0.0254  0.0330  0.2293  1.156  0.1160  0.1980 (0.070)  13
0.05     POOLED(px)      19.5  0.2073   0.6127  0.7653  0.0505   0.0235  0.0289  0.2668  1.198  0.1513  0.2142 (0.096)  13

appended -> work_dirs/v11-longclip-spread-s1/eval.txt
per-clip -> work_dirs/v11-longclip-spread-s1/scores_nofb-L256K30.json

---- seed 1 nofallback clip_len=256 K=60 ----
2026-08-23T01:11:01+09:00
ckpt=work_dirs/v11-longclip-spread-s1/latest.pt data=['tum:/home/hyunsu/dataset_ssd/tum_static', 'bonn:/home/hyunsu/dataset_ssd/bonn/rgbd_bonn_dataset'] clips=13 size=256 max=100/source clip_len=256 stride=256 align=median gate_mode=delta keyframe_every=60 refresh=keyframe dense_above=0.0 bin_temp=1.0 gmc=False tag=nofb-L256K60 spatial_cache=True temporal_cache=True
tau_on   source        active%  AbsRel   RMSE     d1      t-delta  OPW     TCE     mAbsRel  scale  drift   clipAbsRel(std)  n
-----------------------------------------------------------------------------------------------------------------------------
0.05     tum             14.3  0.1823   0.9130  0.7916  0.0906   0.0258  0.0364  0.1755  1.111  0.0686  0.1836 (0.033)  2
0.05     bonn            18.6  0.2334   0.6060  0.7325  0.0408   0.0226  0.0273  0.3039  1.221  0.1806  0.2430 (0.114)  11
0.05     MEAN(src)       16.4  0.2079   0.7595  0.7621  0.0657   0.0242  0.0318  0.2397  1.166  0.1246  0.2133 (0.074)  13
0.05     POOLED(px)      17.9  0.2266   0.6553  0.7404  0.0484   0.0231  0.0285  0.2841  1.204  0.1634  0.2339 (0.102)  13

appended -> work_dirs/v11-longclip-spread-s1/eval.txt
per-clip -> work_dirs/v11-longclip-spread-s1/scores_nofb-L256K60.json

---- seed 2 nofallback clip_len=8 K=30 ----
2026-08-23T01:11:45+09:00
ckpt=work_dirs/v11-longclip-spread-s2/latest.pt data=['tum:/home/hyunsu/dataset_ssd/tum_static', 'bonn:/home/hyunsu/dataset_ssd/bonn/rgbd_bonn_dataset'] clips=488 size=256 max=100/source clip_len=8 stride=8 align=median gate_mode=delta keyframe_every=30 refresh=keyframe dense_above=0.0 bin_temp=1.0 gmc=False tag=nofb-L8K30 spatial_cache=True temporal_cache=True
tau_on   source        active%  AbsRel   RMSE     d1      t-delta  OPW     TCE     mAbsRel  scale  drift   clipAbsRel(std)  n
-----------------------------------------------------------------------------------------------------------------------------
0.05     tum             14.5  0.1241   0.7490  0.8449  0.1145   0.0219  0.0326  0.1447  1.060  0.0101  0.1217 (0.096)  89
0.05     bonn            17.7  0.1295   0.4082  0.8811  0.0295   0.0157  0.0205  0.2829  1.132  0.0240  0.1296 (0.120)  100
0.05     MEAN(src)       16.1  0.1268   0.5786  0.8630  0.0720   0.0188  0.0265  0.2138  1.096  0.0170  0.1256 (0.108)  189
0.05     POOLED(px)      16.2  0.1272   0.5763  0.8659  0.0695   0.0183  0.0256  0.2178  1.098  0.0174  0.1259 (0.109)  189

appended -> work_dirs/v11-longclip-spread-s2/eval.txt
per-clip -> work_dirs/v11-longclip-spread-s2/scores_nofb-L8K30.json

---- seed 2 nofallback clip_len=8 K=60 ----
2026-08-23T01:12:06+09:00
ckpt=work_dirs/v11-longclip-spread-s2/latest.pt data=['tum:/home/hyunsu/dataset_ssd/tum_static', 'bonn:/home/hyunsu/dataset_ssd/bonn/rgbd_bonn_dataset'] clips=488 size=256 max=100/source clip_len=8 stride=8 align=median gate_mode=delta keyframe_every=60 refresh=keyframe dense_above=0.0 bin_temp=1.0 gmc=False tag=nofb-L8K60 spatial_cache=True temporal_cache=True
tau_on   source        active%  AbsRel   RMSE     d1      t-delta  OPW     TCE     mAbsRel  scale  drift   clipAbsRel(std)  n
-----------------------------------------------------------------------------------------------------------------------------
0.05     tum             14.5  0.1241   0.7490  0.8449  0.1145   0.0219  0.0326  0.1447  1.060  0.0101  0.1217 (0.096)  89
0.05     bonn            17.7  0.1295   0.4082  0.8811  0.0295   0.0157  0.0205  0.2829  1.132  0.0240  0.1296 (0.120)  100
0.05     MEAN(src)       16.1  0.1268   0.5786  0.8630  0.0720   0.0188  0.0265  0.2138  1.096  0.0170  0.1256 (0.108)  189
0.05     POOLED(px)      16.2  0.1272   0.5763  0.8659  0.0695   0.0183  0.0256  0.2178  1.098  0.0174  0.1259 (0.109)  189

appended -> work_dirs/v11-longclip-spread-s2/eval.txt
per-clip -> work_dirs/v11-longclip-spread-s2/scores_nofb-L8K60.json

---- seed 2 nofallback clip_len=32 K=30 ----
2026-08-23T01:12:27+09:00
ckpt=work_dirs/v11-longclip-spread-s2/latest.pt data=['tum:/home/hyunsu/dataset_ssd/tum_static', 'bonn:/home/hyunsu/dataset_ssd/bonn/rgbd_bonn_dataset'] clips=120 size=256 max=100/source clip_len=32 stride=32 align=median gate_mode=delta keyframe_every=30 refresh=keyframe dense_above=0.0 bin_temp=1.0 gmc=False tag=nofb-L32K30 spatial_cache=True temporal_cache=True
tau_on   source        active%  AbsRel   RMSE     d1      t-delta  OPW     TCE     mAbsRel  scale  drift   clipAbsRel(std)  n
-----------------------------------------------------------------------------------------------------------------------------
0.05     tum             15.5  0.1368   0.8271  0.8238  0.1131   0.0228  0.0335  0.1542  1.061  0.0240  0.1348 (0.098)  22
0.05     bonn            19.8  0.1485   0.4752  0.8327  0.0373   0.0195  0.0243  0.3134  1.129  0.0603  0.1522 (0.096)  98
0.05     MEAN(src)       17.6  0.1427   0.6511  0.8282  0.0752   0.0211  0.0289  0.2338  1.095  0.0421  0.1435 (0.097)  120
0.05     POOLED(px)      19.0  0.1467   0.5446  0.8313  0.0512   0.0200  0.0257  0.2842  1.117  0.0536  0.1490 (0.096)  120

appended -> work_dirs/v11-longclip-spread-s2/eval.txt
per-clip -> work_dirs/v11-longclip-spread-s2/scores_nofb-L32K30.json

---- seed 2 nofallback clip_len=32 K=60 ----
2026-08-23T01:13:15+09:00
ckpt=work_dirs/v11-longclip-spread-s2/latest.pt data=['tum:/home/hyunsu/dataset_ssd/tum_static', 'bonn:/home/hyunsu/dataset_ssd/bonn/rgbd_bonn_dataset'] clips=120 size=256 max=100/source clip_len=32 stride=32 align=median gate_mode=delta keyframe_every=60 refresh=keyframe dense_above=0.0 bin_temp=1.0 gmc=False tag=nofb-L32K60 spatial_cache=True temporal_cache=True
tau_on   source        active%  AbsRel   RMSE     d1      t-delta  OPW     TCE     mAbsRel  scale  drift   clipAbsRel(std)  n
-----------------------------------------------------------------------------------------------------------------------------
0.05     tum             12.3  0.1388   0.8413  0.8190  0.0899   0.0200  0.0308  0.1557  1.061  0.0248  0.1369 (0.097)  22
0.05     bonn            16.8  0.1523   0.4850  0.8269  0.0303   0.0167  0.0217  0.3173  1.130  0.0608  0.1556 (0.099)  98
0.05     MEAN(src)       14.6  0.1456   0.6631  0.8229  0.0601   0.0183  0.0262  0.2365  1.096  0.0428  0.1463 (0.098)  120
0.05     POOLED(px)      16.0  0.1502   0.5552  0.8256  0.0412   0.0172  0.0231  0.2877  1.117  0.0542  0.1522 (0.098)  120

appended -> work_dirs/v11-longclip-spread-s2/eval.txt
per-clip -> work_dirs/v11-longclip-spread-s2/scores_nofb-L32K60.json

---- seed 2 nofallback clip_len=256 K=30 ----
2026-08-23T01:14:03+09:00
ckpt=work_dirs/v11-longclip-spread-s2/latest.pt data=['tum:/home/hyunsu/dataset_ssd/tum_static', 'bonn:/home/hyunsu/dataset_ssd/bonn/rgbd_bonn_dataset'] clips=13 size=256 max=100/source clip_len=256 stride=256 align=median gate_mode=delta keyframe_every=30 refresh=keyframe dense_above=0.0 bin_temp=1.0 gmc=False tag=nofb-L256K30 spatial_cache=True temporal_cache=True
tau_on   source        active%  AbsRel   RMSE     d1      t-delta  OPW     TCE     mAbsRel  scale  drift   clipAbsRel(std)  n
-----------------------------------------------------------------------------------------------------------------------------
0.05     tum             15.9  0.1765   0.8820  0.8058  0.0999   0.0306  0.0411  0.1799  1.092  0.0690  0.1784 (0.047)  2
0.05     bonn            20.2  0.2168   0.5521  0.7596  0.0402   0.0217  0.0265  0.2860  1.207  0.1705  0.2258 (0.112)  11
0.05     MEAN(src)       18.0  0.1966   0.7171  0.7827  0.0700   0.0262  0.0338  0.2330  1.149  0.1197  0.2021 (0.079)  13
0.05     POOLED(px)      19.5  0.2114   0.6066  0.7658  0.0493   0.0229  0.0284  0.2697  1.190  0.1549  0.2185 (0.102)  13

appended -> work_dirs/v11-longclip-spread-s2/eval.txt
per-clip -> work_dirs/v11-longclip-spread-s2/scores_nofb-L256K30.json

---- seed 2 nofallback clip_len=256 K=60 ----
2026-08-23T01:14:47+09:00
ckpt=work_dirs/v11-longclip-spread-s2/latest.pt data=['tum:/home/hyunsu/dataset_ssd/tum_static', 'bonn:/home/hyunsu/dataset_ssd/bonn/rgbd_bonn_dataset'] clips=13 size=256 max=100/source clip_len=256 stride=256 align=median gate_mode=delta keyframe_every=60 refresh=keyframe dense_above=0.0 bin_temp=1.0 gmc=False tag=nofb-L256K60 spatial_cache=True temporal_cache=True
tau_on   source        active%  AbsRel   RMSE     d1      t-delta  OPW     TCE     mAbsRel  scale  drift   clipAbsRel(std)  n
-----------------------------------------------------------------------------------------------------------------------------
0.05     tum             14.3  0.1872   0.9169  0.7912  0.0964   0.0287  0.0392  0.1824  1.108  0.0755  0.1890 (0.044)  2
0.05     bonn            18.6  0.2360   0.6015  0.7297  0.0384   0.0215  0.0262  0.3042  1.210  0.1811  0.2454 (0.115)  11
0.05     MEAN(src)       16.4  0.2116   0.7592  0.7604  0.0674   0.0251  0.0327  0.2433  1.159  0.1283  0.2172 (0.079)  13
0.05     POOLED(px)      17.9  0.2295   0.6524  0.7379  0.0474   0.0225  0.0280  0.2855  1.194  0.1648  0.2367 (0.104)  13

appended -> work_dirs/v11-longclip-spread-s2/eval.txt
per-clip -> work_dirs/v11-longclip-spread-s2/scores_nofb-L256K60.json
NOFALLBACK DONE
2026-08-23T01:15:31+09:00
