################ 1. comparison group, 8 frames ################
2026-08-20T11:40:54+00:00

---- DPT-Large / tum / clip_len=8 ----
2026-08-20T11:40:54+00:00
DPT-Large (343.0M) tum L8 on 89 holdout clips (same split/protocol as SOKKANAEM):
  pooled : AbsRel=0.1135  RMSE=1.2010  delta1=0.8829  t-delta=0.1529  OPW=0.0312  TCE=0.0397

---- DPT-Large / bonn / clip_len=8 ----
2026-08-20T11:41:38+00:00
DPT-Large (343.0M) bonn L8 on 100 holdout clips (same split/protocol as SOKKANAEM):
  pooled : AbsRel=0.0615  RMSE=0.2631  delta1=0.9723  t-delta=0.0794  OPW=0.0228  TCE=0.0255

---- DA-v2-Base / tum / clip_len=8 ----
2026-08-20T11:42:27+00:00
DA-v2-Base (97.5M) tum L8 on 89 holdout clips (same split/protocol as SOKKANAEM):
  pooled : AbsRel=0.1153  RMSE=5.8185  delta1=0.9095  t-delta=0.6970  OPW=0.0430  TCE=0.0517

---- DA-v2-Base / bonn / clip_len=8 ----
2026-08-20T11:43:13+00:00
DA-v2-Base (97.5M) bonn L8 on 100 holdout clips (same split/protocol as SOKKANAEM):
  pooled : AbsRel=0.0601  RMSE=0.3934  delta1=0.9744  t-delta=0.0658  OPW=0.0181  TCE=0.0216

---- DA-v2-Small / tum / clip_len=8 ----
2026-08-20T11:44:00+00:00
DA-v2-Small (24.8M) tum L8 on 89 holdout clips (same split/protocol as SOKKANAEM):
  pooled : AbsRel=0.3557  RMSE=24.3110  delta1=0.8828  t-delta=1.8697  OPW=0.1598  TCE=0.1679

---- DA-v2-Small / bonn / clip_len=8 ----
2026-08-20T11:44:37+00:00
DA-v2-Small (24.8M) bonn L8 on 100 holdout clips (same split/protocol as SOKKANAEM):
  pooled : AbsRel=0.0579  RMSE=0.2351  delta1=0.9755  t-delta=0.1334  OPW=0.0192  TCE=0.0226

---- DA-v1-Small / tum / clip_len=8 ----
2026-08-20T11:45:18+00:00
DA-v1-Small (24.8M) tum L8 on 89 holdout clips (same split/protocol as SOKKANAEM):
  pooled : AbsRel=0.0857  RMSE=0.8771  delta1=0.9009  t-delta=0.1229  OPW=0.0241  TCE=0.0326

---- DA-v1-Small / bonn / clip_len=8 ----
2026-08-20T11:45:55+00:00
DA-v1-Small (24.8M) bonn L8 on 100 holdout clips (same split/protocol as SOKKANAEM):
  pooled : AbsRel=0.0442  RMSE=0.1837  delta1=0.9868  t-delta=0.0556  OPW=0.0163  TCE=0.0196

---- ZoeDepth-NK / tum / clip_len=8 ----
2026-08-20T11:46:35+00:00
ZoeDepth-NK (345.1M) tum L8 on 89 holdout clips (same split/protocol as SOKKANAEM):
  pooled : AbsRel=0.1240  RMSE=1.2864  delta1=0.8391  t-delta=0.1089  OPW=0.0237  TCE=0.0321

---- ZoeDepth-NK / bonn / clip_len=8 ----
2026-08-20T11:47:32+00:00
ZoeDepth-NK (345.1M) bonn L8 on 100 holdout clips (same split/protocol as SOKKANAEM):
  pooled : AbsRel=0.0743  RMSE=0.2566  delta1=0.9409  t-delta=0.0643  OPW=0.0185  TCE=0.0208

---- DA3-Base / tum / clip_len=8 ----
2026-08-20T11:48:34+00:00

---- DA3-Base / bonn / clip_len=8 ----
2026-08-20T11:48:35+00:00

################ 2. Video Depth Anything ################
2026-08-20T11:48:36+00:00

---- VDA / tum / clip_len=8 ----
2026-08-20T11:48:36+00:00
Video-Depth-Anything-Small metric (~28.4M) tum L8 on 89 holdout clips (same split/protocol as SOKKANAEM):
  pooled : AbsRel=0.1221  RMSE=1.0869  delta1=0.8699  t-delta=0.1097  OPW=0.0227  TCE=0.0319
  clipavg: AbsRel=0.1218 (std 0.0597)  delta1=0.8695

---- VDA / bonn / clip_len=8 ----
2026-08-20T11:49:16+00:00
Video-Depth-Anything-Small metric (~28.4M) bonn L8 on 100 holdout clips (same split/protocol as SOKKANAEM):
  pooled : AbsRel=0.0779  RMSE=0.4122  delta1=0.9579  t-delta=0.0560  OPW=0.0172  TCE=0.0197
  clipavg: AbsRel=0.0804 (std 0.0362)  delta1=0.9505

---- VDA / vkitti2 / clip_len=8 ----
2026-08-20T11:49:57+00:00
Video-Depth-Anything-Small metric (~28.4M) vkitti2 L8 on 100 holdout clips (same split/protocol as SOKKANAEM):
  pooled : AbsRel=0.1501  RMSE=36.0196  delta1=0.8936  t-delta=1.4044  OPW=0.0233  TCE=0.0195
  clipavg: AbsRel=0.1515 (std 0.0388)  delta1=0.8922

---- VDA / tartanair2 / clip_len=8 ----
2026-08-20T11:50:40+00:00
Video-Depth-Anything-Small metric (~28.4M) tartanair2 L8 on 100 holdout clips (same split/protocol as SOKKANAEM):
  pooled : AbsRel=0.7244  RMSE=7.2865  delta1=0.3082  t-delta=1.4247  OPW=0.1235  TCE=0.2078
  clipavg: AbsRel=0.7845 (std 0.5910)  delta1=0.3079

---- VDA / pointodyssey / clip_len=8 ----
2026-08-20T11:53:26+00:00
Video-Depth-Anything-Small metric (~28.4M) pointodyssey L8 on 100 holdout clips (same split/protocol as SOKKANAEM):
  pooled : AbsRel=0.1687  RMSE=2.9739  delta1=0.8508  t-delta=0.1479  OPW=0.0290  TCE=0.0336
  clipavg: AbsRel=0.1659 (std 0.2736)  delta1=0.8505

################ 3. streaming protocol, 256 frames ###########
2026-08-20T12:02:05+00:00

---- work_dirs/v9-60k/latest.pt clip_len=8 keyframe=30 ----
2026-08-20T12:02:05+00:00
ckpt=work_dirs/v9-60k/latest.pt data=['tum:/home/hyunsu/dataset_ssd/tum_static', 'bonn:/home/hyunsu/dataset_ssd/bonn/rgbd_bonn_dataset'] clips=488 size=256 max=100/source clip_len=8 stride=8 align=median gate_mode=delta keyframe_every=30 gmc=False tag=L8K30 spatial_cache=True temporal_cache=True
tau_on   source        active%  AbsRel   RMSE     d1      t-delta  OPW     TCE     mAbsRel  scale  drift   clipAbsRel(std)  n
-----------------------------------------------------------------------------------------------------------------------------
0.05     tum             19.7  0.1321   0.7685  0.8426  0.0935   0.0225  0.0333  0.1530  1.058  0.0104  0.1293 (0.113)  89
0.05     bonn            24.4  0.1283   0.4166  0.8801  0.0279   0.0144  0.0192  0.2763  1.118  0.0230  0.1286 (0.113)  100
0.05     MEAN(src)       22.0  0.1302   0.5926  0.8613  0.0607   0.0184  0.0262  0.2147  1.088  0.0167  0.1289 (0.113)  189
0.05     POOLED(px)      22.2  0.1299   0.5904  0.8643  0.0588   0.0178  0.0251  0.2182  1.089  0.0171  0.1289 (0.113)  189
const    tum             19.7  0.2543   1.6094  0.6209  0.0000   0.0000  0.0147  0.2530  1.000  0.0091  0.2530 (0.081)  89
const    bonn            24.4  0.2979   0.9033  0.5453  0.0000   0.0000  0.0091  0.2911  1.000  0.0233  0.2911 (0.203)  100
const    MEAN(src)       22.0  0.2761   1.2563  0.5831  0.0000   0.0000  0.0119  0.2720  1.000  0.0162  0.2720 (0.142)  189
const    POOLED(px)      22.2  0.2796   1.2491  0.5770  0.0000   0.0000  0.0115  0.2732  1.000  0.0166  0.2732 (0.146)  189

appended -> work_dirs/v9-60k/eval.txt
per-clip -> work_dirs/v9-60k/scores_L8K30.json

---- work_dirs/v9-60k/latest.pt clip_len=8 keyframe=60 ----
2026-08-20T12:04:40+00:00
ckpt=work_dirs/v9-60k/latest.pt data=['tum:/home/hyunsu/dataset_ssd/tum_static', 'bonn:/home/hyunsu/dataset_ssd/bonn/rgbd_bonn_dataset'] clips=488 size=256 max=100/source clip_len=8 stride=8 align=median gate_mode=delta keyframe_every=60 gmc=False tag=L8K60 spatial_cache=True temporal_cache=True
tau_on   source        active%  AbsRel   RMSE     d1      t-delta  OPW     TCE     mAbsRel  scale  drift   clipAbsRel(std)  n
-----------------------------------------------------------------------------------------------------------------------------
0.05     tum             19.7  0.1321   0.7685  0.8426  0.0935   0.0225  0.0333  0.1530  1.058  0.0104  0.1293 (0.113)  89
0.05     bonn            24.4  0.1283   0.4166  0.8801  0.0279   0.0144  0.0192  0.2763  1.118  0.0230  0.1286 (0.113)  100
0.05     MEAN(src)       22.0  0.1302   0.5926  0.8613  0.0607   0.0184  0.0262  0.2147  1.088  0.0167  0.1289 (0.113)  189
0.05     POOLED(px)      22.2  0.1299   0.5904  0.8643  0.0588   0.0178  0.0251  0.2182  1.089  0.0171  0.1289 (0.113)  189
const    tum             19.7  0.2543   1.6094  0.6209  0.0000   0.0000  0.0147  0.2530  1.000  0.0091  0.2530 (0.081)  89
const    bonn            24.4  0.2979   0.9033  0.5453  0.0000   0.0000  0.0091  0.2911  1.000  0.0233  0.2911 (0.203)  100
const    MEAN(src)       22.0  0.2761   1.2563  0.5831  0.0000   0.0000  0.0119  0.2720  1.000  0.0162  0.2720 (0.142)  189
const    POOLED(px)      22.2  0.2796   1.2491  0.5770  0.0000   0.0000  0.0115  0.2732  1.000  0.0166  0.2732 (0.146)  189

appended -> work_dirs/v9-60k/eval.txt
per-clip -> work_dirs/v9-60k/scores_L8K60.json

---- work_dirs/v9-60k/latest.pt clip_len=32 keyframe=30 ----
2026-08-20T12:05:50+00:00
ckpt=work_dirs/v9-60k/latest.pt data=['tum:/home/hyunsu/dataset_ssd/tum_static', 'bonn:/home/hyunsu/dataset_ssd/bonn/rgbd_bonn_dataset'] clips=120 size=256 max=100/source clip_len=32 stride=32 align=median gate_mode=delta keyframe_every=30 gmc=False tag=L32K30 spatial_cache=True temporal_cache=True
tau_on   source        active%  AbsRel   RMSE     d1      t-delta  OPW     TCE     mAbsRel  scale  drift   clipAbsRel(std)  n
-----------------------------------------------------------------------------------------------------------------------------
0.05     tum             19.6  0.1477   0.8522  0.8196  0.0996   0.0254  0.0362  0.1639  1.060  0.0266  0.1452 (0.115)  22
0.05     bonn            25.8  0.1496   0.4801  0.8333  0.0367   0.0184  0.0233  0.3033  1.127  0.0605  0.1525 (0.094)  98
0.05     MEAN(src)       22.7  0.1487   0.6661  0.8264  0.0682   0.0219  0.0298  0.2336  1.093  0.0435  0.1489 (0.105)  120
0.05     POOLED(px)      24.7  0.1493   0.5542  0.8312  0.0483   0.0195  0.0253  0.2777  1.114  0.0543  0.1512 (0.098)  120
const    tum             19.6  0.2595   1.6134  0.6109  0.0000   0.0000  0.0147  0.2580  1.000  0.0333  0.2580 (0.091)  22
const    bonn            25.8  0.3091   0.9195  0.5367  0.0000   0.0000  0.0094  0.3048  1.000  0.0749  0.3048 (0.182)  98
const    MEAN(src)       22.7  0.2843   1.2665  0.5738  0.0000   0.0000  0.0120  0.2814  1.000  0.0541  0.2814 (0.137)  120
const    POOLED(px)      24.7  0.3014   1.0569  0.5481  0.0000   0.0000  0.0102  0.2962  1.000  0.0673  0.2962 (0.165)  120

appended -> work_dirs/v9-60k/eval.txt
per-clip -> work_dirs/v9-60k/scores_L32K30.json

---- work_dirs/v9-60k/latest.pt clip_len=32 keyframe=60 ----
2026-08-20T12:07:26+00:00
ckpt=work_dirs/v9-60k/latest.pt data=['tum:/home/hyunsu/dataset_ssd/tum_static', 'bonn:/home/hyunsu/dataset_ssd/bonn/rgbd_bonn_dataset'] clips=120 size=256 max=100/source clip_len=32 stride=32 align=median gate_mode=delta keyframe_every=60 gmc=False tag=L32K60 spatial_cache=True temporal_cache=True
tau_on   source        active%  AbsRel   RMSE     d1      t-delta  OPW     TCE     mAbsRel  scale  drift   clipAbsRel(std)  n
-----------------------------------------------------------------------------------------------------------------------------
0.05     tum             16.5  0.1494   0.8621  0.8168  0.0835   0.0229  0.0339  0.1650  1.060  0.0275  0.1469 (0.115)  22
0.05     bonn            22.8  0.1526   0.4883  0.8281  0.0305   0.0160  0.0210  0.3054  1.127  0.0603  0.1554 (0.097)  98
0.05     MEAN(src)       19.6  0.1510   0.6752  0.8225  0.0570   0.0195  0.0275  0.2352  1.093  0.0439  0.1511 (0.106)  120
0.05     POOLED(px)      21.6  0.1521   0.5625  0.8264  0.0402   0.0171  0.0230  0.2797  1.114  0.0543  0.1538 (0.100)  120
const    tum             16.5  0.2595   1.6134  0.6109  0.0000   0.0000  0.0147  0.2580  1.000  0.0333  0.2580 (0.091)  22
const    bonn            22.8  0.3091   0.9195  0.5367  0.0000   0.0000  0.0094  0.3048  1.000  0.0749  0.3048 (0.182)  98
const    MEAN(src)       19.6  0.2843   1.2665  0.5738  0.0000   0.0000  0.0120  0.2814  1.000  0.0541  0.2814 (0.137)  120
const    POOLED(px)      21.6  0.3014   1.0569  0.5481  0.0000   0.0000  0.0102  0.2962  1.000  0.0673  0.2962 (0.165)  120

appended -> work_dirs/v9-60k/eval.txt
per-clip -> work_dirs/v9-60k/scores_L32K60.json

---- work_dirs/v9-60k/latest.pt clip_len=128 keyframe=30 ----
2026-08-20T12:09:00+00:00
ckpt=work_dirs/v9-60k/latest.pt data=['tum:/home/hyunsu/dataset_ssd/tum_static', 'bonn:/home/hyunsu/dataset_ssd/bonn/rgbd_bonn_dataset'] clips=28 size=256 max=100/source clip_len=128 stride=128 align=median gate_mode=delta keyframe_every=30 gmc=False tag=L128K30 spatial_cache=True temporal_cache=True
tau_on   source        active%  AbsRel   RMSE     d1      t-delta  OPW     TCE     mAbsRel  scale  drift   clipAbsRel(std)  n
-----------------------------------------------------------------------------------------------------------------------------
0.05     tum             19.9  0.1814   0.9983  0.7979  0.0988   0.0276  0.0383  0.1816  1.098  0.0543  0.1823 (0.128)  5
0.05     bonn            26.3  0.2107   0.5867  0.7480  0.0451   0.0224  0.0271  0.3045  1.209  0.1335  0.2205 (0.125)  23
0.05     MEAN(src)       23.1  0.1961   0.7925  0.7730  0.0719   0.0250  0.0327  0.2430  1.154  0.0939  0.2014 (0.126)  28
0.05     POOLED(px)      25.1  0.2063   0.6660  0.7556  0.0547   0.0232  0.0288  0.2825  1.189  0.1193  0.2137 (0.126)  28
const    tum             19.9  0.2867   1.6165  0.6361  0.0000   0.0000  0.0147  0.2873  1.000  0.0713  0.2873 (0.114)  5
const    bonn            26.3  0.3722   0.9798  0.4941  0.0000   0.0000  0.0095  0.3800  1.000  0.1568  0.3800 (0.188)  23
const    MEAN(src)       23.1  0.3294   1.2982  0.5651  0.0000   0.0000  0.0121  0.3336  1.000  0.1140  0.3336 (0.151)  28
const    POOLED(px)      25.1  0.3592   1.1008  0.5158  0.0000   0.0000  0.0103  0.3634  1.000  0.1415  0.3634 (0.175)  28

appended -> work_dirs/v9-60k/eval.txt
per-clip -> work_dirs/v9-60k/scores_L128K30.json

---- work_dirs/v9-60k/latest.pt clip_len=128 keyframe=60 ----
2026-08-20T12:10:32+00:00
ckpt=work_dirs/v9-60k/latest.pt data=['tum:/home/hyunsu/dataset_ssd/tum_static', 'bonn:/home/hyunsu/dataset_ssd/bonn/rgbd_bonn_dataset'] clips=28 size=256 max=100/source clip_len=128 stride=128 align=median gate_mode=delta keyframe_every=60 gmc=False tag=L128K60 spatial_cache=True temporal_cache=True
tau_on   source        active%  AbsRel   RMSE     d1      t-delta  OPW     TCE     mAbsRel  scale  drift   clipAbsRel(std)  n
-----------------------------------------------------------------------------------------------------------------------------
0.05     tum             18.2  0.1926   1.0333  0.7890  0.0964   0.0275  0.0382  0.1873  1.109  0.0611  0.1936 (0.140)  5
0.05     bonn            24.5  0.2206   0.6097  0.7309  0.0424   0.0218  0.0265  0.3128  1.201  0.1370  0.2303 (0.129)  23
0.05     MEAN(src)       21.4  0.2066   0.8215  0.7600  0.0694   0.0247  0.0324  0.2501  1.155  0.0990  0.2119 (0.135)  28
0.05     POOLED(px)      23.4  0.2163   0.6912  0.7398  0.0521   0.0227  0.0283  0.2904  1.185  0.1235  0.2237 (0.131)  28
const    tum             18.2  0.2867   1.6165  0.6361  0.0000   0.0000  0.0147  0.2873  1.000  0.0713  0.2873 (0.114)  5
const    bonn            24.5  0.3722   0.9798  0.4941  0.0000   0.0000  0.0095  0.3800  1.000  0.1568  0.3800 (0.188)  23
const    MEAN(src)       21.4  0.3294   1.2982  0.5651  0.0000   0.0000  0.0121  0.3336  1.000  0.1140  0.3336 (0.151)  28
const    POOLED(px)      23.4  0.3592   1.1008  0.5158  0.0000   0.0000  0.0103  0.3634  1.000  0.1415  0.3634 (0.175)  28

appended -> work_dirs/v9-60k/eval.txt
per-clip -> work_dirs/v9-60k/scores_L128K60.json

---- work_dirs/v9-60k/latest.pt clip_len=256 keyframe=30 ----
2026-08-20T12:12:04+00:00
ckpt=work_dirs/v9-60k/latest.pt data=['tum:/home/hyunsu/dataset_ssd/tum_static', 'bonn:/home/hyunsu/dataset_ssd/bonn/rgbd_bonn_dataset'] clips=13 size=256 max=100/source clip_len=256 stride=256 align=median gate_mode=delta keyframe_every=30 gmc=False tag=L256K30 spatial_cache=True temporal_cache=True
tau_on   source        active%  AbsRel   RMSE     d1      t-delta  OPW     TCE     mAbsRel  scale  drift   clipAbsRel(std)  n
-----------------------------------------------------------------------------------------------------------------------------
0.05     tum             21.1  0.2080   1.0417  0.7516  0.0872   0.0292  0.0397  0.1975  1.118  0.0871  0.2093 (0.033)  2
0.05     bonn            26.7  0.2789   0.7825  0.6752  0.0567   0.0290  0.0335  0.3282  1.232  0.1839  0.2850 (0.120)  11
0.05     MEAN(src)       23.9  0.2434   0.9121  0.7134  0.0719   0.0291  0.0366  0.2629  1.175  0.1355  0.2471 (0.076)  13
0.05     POOLED(px)      25.8  0.2694   0.8218  0.6854  0.0614   0.0290  0.0343  0.3081  1.214  0.1690  0.2733 (0.106)  13
const    tum             21.1  0.3114   1.6174  0.6373  0.0000   0.0000  0.0148  0.3138  1.000  0.1223  0.3138 (0.058)  2
const    bonn            26.7  0.4241   1.0330  0.5081  0.0000   0.0000  0.0095  0.4359  1.000  0.2203  0.4359 (0.193)  11
const    MEAN(src)       23.9  0.3678   1.3252  0.5727  0.0000   0.0000  0.0121  0.3748  1.000  0.1713  0.3748 (0.125)  13
const    POOLED(px)      25.8  0.4091   1.1285  0.5253  0.0000   0.0000  0.0102  0.4171  1.000  0.2052  0.4171 (0.172)  13

appended -> work_dirs/v9-60k/eval.txt
per-clip -> work_dirs/v9-60k/scores_L256K30.json

---- work_dirs/v9-60k/latest.pt clip_len=256 keyframe=60 ----
2026-08-20T12:13:32+00:00
ckpt=work_dirs/v9-60k/latest.pt data=['tum:/home/hyunsu/dataset_ssd/tum_static', 'bonn:/home/hyunsu/dataset_ssd/bonn/rgbd_bonn_dataset'] clips=13 size=256 max=100/source clip_len=256 stride=256 align=median gate_mode=delta keyframe_every=60 gmc=False tag=L256K60 spatial_cache=True temporal_cache=True
tau_on   source        active%  AbsRel   RMSE     d1      t-delta  OPW     TCE     mAbsRel  scale  drift   clipAbsRel(std)  n
-----------------------------------------------------------------------------------------------------------------------------
0.05     tum             19.3  0.2220   1.0730  0.7416  0.0872   0.0297  0.0402  0.2029  1.135  0.1011  0.2233 (0.032)  2
0.05     bonn            24.9  0.2869   0.7821  0.6625  0.0516   0.0271  0.0317  0.3405  1.231  0.1897  0.2939 (0.122)  11
0.05     MEAN(src)       22.1  0.2544   0.9275  0.7020  0.0694   0.0284  0.0359  0.2717  1.183  0.1454  0.2586 (0.077)  13
0.05     POOLED(px)      24.1  0.2782   0.8268  0.6730  0.0571   0.0275  0.0328  0.3193  1.216  0.1761  0.2830 (0.108)  13
const    tum             19.3  0.3114   1.6174  0.6373  0.0000   0.0000  0.0148  0.3138  1.000  0.1223  0.3138 (0.058)  2
const    bonn            24.9  0.4241   1.0330  0.5081  0.0000   0.0000  0.0095  0.4359  1.000  0.2203  0.4359 (0.193)  11
const    MEAN(src)       22.1  0.3678   1.3252  0.5727  0.0000   0.0000  0.0121  0.3748  1.000  0.1713  0.3748 (0.125)  13
const    POOLED(px)      24.1  0.4091   1.1285  0.5253  0.0000   0.0000  0.0102  0.4171  1.000  0.2052  0.4171 (0.172)  13

appended -> work_dirs/v9-60k/eval.txt
per-clip -> work_dirs/v9-60k/scores_L256K60.json

---- work_dirs/v10-longclip/latest.pt clip_len=8 keyframe=30 ----
2026-08-20T12:15:03+00:00
ckpt=work_dirs/v10-longclip/latest.pt data=['tum:/home/hyunsu/dataset_ssd/tum_static', 'bonn:/home/hyunsu/dataset_ssd/bonn/rgbd_bonn_dataset'] clips=488 size=256 max=100/source clip_len=8 stride=8 align=median gate_mode=delta keyframe_every=30 gmc=False tag=L8K30 spatial_cache=True temporal_cache=True
tau_on   source        active%  AbsRel   RMSE     d1      t-delta  OPW     TCE     mAbsRel  scale  drift   clipAbsRel(std)  n
-----------------------------------------------------------------------------------------------------------------------------
0.05     tum             19.7  0.1344   0.8003  0.8469  0.1110   0.0242  0.0349  0.1562  1.059  0.0103  0.1312 (0.116)  89
0.05     bonn            24.4  0.1260   0.4017  0.8898  0.0294   0.0149  0.0197  0.2801  1.125  0.0219  0.1264 (0.112)  100
0.05     MEAN(src)       22.0  0.1302   0.6010  0.8684  0.0702   0.0196  0.0273  0.2182  1.092  0.0161  0.1288 (0.114)  189
0.05     POOLED(px)      22.2  0.1295   0.6020  0.8718  0.0678   0.0188  0.0261  0.2218  1.094  0.0164  0.1286 (0.114)  189
const    tum             19.7  0.2543   1.6094  0.6209  0.0000   0.0000  0.0147  0.2530  1.000  0.0091  0.2530 (0.081)  89
const    bonn            24.4  0.2979   0.9033  0.5453  0.0000   0.0000  0.0091  0.2911  1.000  0.0233  0.2911 (0.203)  100
const    MEAN(src)       22.0  0.2761   1.2563  0.5831  0.0000   0.0000  0.0119  0.2720  1.000  0.0162  0.2720 (0.142)  189
const    POOLED(px)      22.2  0.2796   1.2491  0.5770  0.0000   0.0000  0.0115  0.2732  1.000  0.0166  0.2732 (0.146)  189

appended -> work_dirs/v10-longclip/eval.txt
per-clip -> work_dirs/v10-longclip/scores_L8K30.json

---- work_dirs/v10-longclip/latest.pt clip_len=8 keyframe=60 ----
2026-08-20T12:15:43+00:00
ckpt=work_dirs/v10-longclip/latest.pt data=['tum:/home/hyunsu/dataset_ssd/tum_static', 'bonn:/home/hyunsu/dataset_ssd/bonn/rgbd_bonn_dataset'] clips=488 size=256 max=100/source clip_len=8 stride=8 align=median gate_mode=delta keyframe_every=60 gmc=False tag=L8K60 spatial_cache=True temporal_cache=True
tau_on   source        active%  AbsRel   RMSE     d1      t-delta  OPW     TCE     mAbsRel  scale  drift   clipAbsRel(std)  n
-----------------------------------------------------------------------------------------------------------------------------
0.05     tum             19.7  0.1344   0.8003  0.8469  0.1110   0.0242  0.0349  0.1562  1.059  0.0103  0.1312 (0.116)  89
0.05     bonn            24.4  0.1260   0.4017  0.8898  0.0294   0.0149  0.0197  0.2801  1.125  0.0219  0.1264 (0.112)  100
0.05     MEAN(src)       22.0  0.1302   0.6010  0.8684  0.0702   0.0196  0.0273  0.2182  1.092  0.0161  0.1288 (0.114)  189
0.05     POOLED(px)      22.2  0.1295   0.6020  0.8718  0.0678   0.0188  0.0261  0.2218  1.094  0.0164  0.1286 (0.114)  189
const    tum             19.7  0.2543   1.6094  0.6209  0.0000   0.0000  0.0147  0.2530  1.000  0.0091  0.2530 (0.081)  89
const    bonn            24.4  0.2979   0.9033  0.5453  0.0000   0.0000  0.0091  0.2911  1.000  0.0233  0.2911 (0.203)  100
const    MEAN(src)       22.0  0.2761   1.2563  0.5831  0.0000   0.0000  0.0119  0.2720  1.000  0.0162  0.2720 (0.142)  189
const    POOLED(px)      22.2  0.2796   1.2491  0.5770  0.0000   0.0000  0.0115  0.2732  1.000  0.0166  0.2732 (0.146)  189

appended -> work_dirs/v10-longclip/eval.txt
per-clip -> work_dirs/v10-longclip/scores_L8K60.json

---- work_dirs/v10-longclip/latest.pt clip_len=32 keyframe=30 ----
2026-08-20T12:16:22+00:00
ckpt=work_dirs/v10-longclip/latest.pt data=['tum:/home/hyunsu/dataset_ssd/tum_static', 'bonn:/home/hyunsu/dataset_ssd/bonn/rgbd_bonn_dataset'] clips=120 size=256 max=100/source clip_len=32 stride=32 align=median gate_mode=delta keyframe_every=30 gmc=False tag=L32K30 spatial_cache=True temporal_cache=True
tau_on   source        active%  AbsRel   RMSE     d1      t-delta  OPW     TCE     mAbsRel  scale  drift   clipAbsRel(std)  n
-----------------------------------------------------------------------------------------------------------------------------
0.05     tum             19.6  0.1437   0.8536  0.8302  0.1094   0.0262  0.0369  0.1630  1.058  0.0238  0.1412 (0.112)  22
0.05     bonn            25.8  0.1412   0.4550  0.8465  0.0364   0.0176  0.0225  0.3042  1.127  0.0584  0.1450 (0.089)  98
0.05     MEAN(src)       22.7  0.1424   0.6543  0.8384  0.0729   0.0219  0.0297  0.2336  1.092  0.0411  0.1431 (0.101)  120
0.05     POOLED(px)      24.7  0.1416   0.5363  0.8440  0.0498   0.0190  0.0248  0.2783  1.115  0.0521  0.1443 (0.094)  120
const    tum             19.6  0.2595   1.6134  0.6109  0.0000   0.0000  0.0147  0.2580  1.000  0.0333  0.2580 (0.091)  22
const    bonn            25.8  0.3091   0.9195  0.5367  0.0000   0.0000  0.0094  0.3048  1.000  0.0749  0.3048 (0.182)  98
const    MEAN(src)       22.7  0.2843   1.2665  0.5738  0.0000   0.0000  0.0120  0.2814  1.000  0.0541  0.2814 (0.137)  120
const    POOLED(px)      24.7  0.3014   1.0569  0.5481  0.0000   0.0000  0.0102  0.2962  1.000  0.0673  0.2962 (0.165)  120

appended -> work_dirs/v10-longclip/eval.txt
per-clip -> work_dirs/v10-longclip/scores_L32K30.json

---- work_dirs/v10-longclip/latest.pt clip_len=32 keyframe=60 ----
2026-08-20T12:17:56+00:00
ckpt=work_dirs/v10-longclip/latest.pt data=['tum:/home/hyunsu/dataset_ssd/tum_static', 'bonn:/home/hyunsu/dataset_ssd/bonn/rgbd_bonn_dataset'] clips=120 size=256 max=100/source clip_len=32 stride=32 align=median gate_mode=delta keyframe_every=60 gmc=False tag=L32K60 spatial_cache=True temporal_cache=True
tau_on   source        active%  AbsRel   RMSE     d1      t-delta  OPW     TCE     mAbsRel  scale  drift   clipAbsRel(std)  n
-----------------------------------------------------------------------------------------------------------------------------
0.05     tum             16.5  0.1452   0.8637  0.8270  0.0910   0.0236  0.0344  0.1641  1.058  0.0244  0.1428 (0.111)  22
0.05     bonn            22.8  0.1442   0.4632  0.8420  0.0306   0.0154  0.0204  0.3069  1.128  0.0586  0.1479 (0.091)  98
0.05     MEAN(src)       19.6  0.1447   0.6635  0.8345  0.0608   0.0195  0.0274  0.2355  1.093  0.0415  0.1453 (0.101)  120
0.05     POOLED(px)      21.6  0.1444   0.5447  0.8397  0.0416   0.0167  0.0226  0.2807  1.115  0.0524  0.1469 (0.095)  120
const    tum             16.5  0.2595   1.6134  0.6109  0.0000   0.0000  0.0147  0.2580  1.000  0.0333  0.2580 (0.091)  22
const    bonn            22.8  0.3091   0.9195  0.5367  0.0000   0.0000  0.0094  0.3048  1.000  0.0749  0.3048 (0.182)  98
const    MEAN(src)       19.6  0.2843   1.2665  0.5738  0.0000   0.0000  0.0120  0.2814  1.000  0.0541  0.2814 (0.137)  120
const    POOLED(px)      21.6  0.3014   1.0569  0.5481  0.0000   0.0000  0.0102  0.2962  1.000  0.0673  0.2962 (0.165)  120

appended -> work_dirs/v10-longclip/eval.txt
per-clip -> work_dirs/v10-longclip/scores_L32K60.json

---- work_dirs/v10-longclip/latest.pt clip_len=128 keyframe=30 ----
2026-08-20T12:19:30+00:00
ckpt=work_dirs/v10-longclip/latest.pt data=['tum:/home/hyunsu/dataset_ssd/tum_static', 'bonn:/home/hyunsu/dataset_ssd/bonn/rgbd_bonn_dataset'] clips=28 size=256 max=100/source clip_len=128 stride=128 align=median gate_mode=delta keyframe_every=30 gmc=False tag=L128K30 spatial_cache=True temporal_cache=True
tau_on   source        active%  AbsRel   RMSE     d1      t-delta  OPW     TCE     mAbsRel  scale  drift   clipAbsRel(std)  n
-----------------------------------------------------------------------------------------------------------------------------
0.05     tum             19.9  0.1636   0.9130  0.8301  0.1060   0.0291  0.0397  0.1738  1.075  0.0442  0.1642 (0.110)  5
0.05     bonn            26.3  0.1802   0.5013  0.7956  0.0377   0.0186  0.0234  0.2882  1.179  0.1245  0.1910 (0.113)  23
0.05     MEAN(src)       23.1  0.1719   0.7071  0.8129  0.0718   0.0239  0.0316  0.2310  1.127  0.0844  0.1776 (0.111)  28
0.05     POOLED(px)      25.1  0.1777   0.5830  0.8009  0.0499   0.0202  0.0259  0.2678  1.161  0.1102  0.1862 (0.112)  28
const    tum             19.9  0.2867   1.6165  0.6361  0.0000   0.0000  0.0147  0.2873  1.000  0.0713  0.2873 (0.114)  5
const    bonn            26.3  0.3722   0.9798  0.4941  0.0000   0.0000  0.0095  0.3800  1.000  0.1568  0.3800 (0.188)  23
const    MEAN(src)       23.1  0.3294   1.2982  0.5651  0.0000   0.0000  0.0121  0.3336  1.000  0.1140  0.3336 (0.151)  28
const    POOLED(px)      25.1  0.3592   1.1008  0.5158  0.0000   0.0000  0.0103  0.3634  1.000  0.1415  0.3634 (0.175)  28

appended -> work_dirs/v10-longclip/eval.txt
per-clip -> work_dirs/v10-longclip/scores_L128K30.json

---- work_dirs/v10-longclip/latest.pt clip_len=128 keyframe=60 ----
2026-08-20T12:21:04+00:00
ckpt=work_dirs/v10-longclip/latest.pt data=['tum:/home/hyunsu/dataset_ssd/tum_static', 'bonn:/home/hyunsu/dataset_ssd/bonn/rgbd_bonn_dataset'] clips=28 size=256 max=100/source clip_len=128 stride=128 align=median gate_mode=delta keyframe_every=60 gmc=False tag=L128K60 spatial_cache=True temporal_cache=True
tau_on   source        active%  AbsRel   RMSE     d1      t-delta  OPW     TCE     mAbsRel  scale  drift   clipAbsRel(std)  n
-----------------------------------------------------------------------------------------------------------------------------
0.05     tum             18.2  0.1718   0.9598  0.8188  0.1021   0.0284  0.0391  0.1799  1.080  0.0471  0.1726 (0.117)  5
0.05     bonn            24.5  0.1945   0.5423  0.7737  0.0364   0.0185  0.0233  0.2992  1.180  0.1297  0.2050 (0.118)  23
0.05     MEAN(src)       21.4  0.1832   0.7511  0.7962  0.0692   0.0235  0.0312  0.2396  1.130  0.0884  0.1888 (0.118)  28
0.05     POOLED(px)      23.4  0.1910   0.6242  0.7805  0.0482   0.0200  0.0257  0.2779  1.163  0.1150  0.1992 (0.118)  28
const    tum             18.2  0.2867   1.6165  0.6361  0.0000   0.0000  0.0147  0.2873  1.000  0.0713  0.2873 (0.114)  5
const    bonn            24.5  0.3722   0.9798  0.4941  0.0000   0.0000  0.0095  0.3800  1.000  0.1568  0.3800 (0.188)  23
const    MEAN(src)       21.4  0.3294   1.2982  0.5651  0.0000   0.0000  0.0121  0.3336  1.000  0.1140  0.3336 (0.151)  28
const    POOLED(px)      23.4  0.3592   1.1008  0.5158  0.0000   0.0000  0.0103  0.3634  1.000  0.1415  0.3634 (0.175)  28

appended -> work_dirs/v10-longclip/eval.txt
per-clip -> work_dirs/v10-longclip/scores_L128K60.json

---- work_dirs/v10-longclip/latest.pt clip_len=256 keyframe=30 ----
2026-08-20T12:22:37+00:00
ckpt=work_dirs/v10-longclip/latest.pt data=['tum:/home/hyunsu/dataset_ssd/tum_static', 'bonn:/home/hyunsu/dataset_ssd/bonn/rgbd_bonn_dataset'] clips=13 size=256 max=100/source clip_len=256 stride=256 align=median gate_mode=delta keyframe_every=30 gmc=False tag=L256K30 spatial_cache=True temporal_cache=True
tau_on   source        active%  AbsRel   RMSE     d1      t-delta  OPW     TCE     mAbsRel  scale  drift   clipAbsRel(std)  n
-----------------------------------------------------------------------------------------------------------------------------
0.05     tum             21.1  0.1883   0.9709  0.8076  0.0955   0.0321  0.0427  0.1930  1.083  0.0725  0.1904 (0.053)  2
0.05     bonn            26.7  0.2098   0.5394  0.7652  0.0393   0.0196  0.0242  0.2811  1.200  0.1645  0.2193 (0.111)  11
0.05     MEAN(src)       23.9  0.1990   0.7552  0.7864  0.0674   0.0258  0.0335  0.2371  1.141  0.1185  0.2049 (0.082)  13
0.05     POOLED(px)      25.8  0.2069   0.6147  0.7708  0.0480   0.0212  0.0267  0.2675  1.182  0.1504  0.2149 (0.102)  13
const    tum             21.1  0.3114   1.6174  0.6373  0.0000   0.0000  0.0148  0.3138  1.000  0.1223  0.3138 (0.058)  2
const    bonn            26.7  0.4241   1.0330  0.5081  0.0000   0.0000  0.0095  0.4359  1.000  0.2203  0.4359 (0.193)  11
const    MEAN(src)       23.9  0.3678   1.3252  0.5727  0.0000   0.0000  0.0121  0.3748  1.000  0.1713  0.3748 (0.125)  13
const    POOLED(px)      25.8  0.4091   1.1285  0.5253  0.0000   0.0000  0.0102  0.4171  1.000  0.2052  0.4171 (0.172)  13

appended -> work_dirs/v10-longclip/eval.txt
per-clip -> work_dirs/v10-longclip/scores_L256K30.json

---- work_dirs/v10-longclip/latest.pt clip_len=256 keyframe=60 ----
2026-08-20T12:24:06+00:00
ckpt=work_dirs/v10-longclip/latest.pt data=['tum:/home/hyunsu/dataset_ssd/tum_static', 'bonn:/home/hyunsu/dataset_ssd/bonn/rgbd_bonn_dataset'] clips=13 size=256 max=100/source clip_len=256 stride=256 align=median gate_mode=delta keyframe_every=60 gmc=False tag=L256K60 spatial_cache=True temporal_cache=True
tau_on   source        active%  AbsRel   RMSE     d1      t-delta  OPW     TCE     mAbsRel  scale  drift   clipAbsRel(std)  n
-----------------------------------------------------------------------------------------------------------------------------
0.05     tum             19.3  0.1915   0.9657  0.8006  0.0952   0.0312  0.0418  0.1913  1.094  0.0740  0.1936 (0.052)  2
0.05     bonn            24.9  0.2258   0.5812  0.7425  0.0377   0.0192  0.0240  0.2964  1.206  0.1744  0.2360 (0.115)  11
0.05     MEAN(src)       22.1  0.2087   0.7734  0.7716  0.0665   0.0252  0.0329  0.2438  1.150  0.1242  0.2148 (0.083)  13
0.05     POOLED(px)      24.1  0.2212   0.6459  0.7503  0.0466   0.0209  0.0264  0.2802  1.189  0.1590  0.2294 (0.105)  13
const    tum             19.3  0.3114   1.6174  0.6373  0.0000   0.0000  0.0148  0.3138  1.000  0.1223  0.3138 (0.058)  2
const    bonn            24.9  0.4241   1.0330  0.5081  0.0000   0.0000  0.0095  0.4359  1.000  0.2203  0.4359 (0.193)  11
const    MEAN(src)       22.1  0.3678   1.3252  0.5727  0.0000   0.0000  0.0121  0.3748  1.000  0.1713  0.3748 (0.125)  13
const    POOLED(px)      24.1  0.4091   1.1285  0.5253  0.0000   0.0000  0.0102  0.4171  1.000  0.2052  0.4171 (0.172)  13

appended -> work_dirs/v10-longclip/eval.txt
per-clip -> work_dirs/v10-longclip/scores_L256K60.json

---- DPT-Large / tum / clip_len=256 ----
2026-08-20T12:25:33+00:00
DPT-Large (343.0M) tum L256 on 2 holdout clips (same split/protocol as SOKKANAEM):
  pooled : AbsRel=0.1765  RMSE=1.3173  delta1=0.8097  t-delta=0.2299  OPW=0.0422  TCE=0.0500

---- DPT-Large / bonn / clip_len=256 ----
2026-08-20T12:26:23+00:00
DPT-Large (343.0M) bonn L256 on 11 holdout clips (same split/protocol as SOKKANAEM):
  pooled : AbsRel=0.2018  RMSE=0.6392  delta1=0.6825  t-delta=0.0962  OPW=0.0282  TCE=0.0308

---- DA-v2-Base / tum / clip_len=256 ----
2026-08-20T12:30:38+00:00
DA-v2-Base (97.5M) tum L256 on 2 holdout clips (same split/protocol as SOKKANAEM):
  pooled : AbsRel=0.2244  RMSE=6.0983  delta1=0.8051  t-delta=0.5601  OPW=0.0743  TCE=0.0825

---- DA-v2-Base / bonn / clip_len=256 ----
2026-08-20T12:31:25+00:00
DA-v2-Base (97.5M) bonn L256 on 11 holdout clips (same split/protocol as SOKKANAEM):
  pooled : AbsRel=0.2058  RMSE=0.6141  delta1=0.6722  t-delta=0.0787  OPW=0.0222  TCE=0.0256

---- DA-v2-Small / tum / clip_len=256 ----
2026-08-20T12:35:32+00:00
DA-v2-Small (24.8M) tum L256 on 2 holdout clips (same split/protocol as SOKKANAEM):
  pooled : AbsRel=0.8941  RMSE=47.2510  delta1=0.7864  t-delta=7.0972  OPW=0.4222  TCE=0.4299

---- DA-v2-Small / bonn / clip_len=256 ----
2026-08-20T12:36:15+00:00
DA-v2-Small (24.8M) bonn L256 on 11 holdout clips (same split/protocol as SOKKANAEM):
  pooled : AbsRel=0.2040  RMSE=0.6038  delta1=0.6745  t-delta=0.0790  OPW=0.0234  TCE=0.0266

---- DA-v1-Small / tum / clip_len=256 ----
2026-08-20T12:39:59+00:00
DA-v1-Small (24.8M) tum L256 on 2 holdout clips (same split/protocol as SOKKANAEM):
  pooled : AbsRel=0.1253  RMSE=0.8753  delta1=0.8737  t-delta=0.1724  OPW=0.0325  TCE=0.0404

---- DA-v1-Small / bonn / clip_len=256 ----
2026-08-20T12:40:43+00:00
DA-v1-Small (24.8M) bonn L256 on 11 holdout clips (same split/protocol as SOKKANAEM):
  pooled : AbsRel=0.1555  RMSE=0.4675  delta1=0.7942  t-delta=0.0719  OPW=0.0216  TCE=0.0244

---- ZoeDepth-NK / tum / clip_len=256 ----
2026-08-20T12:44:26+00:00
ZoeDepth-NK (345.1M) tum L256 on 2 holdout clips (same split/protocol as SOKKANAEM):
  pooled : AbsRel=0.1254  RMSE=1.2687  delta1=0.8521  t-delta=0.1047  OPW=0.0247  TCE=0.0327

---- ZoeDepth-NK / bonn / clip_len=256 ----
2026-08-20T12:45:22+00:00
ZoeDepth-NK (345.1M) bonn L256 on 11 holdout clips (same split/protocol as SOKKANAEM):
  pooled : AbsRel=0.1315  RMSE=0.3369  delta1=0.8832  t-delta=0.0695  OPW=0.0207  TCE=0.0228

---- DA3-Base / tum / clip_len=256 ----
2026-08-20T12:50:17+00:00
DA3-BASE (0.12B) [scaleshift] tum L256 on 2 holdout clips (same split/protocol as SOKKANAEM):
  pooled : AbsRel=0.1831  RMSE=1.0753  delta1=0.8054  t-delta=0.1273  OPW=0.0253  TCE=0.0347
  clipavg: AbsRel=0.1855 (std 0.0604)  delta1=0.8038

---- DA3-Base / bonn / clip_len=256 ----
2026-08-20T12:51:23+00:00
DA3-BASE (0.12B) [scaleshift] bonn L256 on 11 holdout clips (same split/protocol as SOKKANAEM):
  pooled : AbsRel=0.0494  RMSE=0.1791  delta1=0.9687  t-delta=0.0441  OPW=0.0109  TCE=0.0134
  clipavg: AbsRel=0.0495 (std 0.0264)  delta1=0.9690

---- VDA / tum / clip_len=256 ----
2026-08-20T12:57:09+00:00
Video-Depth-Anything-Small metric (~28.4M) tum L256 on 2 holdout clips (same split/protocol as SOKKANAEM):
  pooled : AbsRel=0.1328  RMSE=1.0218  delta1=0.8701  t-delta=0.1102  OPW=0.0248  TCE=0.0338
  clipavg: AbsRel=0.1338 (std 0.0251)  delta1=0.8689

---- VDA / bonn / clip_len=256 ----
2026-08-20T12:57:49+00:00
Video-Depth-Anything-Small metric (~28.4M) bonn L256 on 11 holdout clips (same split/protocol as SOKKANAEM):
  pooled : AbsRel=0.1224  RMSE=0.4106  delta1=0.8916  t-delta=0.0606  OPW=0.0187  TCE=0.0211
  clipavg: AbsRel=0.1256 (std 0.0387)  delta1=0.8878

---- VDA / vkitti2 / clip_len=256 ----
2026-08-20T13:01:15+00:00
Video-Depth-Anything-Small metric (~28.4M) vkitti2 L256 on 20 holdout clips (same split/protocol as SOKKANAEM):
  pooled : AbsRel=0.1426  RMSE=33.4212  delta1=0.8992  t-delta=2.7951  OPW=0.0302  TCE=0.0239
  clipavg: AbsRel=0.1435 (std 0.0293)  delta1=0.8981

---- VDA / tartanair2 / clip_len=256 ----
2026-08-20T13:07:28+00:00
Video-Depth-Anything-Small metric (~28.4M) tartanair2 L256 on 8 holdout clips (same split/protocol as SOKKANAEM):
  pooled : AbsRel=0.7382  RMSE=6.6079  delta1=0.2045  t-delta=1.3873  OPW=0.1055  TCE=0.1890
  clipavg: AbsRel=0.7681 (std 0.4697)  delta1=0.2034

---- VDA / pointodyssey / clip_len=256 ----
2026-08-20T13:10:04+00:00
Video-Depth-Anything-Small metric (~28.4M) pointodyssey L256 on 100 holdout clips (same split/protocol as SOKKANAEM):
  pooled : AbsRel=0.2019  RMSE=2.6174  delta1=0.7547  t-delta=0.2306  OPW=0.0334  TCE=0.0346
  clipavg: AbsRel=0.2040 (std 0.1387)  delta1=0.7543

################ 4. frame-index curves, disjoint clips #######
2026-08-20T13:44:40+00:00

---- work_dirs/v9-60k/latest.pt, 32-frame ----
ckpt=work_dirs/v9-60k/latest.pt clip_len=32 stride=32 max=100 keyframe_every=30

tum: by frame index (22 clips available, 22 scored)
  frame  AbsRel  delta1  t-delta     OPW     TCE
      0  0.1353  0.8616       -       -       -
      2  0.1156  0.8613  0.1233  0.0265  0.0359
      4  0.1206  0.8559  0.1072  0.0242  0.0336
      6  0.1213  0.8513  0.0642  0.0180  0.0281
      8  0.1249  0.8431  0.0631  0.0175  0.0277
     10  0.1382  0.8375  0.0875  0.0248  0.0347
     12  0.1510  0.8327  0.1259  0.0271  0.0367
     14  0.1415  0.8268  0.1732  0.0390  0.0486
     16  0.1521  0.8068  0.1051  0.0365  0.0465
     18  0.1513  0.8070  0.1038  0.0300  0.0394
     20  0.1415  0.8041  0.0908  0.0286  0.0389
     22  0.1521  0.8054  0.0958  0.0290  0.0391
     24  0.1585  0.7983  0.0991  0.0285  0.0391
     26  0.1650  0.7953  0.0978  0.0255  0.0361
     28  0.1697  0.7935  0.0824  0.0253  0.0360
     30  0.1460  0.8411  0.4971  0.0850  0.0932
     31  0.1323  0.8413  0.1751  0.0384  0.0466

bonn: by frame index (98 clips available, 98 scored)
  frame  AbsRel  delta1  t-delta     OPW     TCE
      0  0.1167  0.8994       -       -       -
      2  0.1215  0.8911  0.0550  0.0206  0.0230
      4  0.1239  0.8858  0.0481  0.0229  0.0255
      6  0.1270  0.8703  0.0456  0.0196  0.0228
      8  0.1316  0.8630  0.0430  0.0194  0.0216
     10  0.1334  0.8500  0.0422  0.0189  0.0212
     12  0.1383  0.8405  0.0496  0.0228  0.0250
     14  0.1425  0.8343  0.0482  0.0236  0.0261
     16  0.1485  0.8197  0.0471  0.0213  0.0236
     18  0.1509  0.8230  0.0488  0.0225  0.0254
     20  0.1538  0.8246  0.0429  0.0198  0.0226
     22  0.1579  0.8206  0.0451  0.0192  0.0220
     24  0.1582  0.8162  0.0448  0.0204  0.0227
     26  0.1634  0.8097  0.0464  0.0222  0.0242
     28  0.1668  0.8095  0.0468  0.0228  0.0250
     30  0.1309  0.8758  0.2145  0.0882  0.0899
     31  0.1340  0.8695  0.0639  0.0260  0.0283

---- work_dirs/v9-60k/latest.pt, 256-frame ----
ckpt=work_dirs/v9-60k/latest.pt clip_len=256 stride=256 max=100 keyframe_every=30

tum: by frame index (2 clips available, 2 scored)
  frame  AbsRel  delta1  t-delta     OPW     TCE
      0  0.0661  0.9366       -       -       -
     16  0.0745  0.9297  0.0462  0.0093  0.0151
     32  0.0778  0.9240  0.4092  0.0162  0.0237
     48  0.0801  0.9153  0.0438  0.0069  0.0157
     64  0.0760  0.9199  0.0235  0.0085  0.0163
     80  0.0937  0.8794  0.0241  0.0070  0.0163
     96  0.1044  0.8679  0.0172  0.0069  0.0167
    112  0.1377  0.8178  0.0373  0.0148  0.0227
    128  0.2832  0.7377  0.0454  0.0311  0.0396
    144  0.3348  0.4582  0.5926  0.2190  0.2273
    160  0.3222  0.4528  0.0790  0.0455  0.0581
    176  0.3990  0.3822  0.1013  0.0693  0.0841
    192  0.2492  0.6161  0.0725  0.0267  0.0423
    208  0.2114  0.7064  0.0455  0.0178  0.0268
    224  0.1835  0.7321  0.0482  0.0128  0.0199
    240  0.1118  0.8238  0.4867  0.1032  0.1070
    255  0.1087  0.8319  0.0463  0.0063  0.0139

bonn: by frame index (11 clips available, 11 scored)
  frame  AbsRel  delta1  t-delta     OPW     TCE
      0  0.0912  0.9370       -       -       -
     16  0.1465  0.8185  0.0442  0.0200  0.0211
     32  0.1479  0.8570  0.0685  0.0273  0.0287
     48  0.1628  0.7955  0.0408  0.0199  0.0223
     64  0.1952  0.7895  0.0437  0.0199  0.0218
     80  0.1819  0.7354  0.0504  0.0256  0.0293
     96  0.1865  0.7603  0.0576  0.0285  0.0321
    112  0.2063  0.7626  0.0564  0.0296  0.0341
    128  0.1684  0.7989  0.0502  0.0248  0.0284
    144  0.1969  0.7650  0.0656  0.0295  0.0324
    160  0.1987  0.7733  0.0447  0.0213  0.0240
    176  0.1975  0.7269  0.0564  0.0239  0.0252
    192  0.2365  0.7791  0.0389  0.0201  0.0224
    208  0.2600  0.7110  0.1000  0.0481  0.0479
    224  0.2817  0.6853  0.0961  0.0421  0.0441
    240  0.1852  0.7787  0.3129  0.1048  0.1059
    255  0.1712  0.7761  0.0529  0.0231  0.0253

---- work_dirs/v10-longclip/latest.pt, 32-frame ----
ckpt=work_dirs/v10-longclip/latest.pt clip_len=32 stride=32 max=100 keyframe_every=30

tum: by frame index (22 clips available, 22 scored)
  frame  AbsRel  delta1  t-delta     OPW     TCE
      0  0.1421  0.8667       -       -       -
      2  0.1177  0.8629  0.1401  0.0292  0.0385
      4  0.1198  0.8575  0.1162  0.0243  0.0337
      6  0.1200  0.8501  0.0713  0.0204  0.0306
      8  0.1277  0.8424  0.0638  0.0217  0.0316
     10  0.1350  0.8360  0.1048  0.0260  0.0358
     12  0.1467  0.8389  0.1170  0.0281  0.0375
     14  0.1350  0.8342  0.1608  0.0359  0.0455
     16  0.1499  0.8166  0.1150  0.0422  0.0519
     18  0.1456  0.8109  0.1087  0.0286  0.0379
     20  0.1370  0.8116  0.0951  0.0284  0.0381
     22  0.1482  0.8167  0.1057  0.0292  0.0388
     24  0.1480  0.8039  0.0972  0.0294  0.0399
     26  0.1521  0.8040  0.1204  0.0242  0.0345
     28  0.1601  0.8039  0.0951  0.0228  0.0335
     30  0.1465  0.8593  0.6172  0.0936  0.1014
     31  0.1293  0.8595  0.1576  0.0363  0.0447

bonn: by frame index (98 clips available, 98 scored)
  frame  AbsRel  delta1  t-delta     OPW     TCE
      0  0.1139  0.9040       -       -       -
      2  0.1203  0.8928  0.0567  0.0215  0.0241
      4  0.1226  0.8911  0.0496  0.0235  0.0261
      6  0.1243  0.8785  0.0470  0.0200  0.0233
      8  0.1282  0.8683  0.0434  0.0195  0.0219
     10  0.1294  0.8583  0.0446  0.0191  0.0214
     12  0.1336  0.8531  0.0550  0.0248  0.0269
     14  0.1374  0.8498  0.0462  0.0227  0.0255
     16  0.1413  0.8362  0.0472  0.0214  0.0235
     18  0.1427  0.8442  0.0508  0.0227  0.0253
     20  0.1462  0.8435  0.0407  0.0182  0.0208
     22  0.1489  0.8404  0.0471  0.0192  0.0221
     24  0.1491  0.8371  0.0441  0.0188  0.0209
     26  0.1508  0.8385  0.0440  0.0205  0.0226
     28  0.1548  0.8380  0.0461  0.0216  0.0238
     30  0.1118  0.9046  0.2069  0.0871  0.0889
     31  0.1153  0.9002  0.0586  0.0234  0.0257

---- work_dirs/v10-longclip/latest.pt, 256-frame ----
ckpt=work_dirs/v10-longclip/latest.pt clip_len=256 stride=256 max=100 keyframe_every=30

tum: by frame index (2 clips available, 2 scored)
  frame  AbsRel  delta1  t-delta     OPW     TCE
      0  0.0648  0.9439       -       -       -
     16  0.0726  0.9354  0.0477  0.0094  0.0149
     32  0.0730  0.9178  0.3558  0.0180  0.0252
     48  0.0767  0.9012  0.0716  0.0081  0.0166
     64  0.0693  0.9316  0.0162  0.0083  0.0160
     80  0.0885  0.8926  0.0308  0.0098  0.0185
     96  0.1022  0.8882  0.0174  0.0088  0.0182
    112  0.1417  0.8338  0.0463  0.0170  0.0245
    128  0.2963  0.7510  0.0457  0.0294  0.0372
    144  0.4105  0.5365  0.8103  0.3180  0.3255
    160  0.4511  0.4338  0.1192  0.0625  0.0751
    176  0.3828  0.3951  0.1166  0.0594  0.0737
    192  0.1479  0.7591  0.0981  0.0255  0.0409
    208  0.1222  0.8235  0.0687  0.0185  0.0263
    224  0.1238  0.8676  0.0307  0.0099  0.0183
    240  0.0675  0.9212  0.4249  0.0823  0.0869
    255  0.0694  0.9124  0.0300  0.0063  0.0141

bonn: by frame index (11 clips available, 11 scored)
  frame  AbsRel  delta1  t-delta     OPW     TCE
      0  0.0886  0.9405       -       -       -
     16  0.1420  0.8116  0.0494  0.0232  0.0243
     32  0.1258  0.8769  0.0600  0.0242  0.0255
     48  0.1497  0.8153  0.0404  0.0195  0.0219
     64  0.1491  0.8456  0.0308  0.0147  0.0167
     80  0.1430  0.8120  0.0513  0.0246  0.0284
     96  0.1392  0.8427  0.0391  0.0177  0.0209
    112  0.1723  0.7675  0.0391  0.0198  0.0218
    128  0.1405  0.8775  0.0371  0.0165  0.0193
    144  0.1558  0.8357  0.0479  0.0215  0.0247
    160  0.1400  0.8783  0.0380  0.0166  0.0196
    176  0.1361  0.8458  0.0437  0.0174  0.0191
    192  0.1056  0.9080  0.0358  0.0172  0.0183
    208  0.1743  0.8213  0.0668  0.0330  0.0332
    224  0.1614  0.8518  0.0598  0.0246  0.0264
    240  0.1069  0.9082  0.2090  0.0723  0.0742
    255  0.1096  0.8688  0.0288  0.0126  0.0142

################ 5. both alignment rules, 8 frames ###########
2026-08-20T13:49:47+00:00

---- DPT-Large / tum / align=metric (non-native) ----
2026-08-20T13:49:47+00:00
DPT-Large (343.0M) tum metric on 89 holdout clips (same split/protocol as SOKKANAEM):
  pooled : AbsRel=0.6431  RMSE=2.5941  delta1=0.4032  t-delta=0.1268  OPW=0.0543  TCE=0.0637

---- DPT-Large / bonn / align=metric (non-native) ----
2026-08-20T13:50:31+00:00
DPT-Large (343.0M) bonn metric on 100 holdout clips (same split/protocol as SOKKANAEM):
  pooled : AbsRel=1.1493  RMSE=3.1646  delta1=0.2026  t-delta=0.1716  OPW=0.0679  TCE=0.0715

---- DA-v2-Base / tum / align=metric (non-native) ----
2026-08-20T13:51:20+00:00
DA-v2-Base (97.5M) tum metric on 89 holdout clips (same split/protocol as SOKKANAEM):
  pooled : AbsRel=0.5507  RMSE=2.5226  delta1=0.4290  t-delta=0.0829  OPW=0.0283  TCE=0.0388

---- DA-v2-Base / bonn / align=metric (non-native) ----
2026-08-20T13:52:02+00:00
DA-v2-Base (97.5M) bonn metric on 100 holdout clips (same split/protocol as SOKKANAEM):
  pooled : AbsRel=1.2420  RMSE=3.4717  delta1=0.1822  t-delta=0.1907  OPW=0.0696  TCE=0.0734

---- DA-v2-Small / tum / align=metric (non-native) ----
2026-08-20T13:52:49+00:00
DA-v2-Small (24.8M) tum metric on 89 holdout clips (same split/protocol as SOKKANAEM):
  pooled : AbsRel=0.5300  RMSE=2.4056  delta1=0.4356  t-delta=0.0960  OPW=0.0335  TCE=0.0433

---- DA-v2-Small / bonn / align=metric (non-native) ----
2026-08-20T13:53:25+00:00
DA-v2-Small (24.8M) bonn metric on 100 holdout clips (same split/protocol as SOKKANAEM):
  pooled : AbsRel=1.2145  RMSE=3.4055  delta1=0.1864  t-delta=0.1809  OPW=0.0691  TCE=0.0728

---- DA-v1-Small / tum / align=metric (non-native) ----
2026-08-20T13:54:05+00:00
DA-v1-Small (24.8M) tum metric on 89 holdout clips (same split/protocol as SOKKANAEM):
  pooled : AbsRel=0.6893  RMSE=2.7715  delta1=0.3949  t-delta=0.1052  OPW=0.0416  TCE=0.0516

---- DA-v1-Small / bonn / align=metric (non-native) ----
2026-08-20T13:54:41+00:00
DA-v1-Small (24.8M) bonn metric on 100 holdout clips (same split/protocol as SOKKANAEM):
  pooled : AbsRel=1.4347  RMSE=4.0817  delta1=0.1870  t-delta=0.1933  OPW=0.0747  TCE=0.0788

---- ZoeDepth-NK / tum / align=relative (non-native) ----
2026-08-20T13:55:23+00:00
ZoeDepth-NK (345.1M) tum relative on 89 holdout clips (same split/protocol as SOKKANAEM):
  pooled : AbsRel=0.6212  RMSE=58.8379  delta1=0.8529  t-delta=18.4410  OPW=0.2430  TCE=0.2515

---- ZoeDepth-NK / bonn / align=relative (non-native) ----
2026-08-20T13:56:19+00:00
ZoeDepth-NK (345.1M) bonn relative on 100 holdout clips (same split/protocol as SOKKANAEM):
  pooled : AbsRel=0.1353  RMSE=9.7773  delta1=0.9077  t-delta=0.2378  OPW=0.0596  TCE=0.0625

---- DA3-Base / tum / align=median (non-native) ----
2026-08-20T13:57:21+00:00
DA3-BASE (0.12B) [median] tum median on 89 holdout clips (same split/protocol as SOKKANAEM):
  pooled : AbsRel=0.1398  RMSE=1.2710  delta1=0.8071  t-delta=0.0970  OPW=0.0172  TCE=0.0276
  clipavg: AbsRel=0.1397 (std 0.0844)  delta1=0.8065

---- DA3-Base / bonn / align=median (non-native) ----
2026-08-20T13:58:05+00:00
DA3-BASE (0.12B) [median] bonn median on 100 holdout clips (same split/protocol as SOKKANAEM):
  pooled : AbsRel=0.0648  RMSE=0.2368  delta1=0.9284  t-delta=0.0460  OPW=0.0109  TCE=0.0129
  clipavg: AbsRel=0.0671 (std 0.0569)  delta1=0.9219

---- ours / align=median ----
2026-08-20T13:58:54+00:00
ckpt=work_dirs/v9-60k/latest.pt data=['tum:/home/hyunsu/dataset_ssd/tum_static', 'bonn:/home/hyunsu/dataset_ssd/bonn/rgbd_bonn_dataset'] clips=488 size=256 max=100/source clip_len=8 stride=8 align=median gate_mode=delta keyframe_every=30 dense_above=0.4 gmc=False tag=align-median spatial_cache=True temporal_cache=True
tau_on   source        active%  AbsRel   RMSE     d1      t-delta  OPW     TCE     mAbsRel  scale  drift   clipAbsRel(std)  n
-----------------------------------------------------------------------------------------------------------------------------
0.05     tum             19.7  0.1321   0.7685  0.8426  0.0935   0.0225  0.0333  0.1530  1.058  0.0104  0.1293 (0.113)  89
0.05     bonn            24.4  0.1283   0.4166  0.8801  0.0279   0.0144  0.0192  0.2763  1.118  0.0230  0.1286 (0.113)  100
0.05     MEAN(src)       22.0  0.1302   0.5926  0.8613  0.0607   0.0184  0.0262  0.2147  1.088  0.0167  0.1289 (0.113)  189
0.05     POOLED(px)      22.2  0.1299   0.5904  0.8643  0.0588   0.0178  0.0251  0.2182  1.089  0.0171  0.1289 (0.113)  189

appended -> work_dirs/v9-60k/eval.txt
per-clip -> work_dirs/v9-60k/scores_align-median.json

---- ours / align=scaleshift ----
2026-08-20T13:59:16+00:00
ckpt=work_dirs/v9-60k/latest.pt data=['tum:/home/hyunsu/dataset_ssd/tum_static', 'bonn:/home/hyunsu/dataset_ssd/bonn/rgbd_bonn_dataset'] clips=488 size=256 max=100/source clip_len=8 stride=8 align=scaleshift gate_mode=delta keyframe_every=30 dense_above=0.4 gmc=False tag=align-scaleshift spatial_cache=True temporal_cache=True
tau_on   source        active%  AbsRel   RMSE     d1      t-delta  OPW     TCE     mAbsRel  scale  drift   clipAbsRel(std)  n
-----------------------------------------------------------------------------------------------------------------------------
0.05     tum             19.7  0.1299   0.8114  0.8201  0.0699   0.0168  0.0280  0.1530  1.058  0.0104  0.1274 (0.096)  89
0.05     bonn            24.4  0.1010   0.3889  0.8964  0.0756   0.0157  0.0202  0.2763  1.118  0.0230  0.1013 (0.058)  100
0.05     MEAN(src)       22.0  0.1155   0.6002  0.8582  0.0727   0.0162  0.0241  0.2147  1.088  0.0167  0.1143 (0.077)  189
0.05     POOLED(px)      22.2  0.1131   0.6033  0.8644  0.0729   0.0161  0.0235  0.2182  1.089  0.0171  0.1136 (0.076)  189

appended -> work_dirs/v9-60k/eval.txt
per-clip -> work_dirs/v9-60k/scores_align-scaleshift.json

R1 ROUND DONE
2026-08-20T13:59:38+00:00
