
---- refresh=keyframe clip_len=32 K=30 ----
2026-08-22T23:52:57+09:00
ckpt=work_dirs/v11-longclip-spread-s0/latest.pt data=['tum:/home/hyunsu/dataset_ssd/tum_static', 'bonn:/home/hyunsu/dataset_ssd/bonn/rgbd_bonn_dataset'] clips=120 size=256 max=100/source clip_len=32 stride=32 align=median gate_mode=delta keyframe_every=30 refresh=keyframe dense_above=0.4 bin_temp=1.0 gmc=False tag=keyframe-L32K30 spatial_cache=True temporal_cache=True
tau_on   source        active%  AbsRel   RMSE     d1      t-delta  OPW     TCE     mAbsRel  scale  drift   clipAbsRel(std)  n
-----------------------------------------------------------------------------------------------------------------------------
0.05     tum             19.6  0.1394   0.8537  0.8352  0.1122   0.0259  0.0366  0.1555  1.062  0.0232  0.1372 (0.101)  22
0.05     bonn            25.8  0.1382   0.4546  0.8499  0.0380   0.0185  0.0233  0.2934  1.118  0.0590  0.1428 (0.083)  98
0.05     MEAN(src)       22.7  0.1388   0.6541  0.8426  0.0751   0.0222  0.0299  0.2244  1.090  0.0411  0.1400 (0.092)  120
0.05     POOLED(px)      24.7  0.1384   0.5360  0.8476  0.0516   0.0196  0.0253  0.2681  1.107  0.0524  0.1418 (0.087)  120

appended -> work_dirs/v11-longclip-spread-s0/eval.txt
per-clip -> work_dirs/v11-longclip-spread-s0/scores_keyframe-L32K30.json

---- refresh=keyframe clip_len=32 K=60 ----
2026-08-22T23:53:43+09:00
ckpt=work_dirs/v11-longclip-spread-s0/latest.pt data=['tum:/home/hyunsu/dataset_ssd/tum_static', 'bonn:/home/hyunsu/dataset_ssd/bonn/rgbd_bonn_dataset'] clips=120 size=256 max=100/source clip_len=32 stride=32 align=median gate_mode=delta keyframe_every=60 refresh=keyframe dense_above=0.4 bin_temp=1.0 gmc=False tag=keyframe-L32K60 spatial_cache=True temporal_cache=True
tau_on   source        active%  AbsRel   RMSE     d1      t-delta  OPW     TCE     mAbsRel  scale  drift   clipAbsRel(std)  n
-----------------------------------------------------------------------------------------------------------------------------
0.05     tum             16.5  0.1412   0.8658  0.8323  0.0914   0.0233  0.0341  0.1567  1.063  0.0239  0.1391 (0.100)  22
0.05     bonn            22.8  0.1412   0.4631  0.8459  0.0320   0.0161  0.0211  0.2961  1.118  0.0594  0.1455 (0.086)  98
0.05     MEAN(src)       19.6  0.1412   0.6644  0.8391  0.0617   0.0197  0.0276  0.2264  1.090  0.0416  0.1423 (0.093)  120
0.05     POOLED(px)      21.6  0.1412   0.5451  0.8438  0.0429   0.0173  0.0231  0.2705  1.108  0.0529  0.1444 (0.088)  120

appended -> work_dirs/v11-longclip-spread-s0/eval.txt
per-clip -> work_dirs/v11-longclip-spread-s0/scores_keyframe-L32K60.json

---- refresh=keyframe clip_len=256 K=30 ----
2026-08-22T23:54:30+09:00
ckpt=work_dirs/v11-longclip-spread-s0/latest.pt data=['tum:/home/hyunsu/dataset_ssd/tum_static', 'bonn:/home/hyunsu/dataset_ssd/bonn/rgbd_bonn_dataset'] clips=13 size=256 max=100/source clip_len=256 stride=256 align=median gate_mode=delta keyframe_every=30 refresh=keyframe dense_above=0.4 bin_temp=1.0 gmc=False tag=keyframe-L256K30 spatial_cache=True temporal_cache=True
tau_on   source        active%  AbsRel   RMSE     d1      t-delta  OPW     TCE     mAbsRel  scale  drift   clipAbsRel(std)  n
-----------------------------------------------------------------------------------------------------------------------------
0.05     tum             21.1  0.1799   0.9314  0.8121  0.0969   0.0320  0.0426  0.1844  1.084  0.0663  0.1817 (0.045)  2
0.05     bonn            26.7  0.2014   0.5371  0.7724  0.0415   0.0207  0.0253  0.2684  1.183  0.1591  0.2107 (0.104)  11
0.05     MEAN(src)       23.9  0.1907   0.7342  0.7922  0.0692   0.0264  0.0340  0.2264  1.133  0.1127  0.1962 (0.074)  13
0.05     POOLED(px)      25.8  0.1986   0.6047  0.7777  0.0500   0.0223  0.0277  0.2555  1.168  0.1449  0.2063 (0.095)  13

appended -> work_dirs/v11-longclip-spread-s0/eval.txt
per-clip -> work_dirs/v11-longclip-spread-s0/scores_keyframe-L256K30.json

---- refresh=keyframe clip_len=256 K=60 ----
2026-08-22T23:55:13+09:00
ckpt=work_dirs/v11-longclip-spread-s0/latest.pt data=['tum:/home/hyunsu/dataset_ssd/tum_static', 'bonn:/home/hyunsu/dataset_ssd/bonn/rgbd_bonn_dataset'] clips=13 size=256 max=100/source clip_len=256 stride=256 align=median gate_mode=delta keyframe_every=60 refresh=keyframe dense_above=0.4 bin_temp=1.0 gmc=False tag=keyframe-L256K60 spatial_cache=True temporal_cache=True
tau_on   source        active%  AbsRel   RMSE     d1      t-delta  OPW     TCE     mAbsRel  scale  drift   clipAbsRel(std)  n
-----------------------------------------------------------------------------------------------------------------------------
0.05     tum             19.3  0.1844   0.9298  0.8036  0.0967   0.0316  0.0421  0.1839  1.096  0.0701  0.1862 (0.045)  2
0.05     bonn            24.9  0.2169   0.5851  0.7505  0.0401   0.0205  0.0251  0.2835  1.188  0.1711  0.2268 (0.106)  11
0.05     MEAN(src)       22.1  0.2006   0.7574  0.7770  0.0684   0.0260  0.0336  0.2337  1.142  0.1206  0.2065 (0.076)  13
0.05     POOLED(px)      24.1  0.2125   0.6418  0.7576  0.0488   0.0220  0.0274  0.2682  1.174  0.1555  0.2205 (0.097)  13

appended -> work_dirs/v11-longclip-spread-s0/eval.txt
per-clip -> work_dirs/v11-longclip-spread-s0/scores_keyframe-L256K60.json

---- refresh=rolling clip_len=32 K=30 ----
2026-08-22T23:55:57+09:00
ckpt=work_dirs/v11-longclip-spread-s0/latest.pt data=['tum:/home/hyunsu/dataset_ssd/tum_static', 'bonn:/home/hyunsu/dataset_ssd/bonn/rgbd_bonn_dataset'] clips=120 size=256 max=100/source clip_len=32 stride=32 align=median gate_mode=delta keyframe_every=30 refresh=rolling dense_above=0.4 bin_temp=1.0 gmc=False tag=rolling-L32K30 spatial_cache=True temporal_cache=True
tau_on   source        active%  AbsRel   RMSE     d1      t-delta  OPW     TCE     mAbsRel  scale  drift   clipAbsRel(std)  n
-----------------------------------------------------------------------------------------------------------------------------
0.05     tum             21.4  0.1470   0.9132  0.8209  0.1354   0.0292  0.0394  0.1619  1.062  0.0281  0.1456 (0.099)  22
0.05     bonn            27.6  0.1522   0.5902  0.8118  0.0485   0.0208  0.0253  0.2873  1.075  0.0706  0.1563 (0.072)  98
0.05     MEAN(src)       24.5  0.1496   0.7517  0.8164  0.0919   0.0250  0.0324  0.2246  1.068  0.0494  0.1510 (0.085)  120
0.05     POOLED(px)      26.5  0.1514   0.6507  0.8132  0.0644   0.0221  0.0275  0.2644  1.072  0.0628  0.1544 (0.077)  120

appended -> work_dirs/v11-longclip-spread-s0/eval.txt
per-clip -> work_dirs/v11-longclip-spread-s0/scores_rolling-L32K30.json

---- refresh=rolling clip_len=32 K=60 ----
2026-08-22T23:56:46+09:00
ckpt=work_dirs/v11-longclip-spread-s0/latest.pt data=['tum:/home/hyunsu/dataset_ssd/tum_static', 'bonn:/home/hyunsu/dataset_ssd/bonn/rgbd_bonn_dataset'] clips=120 size=256 max=100/source clip_len=32 stride=32 align=median gate_mode=delta keyframe_every=60 refresh=rolling dense_above=0.4 bin_temp=1.0 gmc=False tag=rolling-L32K60 spatial_cache=True temporal_cache=True
tau_on   source        active%  AbsRel   RMSE     d1      t-delta  OPW     TCE     mAbsRel  scale  drift   clipAbsRel(std)  n
-----------------------------------------------------------------------------------------------------------------------------
0.05     tum             19.3  0.1413   0.8857  0.8306  0.1183   0.0266  0.0371  0.1578  1.066  0.0238  0.1394 (0.099)  22
0.05     bonn            25.1  0.1407   0.4672  0.8454  0.0378   0.0176  0.0223  0.2926  1.107  0.0605  0.1453 (0.083)  98
0.05     MEAN(src)       22.2  0.1410   0.6765  0.8380  0.0781   0.0221  0.0297  0.2252  1.086  0.0422  0.1423 (0.091)  120
0.05     POOLED(px)      24.0  0.1408   0.5530  0.8431  0.0525   0.0190  0.0246  0.2679  1.099  0.0538  0.1442 (0.086)  120

appended -> work_dirs/v11-longclip-spread-s0/eval.txt
per-clip -> work_dirs/v11-longclip-spread-s0/scores_rolling-L32K60.json

---- refresh=rolling clip_len=256 K=30 ----
2026-08-22T23:57:35+09:00
ckpt=work_dirs/v11-longclip-spread-s0/latest.pt data=['tum:/home/hyunsu/dataset_ssd/tum_static', 'bonn:/home/hyunsu/dataset_ssd/bonn/rgbd_bonn_dataset'] clips=13 size=256 max=100/source clip_len=256 stride=256 align=median gate_mode=delta keyframe_every=30 refresh=rolling dense_above=0.4 bin_temp=1.0 gmc=False tag=rolling-L256K30 spatial_cache=True temporal_cache=True
tau_on   source        active%  AbsRel   RMSE     d1      t-delta  OPW     TCE     mAbsRel  scale  drift   clipAbsRel(std)  n
-----------------------------------------------------------------------------------------------------------------------------
0.05     tum             22.4  0.2143   1.0910  0.7508  0.1353   0.0396  0.0493  0.2057  1.098  0.0832  0.2171 (0.070)  2
0.05     bonn            28.2  0.2332   0.8077  0.6766  0.0600   0.0259  0.0299  0.2768  1.094  0.1601  0.2433 (0.097)  11
0.05     MEAN(src)       25.3  0.2238   0.9493  0.7137  0.0976   0.0327  0.0396  0.2412  1.096  0.1217  0.2302 (0.084)  13
0.05     POOLED(px)      27.3  0.2307   0.8509  0.6865  0.0715   0.0277  0.0325  0.2658  1.094  0.1483  0.2392 (0.093)  13

appended -> work_dirs/v11-longclip-spread-s0/eval.txt
per-clip -> work_dirs/v11-longclip-spread-s0/scores_rolling-L256K30.json

---- refresh=rolling clip_len=256 K=60 ----
2026-08-22T23:58:20+09:00
ckpt=work_dirs/v11-longclip-spread-s0/latest.pt data=['tum:/home/hyunsu/dataset_ssd/tum_static', 'bonn:/home/hyunsu/dataset_ssd/bonn/rgbd_bonn_dataset'] clips=13 size=256 max=100/source clip_len=256 stride=256 align=median gate_mode=delta keyframe_every=60 refresh=rolling dense_above=0.4 bin_temp=1.0 gmc=False tag=rolling-L256K60 spatial_cache=True temporal_cache=True
tau_on   source        active%  AbsRel   RMSE     d1      t-delta  OPW     TCE     mAbsRel  scale  drift   clipAbsRel(std)  n
-----------------------------------------------------------------------------------------------------------------------------
0.05     tum             20.0  0.2148   1.0563  0.7658  0.1227   0.0374  0.0475  0.2041  1.106  0.0766  0.2176 (0.071)  2
0.05     bonn            25.6  0.2461   0.8059  0.6663  0.0552   0.0258  0.0299  0.2953  1.092  0.1714  0.2601 (0.126)  11
0.05     MEAN(src)       22.8  0.2305   0.9311  0.7160  0.0889   0.0316  0.0387  0.2497  1.099  0.1240  0.2389 (0.098)  13
0.05     POOLED(px)      24.7  0.2420   0.8436  0.6795  0.0656   0.0273  0.0322  0.2813  1.094  0.1568  0.2536 (0.117)  13

appended -> work_dirs/v11-longclip-spread-s0/eval.txt
per-clip -> work_dirs/v11-longclip-spread-s0/scores_rolling-L256K60.json
ROLLING TEST DONE
2026-08-22T23:59:06+09:00
