=== L256 (streaming primary protocol) ===
ours=work_dirs/v11-longclip-spread-s0/scores_L256K30.json label=0.05 suffix=l256 clips={'tum': 2, 'bonn': 11} reps=10000 seed=0

absrel: ours 0.1962  95% CI [0.1618, 0.2335]
  baseline                                       point              95% CI   ratio      ratio 95% CI  P(ours better)
  da-v1-small-24-8m                             0.1460 [ 0.1125, 0.1821]   0.744 [ 0.665, 0.808]  0.000
  da-v2-base-97-5m                              0.2232 [ 0.1503, 0.2975]   1.137 [ 0.904, 1.332]  0.788
  da-v2-small-24-8m                             0.5763 [ 0.1677, 0.9863]   2.937 [ 1.005, 4.856]  0.980
  da3-base-0-12b-scaleshift                     0.1175 [ 0.0913, 0.1440]   0.599 [ 0.479, 0.716]  0.000
  dpt-large-343-0m                              0.1947 [ 0.1486, 0.2428]   0.992 [ 0.884, 1.083]  0.451
  video-depth-anything-small-metric-28-4m       0.1297 [ 0.1140, 0.1458]   0.661 [ 0.598, 0.745]  0.000
  zoedepth-nk-345-1m                            0.1337 [ 0.1085, 0.1630]   0.681 [ 0.611, 0.756]  0.000

delta1: ours 0.7856  95% CI [0.7457, 0.8225]
  baseline                                       point              95% CI   ratio      ratio 95% CI  P(ours better)
  da-v1-small-24-8m                             0.8228 [ 0.7512, 0.8888]   0.955 [ 0.915, 1.005]  0.037
  da-v2-base-97-5m                              0.7265 [ 0.6356, 0.8155]   1.081 [ 1.001, 1.184]  0.976
  da-v2-small-24-8m                             0.7184 [ 0.6304, 0.8039]   1.094 [ 1.014, 1.195]  0.992
  da3-base-0-12b-scaleshift                     0.8864 [ 0.8641, 0.9080]   0.886 [ 0.845, 0.923]  0.000
  dpt-large-343-0m                              0.7364 [ 0.6507, 0.8218]   1.067 [ 0.992, 1.159]  0.958
  video-depth-anything-small-metric-28-4m       0.8784 [ 0.8464, 0.9065]   0.894 [ 0.859, 0.935]  0.000
  zoedepth-nk-345-1m                            0.8615 [ 0.8250, 0.8951]   0.912 [ 0.894, 0.930]  0.000

temporal_delta: ours 0.0692  95% CI [0.0611, 0.0779]
  baseline                                       point              95% CI   ratio      ratio 95% CI  P(ours better)
  da-v1-small-24-8m                             0.1222 [ 0.0939, 0.1507]   1.766 [ 1.444, 2.085]  1.000
  da-v2-base-97-5m                              0.3194 [ 0.1312, 0.5081]   4.616 [ 2.049, 7.221]  1.000
  da-v2-small-24-8m                             3.5881 [ 0.2495, 6.9271]  51.855 [ 3.766,101.378]  1.000
  da3-base-0-12b-scaleshift                     0.0857 [ 0.0787, 0.0939]   1.239 [ 1.183, 1.305]  1.000
  dpt-large-343-0m                              0.1631 [ 0.1164, 0.2099]   2.357 [ 1.804, 2.892]  1.000
  video-depth-anything-small-metric-28-4m       0.0854 [ 0.0777, 0.0943]   1.234 [ 1.184, 1.290]  1.000
  zoedepth-nk-345-1m                            0.0871 [ 0.0742, 0.1002]   1.259 [ 1.151, 1.367]  1.000

opw: ours 0.0265  95% CI [0.0210, 0.0322]
  baseline                                       point              95% CI   ratio      ratio 95% CI  P(ours better)
  da-v1-small-24-8m                             0.0276 [ 0.0215, 0.0338]   1.043 [ 0.945, 1.147]  0.800
  da-v2-base-97-5m                              0.0497 [ 0.0226, 0.0770]   1.877 [ 1.029, 2.582]  0.994
  da-v2-small-24-8m                             0.2349 [ 0.0305, 0.4394]   8.875 [ 1.382,15.353]  1.000
  da3-base-0-12b-scaleshift                     0.0182 [ 0.0146, 0.0220]   0.689 [ 0.665, 0.715]  0.000
  dpt-large-343-0m                              0.0358 [ 0.0279, 0.0437]   1.351 [ 1.246, 1.456]  1.000
  video-depth-anything-small-metric-28-4m       0.0219 [ 0.0183, 0.0256]   0.827 [ 0.787, 0.884]  0.000
  zoedepth-nk-345-1m                            0.0229 [ 0.0196, 0.0262]   0.865 [ 0.798, 0.957]  0.002

tce: ours 0.0341  95% CI [0.0287, 0.0397]
  baseline                                       point              95% CI   ratio      ratio 95% CI  P(ours better)
  da-v1-small-24-8m                             0.0330 [ 0.0268, 0.0392]   0.967 [ 0.889, 1.041]  0.201
  da-v2-base-97-5m                              0.0555 [ 0.0285, 0.0827]   1.627 [ 0.965, 2.199]  0.879
  da-v2-small-24-8m                             0.2404 [ 0.0360, 0.4450]   7.044 [ 1.220,12.259]  1.000
  da3-base-0-12b-scaleshift                     0.0241 [ 0.0201, 0.0283]   0.706 [ 0.685, 0.727]  0.000
  dpt-large-343-0m                              0.0409 [ 0.0331, 0.0489]   1.200 [ 1.118, 1.270]  1.000
  video-depth-anything-small-metric-28-4m       0.0276 [ 0.0238, 0.0315]   0.809 [ 0.785, 0.839]  0.000
  zoedepth-nk-345-1m                            0.0280 [ 0.0247, 0.0313]   0.822 [ 0.771, 0.882]  0.000

=== L8 ===
ours=work_dirs/v11-longclip-spread-s0/scores_L8K30.json label=0.05 suffix=l8 clips={'tum': 89, 'bonn': 100} reps=10000 seed=0

absrel: ours 0.1253  95% CI [0.1110, 0.1405]
  baseline                                       point              95% CI   ratio      ratio 95% CI  P(ours better)
  da-v1-small-24-8m                             0.0654 [ 0.0616, 0.0695]   0.522 [ 0.481, 0.569]  0.000
  da-v2-base-97-5m                              0.0872 [ 0.0771, 0.0982]   0.696 [ 0.637, 0.761]  0.000
  da-v2-small-24-8m                             0.2023 [ 0.1167, 0.3070]   1.614 [ 0.954, 2.422]  0.963
  da3-base-0-12b-scaleshift                     0.1143 [ 0.1081, 0.1208]   0.912 [ 0.831, 1.003]  0.028
  dpt-large-343-0m                              0.0882 [ 0.0840, 0.0925]   0.703 [ 0.644, 0.770]  0.000
  video-depth-anything-small-metric-28-4m       0.1011 [ 0.0945, 0.1086]   0.807 [ 0.739, 0.881]  0.000
  zoedepth-nk-345-1m                            0.1010 [ 0.0968, 0.1056]   0.806 [ 0.730, 0.894]  0.000

delta1: ours 0.8668  95% CI [0.8448, 0.8872]
  baseline                                       point              95% CI   ratio      ratio 95% CI  P(ours better)
  da-v1-small-24-8m                             0.9427 [ 0.9378, 0.9472]   0.919 [ 0.899, 0.938]  0.000
  da-v2-base-97-5m                              0.9409 [ 0.9315, 0.9496]   0.921 [ 0.904, 0.938]  0.000
  da-v2-small-24-8m                             0.9283 [ 0.9197, 0.9360]   0.934 [ 0.916, 0.950]  0.000
  da3-base-0-12b-scaleshift                     0.8900 [ 0.8788, 0.9006]   0.974 [ 0.954, 0.993]  0.002
  dpt-large-343-0m                              0.9256 [ 0.9193, 0.9315]   0.937 [ 0.916, 0.955]  0.000
  video-depth-anything-small-metric-28-4m       0.9100 [ 0.9006, 0.9184]   0.953 [ 0.932, 0.971]  0.000
  zoedepth-nk-345-1m                            0.8849 [ 0.8743, 0.8945]   0.980 [ 0.956, 1.001]  0.031

temporal_delta: ours 0.0750  95% CI [0.0624, 0.0887]
  baseline                                       point              95% CI   ratio      ratio 95% CI  P(ours better)
  da-v1-small-24-8m                             0.0893 [ 0.0838, 0.0947]   1.191 [ 1.000, 1.423]  0.975
  da-v2-base-97-5m                              0.3814 [ 0.1715, 0.6765]   5.089 [ 2.298, 9.364]  1.000
  da-v2-small-24-8m                             1.0015 [ 0.5337, 1.5225]  13.362 [ 7.062,21.050]  1.000
  da3-base-0-12b-scaleshift                     0.0825 [ 0.0779, 0.0874]   1.101 [ 0.951, 1.283]  0.905
  dpt-large-343-0m                              0.1161 [ 0.1076, 0.1259]   1.549 [ 1.289, 1.875]  1.000
  video-depth-anything-small-metric-28-4m       0.0829 [ 0.0767, 0.0896]   1.106 [ 0.947, 1.292]  0.904
  zoedepth-nk-345-1m                            0.0866 [ 0.0815, 0.0919]   1.156 [ 0.998, 1.347]  0.973

opw: ours 0.0190  95% CI [0.0161, 0.0221]
  baseline                                       point              95% CI   ratio      ratio 95% CI  P(ours better)
  da-v1-small-24-8m                             0.0203 [ 0.0188, 0.0219]   1.070 [ 0.964, 1.202]  0.900
  da-v2-base-97-5m                              0.0302 [ 0.0240, 0.0372]   1.590 [ 1.369, 1.831]  1.000
  da-v2-small-24-8m                             0.0875 [ 0.0445, 0.1421]   4.608 [ 2.486, 7.163]  1.000
  da3-base-0-12b-scaleshift                     0.0141 [ 0.0124, 0.0159]   0.740 [ 0.680, 0.808]  0.000
  dpt-large-343-0m                              0.0268 [ 0.0249, 0.0288]   1.411 [ 1.259, 1.599]  1.000
  video-depth-anything-small-metric-28-4m       0.0201 [ 0.0176, 0.0231]   1.059 [ 0.958, 1.173]  0.878
  zoedepth-nk-345-1m                            0.0218 [ 0.0197, 0.0242]   1.147 [ 1.021, 1.311]  0.989

tce: ours 0.0267  95% CI [0.0237, 0.0300]
  baseline                                       point              95% CI   ratio      ratio 95% CI  P(ours better)
  da-v1-small-24-8m                             0.0262 [ 0.0245, 0.0281]   0.981 [ 0.911, 1.060]  0.323
  da-v2-base-97-5m                              0.0363 [ 0.0301, 0.0434]   1.359 [ 1.203, 1.529]  1.000
  da-v2-small-24-8m                             0.0933 [ 0.0503, 0.1479]   3.492 [ 1.960, 5.334]  1.000
  da3-base-0-12b-scaleshift                     0.0199 [ 0.0181, 0.0220]   0.746 [ 0.703, 0.791]  0.000
  dpt-large-343-0m                              0.0324 [ 0.0304, 0.0346]   1.213 [ 1.119, 1.319]  1.000
  video-depth-anything-small-metric-28-4m       0.0260 [ 0.0233, 0.0290]   0.971 [ 0.903, 1.045]  0.222
  zoedepth-nk-345-1m                            0.0272 [ 0.0250, 0.0296]   1.016 [ 0.931, 1.120]  0.633
ours=work_dirs/v11-longclip-spread-s0/scores_L256K30.json label=0.05 suffix=l256 clips={'tum': 2, 'bonn': 11} reps=10000 seed=0

scale_logstd: ours 0.1255  95% CI [0.0790, 0.1775]
  baseline                                       point              95% CI   ratio      ratio 95% CI  P(ours better)
  da-v1-small-24-8m                             0.1591 [ 0.1073, 0.2214]   1.267 [ 1.075, 1.527]  0.999
  da-v2-base-97-5m                              0.1970 [ 0.1347, 0.2658]   1.569 [ 1.441, 1.786]  1.000
  da-v2-small-24-8m                                  -- not in dump (re-run needed)
  da3-base-0-12b-scaleshift                          -- not in dump (re-run needed)
  dpt-large-343-0m                              0.1896 [ 0.1393, 0.2473]   1.510 [ 1.347, 1.831]  1.000
  video-depth-anything-small-metric-28-4m            -- not in dump (re-run needed)
  zoedepth-nk-345-1m                            0.0977 [ 0.0578, 0.1431]   0.778 [ 0.628, 0.938]  0.003

scale_step: ours 0.0118  95% CI [0.0099, 0.0141]
  baseline                                       point              95% CI   ratio      ratio 95% CI  P(ours better)
  da-v1-small-24-8m                             0.0195 [ 0.0135, 0.0275]   1.652 [ 1.287, 2.037]  1.000
  da-v2-base-97-5m                              0.0168 [ 0.0132, 0.0208]   1.420 [ 1.261, 1.560]  1.000
  da-v2-small-24-8m                                  -- not in dump (re-run needed)
  da3-base-0-12b-scaleshift                          -- not in dump (re-run needed)
  dpt-large-343-0m                              0.0245 [ 0.0201, 0.0290]   2.067 [ 1.901, 2.255]  1.000
  video-depth-anything-small-metric-28-4m            -- not in dump (re-run needed)
  zoedepth-nk-345-1m                            0.0155 [ 0.0123, 0.0190]   1.314 [ 1.131, 1.499]  1.000

scale_drift: ours 0.1127  95% CI [0.0750, 0.1545]
  baseline                                       point              95% CI   ratio      ratio 95% CI  P(ours better)
  da-v1-small-24-8m                             0.1377 [ 0.1024, 0.1789]   1.221 [ 1.051, 1.494]  0.999
  da-v2-base-97-5m                              0.1711 [ 0.1260, 0.2200]   1.517 [ 1.371, 1.755]  1.000
  da-v2-small-24-8m                                  -- not in dump (re-run needed)
  da3-base-0-12b-scaleshift                          -- not in dump (re-run needed)
  dpt-large-343-0m                              0.1716 [ 0.1333, 0.2151]   1.522 [ 1.335, 1.859]  1.000
  video-depth-anything-small-metric-28-4m            -- not in dump (re-run needed)
  zoedepth-nk-345-1m                            0.0854 [ 0.0547, 0.1198]   0.757 [ 0.637, 0.893]  0.000
