ours=work_dirs/v11-longclip-spread-s0/scores_L256K30.json label=0.05 suffix=l256 clips={'tum': 2, 'bonn': 11} reps=10000 seed=0

scale_logstd: ours 0.1255  95% CI [0.0790, 0.1775]
  baseline                                       point              95% CI   ratio      ratio 95% CI  P(ours better)
  da-v1-small-24-8m                             0.1591 [ 0.1073, 0.2214]   1.267 [ 1.075, 1.527]  0.999
  da-v2-base-97-5m                              0.1970 [ 0.1347, 0.2658]   1.569 [ 1.441, 1.786]  1.000
  da-v2-small-24-8m                             0.1999 [ 0.1407, 0.2667]   1.593 [ 1.441, 1.870]  1.000
  da3-base-0-12b-scaleshift                     0.0749 [ 0.0238, 0.1286]   0.596 [ 0.239, 0.907]  0.004
  dpt-large-343-0m                              0.1896 [ 0.1393, 0.2473]   1.510 [ 1.347, 1.831]  1.000
  video-depth-anything-small-metric-28-4m       0.0978 [ 0.0684, 0.1322]   0.779 [ 0.611, 1.057]  0.055
  zoedepth-nk-345-1m                            0.0977 [ 0.0578, 0.1431]   0.778 [ 0.628, 0.938]  0.003

scale_step: ours 0.0118  95% CI [0.0099, 0.0141]
  baseline                                       point              95% CI   ratio      ratio 95% CI  P(ours better)
  da-v1-small-24-8m                             0.0195 [ 0.0135, 0.0275]   1.652 [ 1.287, 2.037]  1.000
  da-v2-base-97-5m                              0.0168 [ 0.0132, 0.0208]   1.420 [ 1.261, 1.560]  1.000
  da-v2-small-24-8m                             0.0196 [ 0.0160, 0.0236]   1.656 [ 1.525, 1.780]  1.000
  da3-base-0-12b-scaleshift                     0.0106 [ 0.0056, 0.0157]   0.895 [ 0.546, 1.196]  0.246
  dpt-large-343-0m                              0.0245 [ 0.0201, 0.0290]   2.067 [ 1.901, 2.255]  1.000
  video-depth-anything-small-metric-28-4m       0.0122 [ 0.0097, 0.0151]   1.034 [ 0.934, 1.139]  0.725
  zoedepth-nk-345-1m                            0.0155 [ 0.0123, 0.0190]   1.314 [ 1.131, 1.499]  1.000

scale_drift: ours 0.1127  95% CI [0.0750, 0.1545]
  baseline                                       point              95% CI   ratio      ratio 95% CI  P(ours better)
  da-v1-small-24-8m                             0.1377 [ 0.1024, 0.1789]   1.221 [ 1.051, 1.494]  0.999
  da-v2-base-97-5m                              0.1711 [ 0.1260, 0.2200]   1.517 [ 1.371, 1.755]  1.000
  da-v2-small-24-8m                             0.1736 [ 0.1317, 0.2201]   1.540 [ 1.360, 1.848]  1.000
  da3-base-0-12b-scaleshift                     0.0920 [ 0.0270, 0.1609]   0.816 [ 0.323, 1.191]  0.188
  dpt-large-343-0m                              0.1716 [ 0.1333, 0.2151]   1.522 [ 1.335, 1.859]  1.000
  video-depth-anything-small-metric-28-4m       0.0924 [ 0.0666, 0.1233]   0.820 [ 0.644, 1.088]  0.089
  zoedepth-nk-345-1m                            0.0854 [ 0.0547, 0.1198]   0.757 [ 0.637, 0.893]  0.000
