[2026-08-25T05:03:52+09:00] arms suite (pid 59966) gone

======== ours L8 ========
2026-08-25T05:03:52+09:00
ckpt=work_dirs/v11-longclip-spread-s0/latest.pt data=['tum:/home/hyunsu/dataset_ssd/tum_static', 'bonn:/home/hyunsu/dataset_ssd/bonn/rgbd_bonn_dataset'] clips=488 size=256 max=100/source clip_len=8 stride=8 align=median gate_mode=delta keyframe_every=30 refresh=keyframe dense_above=0.4 bin_temp=1.0 gmc=False tag=L8K30 spatial_cache=True temporal_cache=True
tau_on   source        active%  AbsRel   RMSE     d1      t-delta  OPW     TCE     mAbsRel  scale  drift   sLogStd  sStep   clipAbsRel(std)  n
----------------------------------------------------------------------------------------------------------------------------------------------
0.05     tum             19.7  0.1285   0.7861  0.8467  0.1191   0.0227  0.0335  0.1477  1.062  0.0107  0.0108   0.0068  0.1257 (0.104)  89
0.05     bonn            24.4  0.1241   0.4118  0.8894  0.0308   0.0158  0.0205  0.2730  1.113  0.0224  0.0227   0.0115  0.1249 (0.102)  100
0.05     MEAN(src)       22.0  0.1263   0.5989  0.8681  0.0750   0.0193  0.0270  0.2104  1.087  0.0165  0.0167   0.0091  0.1253 (0.103)  189
0.05     POOLED(px)      22.2  0.1259   0.5981  0.8715  0.0724   0.0187  0.0260  0.2140  1.089  0.0169  0.0171   0.0093  0.1253 (0.103)  189

appended -> work_dirs/v11-longclip-spread-s0/eval.txt
per-clip -> work_dirs/v11-longclip-spread-s0/scores_L8K30.json

======== ours L32 ========
2026-08-25T05:04:13+09:00
ckpt=work_dirs/v11-longclip-spread-s0/latest.pt data=['tum:/home/hyunsu/dataset_ssd/tum_static', 'bonn:/home/hyunsu/dataset_ssd/bonn/rgbd_bonn_dataset'] clips=120 size=256 max=100/source clip_len=32 stride=32 align=median gate_mode=delta keyframe_every=30 refresh=keyframe dense_above=0.4 bin_temp=1.0 gmc=False tag=L32K30 spatial_cache=True temporal_cache=True
tau_on   source        active%  AbsRel   RMSE     d1      t-delta  OPW     TCE     mAbsRel  scale  drift   sLogStd  sStep   clipAbsRel(std)  n
----------------------------------------------------------------------------------------------------------------------------------------------
0.05     tum             19.6  0.1394   0.8537  0.8352  0.1122   0.0259  0.0366  0.1555  1.062  0.0232  0.0230   0.0073  0.1372 (0.101)  22
0.05     bonn            25.8  0.1382   0.4546  0.8499  0.0380   0.0185  0.0233  0.2934  1.118  0.0590  0.0590   0.0156  0.1428 (0.083)  98
0.05     MEAN(src)       22.7  0.1388   0.6541  0.8426  0.0751   0.0222  0.0299  0.2244  1.090  0.0411  0.0410   0.0114  0.1400 (0.092)  120
0.05     POOLED(px)      24.7  0.1384   0.5360  0.8476  0.0516   0.0196  0.0253  0.2681  1.107  0.0524  0.0524   0.0141  0.1418 (0.087)  120

appended -> work_dirs/v11-longclip-spread-s0/eval.txt
per-clip -> work_dirs/v11-longclip-spread-s0/scores_L32K30.json

======== ours L256 ========
2026-08-25T05:05:02+09:00
ckpt=work_dirs/v11-longclip-spread-s0/latest.pt data=['tum:/home/hyunsu/dataset_ssd/tum_static', 'bonn:/home/hyunsu/dataset_ssd/bonn/rgbd_bonn_dataset'] clips=13 size=256 max=100/source clip_len=256 stride=256 align=median gate_mode=delta keyframe_every=30 refresh=keyframe dense_above=0.4 bin_temp=1.0 gmc=False tag=L256K30 spatial_cache=True temporal_cache=True
tau_on   source        active%  AbsRel   RMSE     d1      t-delta  OPW     TCE     mAbsRel  scale  drift   sLogStd  sStep   clipAbsRel(std)  n
----------------------------------------------------------------------------------------------------------------------------------------------
0.05     tum             21.1  0.1799   0.9314  0.8121  0.0969   0.0320  0.0426  0.1844  1.084  0.0663  0.0723   0.0080  0.1817 (0.045)  2
0.05     bonn            26.7  0.2014   0.5371  0.7724  0.0415   0.0207  0.0253  0.2684  1.183  0.1591  0.1787   0.0157  0.2107 (0.104)  11
0.05     MEAN(src)       23.9  0.1907   0.7342  0.7922  0.0692   0.0264  0.0340  0.2264  1.133  0.1127  0.1255   0.0118  0.1962 (0.074)  13
0.05     POOLED(px)      25.8  0.1986   0.6047  0.7777  0.0500   0.0223  0.0277  0.2555  1.168  0.1449  0.1624   0.0145  0.2063 (0.095)  13

appended -> work_dirs/v11-longclip-spread-s0/eval.txt
per-clip -> work_dirs/v11-longclip-spread-s0/scores_L256K30.json

---- DPT-Large / tum / L8 ----
2026-08-25T05:05:46+09:00
DPT-Large (343.0M) tum l8 on 89 holdout clips (same split/protocol as SOKKANAEM):
  pooled : AbsRel=0.1135  RMSE=1.2010  delta1=0.8829  t-delta=0.1529  OPW=0.0312  TCE=0.0397
  per-clip values -> work_dirs/baselines/dpt-large-343-0m-tum-l8.json

---- DPT-Large / tum / L256 ----
2026-08-25T05:06:32+09:00
DPT-Large (343.0M) tum l256 on 2 holdout clips (same split/protocol as SOKKANAEM):
  pooled : AbsRel=0.1765  RMSE=1.3173  delta1=0.8097  t-delta=0.2299  OPW=0.0422  TCE=0.0500
  per-clip values -> work_dirs/baselines/dpt-large-343-0m-tum-l256.json

---- DPT-Large / bonn / L8 ----
2026-08-25T05:07:14+09:00
DPT-Large (343.0M) bonn l8 on 100 holdout clips (same split/protocol as SOKKANAEM):
  pooled : AbsRel=0.0615  RMSE=0.2631  delta1=0.9723  t-delta=0.0794  OPW=0.0228  TCE=0.0255
  per-clip values -> work_dirs/baselines/dpt-large-343-0m-bonn-l8.json

---- DPT-Large / bonn / L256 ----
2026-08-25T05:08:05+09:00
DPT-Large (343.0M) bonn l256 on 11 holdout clips (same split/protocol as SOKKANAEM):
  pooled : AbsRel=0.2018  RMSE=0.6392  delta1=0.6825  t-delta=0.0962  OPW=0.0282  TCE=0.0308
  per-clip values -> work_dirs/baselines/dpt-large-343-0m-bonn-l256.json

---- DA-v1-Small / tum / L8 ----
2026-08-25T05:11:41+09:00
DA-v1-Small (24.8M) tum l8 on 89 holdout clips (same split/protocol as SOKKANAEM):
  pooled : AbsRel=0.0857  RMSE=0.8771  delta1=0.9009  t-delta=0.1229  OPW=0.0241  TCE=0.0326
  per-clip values -> work_dirs/baselines/da-v1-small-24-8m-tum-l8.json

---- DA-v1-Small / tum / L256 ----
2026-08-25T05:12:19+09:00
DA-v1-Small (24.8M) tum l256 on 2 holdout clips (same split/protocol as SOKKANAEM):
  pooled : AbsRel=0.1253  RMSE=0.8753  delta1=0.8737  t-delta=0.1724  OPW=0.0325  TCE=0.0404
  per-clip values -> work_dirs/baselines/da-v1-small-24-8m-tum-l256.json

---- DA-v1-Small / bonn / L8 ----
2026-08-25T05:12:56+09:00
DA-v1-Small (24.8M) bonn l8 on 100 holdout clips (same split/protocol as SOKKANAEM):
  pooled : AbsRel=0.0442  RMSE=0.1837  delta1=0.9868  t-delta=0.0556  OPW=0.0163  TCE=0.0196
  per-clip values -> work_dirs/baselines/da-v1-small-24-8m-bonn-l8.json

---- DA-v1-Small / bonn / L256 ----
2026-08-25T05:13:38+09:00
DA-v1-Small (24.8M) bonn l256 on 11 holdout clips (same split/protocol as SOKKANAEM):
  pooled : AbsRel=0.1555  RMSE=0.4675  delta1=0.7942  t-delta=0.0719  OPW=0.0216  TCE=0.0244
  per-clip values -> work_dirs/baselines/da-v1-small-24-8m-bonn-l256.json

---- DA-v2-Base / tum / L8 ----
2026-08-25T05:16:42+09:00
DA-v2-Base (97.5M) tum l8 on 89 holdout clips (same split/protocol as SOKKANAEM):
  pooled : AbsRel=0.1153  RMSE=5.8185  delta1=0.9095  t-delta=0.6970  OPW=0.0430  TCE=0.0517
  per-clip values -> work_dirs/baselines/da-v2-base-97-5m-tum-l8.json

---- DA-v2-Base / tum / L256 ----
2026-08-25T05:17:25+09:00
DA-v2-Base (97.5M) tum l256 on 2 holdout clips (same split/protocol as SOKKANAEM):
  pooled : AbsRel=0.2244  RMSE=6.0983  delta1=0.8051  t-delta=0.5601  OPW=0.0743  TCE=0.0825
  per-clip values -> work_dirs/baselines/da-v2-base-97-5m-tum-l256.json

---- DA-v2-Base / bonn / L8 ----
2026-08-25T05:18:06+09:00
DA-v2-Base (97.5M) bonn l8 on 100 holdout clips (same split/protocol as SOKKANAEM):
  pooled : AbsRel=0.0601  RMSE=0.3934  delta1=0.9744  t-delta=0.0658  OPW=0.0181  TCE=0.0216
  per-clip values -> work_dirs/baselines/da-v2-base-97-5m-bonn-l8.json

---- DA-v2-Base / bonn / L256 ----
2026-08-25T05:18:54+09:00
DA-v2-Base (97.5M) bonn l256 on 11 holdout clips (same split/protocol as SOKKANAEM):
  pooled : AbsRel=0.2058  RMSE=0.6141  delta1=0.6722  t-delta=0.0787  OPW=0.0222  TCE=0.0256
  per-clip values -> work_dirs/baselines/da-v2-base-97-5m-bonn-l256.json

---- ZoeDepth-NK / tum / L8 ----
2026-08-25T05:22:23+09:00
ZoeDepth-NK (345.1M) tum l8 on 89 holdout clips (same split/protocol as SOKKANAEM):
  pooled : AbsRel=0.1240  RMSE=1.2864  delta1=0.8391  t-delta=0.1089  OPW=0.0237  TCE=0.0321
  per-clip values -> work_dirs/baselines/zoedepth-nk-345-1m-tum-l8.json

---- ZoeDepth-NK / tum / L256 ----
2026-08-25T05:23:20+09:00
ZoeDepth-NK (345.1M) tum l256 on 2 holdout clips (same split/protocol as SOKKANAEM):
  pooled : AbsRel=0.1254  RMSE=1.2687  delta1=0.8521  t-delta=0.1047  OPW=0.0247  TCE=0.0327
  per-clip values -> work_dirs/baselines/zoedepth-nk-345-1m-tum-l256.json

---- ZoeDepth-NK / bonn / L8 ----
2026-08-25T05:24:10+09:00
ZoeDepth-NK (345.1M) bonn l8 on 100 holdout clips (same split/protocol as SOKKANAEM):
  pooled : AbsRel=0.0743  RMSE=0.2566  delta1=0.9409  t-delta=0.0643  OPW=0.0185  TCE=0.0208
  per-clip values -> work_dirs/baselines/zoedepth-nk-345-1m-bonn-l8.json

---- ZoeDepth-NK / bonn / L256 ----
2026-08-25T05:25:13+09:00
ZoeDepth-NK (345.1M) bonn l256 on 11 holdout clips (same split/protocol as SOKKANAEM):
  pooled : AbsRel=0.1315  RMSE=0.3369  delta1=0.8832  t-delta=0.0695  OPW=0.0207  TCE=0.0228
  per-clip values -> work_dirs/baselines/zoedepth-nk-345-1m-bonn-l256.json

R2 SCALE SUITE DONE
2026-08-25T05:29:26+09:00
then: /home/hyunsu/miniforge3/envs/sokkanaem/bin/python scripts/bootstrap_ci.py --ours work_dirs/v11-longclip-spread-s0/scores_L256K30.json \
        --suffix l256 --metric scale_logstd --metric scale_step --metric scale_drift
