[2026-08-29T01:28:38+09:00] === ours (reported v11) ===
ours (reported v11)
    source       absrel  absrel_edge   grad_ratio  boundary_f1 boundary_precision boundary_recall      flat_tv flat_tv_ratio    overshoot
       tum       0.1257       0.1738       0.4276       0.4005       0.5672       0.3504       0.0336      10.2921       0.2058
      bonn       0.1249       0.1417       0.4371       0.2910       0.5628       0.2415       0.0381      77.0354       0.4334
  balanced       0.1253       0.1577       0.4323       0.3458       0.5650       0.2960       0.0358      43.6637       0.3196
grad_ratio alone is buyable: read it with boundary_f1 (blur loses recall, noise loses precision), flat_tv_ratio (noise) and overshoot (ringing).
[2026-08-29T01:28:59+09:00] === oracle p16 ===
oracle p16
    source       absrel  absrel_edge   grad_ratio  boundary_f1 boundary_precision boundary_recall      flat_tv flat_tv_ratio    overshoot
       tum       0.0718       0.1596       0.1772       0.2577       0.3624       0.2108       0.0398      12.2147       0.0227
      bonn       0.0323       0.0660       0.3452       0.2245       0.4814       0.1784       0.0323      79.4237       0.0816
  balanced       0.0521       0.1128       0.2612       0.2411       0.4219       0.1946       0.0360      45.8192       0.0521
grad_ratio alone is buyable: read it with boundary_f1 (blur loses recall, noise loses precision), flat_tv_ratio (noise) and overshoot (ringing).
[2026-08-29T01:29:17+09:00] === DA2-small ===
Warning: You are sending unauthenticated requests to the HF Hub. Please set a HF_TOKEN to enable higher rate limits and faster downloads.
Loading weights:   0%|          | 0/287 [00:00<?, ?it/s]Loading weights: 100%|██████████| 287/287 [00:00<00:00, 19448.51it/s]
Depth-Anything-V2-Small-hf
    source       absrel  absrel_edge   grad_ratio  boundary_f1 boundary_precision boundary_recall      flat_tv flat_tv_ratio    overshoot
       tum       0.3528       0.2563       0.7167       0.7000       0.7492       0.6710       0.0320       9.5524       0.1867
      bonn       0.0582       0.0763       0.7952       0.5753       0.7638       0.5093       0.0318      50.3858       0.2644
  balanced       0.2055       0.1663       0.7559       0.6376       0.7565       0.5901       0.0319      29.9691       0.2255
grad_ratio alone is buyable: read it with boundary_f1 (blur loses recall, noise loses precision), flat_tv_ratio (noise) and overshoot (ringing).
[2026-08-29T01:29:49+09:00] === DPT-Large ===
Warning: You are sending unauthenticated requests to the HF Hub. Please set a HF_TOKEN to enable higher rate limits and faster downloads.
Loading weights:   0%|          | 0/458 [00:00<?, ?it/s]Loading weights: 100%|██████████| 458/458 [00:00<00:00, 15940.51it/s]
[transformers] [1mDPTForDepthEstimation LOAD REPORT[0m from: Intel/dpt-large
Key                                                            | Status  | 
---------------------------------------------------------------+---------+-
neck.fusion_stage.layers.0.residual_layer1.convolution2.bias   | MISSING | 
neck.fusion_stage.layers.0.residual_layer1.convolution1.weight | MISSING | 
neck.fusion_stage.layers.0.residual_layer1.convolution2.weight | MISSING | 
neck.fusion_stage.layers.0.residual_layer1.convolution1.bias   | MISSING | 
Notes:
- MISSING:	those params were newly initialized because missing from the checkpoint. Consider training on your downstream task.
dpt-large
    source       absrel  absrel_edge   grad_ratio  boundary_f1 boundary_precision boundary_recall      flat_tv flat_tv_ratio    overshoot
       tum       0.1141       0.1705       0.4611       0.4972       0.7314       0.3893       0.0245       7.1792       0.1823
      bonn       0.0622       0.0842       0.4753       0.3782       0.7494       0.2786       0.0280      33.8487       0.2651
  balanced       0.0881       0.1274       0.4682       0.4377       0.7404       0.3340       0.0262      20.5140       0.2237
grad_ratio alone is buyable: read it with boundary_f1 (blur loses recall, noise loses precision), flat_tv_ratio (noise) and overshoot (ringing).
[2026-08-29T01:30:39+09:00] suite done
