[2026-08-24T10:57:09+09:00] waiting for a training run...
[2026-08-24T10:59:09+09:00] waiting for a training run...
[2026-08-24T11:01:09+09:00] waiting for a training run...
[2026-08-24T11:03:09+09:00] waiting for a training run...
[2026-08-24T11:05:09+09:00] waiting for a training run...
[2026-08-24T11:07:09+09:00] waiting for a training run...
[2026-08-24T11:09:09+09:00] waiting for a training run...
[2026-08-24T11:11:09+09:00] waiting for a training run...
[2026-08-24T11:13:09+09:00] waiting for a training run...
[2026-08-24T11:15:09+09:00] waiting for a training run...
[2026-08-24T11:17:09+09:00] waiting for a training run...
[2026-08-24T11:19:09+09:00] waiting for a training run...
[2026-08-24T11:21:09+09:00] waiting for a training run...
[2026-08-24T11:23:09+09:00] waiting for a training run...
[2026-08-24T11:25:09+09:00] waiting for a training run...
[2026-08-24T11:27:09+09:00] waiting for a training run...
[2026-08-24T11:29:09+09:00] waiting for a training run...
[2026-08-24T11:31:09+09:00] waiting for a training run...
[2026-08-24T11:33:09+09:00] waiting for a training run...
[2026-08-24T11:35:09+09:00] waiting for a training run...
[2026-08-24T11:37:09+09:00] waiting for a training run...
[2026-08-24T11:39:09+09:00] waiting for a training run...
[2026-08-24T11:41:09+09:00] waiting for a training run...
[2026-08-24T11:43:09+09:00] waiting for a training run...
[2026-08-24T11:45:09+09:00] waiting for a training run...
[2026-08-24T11:47:09+09:00] waiting for a training run...
[2026-08-24T11:49:09+09:00] waiting for a training run...
[2026-08-24T11:51:09+09:00] waiting for a training run...
[2026-08-24T11:53:09+09:00] waiting for a training run...
[2026-08-24T11:55:09+09:00] waiting for a training run...
[2026-08-24T11:57:09+09:00] waiting for a training run...
[2026-08-24T11:59:09+09:00] waiting for a training run...
[2026-08-24T12:01:09+09:00] waiting for a training run...
[2026-08-24T12:03:09+09:00] waiting for a training run...
[2026-08-24T12:05:09+09:00] waiting for a training run...
[2026-08-24T12:07:09+09:00] waiting for a training run...
[2026-08-24T12:09:09+09:00] waiting for a training run...
[2026-08-24T12:11:09+09:00] waiting for a training run...
[2026-08-24T12:13:09+09:00] waiting for a training run...
[2026-08-24T12:15:09+09:00] waiting for a training run...
[2026-08-24T12:17:09+09:00] waiting for a training run...
[2026-08-24T12:19:09+09:00] waiting for a training run...
[2026-08-24T12:21:09+09:00] waiting for a training run...
[2026-08-24T12:23:09+09:00] waiting for a training run...
[2026-08-24T12:25:09+09:00] waiting for a training run...
[2026-08-24T12:27:09+09:00] waiting for a training run...
[2026-08-24T12:29:09+09:00] waiting for a training run...
[2026-08-24T12:31:09+09:00] waiting for a training run...
[2026-08-24T12:33:09+09:00] waiting for a training run...
[2026-08-24T12:35:09+09:00] waiting for a training run...
[2026-08-24T12:37:09+09:00] waiting for a training run...
[2026-08-24T12:39:09+09:00] waiting for a training run...
[2026-08-24T12:41:09+09:00] waiting for a training run...
[2026-08-24T12:43:09+09:00] waiting for a training run...
[2026-08-24T12:45:09+09:00] waiting for a training run...
[2026-08-24T12:47:09+09:00] waiting for a training run...
[2026-08-24T12:49:10+09:00] waiting for a training run...
[2026-08-24T12:51:10+09:00] waiting for a training run...
[2026-08-24T12:53:10+09:00] waiting for a training run...
[2026-08-24T12:55:10+09:00] waiting for a training run...
[2026-08-24T12:57:10+09:00] waiting for a training run...
[2026-08-24T12:59:10+09:00] waiting for a training run...
[2026-08-24T13:01:10+09:00] waiting for a training run...
[2026-08-24T13:03:10+09:00] waiting for a training run...
[2026-08-24T13:05:10+09:00] waiting for a training run...
[2026-08-24T13:07:10+09:00] waiting for a training run...
[2026-08-24T13:09:10+09:00] waiting for a training run...
[2026-08-24T13:11:10+09:00] waiting for a training run...
[2026-08-24T13:13:10+09:00] waiting for a training run...
[2026-08-24T13:15:10+09:00] waiting for a training run...
[2026-08-24T13:17:10+09:00] waiting for a training run...
[2026-08-24T13:19:10+09:00] waiting for a training run...
[2026-08-24T13:21:10+09:00] waiting for a training run...
[2026-08-24T13:23:10+09:00] waiting for a training run...
[2026-08-24T13:25:10+09:00] waiting for a training run...
[2026-08-24T13:27:10+09:00] waiting for a training run...
[2026-08-24T13:29:10+09:00] waiting for a training run...
[2026-08-24T13:31:10+09:00] waiting for a training run...
[2026-08-24T13:33:10+09:00] waiting for a training run...
[2026-08-24T13:35:10+09:00] waiting for a training run...
[2026-08-24T13:37:10+09:00] waiting for a training run...
[2026-08-24T13:39:10+09:00] waiting for a training run...
[2026-08-24T13:41:10+09:00] waiting for a training run...
[2026-08-24T13:43:10+09:00] waiting for a training run...
[2026-08-24T13:45:10+09:00] waiting for a training run...
[2026-08-24T13:47:10+09:00] waiting for a training run...
[2026-08-24T13:49:10+09:00] waiting for a training run...
[2026-08-24T13:51:10+09:00] waiting for a training run...
[2026-08-24T13:53:10+09:00] waiting for a training run...
[2026-08-24T13:55:10+09:00] waiting for a training run...
[2026-08-24T13:57:10+09:00] waiting for a training run...
[2026-08-24T13:59:10+09:00] waiting for a training run...
[2026-08-24T14:01:10+09:00] waiting for a training run...
[2026-08-24T14:03:10+09:00] waiting for a training run...
[2026-08-24T14:05:10+09:00] waiting for a training run...
[2026-08-24T14:07:10+09:00] waiting for a training run...
[2026-08-24T14:09:10+09:00] waiting for a training run...
[2026-08-24T14:11:10+09:00] waiting for a training run...
[2026-08-24T14:13:10+09:00] waiting for a training run...
[2026-08-24T14:15:10+09:00] waiting for a training run...
[2026-08-24T14:17:10+09:00] waiting for a training run...
[2026-08-24T14:19:10+09:00] waiting for a training run...
[2026-08-24T14:21:10+09:00] waiting for a training run...
[2026-08-24T14:23:10+09:00] waiting for a training run...
[2026-08-24T14:25:10+09:00] waiting for a training run...
[2026-08-24T14:27:10+09:00] waiting for a training run...
[2026-08-24T14:29:10+09:00] waiting for a training run...
[2026-08-24T14:31:10+09:00] waiting for a training run...
[2026-08-24T14:33:10+09:00] waiting for a training run...
[2026-08-24T14:35:10+09:00] waiting for a training run...
[2026-08-24T14:37:10+09:00] waiting for a training run...
[2026-08-24T14:39:10+09:00] waiting for a training run...
[2026-08-24T14:41:10+09:00] waiting for a training run...
[2026-08-24T14:43:10+09:00] waiting for a training run...
[2026-08-24T14:45:10+09:00] waiting for a training run...
[2026-08-24T14:47:10+09:00] waiting for a training run...
[2026-08-24T14:49:10+09:00] waiting for a training run...
[2026-08-24T14:51:10+09:00] waiting for a training run...
[2026-08-24T14:53:10+09:00] waiting for a training run...
[2026-08-24T14:55:10+09:00] waiting for a training run...
[2026-08-24T14:57:10+09:00] waiting for a training run...
[2026-08-24T14:59:11+09:00] waiting for a training run...
[2026-08-24T15:01:11+09:00] waiting for a training run...
[2026-08-24T15:03:11+09:00] waiting for a training run...
[2026-08-24T15:05:11+09:00] waiting for a training run...
[2026-08-24T15:07:11+09:00] waiting for a training run...
[2026-08-24T15:09:11+09:00] waiting for a training run...
[2026-08-24T15:11:11+09:00] waiting for a training run...
[2026-08-24T15:13:11+09:00] waiting for a training run...
[2026-08-24T15:15:11+09:00] waiting for a training run...
[2026-08-24T15:17:11+09:00] waiting for a training run...
[2026-08-24T15:19:11+09:00] waiting for a training run...
[2026-08-24T15:21:11+09:00] waiting for a training run...
[2026-08-24T15:23:11+09:00] waiting for a training run...
[2026-08-24T15:25:11+09:00] waiting for a training run...
[2026-08-24T15:27:11+09:00] waiting for a training run...
[2026-08-24T15:29:11+09:00] waiting for a training run...
[2026-08-24T15:31:11+09:00] waiting for a training run...
[2026-08-24T15:33:11+09:00] waiting for a training run...
[2026-08-24T15:35:11+09:00] waiting for a training run...
[2026-08-24T15:37:11+09:00] waiting for a training run...
[2026-08-24T15:39:11+09:00] waiting for a training run...
[2026-08-24T15:41:11+09:00] waiting for a training run...
[2026-08-24T15:43:11+09:00] waiting for a training run...
[2026-08-24T15:45:11+09:00] waiting for a training run...
[2026-08-24T15:47:11+09:00] waiting for a training run...
[2026-08-24T15:49:11+09:00] waiting for a training run...
[2026-08-24T15:51:11+09:00] waiting for a training run...
[2026-08-24T15:53:11+09:00] waiting for a training run...
[2026-08-24T15:55:11+09:00] waiting for a training run...
[2026-08-24T15:57:11+09:00] waiting for a training run...
[2026-08-24T15:59:11+09:00] waiting for a training run...
[2026-08-24T16:01:11+09:00] waiting for a training run...
[2026-08-24T16:03:11+09:00] waiting for a training run...
[2026-08-24T16:05:11+09:00] waiting for a training run...
[2026-08-24T16:07:11+09:00] waiting for a training run...
[2026-08-24T16:09:11+09:00] waiting for a training run...
[2026-08-24T16:11:11+09:00] waiting for a training run...
[2026-08-24T16:13:11+09:00] waiting for a training run...
[2026-08-24T16:15:11+09:00] waiting for a training run...
[2026-08-24T16:17:11+09:00] waiting for a training run...
[2026-08-24T16:19:11+09:00] waiting for a training run...
[2026-08-24T16:21:11+09:00] waiting for a training run...
[2026-08-24T16:23:11+09:00] waiting for a training run...
[2026-08-24T16:25:11+09:00] waiting for a training run...
[2026-08-24T16:27:11+09:00] waiting for a training run...
[2026-08-24T16:29:11+09:00] waiting for a training run...
[2026-08-24T16:31:11+09:00] waiting for a training run...
[2026-08-24T16:33:11+09:00] waiting for a training run...
[2026-08-24T16:35:11+09:00] waiting for a training run...
[2026-08-24T16:37:11+09:00] waiting for a training run...
[2026-08-24T16:39:11+09:00] waiting for a training run...
[2026-08-24T16:41:11+09:00] waiting for a training run...
[2026-08-24T16:43:11+09:00] waiting for a training run...
[2026-08-24T16:45:11+09:00] waiting for a training run...
[2026-08-24T16:47:11+09:00] waiting for a training run...
[2026-08-24T16:49:11+09:00] waiting for a training run...

A fuse_norm
    source       absrel  absrel_edge   grad_ratio
       tum       0.1289       0.1755       0.4146
      bonn       0.1276       0.1474       0.4739
  balanced       0.1283       0.1615       0.4443
ckpt=work_dirs/v12a-fusenorm-s0/latest.pt data=['tum:/home/hyunsu/dataset_ssd/tum_static', 'bonn:/home/hyunsu/dataset_ssd/bonn/rgbd_bonn_dataset'] clips=488 size=256 max=100/source clip_len=8 stride=8 align=median gate_mode=delta keyframe_every=30 refresh=keyframe dense_above=0.4 bin_temp=1.0 gmc=False tag=sharparm spatial_cache=True temporal_cache=True
tau_on   source        active%  AbsRel   RMSE     d1      t-delta  OPW     TCE     mAbsRel  scale  drift   sLogStd  sStep   clipAbsRel(std)  n
----------------------------------------------------------------------------------------------------------------------------------------------
0.05     tum             19.7  0.1318   0.7858  0.8435  0.1186   0.0221  0.0328  0.1557  1.063  0.0119  0.0119   0.0072  0.1289 (0.109)  89
0.05     bonn            24.4  0.1269   0.4082  0.8888  0.0338   0.0166  0.0212  0.2719  1.111  0.0228  0.0231   0.0121  0.1276 (0.111)  100
0.05     MEAN(src)       22.0  0.1294   0.5970  0.8661  0.0762   0.0194  0.0270  0.2138  1.087  0.0174  0.0175   0.0096  0.1283 (0.110)  189
0.05     POOLED(px)      22.2  0.1290   0.5965  0.8698  0.0738   0.0190  0.0261  0.2172  1.089  0.0177  0.0179   0.0098  0.1282 (0.110)  189

appended -> work_dirs/v12a-fusenorm-s0/eval.txt
per-clip -> work_dirs/v12a-fusenorm-s0/scores_sharparm.json
[2026-08-24T16:51:51+09:00] === B loss-space log ===

B loss-space log
    source       absrel  absrel_edge   grad_ratio
       tum       0.1254       0.1727       0.4045
      bonn       0.1262       0.1433       0.3959
  balanced       0.1258       0.1580       0.4002
ckpt=work_dirs/v12b-lossspace-s0/latest.pt data=['tum:/home/hyunsu/dataset_ssd/tum_static', 'bonn:/home/hyunsu/dataset_ssd/bonn/rgbd_bonn_dataset'] clips=488 size=256 max=100/source clip_len=8 stride=8 align=median gate_mode=delta keyframe_every=30 refresh=keyframe dense_above=0.4 bin_temp=1.0 gmc=False tag=sharparm spatial_cache=True temporal_cache=True
tau_on   source        active%  AbsRel   RMSE     d1      t-delta  OPW     TCE     mAbsRel  scale  drift   sLogStd  sStep   clipAbsRel(std)  n
----------------------------------------------------------------------------------------------------------------------------------------------
0.05     tum             19.7  0.1283   0.7787  0.8455  0.1101   0.0211  0.0319  0.1490  1.060  0.0107  0.0107   0.0065  0.1254 (0.106)  89
0.05     bonn            24.4  0.1255   0.4183  0.8917  0.0288   0.0149  0.0197  0.2746  1.114  0.0223  0.0226   0.0114  0.1262 (0.104)  100
0.05     MEAN(src)       22.0  0.1269   0.5985  0.8686  0.0695   0.0180  0.0258  0.2118  1.087  0.0165  0.0166   0.0090  0.1258 (0.105)  189
0.05     POOLED(px)      22.2  0.1267   0.5967  0.8723  0.0671   0.0175  0.0249  0.2155  1.089  0.0168  0.0170   0.0091  0.1258 (0.105)  189

appended -> work_dirs/v12b-lossspace-s0/eval.txt
per-clip -> work_dirs/v12b-lossspace-s0/scores_sharparm.json
[2026-08-24T22:55:06+09:00] === C teacher-grad 0.5 ===

C teacher-grad 0.5
    source       absrel  absrel_edge   grad_ratio
       tum       0.1354       0.1764       0.4103
      bonn       0.1267       0.1440       0.4335
  balanced       0.1311       0.1602       0.4219
ckpt=work_dirs/v12c-teachergrad-s0/latest.pt data=['tum:/home/hyunsu/dataset_ssd/tum_static', 'bonn:/home/hyunsu/dataset_ssd/bonn/rgbd_bonn_dataset'] clips=488 size=256 max=100/source clip_len=8 stride=8 align=median gate_mode=delta keyframe_every=30 refresh=keyframe dense_above=0.4 bin_temp=1.0 gmc=False tag=sharparm spatial_cache=True temporal_cache=True
tau_on   source        active%  AbsRel   RMSE     d1      t-delta  OPW     TCE     mAbsRel  scale  drift   sLogStd  sStep   clipAbsRel(std)  n
----------------------------------------------------------------------------------------------------------------------------------------------
0.05     tum             19.7  0.1387   0.8219  0.8425  0.1134   0.0239  0.0347  0.1594  1.059  0.0112  0.0112   0.0068  0.1354 (0.122)  89
0.05     bonn            24.4  0.1263   0.4121  0.8852  0.0305   0.0154  0.0202  0.2698  1.115  0.0227  0.0231   0.0119  0.1267 (0.107)  100
0.05     MEAN(src)       22.0  0.1325   0.6170  0.8638  0.0719   0.0197  0.0275  0.2146  1.087  0.0170  0.0171   0.0094  0.1311 (0.114)  189
0.05     POOLED(px)      22.2  0.1315   0.6181  0.8673  0.0695   0.0190  0.0263  0.2178  1.089  0.0173  0.0175   0.0095  0.1308 (0.114)  189

appended -> work_dirs/v12c-teachergrad-s0/eval.txt
per-clip -> work_dirs/v12c-teachergrad-s0/scores_sharparm.json
[2026-08-25T05:03:31+09:00] all arms done

arm                              absrel  absrel_edge   grad_ratio
ours (reported v11)              0.1253       0.1577       0.4323
oracle p16                       0.0521       0.1128       0.2612
Depth-Anything-V2-Small-hf       0.2055       0.1663       0.7559
A fuse_norm                      0.1283       0.1615       0.4443
B loss-space log                 0.1258       0.1580       0.4002
C teacher-grad 0.5               0.1311       0.1602       0.4219
