followup finished, measuring v10 at keyframe 60 on the 8-frame protocol
2026-08-20T11:28:25+00:00

---- v10, keyframe 30, 8-frame real ----
ckpt=work_dirs/v10-longclip/latest.pt data=['tum:/home/hyunsu/dataset_ssd/tum_static', 'bonn:/home/hyunsu/dataset_ssd/bonn/rgbd_bonn_dataset'] clips=488 size=256 max=100/source clip_len=8 stride=8 align=median gate_mode=delta keyframe_every=30 gmc=False tag=v10-8f-kf30 spatial_cache=True temporal_cache=True
tau_on   source        active%  AbsRel   RMSE     d1      t-delta  OPW     TCE     mAbsRel  scale  drift   clipAbsRel(std)  n
-----------------------------------------------------------------------------------------------------------------------------
0.05     tum             19.7  0.1344   0.8003  0.8469  0.1110   0.0242  0.0349  0.1562  1.059  0.0103  0.1312 (0.116)  89
0.05     bonn            44.7  0.1857   0.4387  0.8145  0.0593   0.0266  0.0316  0.1968  0.996  0.0297  0.1881 (0.151)  100
0.05     MEAN(src)       32.2  0.1600   0.6195  0.8307  0.0851   0.0254  0.0333  0.1765  1.027  0.0200  0.1596 (0.134)  189
0.05     POOLED(px)      32.9  0.1649   0.6119  0.8277  0.0836   0.0256  0.0330  0.1777  1.025  0.0206  0.1613 (0.135)  189

appended -> work_dirs/v10-longclip/eval.txt
per-clip -> work_dirs/v10-longclip/scores_v10-8f-kf30.json

---- v10, keyframe 60, 8-frame real ----
ckpt=work_dirs/v10-longclip/latest.pt data=['tum:/home/hyunsu/dataset_ssd/tum_static', 'bonn:/home/hyunsu/dataset_ssd/bonn/rgbd_bonn_dataset'] clips=488 size=256 max=100/source clip_len=8 stride=8 align=median gate_mode=delta keyframe_every=60 gmc=False tag=v10-8f-kf60 spatial_cache=True temporal_cache=True
tau_on   source        active%  AbsRel   RMSE     d1      t-delta  OPW     TCE     mAbsRel  scale  drift   clipAbsRel(std)  n
-----------------------------------------------------------------------------------------------------------------------------
0.05     tum             19.7  0.1344   0.8003  0.8469  0.1110   0.0242  0.0349  0.1562  1.059  0.0103  0.1312 (0.116)  89
0.05     bonn            44.7  0.1857   0.4387  0.8145  0.0593   0.0266  0.0316  0.1968  0.996  0.0297  0.1881 (0.151)  100
0.05     MEAN(src)       32.2  0.1600   0.6195  0.8307  0.0851   0.0254  0.0333  0.1765  1.027  0.0200  0.1596 (0.134)  189
0.05     POOLED(px)      32.9  0.1649   0.6119  0.8277  0.0836   0.0256  0.0330  0.1777  1.025  0.0206  0.1613 (0.135)  189

appended -> work_dirs/v10-longclip/eval.txt
per-clip -> work_dirs/v10-longclip/scores_v10-8f-kf60.json

---- v10, keyframe 60, 8-frame synthetic ----
ckpt=work_dirs/v10-longclip/latest.pt data=['vkitti2:/home/hyunsu/dataset_ssd/vkitti2', 'tartanair2:/home/hyunsu/dataset_ssd/tartanair_v2', 'pointodyssey:/home/hyunsu/dataset_ssd/pointodyssey'] clips=8929 size=256 max=100/source clip_len=8 stride=8 align=median gate_mode=delta keyframe_every=60 gmc=False tag=v10-8f-synth spatial_cache=True temporal_cache=True
tau_on   source        active%  AbsRel   RMSE     d1      t-delta  OPW     TCE     mAbsRel  scale  drift   clipAbsRel(std)  n
-----------------------------------------------------------------------------------------------------------------------------
0.05     vkitti2         25.8  0.3632  32.5797  0.3917  0.4287   0.0165  0.0245  0.3374  0.785  0.0327  0.3615 (0.201)  100
0.05     tartanair2      92.1  0.5202   4.2583  0.4875  0.1591   0.0417  0.1069  0.5265  1.578  0.1570  0.5262 (0.348)  100
0.05     pointodyssey    30.8  0.2519   4.4191  0.5934  0.1863   0.0267  0.0478  0.3436  1.338  0.0364  0.2471 (0.067)  100
0.05     MEAN(src)       49.6  0.3784  13.7524  0.4909  0.2580   0.0283  0.0597  0.4025  1.234  0.0754  0.3783 (0.205)  300
0.05     POOLED(px)      49.6  0.3868  18.7074  0.4901  0.2580   0.0288  0.0613  0.4025  1.234  0.0754  0.3783 (0.205)  300

appended -> work_dirs/v10-longclip/eval.txt
per-clip -> work_dirs/v10-longclip/scores_v10-8f-synth.json
8FRAME CHECK DONE
2026-08-20T11:31:07+00:00
