
################ keyframe_every=5 ################
2026-08-19T02:52:10+00:00
ckpt=work_dirs/v9-60k/latest.pt data=['tum:/home/hyunsu/dataset_ssd/tum_static', 'bonn:/home/hyunsu/dataset_ssd/bonn/rgbd_bonn_dataset'] clips=120 size=256 max=30/source spatial_cache=True temporal_cache=True
tau_on   source        active%  AbsRel   RMSE     d1      t-delta  OPW     TCE     mAbsRel  scale  drift   clipAbsRel(std)  n
-----------------------------------------------------------------------------------------------------------------------------
0.05     tum             36.1  0.1343   0.7739  0.8375  0.1452   0.0275  0.0380  0.1535  1.060  0.0249  0.1320 (0.118)  22
0.05     bonn            53.9  0.1759   0.4426  0.8186  0.0715   0.0310  0.0356  0.1748  1.012  0.0541  0.1777 (0.120)  30
0.05     MEAN(src)       45.0  0.1551   0.6082  0.8280  0.1084   0.0293  0.0368  0.1642  1.036  0.0395  0.1549 (0.119)  52
0.05     POOLED(px)      46.4  0.1609   0.5839  0.8254  0.1027   0.0297  0.0365  0.1658  1.032  0.0418  0.1584 (0.119)  52

appended -> work_dirs/v9-60k/eval.txt
per-clip -> work_dirs/v9-60k/scores_kf5.json

################ keyframe_every=10 ################
2026-08-19T02:52:32+00:00
ckpt=work_dirs/v9-60k/latest.pt data=['tum:/home/hyunsu/dataset_ssd/tum_static', 'bonn:/home/hyunsu/dataset_ssd/bonn/rgbd_bonn_dataset'] clips=120 size=256 max=30/source spatial_cache=True temporal_cache=True
tau_on   source        active%  AbsRel   RMSE     d1      t-delta  OPW     TCE     mAbsRel  scale  drift   clipAbsRel(std)  n
-----------------------------------------------------------------------------------------------------------------------------
0.05     tum             25.8  0.1391   0.8062  0.8343  0.1160   0.0254  0.0360  0.1574  1.061  0.0259  0.1367 (0.118)  22
0.05     bonn            44.8  0.1810   0.4601  0.8123  0.0667   0.0302  0.0350  0.1792  1.011  0.0545  0.1829 (0.120)  30
0.05     MEAN(src)       35.3  0.1601   0.6331  0.8233  0.0914   0.0278  0.0355  0.1683  1.036  0.0402  0.1598 (0.119)  52
0.05     POOLED(px)      36.7  0.1659   0.6078  0.8202  0.0876   0.0285  0.0354  0.1700  1.032  0.0424  0.1633 (0.119)  52

appended -> work_dirs/v9-60k/eval.txt
per-clip -> work_dirs/v9-60k/scores_kf10.json

################ keyframe_every=15 ################
2026-08-19T02:52:55+00:00
ckpt=work_dirs/v9-60k/latest.pt data=['tum:/home/hyunsu/dataset_ssd/tum_static', 'bonn:/home/hyunsu/dataset_ssd/bonn/rgbd_bonn_dataset'] clips=120 size=256 max=30/source spatial_cache=True temporal_cache=True
tau_on   source        active%  AbsRel   RMSE     d1      t-delta  OPW     TCE     mAbsRel  scale  drift   clipAbsRel(std)  n
-----------------------------------------------------------------------------------------------------------------------------
0.05     tum             22.7  0.1411   0.8100  0.8271  0.1108   0.0259  0.0366  0.1588  1.061  0.0257  0.1387 (0.117)  22
0.05     bonn            42.1  0.1886   0.4802  0.8013  0.0650   0.0299  0.0348  0.1855  1.012  0.0541  0.1905 (0.123)  30
0.05     MEAN(src)       32.4  0.1648   0.6451  0.8142  0.0879   0.0279  0.0357  0.1721  1.036  0.0399  0.1646 (0.120)  52
0.05     POOLED(px)      33.9  0.1715   0.6195  0.8106  0.0844   0.0284  0.0354  0.1742  1.032  0.0421  0.1686 (0.120)  52

appended -> work_dirs/v9-60k/eval.txt
per-clip -> work_dirs/v9-60k/scores_kf15.json

################ keyframe_every=30 ################
2026-08-19T02:53:17+00:00
ckpt=work_dirs/v9-60k/latest.pt data=['tum:/home/hyunsu/dataset_ssd/tum_static', 'bonn:/home/hyunsu/dataset_ssd/bonn/rgbd_bonn_dataset'] clips=120 size=256 max=30/source spatial_cache=True temporal_cache=True
tau_on   source        active%  AbsRel   RMSE     d1      t-delta  OPW     TCE     mAbsRel  scale  drift   clipAbsRel(std)  n
-----------------------------------------------------------------------------------------------------------------------------
0.05     tum             19.6  0.1477   0.8522  0.8196  0.0996   0.0254  0.0362  0.1639  1.060  0.0266  0.1452 (0.115)  22
0.05     bonn            38.7  0.2070   0.5331  0.7775  0.0630   0.0299  0.0349  0.1993  1.016  0.0576  0.2090 (0.138)  30
0.05     MEAN(src)       29.2  0.1774   0.6926  0.7985  0.0813   0.0276  0.0356  0.1816  1.038  0.0421  0.1771 (0.127)  52
0.05     POOLED(px)      30.6  0.1857   0.6658  0.7927  0.0785   0.0282  0.0354  0.1843  1.035  0.0445  0.1820 (0.128)  52

appended -> work_dirs/v9-60k/eval.txt
per-clip -> work_dirs/v9-60k/scores_kf30.json

################ keyframe_every=60 ################
2026-08-19T02:53:39+00:00
ckpt=work_dirs/v9-60k/latest.pt data=['tum:/home/hyunsu/dataset_ssd/tum_static', 'bonn:/home/hyunsu/dataset_ssd/bonn/rgbd_bonn_dataset'] clips=120 size=256 max=30/source spatial_cache=True temporal_cache=True
tau_on   source        active%  AbsRel   RMSE     d1      t-delta  OPW     TCE     mAbsRel  scale  drift   clipAbsRel(std)  n
-----------------------------------------------------------------------------------------------------------------------------
0.05     tum             16.5  0.1494   0.8621  0.8168  0.0835   0.0229  0.0339  0.1650  1.060  0.0275  0.1469 (0.115)  22
0.05     bonn            35.9  0.2120   0.5460  0.7705  0.0559   0.0270  0.0321  0.2030  1.017  0.0570  0.2141 (0.142)  30
0.05     MEAN(src)       26.2  0.1807   0.7040  0.7937  0.0697   0.0250  0.0330  0.1840  1.039  0.0423  0.1805 (0.128)  52
0.05     POOLED(px)      27.7  0.1895   0.6770  0.7872  0.0676   0.0255  0.0328  0.1869  1.035  0.0445  0.1856 (0.130)  52

appended -> work_dirs/v9-60k/eval.txt
per-clip -> work_dirs/v9-60k/scores_kf60.json
T5-25 DONE
2026-08-19T02:54:01+00:00
