
################ T1-8b 60k, edge 2.0 only ################
2026-08-07T01:18:51+00:00
2026-08-07 01:18:52,347 work dir: work_dirs/v9-edge-60k  seed 0  commit c77b7f40
2026-08-07 01:18:52,841 partial init from work_dirs/main_v8/latest.pt: 1 new tensors kept at init, 0 checkpoint tensors unused
2026-08-07 01:18:53,671 mixed dataset: 208720 clips from 5 sources (size 256)
2026-08-07 01:18:55,719 step    0  loss 3.6153  skip 0.00  lr 3.00e-07  depth_std 25.3118
2026-08-07 01:19:29,459 step   50  loss 2.5273  skip 0.00  lr 1.53e-05  depth_std 6.6682
2026-08-07 01:20:12,319 step  100  loss 3.5761  skip 0.00  lr 3.03e-05  depth_std 11.6957
2026-08-07 01:20:58,393 step  150  loss 1.7172  skip 0.00  lr 4.53e-05  depth_std 21.0468
2026-08-07 01:21:48,565 step  200  loss 1.7340  skip 0.00  lr 6.03e-05  depth_std 18.5086
2026-08-07 01:22:39,786 step  250  loss 2.6315  skip 0.00  lr 7.53e-05  depth_std 18.2049
2026-08-07 01:23:31,075 step  300  loss 3.1211  skip 0.01  lr 9.03e-05  depth_std 24.7089
2026-08-07 01:24:22,002 step  350  loss 0.8662  skip 0.01  lr 1.05e-04  depth_std 2.4769
2026-08-07 01:25:13,351 step  400  loss 3.1721  skip 0.01  lr 1.20e-04  depth_std 27.6467
2026-08-07 01:26:04,779 step  450  loss 0.9124  skip 0.01  lr 1.35e-04  depth_std 0.4929
2026-08-07 01:26:56,207 step  500  loss 2.3732  skip 0.01  lr 1.50e-04  depth_std 26.3072
2026-08-07 01:27:47,629 step  550  loss 3.5500  skip 0.01  lr 1.65e-04  depth_std 13.2900
2026-08-07 01:28:39,041 step  600  loss 1.9988  skip 0.01  lr 1.80e-04  depth_std 1.8211
2026-08-07 01:29:30,442 step  650  loss 2.2107  skip 0.01  lr 1.95e-04  depth_std 8.0746
2026-08-07 01:30:21,865 step  700  loss 2.6015  skip 0.01  lr 2.10e-04  depth_std 32.1034
2026-08-07 01:31:13,282 step  750  loss 1.5262  skip 0.01  lr 2.25e-04  depth_std 27.6077
2026-08-07 01:32:04,768 step  800  loss 2.3408  skip 0.01  lr 2.40e-04  depth_std 2.4693
2026-08-07 01:32:56,177 step  850  loss 2.0352  skip 0.01  lr 2.55e-04  depth_std 0.7915
2026-08-07 01:33:47,646 step  900  loss 2.0214  skip 0.01  lr 2.70e-04  depth_std 21.4128
2026-08-07 01:34:39,090 step  950  loss 1.8254  skip 0.02  lr 2.85e-04  depth_std 3.1121
2026-08-07 01:35:30,480 step 1000  loss 3.2729  skip 0.02  lr 3.00e-04  depth_std 30.6319
2026-08-07 01:36:21,940 step 1050  loss 1.5930  skip 0.02  lr 3.00e-04  depth_std 2.4499
2026-08-07 01:37:13,358 step 1100  loss 2.4418  skip 0.02  lr 3.00e-04  depth_std 33.0903
2026-08-07 01:38:04,811 step 1150  loss 1.8100  skip 0.02  lr 3.00e-04  depth_std 28.1544
2026-08-07 01:38:56,291 step 1200  loss 7.2935  skip 0.02  lr 3.00e-04  depth_std 33.3974
2026-08-07 01:39:47,652 step 1250  loss 2.4542  skip 0.02  lr 3.00e-04  depth_std 9.4378
2026-08-07 01:40:39,162 step 1300  loss 2.2343  skip 0.02  lr 3.00e-04  depth_std 2.8605
2026-08-07 01:41:30,557 step 1350  loss 1.5276  skip 0.02  lr 3.00e-04  depth_std 1.4825
2026-08-07 01:42:21,984 step 1400  loss 3.0325  skip 0.02  lr 3.00e-04  depth_std 32.3183
2026-08-07 01:43:13,424 step 1450  loss 2.2399  skip 0.02  lr 3.00e-04  depth_std 16.2382
2026-08-07 01:44:04,847 step 1500  loss 1.8341  skip 0.03  lr 3.00e-04  depth_std 37.4484
2026-08-07 01:44:56,318 step 1550  loss 3.1534  skip 0.03  lr 3.00e-04  depth_std 8.9504
2026-08-07 01:45:47,775 step 1600  loss 1.9180  skip 0.03  lr 3.00e-04  depth_std 12.2916
2026-08-07 01:46:39,215 step 1650  loss 4.0286  skip 0.03  lr 3.00e-04  depth_std 11.6689
2026-08-07 01:47:30,724 step 1700  loss 1.7703  skip 0.03  lr 3.00e-04  depth_std 3.8516
2026-08-07 01:48:22,208 step 1750  loss 2.9953  skip 0.03  lr 3.00e-04  depth_std 5.1608
2026-08-07 01:49:13,642 step 1800  loss 3.4232  skip 0.03  lr 3.00e-04  depth_std 21.2075
2026-08-07 01:50:05,057 step 1850  loss 2.2923  skip 0.03  lr 3.00e-04  depth_std 12.7045
2026-08-07 01:50:56,477 step 1900  loss 2.7693  skip 0.03  lr 3.00e-04  depth_std 20.9277
2026-08-07 01:51:47,861 step 1950  loss 4.7375  skip 0.03  lr 3.00e-04  depth_std 45.0395
2026-08-07 01:52:39,320 step 2000  loss 2.0512  skip 0.03  lr 3.00e-04  depth_std 25.4594
2026-08-07 01:53:30,697 step 2050  loss 3.2155  skip 0.03  lr 3.00e-04  depth_std 7.2129
2026-08-07 01:54:22,054 step 2100  loss 3.4017  skip 0.04  lr 3.00e-04  depth_std 51.6007
2026-08-07 01:55:13,394 step 2150  loss 2.6684  skip 0.04  lr 3.00e-04  depth_std 2.4199
2026-08-07 01:56:04,698 step 2200  loss 2.8891  skip 0.04  lr 3.00e-04  depth_std 11.6604
2026-08-07 01:56:56,051 step 2250  loss 2.0644  skip 0.04  lr 3.00e-04  depth_std 2.9745
2026-08-07 01:57:47,341 step 2300  loss 2.8211  skip 0.04  lr 3.00e-04  depth_std 29.9593
2026-08-07 01:58:38,631 step 2350  loss 4.6151  skip 0.04  lr 3.00e-04  depth_std 6.3200
2026-08-07 01:59:29,926 step 2400  loss 1.9181  skip 0.04  lr 3.00e-04  depth_std 1.9009
2026-08-07 02:00:21,238 step 2450  loss 1.6456  skip 0.04  lr 3.00e-04  depth_std 1.2256
2026-08-07 02:01:12,427 step 2500  loss 3.3091  skip 0.04  lr 3.00e-04  depth_std 39.4049
2026-08-07 02:02:03,579 step 2550  loss 0.6919  skip 0.04  lr 2.99e-04  depth_std 1.9023
2026-08-07 02:02:54,759 step 2600  loss 1.2885  skip 0.04  lr 2.99e-04  depth_std 1.7861
2026-08-07 02:03:46,018 step 2650  loss 2.1535  skip 0.04  lr 2.99e-04  depth_std 8.1975
2026-08-07 02:04:37,187 step 2700  loss 1.2181  skip 0.04  lr 2.99e-04  depth_std 13.3010
2026-08-07 02:05:28,247 step 2750  loss 2.4994  skip 0.05  lr 2.99e-04  depth_std 37.1448
2026-08-07 02:06:19,307 step 2800  loss 2.2056  skip 0.05  lr 2.99e-04  depth_std 1.0293
2026-08-07 02:07:10,195 step 2850  loss 1.0161  skip 0.05  lr 2.99e-04  depth_std 1.1945
2026-08-07 02:08:01,256 step 2900  loss 2.2464  skip 0.05  lr 2.99e-04  depth_std 3.6803
2026-08-07 02:08:52,177 step 2950  loss 3.6200  skip 0.05  lr 2.99e-04  depth_std 19.4849
2026-08-07 02:09:43,183 step 3000  loss 3.9711  skip 0.05  lr 2.99e-04  depth_std 3.5736
2026-08-07 02:10:34,103 step 3050  loss 2.2565  skip 0.05  lr 2.99e-04  depth_std 36.9831
2026-08-07 02:11:24,909 step 3100  loss 3.9923  skip 0.05  lr 2.99e-04  depth_std 2.0399
2026-08-07 02:12:15,641 step 3150  loss 2.8181  skip 0.05  lr 2.99e-04  depth_std 4.6246
2026-08-07 02:13:06,263 step 3200  loss 2.4986  skip 0.05  lr 2.99e-04  depth_std 12.3457
2026-08-07 02:13:56,853 step 3250  loss 0.7645  skip 0.05  lr 2.99e-04  depth_std 1.5528
2026-08-07 02:14:47,460 step 3300  loss 1.8331  skip 0.06  lr 2.99e-04  depth_std 23.8524
2026-08-07 02:15:38,002 step 3350  loss 0.8708  skip 0.06  lr 2.99e-04  depth_std 1.5063
2026-08-07 02:16:28,509 step 3400  loss 1.8046  skip 0.06  lr 2.99e-04  depth_std 23.1271
2026-08-07 02:17:18,962 step 3450  loss 1.7308  skip 0.06  lr 2.99e-04  depth_std 2.3052
2026-08-07 02:18:09,331 step 3500  loss 2.0482  skip 0.06  lr 2.99e-04  depth_std 26.2472
2026-08-07 02:18:59,763 step 3550  loss 0.7209  skip 0.06  lr 2.99e-04  depth_std 6.3697
2026-08-07 02:19:49,944 step 3600  loss 1.8075  skip 0.06  lr 2.99e-04  depth_std 36.9118
2026-08-07 02:20:40,223 step 3650  loss 1.9202  skip 0.06  lr 2.99e-04  depth_std 18.7729
2026-08-07 02:21:30,349 step 3700  loss 1.3950  skip 0.06  lr 2.98e-04  depth_std 31.4278
2026-08-07 02:22:20,545 step 3750  loss 4.3415  skip 0.06  lr 2.98e-04  depth_std 31.2413
2026-08-07 02:23:10,601 step 3800  loss 2.8707  skip 0.06  lr 2.98e-04  depth_std 11.4539
2026-08-07 02:24:00,665 step 3850  loss 1.4924  skip 0.06  lr 2.98e-04  depth_std 13.4742
2026-08-07 02:24:50,728 step 3900  loss 2.0639  skip 0.07  lr 2.98e-04  depth_std 15.6301
2026-08-07 02:25:40,646 step 3950  loss 1.8095  skip 0.07  lr 2.98e-04  depth_std 20.8774
2026-08-07 02:26:30,648 step 4000  loss 1.3382  skip 0.07  lr 2.98e-04  depth_std 2.4659
2026-08-07 02:27:20,411 step 4050  loss 2.0832  skip 0.07  lr 2.98e-04  depth_std 24.4604
2026-08-07 02:28:10,107 step 4100  loss 2.6580  skip 0.07  lr 2.98e-04  depth_std 3.2977
2026-08-07 02:28:59,809 step 4150  loss 2.3135  skip 0.07  lr 2.98e-04  depth_std 41.5855
2026-08-07 02:29:49,561 step 4200  loss 1.5439  skip 0.07  lr 2.98e-04  depth_std 14.4653
2026-08-07 02:30:39,152 step 4250  loss 1.7501  skip 0.07  lr 2.98e-04  depth_std 11.4666
2026-08-07 02:31:28,766 step 4300  loss 1.2734  skip 0.07  lr 2.98e-04  depth_std 6.1648
2026-08-07 02:32:18,315 step 4350  loss 1.6102  skip 0.07  lr 2.98e-04  depth_std 17.8132
2026-08-07 02:33:07,911 step 4400  loss 1.9681  skip 0.07  lr 2.98e-04  depth_std 5.2105
2026-08-07 02:33:57,306 step 4450  loss 2.2640  skip 0.07  lr 2.97e-04  depth_std 2.3697
2026-08-07 02:34:46,743 step 4500  loss 2.3513  skip 0.07  lr 2.97e-04  depth_std 14.6786
2026-08-07 02:35:36,142 step 4550  loss 2.0750  skip 0.08  lr 2.97e-04  depth_std 16.8781
2026-08-07 02:36:25,580 step 4600  loss 0.9307  skip 0.08  lr 2.97e-04  depth_std 0.5742
2026-08-07 02:37:14,919 step 4650  loss 3.1356  skip 0.08  lr 2.97e-04  depth_std 8.8084
2026-08-07 02:38:04,316 step 4700  loss 2.1836  skip 0.08  lr 2.97e-04  depth_std 32.8925
2026-08-07 02:38:53,571 step 4750  loss 2.1459  skip 0.08  lr 2.97e-04  depth_std 5.3473
2026-08-07 02:39:42,862 step 4800  loss 1.7435  skip 0.08  lr 2.97e-04  depth_std 11.1246
2026-08-07 02:40:32,235 step 4850  loss 1.8236  skip 0.08  lr 2.97e-04  depth_std 31.0004
2026-08-07 02:41:21,400 step 4900  loss 0.7869  skip 0.08  lr 2.97e-04  depth_std 1.6926
2026-08-07 02:42:10,645 step 4950  loss 1.9061  skip 0.08  lr 2.97e-04  depth_std 27.0155
2026-08-07 02:42:59,854 step 5000  loss 4.4281  skip 0.08  lr 2.97e-04  depth_std 4.5487
2026-08-07 02:43:49,072 step 5050  loss 3.4930  skip 0.08  lr 2.97e-04  depth_std 8.4423
2026-08-07 02:44:38,318 step 5100  loss 2.2674  skip 0.09  lr 2.96e-04  depth_std 11.9167
2026-08-07 02:45:27,443 step 5150  loss 1.6375  skip 0.09  lr 2.96e-04  depth_std 6.7577
2026-08-07 02:46:16,510 step 5200  loss 2.6196  skip 0.09  lr 2.96e-04  depth_std 15.9324
2026-08-07 02:47:05,566 step 5250  loss 1.2981  skip 0.09  lr 2.96e-04  depth_std 4.3150
2026-08-07 02:47:54,602 step 5300  loss 2.4514  skip 0.09  lr 2.96e-04  depth_std 35.8293
2026-08-07 02:48:43,581 step 5350  loss 1.8760  skip 0.09  lr 2.96e-04  depth_std 26.9377
2026-08-07 02:49:32,574 step 5400  loss 1.5998  skip 0.09  lr 2.96e-04  depth_std 10.5258
2026-08-07 02:50:21,595 step 5450  loss 1.4881  skip 0.09  lr 2.96e-04  depth_std 0.8980
2026-08-07 02:51:10,573 step 5500  loss 1.9618  skip 0.09  lr 2.96e-04  depth_std 3.2625
2026-08-07 02:51:59,532 step 5550  loss 2.8605  skip 0.09  lr 2.96e-04  depth_std 12.1792
2026-08-07 02:52:48,337 step 5600  loss 1.1422  skip 0.09  lr 2.96e-04  depth_std 4.1026
2026-08-07 02:53:37,176 step 5650  loss 1.7798  skip 0.09  lr 2.95e-04  depth_std 16.2368
2026-08-07 02:54:26,098 step 5700  loss 1.2234  skip 0.10  lr 2.95e-04  depth_std 1.7105
2026-08-07 02:55:14,986 step 5750  loss 2.0078  skip 0.10  lr 2.95e-04  depth_std 26.4016
2026-08-07 02:56:03,833 step 5800  loss 2.9126  skip 0.10  lr 2.95e-04  depth_std 24.5097
2026-08-07 02:56:52,701 step 5850  loss 2.4308  skip 0.10  lr 2.95e-04  depth_std 25.0855
2026-08-07 02:57:41,473 step 5900  loss 4.0737  skip 0.10  lr 2.95e-04  depth_std 4.3700
2026-08-07 02:58:30,227 step 5950  loss 0.9484  skip 0.10  lr 2.95e-04  depth_std 2.2334
2026-08-07 02:59:19,050 step 6000  loss 2.2303  skip 0.10  lr 2.95e-04  depth_std 3.6979
2026-08-07 03:00:07,764 step 6050  loss 3.0632  skip 0.10  lr 2.95e-04  depth_std 6.9229
2026-08-07 03:00:56,355 step 6100  loss 1.0478  skip 0.10  lr 2.95e-04  depth_std 1.2930
2026-08-07 03:01:45,082 step 6150  loss 5.9098  skip 0.10  lr 2.94e-04  depth_std 27.2147
2026-08-07 03:02:33,670 step 6200  loss 2.7334  skip 0.10  lr 2.94e-04  depth_std 37.6017
2026-08-07 03:03:22,330 step 6250  loss 3.8797  skip 0.10  lr 2.94e-04  depth_std 5.4255
2026-08-07 03:04:10,853 step 6300  loss 1.7636  skip 0.10  lr 2.94e-04  depth_std 36.0426
2026-08-07 03:04:59,441 step 6350  loss 2.2949  skip 0.11  lr 2.94e-04  depth_std 36.2545
2026-08-07 03:05:48,024 step 6400  loss 5.5317  skip 0.11  lr 2.94e-04  depth_std 40.5648
2026-08-07 03:06:36,329 step 6450  loss 3.1542  skip 0.11  lr 2.94e-04  depth_std 45.7130
2026-08-07 03:07:24,777 step 6500  loss 6.1088  skip 0.11  lr 2.94e-04  depth_std 26.1418
2026-08-07 03:08:13,216 step 6550  loss 1.2512  skip 0.11  lr 2.93e-04  depth_std 15.4253
2026-08-07 03:09:01,555 step 6600  loss 3.4442  skip 0.11  lr 2.93e-04  depth_std 26.9619
2026-08-07 03:09:49,938 step 6650  loss 4.9442  skip 0.11  lr 2.93e-04  depth_std 19.6379
2026-08-07 03:10:38,297 step 6700  loss 2.8871  skip 0.11  lr 2.93e-04  depth_std 6.7028
2026-08-07 03:11:26,643 step 6750  loss 1.9058  skip 0.11  lr 2.93e-04  depth_std 3.2941
2026-08-07 03:12:14,946 step 6800  loss 2.6204  skip 0.11  lr 2.93e-04  depth_std 41.3691
2026-08-07 03:13:03,436 step 6850  loss 2.1880  skip 0.11  lr 2.93e-04  depth_std 28.8537
2026-08-07 03:13:52,614 step 6900  loss 2.9495  skip 0.12  lr 2.93e-04  depth_std 37.0500
2026-08-07 03:14:41,123 step 6950  loss 1.6401  skip 0.12  lr 2.93e-04  depth_std 13.0114
2026-08-07 03:15:29,240 step 7000  loss 2.0453  skip 0.12  lr 2.92e-04  depth_std 27.7968
2026-08-07 03:16:17,368 step 7050  loss 6.5378  skip 0.12  lr 2.92e-04  depth_std 6.1837
2026-08-07 03:17:05,555 step 7100  loss 2.0813  skip 0.12  lr 2.92e-04  depth_std 6.7443
2026-08-07 03:17:53,622 step 7150  loss 1.7638  skip 0.12  lr 2.92e-04  depth_std 11.6246
2026-08-07 03:18:41,617 step 7200  loss 2.8369  skip 0.12  lr 2.92e-04  depth_std 3.4067
2026-08-07 03:19:29,653 step 7250  loss 4.1227  skip 0.12  lr 2.92e-04  depth_std 5.5354
2026-08-07 03:20:17,476 step 7300  loss 2.1465  skip 0.12  lr 2.92e-04  depth_std 8.6219
2026-08-07 03:21:05,380 step 7350  loss 2.7306  skip 0.12  lr 2.92e-04  depth_std 6.9112
2026-08-07 03:21:53,168 step 7400  loss 3.9543  skip 0.12  lr 2.91e-04  depth_std 23.4402
2026-08-07 03:22:40,888 step 7450  loss 3.1351  skip 0.12  lr 2.91e-04  depth_std 18.0196
2026-08-07 03:23:28,589 step 7500  loss 2.6601  skip 0.12  lr 2.91e-04  depth_std 8.9534
2026-08-07 03:24:16,327 step 7550  loss 2.8694  skip 0.13  lr 2.91e-04  depth_std 26.1990
2026-08-07 03:25:04,073 step 7600  loss 1.9718  skip 0.13  lr 2.91e-04  depth_std 9.5508
2026-08-07 03:25:51,718 step 7650  loss 6.2542  skip 0.13  lr 2.91e-04  depth_std 10.8536
2026-08-07 03:26:39,175 step 7700  loss 2.2282  skip 0.13  lr 2.91e-04  depth_std 34.4109
2026-08-07 03:27:26,713 step 7750  loss 1.3844  skip 0.13  lr 2.90e-04  depth_std 1.9195
2026-08-07 03:28:14,183 step 7800  loss 4.7391  skip 0.13  lr 2.90e-04  depth_std 7.1532
2026-08-07 03:29:01,579 step 7850  loss 3.2544  skip 0.13  lr 2.90e-04  depth_std 37.3011
2026-08-07 03:29:48,968 step 7900  loss 2.2694  skip 0.13  lr 2.90e-04  depth_std 33.8017
2026-08-07 03:30:36,479 step 7950  loss 1.1790  skip 0.13  lr 2.90e-04  depth_std 16.5050
2026-08-07 03:31:23,906 step 8000  loss 3.7033  skip 0.13  lr 2.90e-04  depth_std 6.9896
2026-08-07 03:32:11,329 step 8050  loss 2.6216  skip 0.13  lr 2.90e-04  depth_std 2.9742
2026-08-07 03:32:58,647 step 8100  loss 2.1145  skip 0.14  lr 2.89e-04  depth_std 35.6436
2026-08-07 03:33:46,010 step 8150  loss 1.7797  skip 0.14  lr 2.89e-04  depth_std 0.6893
2026-08-07 03:34:33,186 step 8200  loss 1.7938  skip 0.14  lr 2.89e-04  depth_std 1.9464
2026-08-07 03:35:20,416 step 8250  loss 2.4523  skip 0.14  lr 2.89e-04  depth_std 0.8018
2026-08-07 03:36:07,517 step 8300  loss 2.4664  skip 0.14  lr 2.89e-04  depth_std 12.6560
2026-08-07 03:36:54,674 step 8350  loss 1.0574  skip 0.14  lr 2.89e-04  depth_std 1.7286
2026-08-07 03:37:41,796 step 8400  loss 2.2182  skip 0.14  lr 2.89e-04  depth_std 25.9788
2026-08-07 03:38:29,007 step 8450  loss 2.3158  skip 0.14  lr 2.88e-04  depth_std 13.0832
2026-08-07 03:39:16,038 step 8500  loss 2.2580  skip 0.14  lr 2.88e-04  depth_std 6.4525
2026-08-07 03:40:03,020 step 8550  loss 2.0876  skip 0.14  lr 2.88e-04  depth_std 17.1863
2026-08-07 03:40:49,937 step 8600  loss 5.9771  skip 0.14  lr 2.88e-04  depth_std 9.9711
2026-08-07 03:41:36,858 step 8650  loss 1.1143  skip 0.14  lr 2.88e-04  depth_std 1.6993
2026-08-07 03:42:23,748 step 8700  loss 1.1439  skip 0.14  lr 2.88e-04  depth_std 3.8849
2026-08-07 03:43:10,531 step 8750  loss 2.2183  skip 0.15  lr 2.87e-04  depth_std 41.9492
2026-08-07 03:43:57,287 step 8800  loss 1.3909  skip 0.15  lr 2.87e-04  depth_std 0.8266
2026-08-07 03:44:44,081 step 8850  loss 4.2877  skip 0.15  lr 2.87e-04  depth_std 22.8477
2026-08-07 03:45:30,897 step 8900  loss 1.8102  skip 0.15  lr 2.87e-04  depth_std 35.1735
2026-08-07 03:46:17,679 step 8950  loss 3.3895  skip 0.15  lr 2.87e-04  depth_std 21.3494
2026-08-07 03:47:04,476 step 9000  loss 1.3266  skip 0.15  lr 2.87e-04  depth_std 3.8681
2026-08-07 03:47:51,187 step 9050  loss 2.5655  skip 0.15  lr 2.86e-04  depth_std 21.4109
2026-08-07 03:48:37,736 step 9100  loss 1.2002  skip 0.15  lr 2.86e-04  depth_std 35.0662
2026-08-07 03:49:24,314 step 9150  loss 2.8317  skip 0.15  lr 2.86e-04  depth_std 24.3963
2026-08-07 03:50:10,942 step 9200  loss 5.1192  skip 0.15  lr 2.86e-04  depth_std 23.8697
2026-08-07 03:50:57,437 step 9250  loss 2.0499  skip 0.15  lr 2.86e-04  depth_std 3.9570
2026-08-07 03:51:43,947 step 9300  loss 5.8232  skip 0.15  lr 2.86e-04  depth_std 3.4193
2026-08-07 03:52:30,543 step 9350  loss 2.5730  skip 0.16  lr 2.85e-04  depth_std 40.0341
2026-08-07 03:53:16,935 step 9400  loss 1.8417  skip 0.16  lr 2.85e-04  depth_std 38.4477
2026-08-07 03:54:03,367 step 9450  loss 5.7164  skip 0.16  lr 2.85e-04  depth_std 10.0056
2026-08-07 03:54:49,749 step 9500  loss 2.3715  skip 0.16  lr 2.85e-04  depth_std 11.3645
2026-08-07 03:55:36,127 step 9550  loss 2.7430  skip 0.16  lr 2.85e-04  depth_std 34.0876
2026-08-07 03:56:22,591 step 9600  loss 2.0777  skip 0.16  lr 2.85e-04  depth_std 10.6449
2026-08-07 03:57:09,049 step 9650  loss 1.0110  skip 0.16  lr 2.84e-04  depth_std 2.0506
2026-08-07 03:57:55,475 step 9700  loss 0.8187  skip 0.16  lr 2.84e-04  depth_std 13.2973
2026-08-07 03:58:41,902 step 9750  loss 4.3066  skip 0.16  lr 2.84e-04  depth_std 38.8453
2026-08-07 03:59:28,071 step 9800  loss 2.3622  skip 0.16  lr 2.84e-04  depth_std 39.5332
2026-08-07 04:00:14,364 step 9850  loss 7.6536  skip 0.16  lr 2.84e-04  depth_std 37.4133
2026-08-07 04:01:00,590 step 9900  loss 2.2052  skip 0.17  lr 2.83e-04  depth_std 9.6677
2026-08-07 04:01:46,677 step 9950  loss 3.4997  skip 0.17  lr 2.83e-04  depth_std 6.2817
2026-08-07 04:02:32,811 step 10000  loss 1.7914  skip 0.17  lr 2.83e-04  depth_std 9.5654
2026-08-07 04:03:18,911 step 10050  loss 2.1348  skip 0.17  lr 2.83e-04  depth_std 10.5358
2026-08-07 04:04:05,018 step 10100  loss 2.4668  skip 0.17  lr 2.83e-04  depth_std 20.0858
2026-08-07 04:04:51,152 step 10150  loss 2.1412  skip 0.17  lr 2.83e-04  depth_std 0.9052
2026-08-07 04:05:37,132 step 10200  loss 1.5626  skip 0.17  lr 2.82e-04  depth_std 13.9888
2026-08-07 04:06:23,108 step 10250  loss 2.1867  skip 0.17  lr 2.82e-04  depth_std 4.4469
2026-08-07 04:07:08,968 step 10300  loss 1.6194  skip 0.17  lr 2.82e-04  depth_std 7.4895
2026-08-07 04:07:54,686 step 10350  loss 2.1913  skip 0.17  lr 2.82e-04  depth_std 12.2866
2026-08-07 04:08:40,543 step 10400  loss 1.7363  skip 0.17  lr 2.82e-04  depth_std 27.5989
2026-08-07 04:09:26,349 step 10450  loss 1.3223  skip 0.17  lr 2.81e-04  depth_std 0.7761
2026-08-07 04:10:12,191 step 10500  loss 1.5796  skip 0.17  lr 2.81e-04  depth_std 5.3234
2026-08-07 04:10:58,056 step 10550  loss 1.2969  skip 0.18  lr 2.81e-04  depth_std 1.2579
2026-08-07 04:11:43,863 step 10600  loss 1.7791  skip 0.18  lr 2.81e-04  depth_std 33.6208
2026-08-07 04:12:29,539 step 10650  loss 2.6158  skip 0.18  lr 2.81e-04  depth_std 13.5122
2026-08-07 04:13:15,122 step 10700  loss 1.6038  skip 0.18  lr 2.80e-04  depth_std 19.1854
2026-08-07 04:14:00,800 step 10750  loss 4.9434  skip 0.18  lr 2.80e-04  depth_std 22.3123
2026-08-07 04:14:46,398 step 10800  loss 3.4557  skip 0.18  lr 2.80e-04  depth_std 0.8223
2026-08-07 04:15:32,053 step 10850  loss 3.4829  skip 0.18  lr 2.80e-04  depth_std 7.0851
2026-08-07 04:16:17,654 step 10900  loss 0.9305  skip 0.18  lr 2.80e-04  depth_std 1.7898
2026-08-07 04:17:03,164 step 10950  loss 2.6335  skip 0.18  lr 2.79e-04  depth_std 4.5393
2026-08-07 04:17:48,647 step 11000  loss 0.8500  skip 0.18  lr 2.79e-04  depth_std 4.7794
2026-08-07 04:18:34,104 step 11050  loss 2.6623  skip 0.18  lr 2.79e-04  depth_std 14.5767
2026-08-07 04:19:19,449 step 11100  loss 0.7436  skip 0.18  lr 2.79e-04  depth_std 1.2059
2026-08-07 04:20:04,883 step 11150  loss 2.2737  skip 0.19  lr 2.79e-04  depth_std 5.4300
2026-08-07 04:20:50,162 step 11200  loss 1.4143  skip 0.19  lr 2.78e-04  depth_std 29.9446
2026-08-07 04:21:35,469 step 11250  loss 3.3951  skip 0.19  lr 2.78e-04  depth_std 31.8003
2026-08-07 04:22:20,794 step 11300  loss 5.3472  skip 0.19  lr 2.78e-04  depth_std 9.2884
2026-08-07 04:23:06,014 step 11350  loss 2.5430  skip 0.19  lr 2.78e-04  depth_std 28.0805
2026-08-07 04:23:51,144 step 11400  loss 1.9690  skip 0.19  lr 2.78e-04  depth_std 1.4676
2026-08-07 04:24:36,250 step 11450  loss 1.9456  skip 0.19  lr 2.77e-04  depth_std 35.4979
2026-08-07 04:25:21,476 step 11500  loss 1.2520  skip 0.19  lr 2.77e-04  depth_std 14.4976
2026-08-07 04:26:06,649 step 11550  loss 0.6329  skip 0.19  lr 2.77e-04  depth_std 1.7763
2026-08-07 04:26:51,757 step 11600  loss 2.2892  skip 0.19  lr 2.77e-04  depth_std 7.6610
2026-08-07 04:27:36,845 step 11650  loss 1.3985  skip 0.19  lr 2.77e-04  depth_std 30.6984
2026-08-07 04:28:21,867 step 11700  loss 4.2120  skip 0.20  lr 2.76e-04  depth_std 30.8812
2026-08-07 04:29:06,849 step 11750  loss 5.6799  skip 0.20  lr 2.76e-04  depth_std 23.5629
2026-08-07 04:29:51,904 step 11800  loss 1.9774  skip 0.20  lr 2.76e-04  depth_std 2.9709
2026-08-07 04:30:36,731 step 11850  loss 1.6232  skip 0.20  lr 2.76e-04  depth_std 0.9419
2026-08-07 04:31:21,615 step 11900  loss 2.9741  skip 0.20  lr 2.75e-04  depth_std 32.5157
2026-08-07 04:32:06,476 step 11950  loss 2.9598  skip 0.20  lr 2.75e-04  depth_std 7.8972
2026-08-07 04:32:51,349 step 12000  loss 1.2098  skip 0.20  lr 2.75e-04  depth_std 5.7671
2026-08-07 04:33:36,152 step 12050  loss 1.9371  skip 0.20  lr 2.75e-04  depth_std 27.7999
2026-08-07 04:34:21,045 step 12100  loss 2.4076  skip 0.20  lr 2.75e-04  depth_std 14.9779
2026-08-07 04:35:05,849 step 12150  loss 2.5431  skip 0.20  lr 2.74e-04  depth_std 10.4575
2026-08-07 04:35:50,648 step 12200  loss 4.0179  skip 0.20  lr 2.74e-04  depth_std 14.7085
2026-08-07 04:36:35,239 step 12250  loss 2.5131  skip 0.20  lr 2.74e-04  depth_std 7.7262
2026-08-07 04:37:19,840 step 12300  loss 2.2605  skip 0.20  lr 2.74e-04  depth_std 9.9380
2026-08-07 04:38:04,324 step 12350  loss 2.2721  skip 0.21  lr 2.73e-04  depth_std 18.8754
2026-08-07 04:38:48,967 step 12400  loss 4.5675  skip 0.21  lr 2.73e-04  depth_std 29.2788
2026-08-07 04:39:33,457 step 12450  loss 2.6589  skip 0.21  lr 2.73e-04  depth_std 8.5507
2026-08-07 04:40:17,986 step 12500  loss 2.7242  skip 0.21  lr 2.73e-04  depth_std 27.4455
2026-08-07 04:41:02,587 step 12550  loss 2.0406  skip 0.21  lr 2.73e-04  depth_std 6.2871
2026-08-07 04:41:47,035 step 12600  loss 1.8495  skip 0.21  lr 2.72e-04  depth_std 4.6590
2026-08-07 04:42:31,279 step 12650  loss 1.8575  skip 0.21  lr 2.72e-04  depth_std 44.6025
2026-08-07 04:43:15,656 step 12700  loss 2.3458  skip 0.21  lr 2.72e-04  depth_std 2.8761
2026-08-07 04:44:00,097 step 12750  loss 2.2855  skip 0.21  lr 2.72e-04  depth_std 26.0229
2026-08-07 04:44:44,455 step 12800  loss 2.5207  skip 0.21  lr 2.71e-04  depth_std 5.6664
2026-08-07 04:45:28,715 step 12850  loss 2.3823  skip 0.21  lr 2.71e-04  depth_std 17.2151
2026-08-07 04:46:12,827 step 12900  loss 0.7217  skip 0.21  lr 2.71e-04  depth_std 0.8706
2026-08-07 04:46:57,126 step 12950  loss 0.7585  skip 0.22  lr 2.71e-04  depth_std 2.0674
2026-08-07 04:47:41,458 step 13000  loss 4.2069  skip 0.22  lr 2.70e-04  depth_std 5.2266
2026-08-07 04:48:25,619 step 13050  loss 4.0096  skip 0.22  lr 2.70e-04  depth_std 10.2625
2026-08-07 04:49:09,705 step 13100  loss 2.6057  skip 0.22  lr 2.70e-04  depth_std 3.9020
2026-08-07 04:49:53,968 step 13150  loss 2.1997  skip 0.22  lr 2.70e-04  depth_std 1.6227
2026-08-07 04:50:38,105 step 13200  loss 2.0027  skip 0.22  lr 2.69e-04  depth_std 11.5308
2026-08-07 04:51:22,224 step 13250  loss 2.3832  skip 0.22  lr 2.69e-04  depth_std 3.3590
2026-08-07 04:52:06,351 step 13300  loss 1.9428  skip 0.22  lr 2.69e-04  depth_std 46.5615
2026-08-07 04:52:50,361 step 13350  loss 1.8204  skip 0.22  lr 2.69e-04  depth_std 18.5531
2026-08-07 04:53:34,304 step 13400  loss 5.9384  skip 0.22  lr 2.68e-04  depth_std 38.3479
2026-08-07 04:54:18,217 step 13450  loss 2.4592  skip 0.22  lr 2.68e-04  depth_std 30.3625
2026-08-07 04:55:02,085 step 13500  loss 2.8598  skip 0.23  lr 2.68e-04  depth_std 33.2722
2026-08-07 04:55:45,849 step 13550  loss 2.5468  skip 0.23  lr 2.68e-04  depth_std 12.6879
2026-08-07 04:56:29,985 step 13600  loss 2.0711  skip 0.23  lr 2.67e-04  depth_std 6.9886
2026-08-07 04:57:14,541 step 13650  loss 3.2704  skip 0.23  lr 2.67e-04  depth_std 22.4508
2026-08-07 04:57:59,440 step 13700  loss 2.5472  skip 0.23  lr 2.67e-04  depth_std 10.2493
2026-08-07 04:58:44,309 step 13750  loss 3.8602  skip 0.23  lr 2.67e-04  depth_std 36.2674
2026-08-07 04:59:28,577 step 13800  loss 2.9902  skip 0.23  lr 2.66e-04  depth_std 4.1644
2026-08-07 05:00:13,166 step 13850  loss 2.4186  skip 0.23  lr 2.66e-04  depth_std 36.8810
2026-08-07 05:00:57,640 step 13900  loss 1.7647  skip 0.23  lr 2.66e-04  depth_std 11.3058
2026-08-07 05:01:43,682 step 13950  loss 1.8376  skip 0.23  lr 2.66e-04  depth_std 11.3694
2026-08-07 05:02:28,904 step 14000  loss 2.2428  skip 0.23  lr 2.65e-04  depth_std 4.9350
2026-08-07 05:03:14,009 step 14050  loss 1.9590  skip 0.23  lr 2.65e-04  depth_std 5.7240
2026-08-07 05:03:58,744 step 14100  loss 1.8573  skip 0.23  lr 2.65e-04  depth_std 8.1302
2026-08-07 05:04:44,475 step 14150  loss 0.5920  skip 0.24  lr 2.65e-04  depth_std 2.0818
2026-08-07 05:05:29,443 step 14200  loss 2.2111  skip 0.24  lr 2.64e-04  depth_std 35.5072
2026-08-07 05:06:14,361 step 14250  loss 1.7923  skip 0.24  lr 2.64e-04  depth_std 1.8670
2026-08-07 05:07:02,184 step 14300  loss 2.1023  skip 0.24  lr 2.64e-04  depth_std 1.9678
2026-08-07 05:07:46,317 step 14350  loss 0.7598  skip 0.24  lr 2.64e-04  depth_std 4.2930
2026-08-07 05:08:45,583 step 14400  loss 1.7864  skip 0.24  lr 2.63e-04  depth_std 13.4233
2026-08-07 05:11:01,331 step 14450  loss 4.3705  skip 0.24  lr 2.63e-04  depth_std 35.5520
2026-08-07 05:13:32,511 step 14500  loss 0.6865  skip 0.24  lr 2.63e-04  depth_std 8.1684
2026-08-07 05:15:52,460 step 14550  loss 3.2571  skip 0.24  lr 2.63e-04  depth_std 4.5670
2026-08-07 05:18:35,924 step 14600  loss 10.4050  skip 0.24  lr 2.62e-04  depth_std 3.3249
2026-08-07 05:19:20,705 step 14650  loss 1.5273  skip 0.24  lr 2.62e-04  depth_std 18.3973
2026-08-07 05:20:14,155 step 14700  loss 2.1208  skip 0.24  lr 2.62e-04  depth_std 7.8861
2026-08-07 05:21:14,575 step 14750  loss 1.7773  skip 0.25  lr 2.62e-04  depth_std 16.7944
2026-08-07 05:22:07,166 step 14800  loss 1.7085  skip 0.25  lr 2.61e-04  depth_std 25.6030
2026-08-07 05:23:07,174 step 14850  loss 3.1356  skip 0.25  lr 2.61e-04  depth_std 11.8462
2026-08-07 05:24:01,618 step 14900  loss 3.0200  skip 0.25  lr 2.61e-04  depth_std 29.6443
2026-08-07 05:25:00,487 step 14950  loss 2.2108  skip 0.25  lr 2.60e-04  depth_std 27.3987
2026-08-07 05:25:44,940 step 15000  loss 2.0271  skip 0.25  lr 2.60e-04  depth_std 13.4311
2026-08-07 05:26:42,309 step 15050  loss 1.8974  skip 0.25  lr 2.60e-04  depth_std 10.6316
2026-08-07 05:27:32,622 step 15100  loss 2.4745  skip 0.25  lr 2.60e-04  depth_std 26.5889
2026-08-07 05:28:18,846 step 15150  loss 2.6027  skip 0.25  lr 2.59e-04  depth_std 29.8453
2026-08-07 05:29:05,813 step 15200  loss 1.3837  skip 0.25  lr 2.59e-04  depth_std 1.1305
2026-08-07 05:29:49,705 step 15250  loss 1.7037  skip 0.25  lr 2.59e-04  depth_std 28.1211
2026-08-07 05:30:34,536 step 15300  loss 3.4170  skip 0.26  lr 2.59e-04  depth_std 14.2123
2026-08-07 05:31:36,905 step 15350  loss 2.3622  skip 0.26  lr 2.58e-04  depth_std 2.7199
2026-08-07 05:32:44,827 step 15400  loss 1.6053  skip 0.26  lr 2.58e-04  depth_std 9.1374
2026-08-07 05:33:47,907 step 15450  loss 2.2966  skip 0.26  lr 2.58e-04  depth_std 38.6718
2026-08-07 05:34:44,663 step 15500  loss 2.1768  skip 0.26  lr 2.57e-04  depth_std 10.4848
2026-08-07 05:35:34,335 step 15550  loss 12.1718  skip 0.26  lr 2.57e-04  depth_std 26.2127
2026-08-07 05:36:32,208 step 15600  loss 1.3384  skip 0.26  lr 2.57e-04  depth_std 0.8778
2026-08-07 05:37:29,297 step 15650  loss 1.4569  skip 0.26  lr 2.57e-04  depth_std 31.6270
2026-08-07 05:38:18,218 step 15700  loss 0.9086  skip 0.26  lr 2.56e-04  depth_std 1.8285
2026-08-07 05:39:02,089 step 15750  loss 0.7151  skip 0.26  lr 2.56e-04  depth_std 1.4729
2026-08-07 05:40:07,502 step 15800  loss 2.5948  skip 0.26  lr 2.56e-04  depth_std 29.9942
2026-08-07 05:41:05,902 step 15850  loss 1.9847  skip 0.26  lr 2.55e-04  depth_std 25.1723
2026-08-07 05:42:06,488 step 15900  loss 3.6471  skip 0.27  lr 2.55e-04  depth_std 28.4931
2026-08-07 05:43:06,766 step 15950  loss 2.2343  skip 0.27  lr 2.55e-04  depth_std 31.5193
2026-08-07 05:43:55,699 step 16000  loss 1.6155  skip 0.27  lr 2.55e-04  depth_std 10.6653
2026-08-07 05:44:40,843 step 16050  loss 1.7073  skip 0.27  lr 2.54e-04  depth_std 2.6750
2026-08-07 05:45:53,676 step 16100  loss 1.9040  skip 0.27  lr 2.54e-04  depth_std 27.7324
2026-08-07 05:47:46,147 step 16150  loss 1.1437  skip 0.27  lr 2.54e-04  depth_std 6.6748
2026-08-07 05:48:31,289 step 16200  loss 1.1200  skip 0.27  lr 2.53e-04  depth_std 4.8214
2026-08-07 05:49:16,981 step 16250  loss 3.6001  skip 0.27  lr 2.53e-04  depth_std 43.9988
2026-08-07 05:50:02,844 step 16300  loss 2.1505  skip 0.27  lr 2.53e-04  depth_std 21.6713
2026-08-07 05:50:48,194 step 16350  loss 4.6039  skip 0.27  lr 2.53e-04  depth_std 24.2489
2026-08-07 05:51:35,207 step 16400  loss 5.4940  skip 0.27  lr 2.52e-04  depth_std 7.8925
2026-08-07 05:52:22,032 step 16450  loss 2.8732  skip 0.27  lr 2.52e-04  depth_std 32.0518
2026-08-07 05:53:07,514 step 16500  loss 1.6953  skip 0.28  lr 2.52e-04  depth_std 15.4542
2026-08-07 05:53:53,008 step 16550  loss 1.4304  skip 0.28  lr 2.51e-04  depth_std 8.6867
2026-08-07 05:54:40,977 step 16600  loss 2.2800  skip 0.28  lr 2.51e-04  depth_std 27.8791
2026-08-07 05:55:57,407 step 16650  loss 1.0446  skip 0.28  lr 2.51e-04  depth_std 10.9612
2026-08-07 05:57:39,592 step 16700  loss 1.7706  skip 0.28  lr 2.51e-04  depth_std 31.4822
2026-08-07 05:58:33,639 step 16750  loss 1.2297  skip 0.28  lr 2.50e-04  depth_std 10.8288
2026-08-07 05:59:18,846 step 16800  loss 2.5705  skip 0.28  lr 2.50e-04  depth_std 13.7195
2026-08-07 06:00:04,267 step 16850  loss 2.2429  skip 0.28  lr 2.50e-04  depth_std 8.2139
2026-08-07 06:00:49,591 step 16900  loss 3.8614  skip 0.28  lr 2.49e-04  depth_std 36.1415
2026-08-07 06:01:55,635 step 16950  loss 1.7760  skip 0.28  lr 2.49e-04  depth_std 39.1478
2026-08-07 06:04:56,756 step 17000  loss 5.4187  skip 0.28  lr 2.49e-04  depth_std 8.4326
2026-08-07 06:06:05,722 step 17050  loss 2.9616  skip 0.28  lr 2.48e-04  depth_std 13.1760
2026-08-07 06:06:49,930 step 17100  loss 3.5406  skip 0.28  lr 2.48e-04  depth_std 14.0743
2026-08-07 06:08:02,131 step 17150  loss 1.7800  skip 0.29  lr 2.48e-04  depth_std 20.7694
2026-08-07 06:08:45,826 step 17200  loss 1.2233  skip 0.29  lr 2.48e-04  depth_std 5.5544
2026-08-07 06:09:53,975 step 17250  loss 3.3909  skip 0.29  lr 2.47e-04  depth_std 35.4059
2026-08-07 06:11:21,744 step 17300  loss 1.6355  skip 0.29  lr 2.47e-04  depth_std 6.3215
2026-08-07 06:12:05,945 step 17350  loss 3.1548  skip 0.29  lr 2.47e-04  depth_std 39.5587
2026-08-07 06:12:50,338 step 17400  loss 2.0138  skip 0.29  lr 2.46e-04  depth_std 11.0750
2026-08-07 06:13:34,679 step 17450  loss 2.5167  skip 0.29  lr 2.46e-04  depth_std 8.4111
2026-08-07 06:14:19,167 step 17500  loss 2.1984  skip 0.29  lr 2.46e-04  depth_std 11.5280
2026-08-07 06:16:50,477 step 17550  loss 2.7162  skip 0.29  lr 2.45e-04  depth_std 35.8544
2026-08-07 06:18:55,241 step 17600  loss 1.0148  skip 0.29  lr 2.45e-04  depth_std 14.1339
2026-08-07 06:19:40,131 step 17650  loss 2.2362  skip 0.29  lr 2.45e-04  depth_std 8.5636
2026-08-07 06:20:23,941 step 17700  loss 1.1239  skip 0.29  lr 2.45e-04  depth_std 1.8004
2026-08-07 06:21:07,912 step 17750  loss 2.7849  skip 0.30  lr 2.44e-04  depth_std 6.1796
2026-08-07 06:21:51,755 step 17800  loss 2.0552  skip 0.30  lr 2.44e-04  depth_std 10.8348
2026-08-07 06:24:25,438 step 17850  loss 2.0973  skip 0.30  lr 2.44e-04  depth_std 6.1402
2026-08-07 06:26:27,039 step 17900  loss 2.0326  skip 0.30  lr 2.43e-04  depth_std 37.2233
2026-08-07 06:27:11,872 step 17950  loss 1.8890  skip 0.30  lr 2.43e-04  depth_std 30.5280
2026-08-07 06:27:55,592 step 18000  loss 11.9814  skip 0.30  lr 2.43e-04  depth_std 13.1574
2026-08-07 06:28:47,818 step 18050  loss 2.0538  skip 0.30  lr 2.42e-04  depth_std 34.7488
2026-08-07 06:29:38,974 step 18100  loss 2.4909  skip 0.30  lr 2.42e-04  depth_std 7.6521
2026-08-07 06:30:30,318 step 18150  loss 0.5358  skip 0.30  lr 2.42e-04  depth_std 1.6945
2026-08-07 06:31:20,526 step 18200  loss 2.8483  skip 0.30  lr 2.41e-04  depth_std 20.2622
2026-08-07 06:32:13,469 step 18250  loss 2.2005  skip 0.30  lr 2.41e-04  depth_std 37.7187
2026-08-07 06:33:07,120 step 18300  loss 1.8690  skip 0.30  lr 2.41e-04  depth_std 3.1943
2026-08-07 06:33:59,629 step 18350  loss 2.5913  skip 0.31  lr 2.40e-04  depth_std 39.5600
2026-08-07 06:34:43,771 step 18400  loss 1.2852  skip 0.31  lr 2.40e-04  depth_std 5.7680
2026-08-07 06:35:34,621 step 18450  loss 4.1379  skip 0.31  lr 2.40e-04  depth_std 6.2919
2026-08-07 06:36:20,734 step 18500  loss 1.4797  skip 0.31  lr 2.39e-04  depth_std 3.0405
2026-08-07 06:37:04,941 step 18550  loss 1.8308  skip 0.31  lr 2.39e-04  depth_std 2.4717
2026-08-07 06:37:48,534 step 18600  loss 4.4059  skip 0.31  lr 2.39e-04  depth_std 7.2059
2026-08-07 06:38:41,438 step 18650  loss 3.6543  skip 0.31  lr 2.38e-04  depth_std 29.3989
2026-08-07 06:39:44,226 step 18700  loss 1.2685  skip 0.31  lr 2.38e-04  depth_std 2.0335
2026-08-07 06:40:49,704 step 18750  loss 2.4194  skip 0.31  lr 2.38e-04  depth_std 39.4208
2026-08-07 06:41:59,541 step 18800  loss 5.5227  skip 0.31  lr 2.38e-04  depth_std 23.4836
2026-08-07 06:43:10,441 step 18850  loss 3.6612  skip 0.31  lr 2.37e-04  depth_std 31.5382
2026-08-07 06:44:18,344 step 18900  loss 2.3314  skip 0.32  lr 2.37e-04  depth_std 18.5917
2026-08-07 06:45:24,816 step 18950  loss 2.4432  skip 0.32  lr 2.37e-04  depth_std 4.4195
2026-08-07 06:46:31,355 step 19000  loss 2.5786  skip 0.32  lr 2.36e-04  depth_std 23.4693
2026-08-07 06:47:43,427 step 19050  loss 2.2124  skip 0.32  lr 2.36e-04  depth_std 30.5329
2026-08-07 06:48:50,473 step 19100  loss 0.9362  skip 0.32  lr 2.36e-04  depth_std 1.1852
2026-08-07 06:49:48,943 step 19150  loss 3.4778  skip 0.32  lr 2.35e-04  depth_std 6.8131
2026-08-07 06:50:54,165 step 19200  loss 1.5762  skip 0.32  lr 2.35e-04  depth_std 10.4771
2026-08-07 06:51:59,764 step 19250  loss 2.9512  skip 0.32  lr 2.35e-04  depth_std 2.0961
2026-08-07 06:53:05,223 step 19300  loss 1.2495  skip 0.32  lr 2.34e-04  depth_std 23.0096
2026-08-07 06:54:16,001 step 19350  loss 9.9677  skip 0.32  lr 2.34e-04  depth_std 36.8153
2026-08-07 06:55:40,502 step 19400  loss 2.0246  skip 0.32  lr 2.34e-04  depth_std 2.4386
2026-08-07 06:56:51,874 step 19450  loss 3.4976  skip 0.32  lr 2.33e-04  depth_std 4.0045
2026-08-07 06:58:12,351 step 19500  loss 1.6631  skip 0.33  lr 2.33e-04  depth_std 2.5708
2026-08-07 06:59:26,356 step 19550  loss 1.8889  skip 0.33  lr 2.33e-04  depth_std 8.4029
2026-08-07 07:00:33,826 step 19600  loss 1.4866  skip 0.33  lr 2.32e-04  depth_std 4.0350
2026-08-07 07:01:46,431 step 19650  loss 3.4113  skip 0.33  lr 2.32e-04  depth_std 3.5440
2026-08-07 07:02:56,165 step 19700  loss 0.6159  skip 0.33  lr 2.32e-04  depth_std 1.6188
2026-08-07 07:03:56,962 step 19750  loss 2.9816  skip 0.33  lr 2.31e-04  depth_std 39.1697
2026-08-07 07:04:47,257 step 19800  loss 1.9709  skip 0.33  lr 2.31e-04  depth_std 30.3211
2026-08-07 07:05:54,032 step 19850  loss 0.7032  skip 0.33  lr 2.31e-04  depth_std 0.6361
2026-08-07 07:07:05,102 step 19900  loss 1.4263  skip 0.33  lr 2.30e-04  depth_std 37.5969
2026-08-07 07:08:14,772 step 19950  loss 0.6106  skip 0.33  lr 2.30e-04  depth_std 1.7738
2026-08-07 07:09:14,334 step 20000  loss 1.6942  skip 0.33  lr 2.30e-04  depth_std 13.8926
2026-08-07 07:09:58,039 step 20050  loss 2.6998  skip 0.33  lr 2.29e-04  depth_std 7.2258
2026-08-07 07:10:47,506 step 20100  loss 1.3139  skip 0.34  lr 2.29e-04  depth_std 4.2311
2026-08-07 07:11:30,949 step 20150  loss 3.5325  skip 0.34  lr 2.29e-04  depth_std 18.3191
2026-08-07 07:12:13,873 step 20200  loss 2.5215  skip 0.34  lr 2.28e-04  depth_std 6.7513
2026-08-07 07:12:56,011 step 20250  loss 1.1064  skip 0.34  lr 2.28e-04  depth_std 3.4132
2026-08-07 07:13:45,623 step 20300  loss 3.2795  skip 0.34  lr 2.28e-04  depth_std 4.1814
2026-08-07 07:15:13,335 step 20350  loss 1.4782  skip 0.34  lr 2.27e-04  depth_std 1.3457
2026-08-07 07:16:35,771 step 20400  loss 4.4868  skip 0.34  lr 2.27e-04  depth_std 5.3317
2026-08-07 07:17:18,136 step 20450  loss 2.1468  skip 0.34  lr 2.26e-04  depth_std 28.9473
2026-08-07 07:18:00,303 step 20500  loss 2.2198  skip 0.34  lr 2.26e-04  depth_std 13.7868
2026-08-07 07:18:42,390 step 20550  loss 1.9487  skip 0.34  lr 2.26e-04  depth_std 1.3300
2026-08-07 07:21:34,932 step 20600  loss 1.2835  skip 0.34  lr 2.25e-04  depth_std 2.4440
2026-08-07 07:23:08,239 step 20650  loss 0.8916  skip 0.34  lr 2.25e-04  depth_std 1.3868
2026-08-07 07:23:49,252 step 20700  loss 1.3224  skip 0.34  lr 2.25e-04  depth_std 42.9408
2026-08-07 07:24:56,774 step 20750  loss 0.7199  skip 0.35  lr 2.24e-04  depth_std 1.7579
2026-08-07 07:25:38,115 step 20800  loss 4.1188  skip 0.35  lr 2.24e-04  depth_std 9.1671
2026-08-07 07:27:22,863 step 20850  loss 4.2057  skip 0.35  lr 2.24e-04  depth_std 13.7199
2026-08-07 07:28:03,817 step 20900  loss 2.0691  skip 0.35  lr 2.23e-04  depth_std 28.9060
2026-08-07 07:28:45,445 step 20950  loss 2.7986  skip 0.35  lr 2.23e-04  depth_std 35.4256
2026-08-07 07:29:27,397 step 21000  loss 1.7376  skip 0.35  lr 2.23e-04  depth_std 29.1738
2026-08-07 07:30:09,208 step 21050  loss 2.7175  skip 0.35  lr 2.22e-04  depth_std 2.3124
2026-08-07 07:30:51,039 step 21100  loss 2.6660  skip 0.35  lr 2.22e-04  depth_std 31.7045
2026-08-07 07:31:32,751 step 21150  loss 3.3356  skip 0.35  lr 2.22e-04  depth_std 7.1568
2026-08-07 07:32:14,470 step 21200  loss 3.1341  skip 0.35  lr 2.21e-04  depth_std 28.8678
2026-08-07 07:32:56,218 step 21250  loss 3.1000  skip 0.35  lr 2.21e-04  depth_std 40.9621
2026-08-07 07:33:37,930 step 21300  loss 1.7836  skip 0.35  lr 2.21e-04  depth_std 2.7979
2026-08-07 07:35:26,572 step 21350  loss 6.9671  skip 0.36  lr 2.20e-04  depth_std 43.5278
2026-08-07 07:38:01,719 step 21400  loss 0.6040  skip 0.36  lr 2.20e-04  depth_std 0.7046
2026-08-07 07:38:43,809 step 21450  loss 2.1629  skip 0.36  lr 2.20e-04  depth_std 24.4269
2026-08-07 07:39:25,220 step 21500  loss 2.1254  skip 0.36  lr 2.19e-04  depth_std 10.9266
2026-08-07 07:40:06,723 step 21550  loss 3.0512  skip 0.36  lr 2.19e-04  depth_std 24.9487
2026-08-07 07:40:56,674 step 21600  loss 1.7239  skip 0.36  lr 2.18e-04  depth_std 35.8670
2026-08-07 07:43:55,493 step 21650  loss 1.3480  skip 0.36  lr 2.18e-04  depth_std 2.6450
2026-08-07 07:45:15,498 step 21700  loss 1.5224  skip 0.36  lr 2.18e-04  depth_std 24.2367
2026-08-07 07:45:57,530 step 21750  loss 1.8377  skip 0.36  lr 2.17e-04  depth_std 4.0793
2026-08-07 07:46:39,190 step 21800  loss 1.5778  skip 0.36  lr 2.17e-04  depth_std 40.5917
2026-08-07 07:47:30,702 step 21850  loss 0.6395  skip 0.36  lr 2.17e-04  depth_std 1.0501
2026-08-07 07:48:18,982 step 21900  loss 1.1253  skip 0.36  lr 2.16e-04  depth_std 1.8125
2026-08-07 07:49:06,301 step 21950  loss 3.4541  skip 0.37  lr 2.16e-04  depth_std 35.1838
2026-08-07 07:49:55,350 step 22000  loss 2.5376  skip 0.37  lr 2.16e-04  depth_std 33.3871
2026-08-07 07:50:45,204 step 22050  loss 1.3267  skip 0.37  lr 2.15e-04  depth_std 5.5114
2026-08-07 07:51:32,012 step 22100  loss 2.0605  skip 0.37  lr 2.15e-04  depth_std 1.6313
2026-08-07 07:52:16,677 step 22150  loss 2.3720  skip 0.37  lr 2.15e-04  depth_std 55.3613
2026-08-07 07:53:04,446 step 22200  loss 1.9537  skip 0.37  lr 2.14e-04  depth_std 7.4453
2026-08-07 07:53:52,626 step 22250  loss 5.2717  skip 0.37  lr 2.14e-04  depth_std 11.4661
2026-08-07 07:54:34,550 step 22300  loss 1.6484  skip 0.37  lr 2.13e-04  depth_std 1.2849
2026-08-07 07:55:15,931 step 22350  loss 4.2614  skip 0.37  lr 2.13e-04  depth_std 44.7505
2026-08-07 07:55:56,793 step 22400  loss 2.0665  skip 0.37  lr 2.13e-04  depth_std 10.2866
2026-08-07 07:56:47,329 step 22450  loss 1.6996  skip 0.37  lr 2.12e-04  depth_std 28.5437
2026-08-07 07:57:29,262 step 22500  loss 7.0885  skip 0.38  lr 2.12e-04  depth_std 8.2838
2026-08-07 07:58:10,380 step 22550  loss 1.4406  skip 0.38  lr 2.12e-04  depth_std 4.1986
2026-08-07 07:58:51,411 step 22600  loss 1.6762  skip 0.38  lr 2.11e-04  depth_std 20.0542
2026-08-07 07:59:38,084 step 22650  loss 2.1285  skip 0.38  lr 2.11e-04  depth_std 40.9031
2026-08-07 08:00:45,830 step 22700  loss 2.7923  skip 0.38  lr 2.11e-04  depth_std 37.3285
2026-08-07 08:02:27,544 step 22750  loss 1.6493  skip 0.38  lr 2.10e-04  depth_std 1.6178
2026-08-07 08:03:07,811 step 22800  loss 2.4205  skip 0.38  lr 2.10e-04  depth_std 26.0513
2026-08-07 08:03:48,303 step 22850  loss 0.7900  skip 0.38  lr 2.09e-04  depth_std 0.6416
2026-08-07 08:04:28,736 step 22900  loss 4.0976  skip 0.38  lr 2.09e-04  depth_std 9.7764
2026-08-07 08:05:09,177 step 22950  loss 4.0429  skip 0.38  lr 2.09e-04  depth_std 16.4437
2026-08-07 08:07:51,130 step 23000  loss 1.5325  skip 0.38  lr 2.08e-04  depth_std 1.7521
2026-08-07 08:09:32,980 step 23050  loss 4.1102  skip 0.38  lr 2.08e-04  depth_std 39.8858
2026-08-07 08:10:12,252 step 23100  loss 2.1602  skip 0.39  lr 2.08e-04  depth_std 30.7376
