2026-08-24 10:48:24,525 work dir: work_dirs/v12a-fusenorm-s0  seed 0  commit cd1bd87f
2026-08-24 10:48:24,946 partial init from work_dirs/v10-longclip/latest.pt: 13 new tensors kept at init, 0 checkpoint tensors unused
2026-08-24 10:48:25,909 mixed dataset: 205650 clips from 5 sources (size 256)
2026-08-24 10:48:31,380 step    0  loss 9.7026  skip 0.00  lr 3.00e-07  depth_std 2.0121
2026-08-24 10:51:15,408 step   50  loss 8.0891  skip 0.01  lr 1.53e-05  depth_std 1.4681
2026-08-24 10:54:27,305 step  100  loss 5.8173  skip 0.01  lr 3.03e-05  depth_std 1.7041
2026-08-24 10:57:42,380 step  150  loss 6.5792  skip 0.02  lr 4.53e-05  depth_std 2.0636
2026-08-24 11:00:58,437 step  200  loss 10.2470  skip 0.03  lr 6.03e-05  depth_std 2.8166
2026-08-24 11:04:08,517 step  250  loss 6.7732  skip 0.03  lr 7.53e-05  depth_std 4.8037
2026-08-24 11:07:18,427 step  300  loss 2.2650  skip 0.04  lr 9.03e-05  depth_std 5.9736
2026-08-24 11:10:28,147 step  350  loss 0.7910  skip 0.04  lr 1.05e-04  depth_std 2.1103
2026-08-24 11:13:36,584 step  400  loss 2.8527  skip 0.05  lr 1.20e-04  depth_std 11.0532
2026-08-24 11:16:43,560 step  450  loss 4.4460  skip 0.06  lr 1.35e-04  depth_std 10.2838
2026-08-24 11:19:49,296 step  500  loss 3.4176  skip 0.06  lr 1.50e-04  depth_std 16.6426
2026-08-24 11:22:53,434 step  550  loss 2.0230  skip 0.07  lr 1.65e-04  depth_std 1.2339
2026-08-24 11:25:56,396 step  600  loss 2.5910  skip 0.07  lr 1.80e-04  depth_std 14.6380
2026-08-24 11:28:58,264 step  650  loss 1.8106  skip 0.08  lr 1.95e-04  depth_std 17.9769
2026-08-24 11:31:59,511 step  700  loss 0.7623  skip 0.09  lr 2.10e-04  depth_std 1.7243
2026-08-24 11:35:00,235 step  750  loss 2.5875  skip 0.09  lr 2.25e-04  depth_std 1.6195
2026-08-24 11:38:00,294 step  800  loss 0.8246  skip 0.10  lr 2.40e-04  depth_std 0.4017
2026-08-24 11:40:59,516 step  850  loss 3.0746  skip 0.11  lr 2.55e-04  depth_std 1.8776
2026-08-24 11:43:57,746 step  900  loss 1.1296  skip 0.11  lr 2.70e-04  depth_std 0.8013
2026-08-24 11:46:54,842 step  950  loss 5.2413  skip 0.12  lr 2.85e-04  depth_std 8.0215
2026-08-24 11:49:50,594 step 1000  loss 2.1684  skip 0.12  lr 3.00e-04  depth_std 15.3245
2026-08-24 11:52:45,159 step 1050  loss 2.0943  skip 0.13  lr 3.00e-04  depth_std 7.7332
2026-08-24 11:55:38,722 step 1100  loss 1.5595  skip 0.14  lr 3.00e-04  depth_std 10.6278
2026-08-24 11:58:31,158 step 1150  loss 1.7649  skip 0.14  lr 3.00e-04  depth_std 13.3309
2026-08-24 12:01:22,550 step 1200  loss 3.3271  skip 0.15  lr 2.99e-04  depth_std 5.6814
2026-08-24 12:04:13,480 step 1250  loss 3.0506  skip 0.16  lr 2.99e-04  depth_std 30.0363
2026-08-24 12:07:03,651 step 1300  loss 2.3550  skip 0.16  lr 2.99e-04  depth_std 8.4882
2026-08-24 12:09:52,821 step 1350  loss 0.6771  skip 0.17  lr 2.98e-04  depth_std 0.5790
2026-08-24 12:12:41,156 step 1400  loss 2.1470  skip 0.17  lr 2.98e-04  depth_std 11.6861
2026-08-24 12:15:28,328 step 1450  loss 2.8040  skip 0.18  lr 2.97e-04  depth_std 35.1648
2026-08-24 12:18:14,508 step 1500  loss 1.8473  skip 0.19  lr 2.96e-04  depth_std 20.5773
2026-08-24 12:20:59,880 step 1550  loss 2.4679  skip 0.19  lr 2.95e-04  depth_std 3.4617
2026-08-24 12:23:43,947 step 1600  loss 2.1551  skip 0.20  lr 2.95e-04  depth_std 1.5505
2026-08-24 12:26:26,878 step 1650  loss 1.3917  skip 0.21  lr 2.94e-04  depth_std 4.4154
2026-08-24 12:29:09,087 step 1700  loss 3.0100  skip 0.21  lr 2.93e-04  depth_std 0.4435
2026-08-24 12:31:50,428 step 1750  loss 7.1160  skip 0.22  lr 2.92e-04  depth_std 6.3405
2026-08-24 12:34:30,824 step 1800  loss 1.6808  skip 0.23  lr 2.90e-04  depth_std 1.0720
2026-08-24 12:37:10,387 step 1850  loss 0.9398  skip 0.23  lr 2.89e-04  depth_std 0.7835
2026-08-24 12:39:48,913 step 1900  loss 1.8050  skip 0.24  lr 2.88e-04  depth_std 3.8477
2026-08-24 12:42:26,468 step 1950  loss 0.7965  skip 0.24  lr 2.87e-04  depth_std 5.1214
2026-08-24 12:45:03,034 step 2000  loss 5.6422  skip 0.25  lr 2.85e-04  depth_std 32.5566
2026-08-24 12:47:38,187 step 2050  loss 3.9170  skip 0.26  lr 2.84e-04  depth_std 29.1851
2026-08-24 12:50:12,655 step 2100  loss 1.7191  skip 0.26  lr 2.82e-04  depth_std 2.3940
2026-08-24 12:52:46,151 step 2150  loss 2.3593  skip 0.27  lr 2.80e-04  depth_std 9.4047
2026-08-24 12:55:18,511 step 2200  loss 0.6105  skip 0.28  lr 2.79e-04  depth_std 2.3382
2026-08-24 12:57:49,838 step 2250  loss 0.8522  skip 0.28  lr 2.77e-04  depth_std 1.2133
2026-08-24 13:00:20,700 step 2300  loss 0.8069  skip 0.29  lr 2.75e-04  depth_std 0.9198
2026-08-24 13:02:50,258 step 2350  loss 1.8977  skip 0.29  lr 2.73e-04  depth_std 0.9691
2026-08-24 13:05:18,948 step 2400  loss 2.2672  skip 0.30  lr 2.71e-04  depth_std 2.8516
2026-08-24 13:07:46,396 step 2450  loss 3.6424  skip 0.31  lr 2.69e-04  depth_std 9.6665
2026-08-24 13:10:12,881 step 2500  loss 2.7686  skip 0.31  lr 2.67e-04  depth_std 6.2651
2026-08-24 13:12:38,243 step 2550  loss 5.3272  skip 0.32  lr 2.65e-04  depth_std 7.3539
2026-08-24 13:15:02,808 step 2600  loss 3.7020  skip 0.33  lr 2.63e-04  depth_std 0.7839
2026-08-24 13:17:26,125 step 2650  loss 1.6366  skip 0.33  lr 2.61e-04  depth_std 27.3399
2026-08-24 13:19:48,685 step 2700  loss 0.6554  skip 0.34  lr 2.58e-04  depth_std 1.0719
2026-08-24 13:22:10,331 step 2750  loss 3.3763  skip 0.34  lr 2.56e-04  depth_std 4.8916
2026-08-24 13:24:30,656 step 2800  loss 1.4469  skip 0.35  lr 2.54e-04  depth_std 24.7373
2026-08-24 13:26:50,219 step 2850  loss 1.7389  skip 0.36  lr 2.51e-04  depth_std 0.8314
2026-08-24 13:29:08,656 step 2900  loss 1.2664  skip 0.36  lr 2.49e-04  depth_std 13.6441
2026-08-24 13:31:26,240 step 2950  loss 1.8461  skip 0.37  lr 2.46e-04  depth_std 22.1614
2026-08-24 13:33:42,937 step 3000  loss 0.5338  skip 0.38  lr 2.44e-04  depth_std 0.4543
2026-08-24 13:35:58,534 step 3050  loss 0.6652  skip 0.38  lr 2.41e-04  depth_std 1.2778
2026-08-24 13:38:13,435 step 3100  loss 3.0890  skip 0.39  lr 2.38e-04  depth_std 1.5707
2026-08-24 13:40:27,131 step 3150  loss 3.4878  skip 0.39  lr 2.35e-04  depth_std 5.5817
2026-08-24 13:42:41,647 step 3200  loss 1.6983  skip 0.40  lr 2.33e-04  depth_std 13.0318
2026-08-24 13:44:54,011 step 3250  loss 1.9070  skip 0.41  lr 2.30e-04  depth_std 1.0437
2026-08-24 13:47:04,398 step 3300  loss 5.3903  skip 0.41  lr 2.27e-04  depth_std 15.2030
2026-08-24 13:49:17,058 step 3350  loss 3.1390  skip 0.42  lr 2.24e-04  depth_std 1.2703
2026-08-24 13:51:26,998 step 3400  loss 1.8924  skip 0.42  lr 2.21e-04  depth_std 4.1698
2026-08-24 13:53:34,083 step 3450  loss 9.0924  skip 0.43  lr 2.18e-04  depth_std 19.8676
2026-08-24 13:55:40,216 step 3500  loss 2.1411  skip 0.44  lr 2.15e-04  depth_std 2.2824
2026-08-24 13:57:44,767 step 3550  loss 0.9977  skip 0.44  lr 2.12e-04  depth_std 1.8702
2026-08-24 13:59:48,410 step 3600  loss 4.6123  skip 0.45  lr 2.09e-04  depth_std 20.7804
2026-08-24 14:01:51,077 step 3650  loss 0.6407  skip 0.46  lr 2.06e-04  depth_std 0.5157
2026-08-24 14:03:52,662 step 3700  loss 3.2609  skip 0.46  lr 2.03e-04  depth_std 7.8712
2026-08-24 14:05:53,169 step 3750  loss 0.6114  skip 0.47  lr 2.00e-04  depth_std 0.5507
2026-08-24 14:07:53,249 step 3800  loss 2.7301  skip 0.47  lr 1.96e-04  depth_std 21.8116
2026-08-24 14:09:51,815 step 3850  loss 1.8579  skip 0.48  lr 1.93e-04  depth_std 18.4173
2026-08-24 14:11:49,302 step 3900  loss 1.8430  skip 0.49  lr 1.90e-04  depth_std 39.7282
2026-08-24 14:13:45,653 step 3950  loss 2.4611  skip 0.49  lr 1.87e-04  depth_std 11.7888
2026-08-24 14:15:41,415 step 4000  loss 1.8893  skip 0.50  lr 1.83e-04  depth_std 20.9785
2026-08-24 14:17:36,679 step 4050  loss 1.9305  skip 0.50  lr 1.80e-04  depth_std 5.9124
2026-08-24 14:19:31,686 step 4100  loss 2.9668  skip 0.50  lr 1.77e-04  depth_std 2.3801
2026-08-24 14:21:26,949 step 4150  loss 1.9962  skip 0.50  lr 1.73e-04  depth_std 3.8961
2026-08-24 14:23:21,945 step 4200  loss 1.0654  skip 0.50  lr 1.70e-04  depth_std 16.8355
2026-08-24 14:25:16,871 step 4250  loss 1.2040  skip 0.50  lr 1.67e-04  depth_std 19.5689
2026-08-24 14:27:13,443 step 4300  loss 3.5495  skip 0.50  lr 1.63e-04  depth_std 8.2927
2026-08-24 14:29:10,763 step 4350  loss 1.7506  skip 0.50  lr 1.60e-04  depth_std 0.7561
2026-08-24 14:31:07,061 step 4400  loss 3.0476  skip 0.50  lr 1.57e-04  depth_std 17.1713
2026-08-24 14:33:03,429 step 4450  loss 4.5124  skip 0.50  lr 1.53e-04  depth_std 40.0651
2026-08-24 14:34:59,951 step 4500  loss 1.4697  skip 0.50  lr 1.50e-04  depth_std 1.9638
2026-08-24 14:36:55,724 step 4550  loss 0.9308  skip 0.50  lr 1.47e-04  depth_std 1.6630
2026-08-24 14:38:51,526 step 4600  loss 2.6770  skip 0.50  lr 1.43e-04  depth_std 44.5382
2026-08-24 14:40:48,227 step 4650  loss 1.9151  skip 0.50  lr 1.40e-04  depth_std 1.6164
2026-08-24 14:42:43,546 step 4700  loss 6.4714  skip 0.50  lr 1.37e-04  depth_std 14.7957
2026-08-24 14:44:39,720 step 4750  loss 3.2152  skip 0.50  lr 1.33e-04  depth_std 44.1040
2026-08-24 14:46:35,139 step 4800  loss 0.7806  skip 0.50  lr 1.30e-04  depth_std 1.7452
2026-08-24 14:48:30,173 step 4850  loss 1.6588  skip 0.50  lr 1.27e-04  depth_std 20.7080
2026-08-24 14:50:25,589 step 4900  loss 1.8961  skip 0.50  lr 1.23e-04  depth_std 0.5223
2026-08-24 14:52:20,671 step 4950  loss 2.5817  skip 0.50  lr 1.20e-04  depth_std 2.1410
2026-08-24 14:54:15,637 step 5000  loss 4.7644  skip 0.50  lr 1.17e-04  depth_std 13.4369
2026-08-24 14:56:10,590 step 5050  loss 1.1436  skip 0.50  lr 1.13e-04  depth_std 3.9708
2026-08-24 14:58:05,613 step 5100  loss 0.5885  skip 0.50  lr 1.10e-04  depth_std 0.5665
2026-08-24 15:00:00,779 step 5150  loss 3.7023  skip 0.50  lr 1.07e-04  depth_std 2.5443
2026-08-24 15:01:55,968 step 5200  loss 2.4720  skip 0.50  lr 1.04e-04  depth_std 0.7108
2026-08-24 15:03:51,041 step 5250  loss 4.2761  skip 0.50  lr 1.00e-04  depth_std 8.4477
2026-08-24 15:05:45,989 step 5300  loss 2.0287  skip 0.50  lr 9.73e-05  depth_std 4.2665
2026-08-24 15:07:41,294 step 5350  loss 3.3900  skip 0.50  lr 9.42e-05  depth_std 16.0611
2026-08-24 15:09:36,996 step 5400  loss 1.5427  skip 0.50  lr 9.10e-05  depth_std 1.7282
2026-08-24 15:11:32,998 step 5450  loss 0.8879  skip 0.50  lr 8.80e-05  depth_std 1.2978
2026-08-24 15:13:29,988 step 5500  loss 2.9759  skip 0.50  lr 8.49e-05  depth_std 32.3552
2026-08-24 15:15:27,456 step 5550  loss 1.7142  skip 0.50  lr 8.19e-05  depth_std 22.9099
2026-08-24 15:17:24,157 step 5600  loss 2.6999  skip 0.50  lr 7.89e-05  depth_std 2.5763
2026-08-24 15:19:20,156 step 5650  loss 1.5487  skip 0.50  lr 7.60e-05  depth_std 27.1890
2026-08-24 15:21:15,454 step 5700  loss 0.5264  skip 0.50  lr 7.31e-05  depth_std 2.0780
2026-08-24 15:23:12,344 step 5750  loss 3.3835  skip 0.50  lr 7.02e-05  depth_std 35.8690
