2026-08-24 16:51:51,698 work dir: work_dirs/v12b-lossspace-s0  seed 0  commit 1d4d01a6
2026-08-24 16:51:52,150 partial init from work_dirs/v10-longclip/latest.pt: 1 new tensors kept at init, 0 checkpoint tensors unused
2026-08-24 16:51:53,110 mixed dataset: 205650 clips from 5 sources (size 256)
2026-08-24 16:51:58,967 step    0  loss 3.3178  skip 0.00  lr 3.00e-07  depth_std 37.5223
2026-08-24 16:54:41,140 step   50  loss 1.6249  skip 0.01  lr 1.53e-05  depth_std 32.3530
2026-08-24 16:57:49,820 step  100  loss 2.5943  skip 0.01  lr 3.03e-05  depth_std 12.2165
2026-08-24 17:01:00,336 step  150  loss 1.9962  skip 0.02  lr 4.53e-05  depth_std 43.9078
2026-08-24 17:04:10,956 step  200  loss 5.2545  skip 0.03  lr 6.03e-05  depth_std 28.5893
2026-08-24 17:07:21,441 step  250  loss 4.5487  skip 0.03  lr 7.53e-05  depth_std 31.7084
2026-08-24 17:10:32,106 step  300  loss 1.8875  skip 0.04  lr 9.03e-05  depth_std 23.6205
2026-08-24 17:13:42,598 step  350  loss 0.8798  skip 0.04  lr 1.05e-04  depth_std 2.2266
2026-08-24 17:16:51,850 step  400  loss 0.9762  skip 0.05  lr 1.20e-04  depth_std 41.7184
2026-08-24 17:19:59,915 step  450  loss 4.1704  skip 0.06  lr 1.35e-04  depth_std 11.3357
2026-08-24 17:23:06,228 step  500  loss 2.1749  skip 0.06  lr 1.50e-04  depth_std 39.7140
2026-08-24 17:26:10,938 step  550  loss 2.1591  skip 0.07  lr 1.65e-04  depth_std 1.2505
2026-08-24 17:29:14,381 step  600  loss 2.0745  skip 0.07  lr 1.80e-04  depth_std 20.6468
2026-08-24 17:32:16,835 step  650  loss 1.6656  skip 0.08  lr 1.95e-04  depth_std 21.9207
2026-08-24 17:35:18,671 step  700  loss 0.7939  skip 0.09  lr 2.10e-04  depth_std 1.8613
2026-08-24 17:38:19,841 step  750  loss 2.3470  skip 0.09  lr 2.25e-04  depth_std 1.5332
2026-08-24 17:41:20,592 step  800  loss 0.7719  skip 0.10  lr 2.40e-04  depth_std 0.4079
2026-08-24 17:44:20,423 step  850  loss 2.2883  skip 0.11  lr 2.55e-04  depth_std 1.3702
2026-08-24 17:47:19,231 step  900  loss 1.0144  skip 0.11  lr 2.70e-04  depth_std 0.8958
2026-08-24 17:50:16,761 step  950  loss 4.7621  skip 0.12  lr 2.85e-04  depth_std 9.8718
2026-08-24 17:53:13,086 step 1000  loss 2.2689  skip 0.12  lr 3.00e-04  depth_std 14.3511
2026-08-24 17:56:08,258 step 1050  loss 2.0794  skip 0.13  lr 3.00e-04  depth_std 4.7391
2026-08-24 17:59:02,552 step 1100  loss 1.7491  skip 0.14  lr 3.00e-04  depth_std 12.0716
2026-08-24 18:01:55,613 step 1150  loss 1.6042  skip 0.14  lr 3.00e-04  depth_std 15.4869
2026-08-24 18:04:47,939 step 1200  loss 4.0337  skip 0.15  lr 2.99e-04  depth_std 8.3869
2026-08-24 18:07:39,404 step 1250  loss 2.2285  skip 0.16  lr 2.99e-04  depth_std 42.4969
2026-08-24 18:10:30,054 step 1300  loss 2.3016  skip 0.16  lr 2.99e-04  depth_std 6.6849
2026-08-24 18:13:20,240 step 1350  loss 0.9557  skip 0.17  lr 2.98e-04  depth_std 0.7046
2026-08-24 18:16:09,208 step 1400  loss 2.7129  skip 0.17  lr 2.98e-04  depth_std 5.6749
2026-08-24 18:18:57,110 step 1450  loss 2.1989  skip 0.18  lr 2.97e-04  depth_std 43.8290
2026-08-24 18:21:43,904 step 1500  loss 1.2582  skip 0.19  lr 2.96e-04  depth_std 36.4139
2026-08-24 18:24:29,679 step 1550  loss 2.7192  skip 0.19  lr 2.95e-04  depth_std 3.4510
2026-08-24 18:27:14,466 step 1600  loss 2.6192  skip 0.20  lr 2.95e-04  depth_std 1.2485
2026-08-24 18:29:58,409 step 1650  loss 1.3338  skip 0.21  lr 2.94e-04  depth_std 2.6572
2026-08-24 18:32:41,248 step 1700  loss 3.8019  skip 0.21  lr 2.93e-04  depth_std 0.2931
2026-08-24 18:35:23,183 step 1750  loss 8.5658  skip 0.22  lr 2.92e-04  depth_std 10.5417
2026-08-24 18:38:04,366 step 1800  loss 1.9846  skip 0.23  lr 2.90e-04  depth_std 1.4344
2026-08-24 18:40:44,661 step 1850  loss 1.0281  skip 0.23  lr 2.89e-04  depth_std 0.7981
2026-08-24 18:43:23,903 step 1900  loss 2.0150  skip 0.24  lr 2.88e-04  depth_std 4.2766
2026-08-24 18:46:02,206 step 1950  loss 0.9413  skip 0.24  lr 2.87e-04  depth_std 5.7648
2026-08-24 18:48:39,564 step 2000  loss 4.2707  skip 0.25  lr 2.85e-04  depth_std 34.3025
2026-08-24 18:51:15,746 step 2050  loss 3.1391  skip 0.26  lr 2.84e-04  depth_std 29.6935
2026-08-24 18:53:50,985 step 2100  loss 2.2937  skip 0.26  lr 2.82e-04  depth_std 2.8752
2026-08-24 18:56:25,252 step 2150  loss 2.5672  skip 0.27  lr 2.80e-04  depth_std 4.5658
2026-08-24 18:58:58,540 step 2200  loss 0.8338  skip 0.28  lr 2.79e-04  depth_std 2.2833
2026-08-24 19:01:30,817 step 2250  loss 1.0638  skip 0.28  lr 2.77e-04  depth_std 1.2464
2026-08-24 19:04:02,397 step 2300  loss 1.0005  skip 0.29  lr 2.75e-04  depth_std 0.9587
2026-08-24 19:06:32,706 step 2350  loss 1.4927  skip 0.29  lr 2.73e-04  depth_std 0.7753
2026-08-24 19:09:02,037 step 2400  loss 2.5338  skip 0.30  lr 2.71e-04  depth_std 2.5094
2026-08-24 19:11:30,392 step 2450  loss 3.9657  skip 0.31  lr 2.69e-04  depth_std 9.7356
2026-08-24 19:13:57,851 step 2500  loss 3.3606  skip 0.31  lr 2.67e-04  depth_std 7.5832
2026-08-24 19:16:23,729 step 2550  loss 7.1148  skip 0.32  lr 2.65e-04  depth_std 8.0354
2026-08-24 19:18:49,061 step 2600  loss 3.0601  skip 0.33  lr 2.63e-04  depth_std 0.5323
2026-08-24 19:21:13,056 step 2650  loss 1.3722  skip 0.33  lr 2.61e-04  depth_std 22.5674
2026-08-24 19:23:36,211 step 2700  loss 0.9171  skip 0.34  lr 2.58e-04  depth_std 1.0607
2026-08-24 19:25:58,416 step 2750  loss 3.5911  skip 0.34  lr 2.56e-04  depth_std 5.1174
2026-08-24 19:28:19,431 step 2800  loss 1.4314  skip 0.35  lr 2.54e-04  depth_std 23.0905
2026-08-24 19:30:39,879 step 2850  loss 1.7877  skip 0.36  lr 2.51e-04  depth_std 1.0344
2026-08-24 19:32:59,016 step 2900  loss 1.4370  skip 0.36  lr 2.49e-04  depth_std 12.7112
2026-08-24 19:35:17,305 step 2950  loss 2.1545  skip 0.37  lr 2.46e-04  depth_std 14.3642
2026-08-24 19:37:34,868 step 3000  loss 0.7549  skip 0.38  lr 2.44e-04  depth_std 0.4593
2026-08-24 19:39:50,963 step 3050  loss 0.8641  skip 0.38  lr 2.41e-04  depth_std 1.2888
2026-08-24 19:42:06,417 step 3100  loss 3.6640  skip 0.39  lr 2.38e-04  depth_std 1.5266
2026-08-24 19:44:20,695 step 3150  loss 4.3059  skip 0.39  lr 2.35e-04  depth_std 4.7849
2026-08-24 19:46:34,286 step 3200  loss 1.7184  skip 0.40  lr 2.33e-04  depth_std 14.1558
2026-08-24 19:48:46,380 step 3250  loss 2.0888  skip 0.41  lr 2.30e-04  depth_std 0.8821
2026-08-24 19:50:56,540 step 3300  loss 5.4819  skip 0.41  lr 2.27e-04  depth_std 14.5653
2026-08-24 19:53:06,027 step 3350  loss 3.9928  skip 0.42  lr 2.24e-04  depth_std 1.2856
2026-08-24 19:55:14,739 step 3400  loss 2.2091  skip 0.42  lr 2.21e-04  depth_std 4.4511
2026-08-24 19:57:22,463 step 3450  loss 6.0429  skip 0.43  lr 2.18e-04  depth_std 25.1994
2026-08-24 19:59:29,286 step 3500  loss 2.7357  skip 0.44  lr 2.15e-04  depth_std 1.8477
2026-08-24 20:01:34,637 step 3550  loss 1.3094  skip 0.44  lr 2.12e-04  depth_std 1.7580
2026-08-24 20:03:39,110 step 3600  loss 4.9903  skip 0.45  lr 2.09e-04  depth_std 22.5271
2026-08-24 20:05:42,419 step 3650  loss 0.8395  skip 0.46  lr 2.06e-04  depth_std 0.5479
2026-08-24 20:07:44,926 step 3700  loss 3.8340  skip 0.46  lr 2.03e-04  depth_std 8.2306
2026-08-24 20:09:46,506 step 3750  loss 0.7530  skip 0.47  lr 2.00e-04  depth_std 0.5473
2026-08-24 20:11:47,017 step 3800  loss 2.7670  skip 0.47  lr 1.96e-04  depth_std 19.7949
2026-08-24 20:13:46,493 step 3850  loss 2.3047  skip 0.48  lr 1.93e-04  depth_std 20.9442
2026-08-24 20:15:45,096 step 3900  loss 1.4609  skip 0.49  lr 1.90e-04  depth_std 45.0230
2026-08-24 20:17:42,635 step 3950  loss 2.8966  skip 0.49  lr 1.87e-04  depth_std 9.0925
2026-08-24 20:19:39,390 step 4000  loss 1.3976  skip 0.50  lr 1.83e-04  depth_std 25.9433
2026-08-24 20:21:35,694 step 4050  loss 2.4406  skip 0.50  lr 1.80e-04  depth_std 5.5113
2026-08-24 20:23:31,905 step 4100  loss 4.6305  skip 0.50  lr 1.77e-04  depth_std 2.3136
2026-08-24 20:25:28,078 step 4150  loss 2.3383  skip 0.50  lr 1.73e-04  depth_std 1.9729
2026-08-24 20:27:24,110 step 4200  loss 1.1323  skip 0.50  lr 1.70e-04  depth_std 15.5604
2026-08-24 20:29:20,233 step 4250  loss 1.0325  skip 0.50  lr 1.67e-04  depth_std 14.3491
2026-08-24 20:31:16,405 step 4300  loss 4.3307  skip 0.50  lr 1.63e-04  depth_std 7.2178
2026-08-24 20:33:12,340 step 4350  loss 2.0913  skip 0.50  lr 1.60e-04  depth_std 0.6802
2026-08-24 20:35:08,257 step 4400  loss 3.0529  skip 0.50  lr 1.57e-04  depth_std 15.2070
2026-08-24 20:37:04,084 step 4450  loss 3.5990  skip 0.50  lr 1.53e-04  depth_std 44.5799
2026-08-24 20:39:00,183 step 4500  loss 1.6995  skip 0.50  lr 1.50e-04  depth_std 2.2793
2026-08-24 20:40:56,119 step 4550  loss 1.2342  skip 0.50  lr 1.47e-04  depth_std 1.6008
2026-08-24 20:42:52,164 step 4600  loss 2.0998  skip 0.50  lr 1.43e-04  depth_std 53.8171
2026-08-24 20:44:48,372 step 4650  loss 2.3165  skip 0.50  lr 1.40e-04  depth_std 1.4872
2026-08-24 20:46:44,612 step 4700  loss 7.1138  skip 0.50  lr 1.37e-04  depth_std 13.9657
2026-08-24 20:48:40,741 step 4750  loss 3.2329  skip 0.50  lr 1.33e-04  depth_std 47.2834
2026-08-24 20:50:36,898 step 4800  loss 1.0587  skip 0.50  lr 1.30e-04  depth_std 1.7269
2026-08-24 20:52:32,910 step 4850  loss 1.4972  skip 0.50  lr 1.27e-04  depth_std 31.4730
2026-08-24 20:54:29,174 step 4900  loss 2.2142  skip 0.50  lr 1.23e-04  depth_std 0.4776
2026-08-24 20:56:25,290 step 4950  loss 3.0968  skip 0.50  lr 1.20e-04  depth_std 2.0406
2026-08-24 20:58:21,423 step 5000  loss 4.8798  skip 0.50  lr 1.17e-04  depth_std 12.9115
2026-08-24 21:00:17,229 step 5050  loss 1.3497  skip 0.50  lr 1.13e-04  depth_std 5.0505
2026-08-24 21:02:13,128 step 5100  loss 0.7848  skip 0.50  lr 1.10e-04  depth_std 0.5776
2026-08-24 21:04:09,216 step 5150  loss 4.9755  skip 0.50  lr 1.07e-04  depth_std 2.4670
2026-08-24 21:06:05,412 step 5200  loss 2.8310  skip 0.50  lr 1.04e-04  depth_std 0.7038
2026-08-24 21:08:01,432 step 5250  loss 5.1665  skip 0.50  lr 1.00e-04  depth_std 8.2200
2026-08-24 21:09:57,625 step 5300  loss 2.3844  skip 0.50  lr 9.73e-05  depth_std 5.1538
2026-08-24 21:11:54,025 step 5350  loss 3.5692  skip 0.50  lr 9.42e-05  depth_std 17.0866
2026-08-24 21:13:49,959 step 5400  loss 1.9474  skip 0.50  lr 9.10e-05  depth_std 1.7103
2026-08-24 21:15:45,853 step 5450  loss 1.0661  skip 0.50  lr 8.80e-05  depth_std 1.1763
2026-08-24 21:17:41,960 step 5500  loss 2.3714  skip 0.50  lr 8.49e-05  depth_std 33.8847
2026-08-24 21:19:37,966 step 5550  loss 1.5985  skip 0.50  lr 8.19e-05  depth_std 23.2011
2026-08-24 21:21:34,060 step 5600  loss 3.0766  skip 0.50  lr 7.89e-05  depth_std 2.3642
2026-08-24 21:23:30,005 step 5650  loss 1.2650  skip 0.50  lr 7.60e-05  depth_std 32.4067
2026-08-24 21:25:26,266 step 5700  loss 0.7096  skip 0.50  lr 7.31e-05  depth_std 2.0760
2026-08-24 21:27:22,286 step 5750  loss 2.6816  skip 0.50  lr 7.02e-05  depth_std 35.6171
2026-08-24 21:29:18,381 step 5800  loss 2.5875  skip 0.50  lr 6.74e-05  depth_std 3.8876
2026-08-24 21:31:14,215 step 5850  loss 1.3952  skip 0.50  lr 6.46e-05  depth_std 4.0654
2026-08-24 21:33:10,599 step 5900  loss 5.7267  skip 0.50  lr 6.18e-05  depth_std 10.7827
2026-08-24 21:35:06,422 step 5950  loss 1.0323  skip 0.50  lr 5.91e-05  depth_std 0.7408
2026-08-24 21:37:02,677 step 6000  loss 1.7578  skip 0.50  lr 5.65e-05  depth_std 8.8418
2026-08-24 21:38:58,524 step 6050  loss 1.0895  skip 0.50  lr 5.39e-05  depth_std 1.4621
2026-08-24 21:40:54,558 step 6100  loss 1.7499  skip 0.50  lr 5.13e-05  depth_std 18.1399
2026-08-24 21:42:50,729 step 6150  loss 1.2483  skip 0.50  lr 4.88e-05  depth_std 0.5589
2026-08-24 21:44:46,836 step 6200  loss 1.6662  skip 0.50  lr 4.63e-05  depth_std 0.8017
2026-08-24 21:46:42,587 step 6250  loss 2.1108  skip 0.50  lr 4.39e-05  depth_std 5.1453
2026-08-24 21:48:38,646 step 6300  loss 1.0808  skip 0.50  lr 4.16e-05  depth_std 2.0590
2026-08-24 21:50:34,853 step 6350  loss 1.1207  skip 0.50  lr 3.93e-05  depth_std 0.9705
2026-08-24 21:52:31,239 step 6400  loss 2.2681  skip 0.50  lr 3.70e-05  depth_std 13.2197
2026-08-24 21:54:27,171 step 6450  loss 1.8990  skip 0.50  lr 3.49e-05  depth_std 1.9718
2026-08-24 21:56:23,278 step 6500  loss 0.8368  skip 0.50  lr 3.27e-05  depth_std 0.4315
2026-08-24 21:58:19,532 step 6550  loss 2.1681  skip 0.50  lr 3.07e-05  depth_std 44.7328
2026-08-24 22:00:15,477 step 6600  loss 2.9269  skip 0.50  lr 2.86e-05  depth_std 17.7588
2026-08-24 22:02:11,539 step 6650  loss 2.0351  skip 0.50  lr 2.67e-05  depth_std 1.0423
2026-08-24 22:04:07,616 step 6700  loss 1.0404  skip 0.50  lr 2.48e-05  depth_std 1.7619
2026-08-24 22:06:03,573 step 6750  loss 1.6134  skip 0.50  lr 2.30e-05  depth_std 6.8126
2026-08-24 22:07:59,750 step 6800  loss 0.6780  skip 0.50  lr 2.12e-05  depth_std 0.3813
2026-08-24 22:09:55,911 step 6850  loss 1.3610  skip 0.50  lr 1.95e-05  depth_std 0.8325
2026-08-24 22:11:52,104 step 6900  loss 2.9518  skip 0.50  lr 1.79e-05  depth_std 2.3212
2026-08-24 22:13:48,742 step 6950  loss 2.2195  skip 0.50  lr 1.63e-05  depth_std 7.5522
2026-08-24 22:15:45,014 step 7000  loss 2.2834  skip 0.50  lr 1.49e-05  depth_std 37.3320
2026-08-24 22:17:41,350 step 7050  loss 0.8064  skip 0.50  lr 1.34e-05  depth_std 1.4882
2026-08-24 22:19:37,401 step 7100  loss 0.8643  skip 0.50  lr 1.21e-05  depth_std 1.6515
2026-08-24 22:21:33,527 step 7150  loss 1.6253  skip 0.50  lr 1.08e-05  depth_std 54.0077
2026-08-24 22:23:29,557 step 7200  loss 1.6571  skip 0.50  lr 9.56e-06  depth_std 40.6343
2026-08-24 22:25:25,744 step 7250  loss 1.0255  skip 0.50  lr 8.42e-06  depth_std 2.2214
2026-08-24 22:27:22,004 step 7300  loss 1.3060  skip 0.50  lr 7.34e-06  depth_std 0.9902
2026-08-24 22:29:17,967 step 7350  loss 2.3697  skip 0.50  lr 6.34e-06  depth_std 6.3164
2026-08-24 22:31:14,594 step 7400  loss 1.6995  skip 0.50  lr 5.41e-06  depth_std 14.8120
2026-08-24 22:33:10,675 step 7450  loss 7.4195  skip 0.50  lr 4.55e-06  depth_std 31.8162
2026-08-24 22:35:06,834 step 7500  loss 7.6148  skip 0.50  lr 3.76e-06  depth_std 40.2660
2026-08-24 22:37:03,020 step 7550  loss 2.7428  skip 0.50  lr 3.05e-06  depth_std 44.3880
2026-08-24 22:38:59,162 step 7600  loss 2.8803  skip 0.50  lr 2.41e-06  depth_std 5.9844
2026-08-24 22:40:55,065 step 7650  loss 4.1924  skip 0.50  lr 1.85e-06  depth_std 16.6723
2026-08-24 22:42:51,124 step 7700  loss 1.5996  skip 0.50  lr 1.36e-06  depth_std 34.8294
2026-08-24 22:44:47,432 step 7750  loss 1.9460  skip 0.50  lr 9.43e-07  depth_std 19.4810
2026-08-24 22:46:43,414 step 7800  loss 1.8607  skip 0.50  lr 6.04e-07  depth_std 14.1812
2026-08-24 22:48:39,320 step 7850  loss 0.7590  skip 0.50  lr 3.40e-07  depth_std 1.3581
2026-08-24 22:50:35,509 step 7900  loss 1.2095  skip 0.50  lr 1.51e-07  depth_std 8.7602
2026-08-24 22:52:31,393 step 7950  loss 2.4787  skip 0.50  lr 3.78e-08  depth_std 36.1037
2026-08-24 22:54:25,317 saved -> work_dirs/v12b-lossspace-s0/latest.pt
WARNING: skipping unreadable clip 43299 after retries (image file is truncated)
WARNING: skipping unreadable clip 41117 after retries (image file is truncated)
