2026-07-26 09:58:04,393 work dir: work_dirs/main_v7
2026-07-26 09:58:04,899 resumed from work_dirs/v7-init.pt (legacy format, step 0)
2026-07-26 09:58:05,745 mixed dataset: 208720 clips from 5 sources (size 256)
2026-07-26 09:58:07,661 step    0  loss 0.9207  skip 0.00  lr 2.00e-07  depth_std 25.9455
2026-07-26 09:58:28,314 step   50  loss 0.4673  skip 0.00  lr 1.02e-05  depth_std 28.5555
2026-07-26 09:58:44,156 step  100  loss 1.1654  skip 0.01  lr 2.02e-05  depth_std 21.3832
2026-07-26 09:59:01,913 step  150  loss 1.5564  skip 0.01  lr 3.02e-05  depth_std 23.7037
2026-07-26 09:59:19,450 step  200  loss 0.7745  skip 0.01  lr 4.02e-05  depth_std 24.2070
2026-07-26 09:59:35,702 step  250  loss 0.6422  skip 0.02  lr 5.02e-05  depth_std 18.5501
2026-07-26 09:59:55,024 step  300  loss 0.1431  skip 0.02  lr 6.02e-05  depth_std 12.3463
2026-07-26 10:00:11,097 step  350  loss 0.0993  skip 0.02  lr 7.02e-05  depth_std 16.3178
2026-07-26 10:00:28,452 step  400  loss 0.4199  skip 0.03  lr 8.02e-05  depth_std 18.6450
2026-07-26 10:00:46,263 step  450  loss 0.8078  skip 0.03  lr 9.02e-05  depth_std 25.2089
2026-07-26 10:01:04,995 step  500  loss 1.4395  skip 0.03  lr 1.00e-04  depth_std 33.5089
2026-07-26 10:01:23,341 step  550  loss 2.8347  skip 0.04  lr 1.00e-04  depth_std 22.1376
2026-07-26 10:01:40,705 step  600  loss 0.2313  skip 0.04  lr 1.00e-04  depth_std 15.0096
2026-07-26 10:01:57,208 step  650  loss 0.6270  skip 0.04  lr 1.00e-04  depth_std 18.9959
2026-07-26 10:02:15,034 step  700  loss 0.4270  skip 0.05  lr 1.00e-04  depth_std 1.4745
2026-07-26 10:02:30,002 step  750  loss 1.1288  skip 0.05  lr 9.99e-05  depth_std 24.0314
2026-07-26 10:02:48,217 step  800  loss 0.9907  skip 0.05  lr 9.99e-05  depth_std 25.0680
2026-07-26 10:03:02,957 step  850  loss 0.6694  skip 0.06  lr 9.99e-05  depth_std 14.5166
2026-07-26 10:03:18,536 step  900  loss 0.4796  skip 0.06  lr 9.98e-05  depth_std 3.4532
2026-07-26 10:03:35,775 step  950  loss 0.1752  skip 0.06  lr 9.98e-05  depth_std 1.2403
2026-07-26 10:03:52,015 step 1000  loss 0.1841  skip 0.07  lr 9.97e-05  depth_std 1.8285
2026-07-26 10:04:11,521 step 1050  loss 0.7610  skip 0.07  lr 9.96e-05  depth_std 19.0301
2026-07-26 10:04:27,641 step 1100  loss 0.4729  skip 0.07  lr 9.96e-05  depth_std 18.0747
2026-07-26 10:04:44,970 step 1150  loss 1.1746  skip 0.08  lr 9.95e-05  depth_std 22.4660
2026-07-26 10:05:02,363 step 1200  loss 3.7220  skip 0.08  lr 9.94e-05  depth_std 18.4940
2026-07-26 10:05:19,509 step 1250  loss 0.0571  skip 0.08  lr 9.93e-05  depth_std 1.7018
2026-07-26 10:05:36,315 step 1300  loss 0.0482  skip 0.09  lr 9.93e-05  depth_std 1.3614
2026-07-26 10:05:54,142 step 1350  loss 1.4082  skip 0.09  lr 9.92e-05  depth_std 25.3489
2026-07-26 10:06:09,141 step 1400  loss 0.6763  skip 0.09  lr 9.91e-05  depth_std 17.8936
2026-07-26 10:06:25,161 step 1450  loss 2.6386  skip 0.10  lr 9.89e-05  depth_std 28.7062
2026-07-26 10:06:39,583 step 1500  loss 0.3268  skip 0.10  lr 9.88e-05  depth_std 2.2481
2026-07-26 10:06:56,061 step 1550  loss 1.3444  skip 0.10  lr 9.87e-05  depth_std 36.9651
2026-07-26 10:07:10,262 step 1600  loss 0.8267  skip 0.11  lr 9.86e-05  depth_std 29.3193
2026-07-26 10:07:27,064 step 1650  loss 2.2624  skip 0.11  lr 9.85e-05  depth_std 25.0268
2026-07-26 10:07:45,162 step 1700  loss 0.0576  skip 0.11  lr 9.83e-05  depth_std 1.7445
2026-07-26 10:07:59,878 step 1750  loss 0.1160  skip 0.12  lr 9.82e-05  depth_std 3.9730
2026-07-26 10:08:16,209 step 1800  loss 0.7112  skip 0.12  lr 9.80e-05  depth_std 5.7108
2026-07-26 10:08:33,660 step 1850  loss 0.8711  skip 0.12  lr 9.79e-05  depth_std 25.9870
2026-07-26 10:08:51,095 step 1900  loss 0.4508  skip 0.13  lr 9.77e-05  depth_std 19.6156
2026-07-26 10:09:07,565 step 1950  loss 0.4155  skip 0.13  lr 9.76e-05  depth_std 3.0923
2026-07-26 10:09:24,408 step 2000  loss 0.3972  skip 0.13  lr 9.74e-05  depth_std 13.6581
2026-07-26 10:09:41,070 step 2050  loss 0.1678  skip 0.14  lr 9.72e-05  depth_std 11.2599
2026-07-26 10:09:58,358 step 2100  loss 0.9065  skip 0.14  lr 9.70e-05  depth_std 19.5459
2026-07-26 10:10:16,438 step 2150  loss 0.1785  skip 0.14  lr 9.68e-05  depth_std 2.2447
2026-07-26 10:10:31,883 step 2200  loss 0.5754  skip 0.15  lr 9.66e-05  depth_std 24.0212
2026-07-26 10:10:47,817 step 2250  loss 2.1341  skip 0.15  lr 9.64e-05  depth_std 32.0997
2026-07-26 10:11:04,627 step 2300  loss 4.7041  skip 0.15  lr 9.62e-05  depth_std 9.4379
2026-07-26 10:11:22,443 step 2350  loss 1.2764  skip 0.16  lr 9.60e-05  depth_std 25.6121
2026-07-26 10:11:36,426 step 2400  loss 0.4029  skip 0.16  lr 9.58e-05  depth_std 5.0815
2026-07-26 10:11:53,363 step 2450  loss 0.4941  skip 0.16  lr 9.56e-05  depth_std 28.2347
2026-07-26 10:12:08,185 step 2500  loss 6.4179  skip 0.17  lr 9.54e-05  depth_std 34.2165
2026-07-26 10:12:25,330 step 2550  loss 0.3483  skip 0.17  lr 9.51e-05  depth_std 13.1230
2026-07-26 10:12:42,753 step 2600  loss 1.1285  skip 0.17  lr 9.49e-05  depth_std 28.9023
2026-07-26 10:13:01,414 step 2650  loss 0.2013  skip 0.18  lr 9.47e-05  depth_std 5.3267
2026-07-26 10:13:17,245 step 2700  loss 0.5321  skip 0.18  lr 9.44e-05  depth_std 10.5131
2026-07-26 10:13:36,289 step 2750  loss 0.2145  skip 0.18  lr 9.42e-05  depth_std 10.6277
2026-07-26 10:13:50,880 step 2800  loss 0.2678  skip 0.19  lr 9.39e-05  depth_std 16.6390
2026-07-26 10:14:08,143 step 2850  loss 0.6918  skip 0.19  lr 9.37e-05  depth_std 24.3596
2026-07-26 10:14:25,662 step 2900  loss 0.5520  skip 0.19  lr 9.34e-05  depth_std 23.2039
2026-07-26 10:14:41,772 step 2950  loss 0.7043  skip 0.20  lr 9.31e-05  depth_std 20.6813
2026-07-26 10:14:58,436 step 3000  loss 0.9845  skip 0.20  lr 9.28e-05  depth_std 18.1634
2026-07-26 10:15:12,876 step 3050  loss 0.0603  skip 0.20  lr 9.26e-05  depth_std 5.2144
2026-07-26 10:15:30,935 step 3100  loss 0.6363  skip 0.21  lr 9.23e-05  depth_std 17.8622
2026-07-26 10:15:45,124 step 3150  loss 0.5939  skip 0.21  lr 9.20e-05  depth_std 2.9969
2026-07-26 10:16:02,520 step 3200  loss 0.5481  skip 0.21  lr 9.17e-05  depth_std 18.5534
2026-07-26 10:16:18,338 step 3250  loss 0.0811  skip 0.22  lr 9.14e-05  depth_std 2.5637
2026-07-26 10:16:36,269 step 3300  loss 2.2653  skip 0.22  lr 9.11e-05  depth_std 21.6197
2026-07-26 10:16:51,213 step 3350  loss 8.2171  skip 0.22  lr 9.08e-05  depth_std 30.5546
2026-07-26 10:17:08,012 step 3400  loss 0.5651  skip 0.23  lr 9.05e-05  depth_std 17.0392
2026-07-26 10:17:23,417 step 3450  loss 0.5437  skip 0.23  lr 9.01e-05  depth_std 18.1004
2026-07-26 10:17:39,368 step 3500  loss 1.2515  skip 0.23  lr 8.98e-05  depth_std 32.4188
2026-07-26 10:17:55,253 step 3550  loss 0.8300  skip 0.24  lr 8.95e-05  depth_std 24.8401
2026-07-26 10:18:10,513 step 3600  loss 1.4495  skip 0.24  lr 8.91e-05  depth_std 25.2040
2026-07-26 10:18:26,576 step 3650  loss 1.2649  skip 0.24  lr 8.88e-05  depth_std 31.1132
2026-07-26 10:18:42,246 step 3700  loss 0.3480  skip 0.25  lr 8.85e-05  depth_std 3.4203
2026-07-26 10:18:59,649 step 3750  loss 1.1867  skip 0.25  lr 8.81e-05  depth_std 29.3263
2026-07-26 10:19:13,994 step 3800  loss 0.6861  skip 0.25  lr 8.78e-05  depth_std 30.6426
2026-07-26 10:19:30,871 step 3850  loss 0.5731  skip 0.26  lr 8.74e-05  depth_std 22.4115
2026-07-26 10:19:44,488 step 3900  loss 0.2088  skip 0.26  lr 8.70e-05  depth_std 4.5656
2026-07-26 10:20:01,582 step 3950  loss 1.0070  skip 0.26  lr 8.67e-05  depth_std 10.2491
2026-07-26 10:20:15,991 step 4000  loss 0.1288  skip 0.27  lr 8.63e-05  depth_std 4.0488
2026-07-26 10:20:31,741 step 4050  loss 0.4970  skip 0.27  lr 8.59e-05  depth_std 20.8098
2026-07-26 10:20:46,767 step 4100  loss 0.3095  skip 0.27  lr 8.55e-05  depth_std 11.7011
2026-07-26 10:21:00,545 step 4150  loss 2.6114  skip 0.28  lr 8.52e-05  depth_std 10.5421
2026-07-26 10:21:17,832 step 4200  loss 0.0868  skip 0.28  lr 8.48e-05  depth_std 1.8704
2026-07-26 10:21:34,720 step 4250  loss 0.0699  skip 0.28  lr 8.44e-05  depth_std 2.0274
2026-07-26 10:21:51,887 step 4300  loss 0.9697  skip 0.29  lr 8.40e-05  depth_std 7.7940
2026-07-26 10:22:10,613 step 4350  loss 0.1787  skip 0.29  lr 8.36e-05  depth_std 1.6021
2026-07-26 10:22:27,054 step 4400  loss 1.0121  skip 0.29  lr 8.32e-05  depth_std 20.4724
2026-07-26 10:22:43,547 step 4450  loss 1.1885  skip 0.30  lr 8.28e-05  depth_std 19.1536
2026-07-26 10:22:59,462 step 4500  loss 0.8014  skip 0.30  lr 8.24e-05  depth_std 22.2780
2026-07-26 10:23:15,240 step 4550  loss 0.8789  skip 0.30  lr 8.20e-05  depth_std 22.6537
2026-07-26 10:23:31,134 step 4600  loss 1.7687  skip 0.31  lr 8.15e-05  depth_std 31.4638
2026-07-26 10:23:45,989 step 4650  loss 0.3901  skip 0.31  lr 8.11e-05  depth_std 5.7626
2026-07-26 10:24:00,607 step 4700  loss 0.3037  skip 0.31  lr 8.07e-05  depth_std 1.9203
2026-07-26 10:24:16,967 step 4750  loss 0.0675  skip 0.32  lr 8.03e-05  depth_std 1.5860
2026-07-26 10:24:31,660 step 4800  loss 0.0746  skip 0.32  lr 7.98e-05  depth_std 5.2786
2026-07-26 10:24:47,487 step 4850  loss 0.4902  skip 0.32  lr 7.94e-05  depth_std 24.5019
2026-07-26 10:25:03,950 step 4900  loss 4.7423  skip 0.33  lr 7.89e-05  depth_std 22.4707
2026-07-26 10:25:21,199 step 4950  loss 0.0464  skip 0.33  lr 7.85e-05  depth_std 1.5939
2026-07-26 10:25:36,073 step 5000  loss 0.5126  skip 0.33  lr 7.81e-05  depth_std 17.3984
2026-07-26 10:25:51,234 step 5050  loss 0.7182  skip 0.34  lr 7.76e-05  depth_std 27.4715
2026-07-26 10:26:08,405 step 5100  loss 0.4067  skip 0.34  lr 7.72e-05  depth_std 1.8516
2026-07-26 10:26:23,416 step 5150  loss 1.1975  skip 0.34  lr 7.67e-05  depth_std 12.9464
2026-07-26 10:26:42,508 step 5200  loss 1.8733  skip 0.35  lr 7.62e-05  depth_std 21.9078
2026-07-26 10:26:57,301 step 5250  loss 0.5044  skip 0.35  lr 7.58e-05  depth_std 30.2284
2026-07-26 10:27:14,352 step 5300  loss 0.7216  skip 0.35  lr 7.53e-05  depth_std 6.7463
2026-07-26 10:27:28,733 step 5350  loss 2.2785  skip 0.36  lr 7.48e-05  depth_std 18.3031
2026-07-26 10:27:45,319 step 5400  loss 1.1494  skip 0.36  lr 7.44e-05  depth_std 34.2279
2026-07-26 10:28:00,993 step 5450  loss 2.4331  skip 0.36  lr 7.39e-05  depth_std 32.4721
2026-07-26 10:28:14,868 step 5500  loss 0.1749  skip 0.37  lr 7.34e-05  depth_std 2.9434
2026-07-26 10:28:33,647 step 5550  loss 0.2203  skip 0.37  lr 7.29e-05  depth_std 12.9096
2026-07-26 10:28:50,561 step 5600  loss 0.8936  skip 0.37  lr 7.25e-05  depth_std 4.5374
2026-07-26 10:29:10,149 step 5650  loss 3.0812  skip 0.38  lr 7.20e-05  depth_std 17.2250
2026-07-26 10:29:25,349 step 5700  loss 0.0580  skip 0.38  lr 7.15e-05  depth_std 4.1167
2026-07-26 10:29:42,683 step 5750  loss 0.6116  skip 0.38  lr 7.10e-05  depth_std 20.9014
2026-07-26 10:29:56,654 step 5800  loss 1.8435  skip 0.39  lr 7.05e-05  depth_std 3.9944
2026-07-26 10:30:12,877 step 5850  loss 0.7378  skip 0.39  lr 7.00e-05  depth_std 17.4117
2026-07-26 10:30:30,997 step 5900  loss 0.7429  skip 0.39  lr 6.95e-05  depth_std 24.3105
2026-07-26 10:30:47,981 step 5950  loss 0.1502  skip 0.40  lr 6.90e-05  depth_std 1.8040
2026-07-26 10:31:05,251 step 6000  loss 0.6986  skip 0.40  lr 6.85e-05  depth_std 23.7773
2026-07-26 10:31:20,989 step 6050  loss 1.6276  skip 0.40  lr 6.80e-05  depth_std 28.6908
2026-07-26 10:31:36,844 step 6100  loss 0.6435  skip 0.41  lr 6.75e-05  depth_std 6.4517
2026-07-26 10:31:52,357 step 6150  loss 0.6472  skip 0.41  lr 6.70e-05  depth_std 23.1137
2026-07-26 10:32:09,417 step 6200  loss 0.3377  skip 0.41  lr 6.65e-05  depth_std 2.2900
2026-07-26 10:32:24,481 step 6250  loss 0.6316  skip 0.42  lr 6.60e-05  depth_std 21.0105
2026-07-26 10:32:39,429 step 6300  loss 0.1329  skip 0.42  lr 6.55e-05  depth_std 1.2963
2026-07-26 10:32:53,725 step 6350  loss 0.9046  skip 0.42  lr 6.49e-05  depth_std 17.6283
2026-07-26 10:33:09,812 step 6400  loss 0.2730  skip 0.43  lr 6.44e-05  depth_std 16.7307
2026-07-26 10:33:28,219 step 6450  loss 0.7998  skip 0.43  lr 6.39e-05  depth_std 23.7969
2026-07-26 10:33:43,845 step 6500  loss 0.0859  skip 0.43  lr 6.34e-05  depth_std 1.5466
2026-07-26 10:34:01,397 step 6550  loss 0.5816  skip 0.44  lr 6.29e-05  depth_std 13.3896
2026-07-26 10:34:16,915 step 6600  loss 0.6883  skip 0.44  lr 6.23e-05  depth_std 13.5654
2026-07-26 10:34:33,755 step 6650  loss 0.3477  skip 0.44  lr 6.18e-05  depth_std 6.7521
2026-07-26 10:34:48,545 step 6700  loss 1.1628  skip 0.45  lr 6.13e-05  depth_std 17.1335
2026-07-26 10:35:05,715 step 6750  loss 0.7327  skip 0.45  lr 6.07e-05  depth_std 22.3464
2026-07-26 10:35:22,427 step 6800  loss 0.4005  skip 0.45  lr 6.02e-05  depth_std 6.6934
2026-07-26 10:35:37,223 step 6850  loss 1.2593  skip 0.46  lr 5.97e-05  depth_std 27.1463
2026-07-26 10:35:54,878 step 6900  loss 0.8208  skip 0.46  lr 5.92e-05  depth_std 26.1599
2026-07-26 10:36:09,052 step 6950  loss 1.7731  skip 0.46  lr 5.86e-05  depth_std 14.1523
2026-07-26 10:36:27,122 step 7000  loss 5.2203  skip 0.47  lr 5.81e-05  depth_std 25.9253
2026-07-26 10:36:41,241 step 7050  loss 0.3871  skip 0.47  lr 5.76e-05  depth_std 9.3489
2026-07-26 10:36:55,363 step 7100  loss 1.1460  skip 0.47  lr 5.70e-05  depth_std 20.0689
2026-07-26 10:37:11,844 step 7150  loss 0.2944  skip 0.48  lr 5.65e-05  depth_std 7.2319
2026-07-26 10:37:27,370 step 7200  loss 0.5499  skip 0.48  lr 5.59e-05  depth_std 28.5993
2026-07-26 10:37:43,688 step 7250  loss 1.2084  skip 0.48  lr 5.54e-05  depth_std 27.6051
2026-07-26 10:38:00,449 step 7300  loss 0.3198  skip 0.49  lr 5.49e-05  depth_std 28.0301
2026-07-26 10:38:17,565 step 7350  loss 2.1062  skip 0.49  lr 5.43e-05  depth_std 10.4039
2026-07-26 10:38:32,870 step 7400  loss 0.6574  skip 0.49  lr 5.38e-05  depth_std 17.2647
2026-07-26 10:38:49,493 step 7450  loss 0.1041  skip 0.50  lr 5.32e-05  depth_std 2.1419
2026-07-26 10:39:04,523 step 7500  loss 0.4807  skip 0.50  lr 5.27e-05  depth_std 12.0813
2026-07-26 10:39:21,681 step 7550  loss 0.6878  skip 0.50  lr 5.22e-05  depth_std 16.3579
2026-07-26 10:39:37,857 step 7600  loss 0.2856  skip 0.50  lr 5.16e-05  depth_std 29.6686
2026-07-26 10:39:52,506 step 7650  loss 0.2589  skip 0.50  lr 5.11e-05  depth_std 17.6639
2026-07-26 10:40:09,081 step 7700  loss 1.6770  skip 0.50  lr 5.05e-05  depth_std 23.1883
2026-07-26 10:40:25,198 step 7750  loss 0.0843  skip 0.50  lr 5.00e-05  depth_std 6.2389
2026-07-26 10:40:42,739 step 7800  loss 0.3487  skip 0.50  lr 4.95e-05  depth_std 3.1631
2026-07-26 10:40:57,821 step 7850  loss 0.6971  skip 0.50  lr 4.89e-05  depth_std 25.8993
/tmp/tmp6gl0pwtp: line 3: 552186 Segmentation fault      (core dumped) python scripts/train.py --config configs/main_v7.toml --resume work_dirs/v7-init.pt
ERROR conda.cli.main_run:execute(148): `conda run python scripts/train.py --config configs/main_v7.toml --resume work_dirs/v7-init.pt` failed. (See above for error)
2026-07-27 01:56:54,679 work dir: work_dirs/main_v7
2026-07-27 01:56:55,204 resumed from work_dirs/main_v7/latest.pt at step 6000
2026-07-27 01:56:56,158 mixed dataset: 208720 clips from 5 sources (size 256)
2026-07-27 01:56:58,057 step 6000  loss 0.7872  skip 0.40  lr 6.85e-05  depth_std 20.1655
2026-07-27 01:57:11,996 step 6050  loss 0.7990  skip 0.40  lr 6.80e-05  depth_std 26.2281
2026-07-27 01:57:27,215 step 6100  loss 0.5201  skip 0.41  lr 6.75e-05  depth_std 30.4703
2026-07-27 01:57:42,863 step 6150  loss 0.1417  skip 0.41  lr 6.70e-05  depth_std 10.0753
2026-07-27 01:58:00,190 step 6200  loss 0.6669  skip 0.41  lr 6.65e-05  depth_std 28.1702
2026-07-27 01:58:15,716 step 6250  loss 3.6926  skip 0.42  lr 6.60e-05  depth_std 26.1939
2026-07-27 01:58:31,851 step 6300  loss 0.3610  skip 0.42  lr 6.55e-05  depth_std 6.5981
2026-07-27 01:58:48,847 step 6350  loss 1.7640  skip 0.42  lr 6.49e-05  depth_std 15.9144
2026-07-27 01:59:04,049 step 6400  loss 0.3562  skip 0.43  lr 6.44e-05  depth_std 28.0849
2026-07-27 01:59:17,992 step 6450  loss 0.3498  skip 0.43  lr 6.39e-05  depth_std 22.8630
2026-07-27 01:59:34,758 step 6500  loss 0.8207  skip 0.43  lr 6.34e-05  depth_std 11.3320
2026-07-27 01:59:51,860 step 6550  loss 0.1823  skip 0.44  lr 6.29e-05  depth_std 13.2013
2026-07-27 02:00:06,312 step 6600  loss 0.9126  skip 0.44  lr 6.23e-05  depth_std 17.5900
2026-07-27 02:00:23,321 step 6650  loss 0.3688  skip 0.44  lr 6.18e-05  depth_std 8.2725
2026-07-27 02:00:38,179 step 6700  loss 0.8059  skip 0.45  lr 6.13e-05  depth_std 31.3554
2026-07-27 02:00:58,841 step 6750  loss 0.0580  skip 0.45  lr 6.07e-05  depth_std 1.9868
2026-07-27 02:01:14,205 step 6800  loss 1.0703  skip 0.45  lr 6.02e-05  depth_std 26.6640
2026-07-27 02:01:32,359 step 6850  loss 0.5346  skip 0.46  lr 5.97e-05  depth_std 31.1874
2026-07-27 02:01:49,130 step 6900  loss 0.2488  skip 0.46  lr 5.92e-05  depth_std 14.1398
2026-07-27 02:02:04,346 step 6950  loss 0.0481  skip 0.46  lr 5.86e-05  depth_std 1.4859
2026-07-27 02:02:23,724 step 7000  loss 0.1197  skip 0.47  lr 5.81e-05  depth_std 2.1306
2026-07-27 02:02:43,019 step 7050  loss 1.2443  skip 0.47  lr 5.76e-05  depth_std 31.3327
2026-07-27 02:02:58,705 step 7100  loss 1.8907  skip 0.47  lr 5.70e-05  depth_std 35.2696
2026-07-27 02:03:18,846 step 7150  loss 0.5933  skip 0.48  lr 5.65e-05  depth_std 16.8468
2026-07-27 02:03:34,586 step 7200  loss 0.0950  skip 0.48  lr 5.59e-05  depth_std 2.3606
2026-07-27 02:03:54,683 step 7250  loss 0.7311  skip 0.48  lr 5.54e-05  depth_std 26.4837
2026-07-27 02:04:10,468 step 7300  loss 0.1049  skip 0.49  lr 5.49e-05  depth_std 2.1114
2026-07-27 02:04:30,013 step 7350  loss 0.7234  skip 0.49  lr 5.43e-05  depth_std 32.0318
2026-07-27 02:04:49,745 step 7400  loss 0.3907  skip 0.49  lr 5.38e-05  depth_std 13.7745
2026-07-27 02:05:05,006 step 7450  loss 0.3774  skip 0.50  lr 5.32e-05  depth_std 9.8852
2026-07-27 02:05:21,786 step 7500  loss 0.6352  skip 0.50  lr 5.27e-05  depth_std 24.0407
2026-07-27 02:05:43,131 step 7550  loss 1.1009  skip 0.50  lr 5.22e-05  depth_std 19.1968
2026-07-27 02:06:04,996 step 7600  loss 0.6878  skip 0.50  lr 5.16e-05  depth_std 23.3847
2026-07-27 02:06:21,247 step 7650  loss 0.1011  skip 0.50  lr 5.11e-05  depth_std 4.1382
2026-07-27 02:06:43,554 step 7700  loss 0.1016  skip 0.50  lr 5.05e-05  depth_std 5.1276
2026-07-27 02:06:58,312 step 7750  loss 1.0615  skip 0.50  lr 5.00e-05  depth_std 14.0407
2026-07-27 02:07:18,450 step 7800  loss 0.5151  skip 0.50  lr 4.95e-05  depth_std 35.8075
2026-07-27 02:07:34,522 step 7850  loss 3.2904  skip 0.50  lr 4.89e-05  depth_std 29.8330
2026-07-27 02:07:55,029 step 7900  loss 0.1251  skip 0.50  lr 4.84e-05  depth_std 11.4017
2026-07-27 02:08:10,027 step 7950  loss 0.5443  skip 0.50  lr 4.78e-05  depth_std 25.9307
2026-07-27 02:08:31,827 step 8000  loss 0.5357  skip 0.50  lr 4.73e-05  depth_std 4.8196
2026-07-27 02:08:47,671 step 8050  loss 1.0659  skip 0.50  lr 4.68e-05  depth_std 33.6036
2026-07-27 02:09:08,728 step 8100  loss 0.1399  skip 0.50  lr 4.62e-05  depth_std 2.2062
2026-07-27 02:09:28,021 step 8150  loss 0.4331  skip 0.50  lr 4.57e-05  depth_std 26.9237
2026-07-27 02:09:44,133 step 8200  loss 0.3494  skip 0.50  lr 4.51e-05  depth_std 2.8873
2026-07-27 02:10:03,430 step 8250  loss 0.6868  skip 0.50  lr 4.46e-05  depth_std 30.0832
2026-07-27 02:10:21,830 step 8300  loss 1.0966  skip 0.50  lr 4.41e-05  depth_std 23.3563
2026-07-27 02:10:42,302 step 8350  loss 0.9291  skip 0.50  lr 4.35e-05  depth_std 28.2342
2026-07-27 02:10:57,268 step 8400  loss 0.5148  skip 0.50  lr 4.30e-05  depth_std 24.8443
2026-07-27 02:11:14,164 step 8450  loss 1.0841  skip 0.50  lr 4.24e-05  depth_std 35.5247
2026-07-27 02:11:32,702 step 8500  loss 0.0796  skip 0.50  lr 4.19e-05  depth_std 5.2351
2026-07-27 02:11:52,666 step 8550  loss 1.4288  skip 0.50  lr 4.14e-05  depth_std 13.7590
2026-07-27 02:12:08,067 step 8600  loss 0.0827  skip 0.50  lr 4.08e-05  depth_std 2.7418
2026-07-27 02:12:28,456 step 8650  loss 0.0584  skip 0.50  lr 4.03e-05  depth_std 1.5564
2026-07-27 02:12:43,719 step 8700  loss 0.8927  skip 0.50  lr 3.98e-05  depth_std 28.2787
2026-07-27 02:13:05,261 step 8750  loss 0.0819  skip 0.50  lr 3.93e-05  depth_std 1.3629
2026-07-27 02:13:19,661 step 8800  loss 0.4621  skip 0.50  lr 3.87e-05  depth_std 4.0595
2026-07-27 02:13:41,538 step 8850  loss 3.3898  skip 0.50  lr 3.82e-05  depth_std 1.1533
2026-07-27 02:13:57,807 step 8900  loss 0.5219  skip 0.50  lr 3.77e-05  depth_std 30.3035
2026-07-27 02:14:19,923 step 8950  loss 0.8858  skip 0.50  lr 3.71e-05  depth_std 23.2048
2026-07-27 02:14:35,717 step 9000  loss 3.4209  skip 0.50  lr 3.66e-05  depth_std 11.2516
2026-07-27 02:14:54,669 step 9050  loss 0.6963  skip 0.50  lr 3.61e-05  depth_std 26.4167
2026-07-27 02:15:08,935 step 9100  loss 0.6471  skip 0.50  lr 3.56e-05  depth_std 7.7549
2026-07-27 02:15:30,064 step 9150  loss 1.8001  skip 0.50  lr 3.51e-05  depth_std 27.0643
2026-07-27 02:15:44,274 step 9200  loss 0.5513  skip 0.50  lr 3.45e-05  depth_std 6.8877
2026-07-27 02:16:05,598 step 9250  loss 1.5866  skip 0.50  lr 3.40e-05  depth_std 25.3631
2026-07-27 02:16:21,893 step 9300  loss 0.5495  skip 0.50  lr 3.35e-05  depth_std 13.6205
2026-07-27 02:16:43,606 step 9350  loss 1.3943  skip 0.50  lr 3.30e-05  depth_std 26.5992
2026-07-27 02:16:59,357 step 9400  loss 0.0429  skip 0.50  lr 3.25e-05  depth_std 1.4541
2026-07-27 02:17:18,169 step 9450  loss 1.1229  skip 0.50  lr 3.20e-05  depth_std 4.7455
2026-07-27 02:17:32,034 step 9500  loss 0.3199  skip 0.50  lr 3.15e-05  depth_std 17.7006
2026-07-27 02:17:52,136 step 9550  loss 0.8141  skip 0.50  lr 3.10e-05  depth_std 17.8449
2026-07-27 02:18:10,491 step 9600  loss 0.0607  skip 0.50  lr 3.05e-05  depth_std 2.4618
2026-07-27 02:18:28,439 step 9650  loss 0.3162  skip 0.50  lr 3.00e-05  depth_std 16.7173
2026-07-27 02:18:48,033 step 9700  loss 0.7221  skip 0.50  lr 2.95e-05  depth_std 14.5596
2026-07-27 02:19:06,054 step 9750  loss 0.0382  skip 0.50  lr 2.90e-05  depth_std 1.2533
2026-07-27 02:19:26,889 step 9800  loss 2.0831  skip 0.50  lr 2.85e-05  depth_std 30.2211
2026-07-27 02:19:41,206 step 9850  loss 2.1720  skip 0.50  lr 2.80e-05  depth_std 17.9409
2026-07-27 02:20:02,526 step 9900  loss 0.2509  skip 0.50  lr 2.75e-05  depth_std 0.9284
2026-07-27 02:20:17,916 step 9950  loss 0.2519  skip 0.50  lr 2.71e-05  depth_std 14.8408
2026-07-27 02:20:38,353 step 10000  loss 0.5802  skip 0.50  lr 2.66e-05  depth_std 13.6993
2026-07-27 02:20:52,987 step 10050  loss 0.5098  skip 0.50  lr 2.61e-05  depth_std 11.0758
2026-07-27 02:21:11,704 step 10100  loss 0.1279  skip 0.50  lr 2.56e-05  depth_std 1.4270
2026-07-27 02:21:26,406 step 10150  loss 2.8132  skip 0.50  lr 2.52e-05  depth_std 17.3524
2026-07-27 02:21:46,469 step 10200  loss 1.6666  skip 0.50  lr 2.47e-05  depth_std 13.0646
2026-07-27 02:22:04,599 step 10250  loss 1.4448  skip 0.50  lr 2.42e-05  depth_std 22.5303
2026-07-27 02:22:25,783 step 10300  loss 2.5112  skip 0.50  lr 2.38e-05  depth_std 34.7562
2026-07-27 02:22:40,596 step 10350  loss 0.0323  skip 0.50  lr 2.33e-05  depth_std 1.1738
2026-07-27 02:23:01,847 step 10400  loss 0.7362  skip 0.50  lr 2.28e-05  depth_std 29.6042
2026-07-27 02:23:17,134 step 10450  loss 0.3471  skip 0.50  lr 2.24e-05  depth_std 7.6727
2026-07-27 02:23:39,024 step 10500  loss 0.5747  skip 0.50  lr 2.19e-05  depth_std 26.5608
2026-07-27 02:23:53,528 step 10550  loss 0.5809  skip 0.50  lr 2.15e-05  depth_std 13.2557
2026-07-27 02:24:12,736 step 10600  loss 0.1053  skip 0.50  lr 2.11e-05  depth_std 3.3911
2026-07-27 02:24:26,421 step 10650  loss 0.2062  skip 0.50  lr 2.06e-05  depth_std 10.3180
2026-07-27 02:24:46,653 step 10700  loss 0.0424  skip 0.50  lr 2.02e-05  depth_std 1.4908
2026-07-27 02:25:01,305 step 10750  loss 1.4665  skip 0.50  lr 1.97e-05  depth_std 34.9542
2026-07-27 02:25:23,008 step 10800  loss 1.4035  skip 0.50  lr 1.93e-05  depth_std 29.7019
2026-07-27 02:25:45,912 step 10850  loss 0.4867  skip 0.50  lr 1.89e-05  depth_std 4.6094
2026-07-27 02:26:00,554 step 10900  loss 0.6307  skip 0.50  lr 1.85e-05  depth_std 2.1239
2026-07-27 02:26:18,501 step 10950  loss 0.1539  skip 0.50  lr 1.80e-05  depth_std 4.1750
2026-07-27 02:26:38,210 step 11000  loss 1.1029  skip 0.50  lr 1.76e-05  depth_std 26.4266
2026-07-27 02:26:56,635 step 11050  loss 2.4176  skip 0.50  lr 1.72e-05  depth_std 5.3710
2026-07-27 02:27:10,712 step 11100  loss 0.4683  skip 0.50  lr 1.68e-05  depth_std 9.0931
2026-07-27 02:27:27,721 step 11150  loss 0.3817  skip 0.50  lr 1.64e-05  depth_std 12.0539
2026-07-27 02:27:44,871 step 11200  loss 4.4354  skip 0.50  lr 1.60e-05  depth_std 10.1297
2026-07-27 02:28:00,295 step 11250  loss 1.2247  skip 0.50  lr 1.56e-05  depth_std 11.0168
2026-07-27 02:28:19,614 step 11300  loss 0.1910  skip 0.50  lr 1.52e-05  depth_std 7.7950
2026-07-27 02:28:37,246 step 11350  loss 0.4969  skip 0.50  lr 1.48e-05  depth_std 29.4737
2026-07-27 02:28:55,316 step 11400  loss 0.7070  skip 0.50  lr 1.45e-05  depth_std 16.1155
2026-07-27 02:29:11,115 step 11450  loss 2.7070  skip 0.50  lr 1.41e-05  depth_std 33.9865
2026-07-27 02:29:31,911 step 11500  loss 1.0701  skip 0.50  lr 1.37e-05  depth_std 24.7585
2026-07-27 02:29:45,921 step 11550  loss 1.0167  skip 0.50  lr 1.33e-05  depth_std 32.4444
2026-07-27 02:30:05,485 step 11600  loss 0.4840  skip 0.50  lr 1.30e-05  depth_std 17.6526
2026-07-27 02:30:22,365 step 11650  loss 0.4347  skip 0.50  lr 1.26e-05  depth_std 2.2538
2026-07-27 02:30:43,206 step 11700  loss 0.1620  skip 0.50  lr 1.22e-05  depth_std 3.8440
2026-07-27 02:31:01,065 step 11750  loss 0.4995  skip 0.50  lr 1.19e-05  depth_std 36.1208
2026-07-27 02:31:20,977 step 11800  loss 0.3810  skip 0.50  lr 1.15e-05  depth_std 13.1876
2026-07-27 02:31:39,967 step 11850  loss 1.9963  skip 0.50  lr 1.12e-05  depth_std 32.8295
2026-07-27 02:31:57,277 step 11900  loss 0.8599  skip 0.50  lr 1.09e-05  depth_std 12.7828
2026-07-27 02:32:20,055 step 11950  loss 0.0586  skip 0.50  lr 1.05e-05  depth_std 1.7407
2026-07-27 02:32:36,669 step 12000  loss 0.7276  skip 0.50  lr 1.02e-05  depth_std 19.5999
2026-07-27 02:32:56,232 step 12050  loss 0.0989  skip 0.50  lr 9.87e-06  depth_std 4.2944
2026-07-27 02:33:11,879 step 12100  loss 1.5197  skip 0.50  lr 9.55e-06  depth_std 33.0337
2026-07-27 02:33:34,208 step 12150  loss 0.2506  skip 0.50  lr 9.23e-06  depth_std 11.6050
2026-07-27 02:33:49,127 step 12200  loss 0.2610  skip 0.50  lr 8.92e-06  depth_std 16.0584
2026-07-27 02:34:08,160 step 12250  loss 1.1627  skip 0.50  lr 8.62e-06  depth_std 37.2177
2026-07-27 02:34:23,193 step 12300  loss 1.1213  skip 0.50  lr 8.31e-06  depth_std 6.5439
2026-07-27 02:34:42,708 step 12350  loss 0.4638  skip 0.50  lr 8.02e-06  depth_std 23.7745
2026-07-27 02:34:56,861 step 12400  loss 0.7921  skip 0.50  lr 7.73e-06  depth_std 32.0288
2026-07-27 02:35:16,180 step 12450  loss 1.7095  skip 0.50  lr 7.44e-06  depth_std 2.9152
2026-07-27 02:35:31,402 step 12500  loss 2.4131  skip 0.50  lr 7.16e-06  depth_std 9.0903
2026-07-27 02:35:52,909 step 12550  loss 0.1790  skip 0.50  lr 6.88e-06  depth_std 1.2873
2026-07-27 02:36:10,628 step 12600  loss 1.0626  skip 0.50  lr 6.61e-06  depth_std 34.0157
2026-07-27 02:36:30,332 step 12650  loss 0.0824  skip 0.50  lr 6.34e-06  depth_std 7.2337
2026-07-27 02:36:46,511 step 12700  loss 0.6922  skip 0.50  lr 6.08e-06  depth_std 23.8148
2026-07-27 02:37:05,519 step 12750  loss 0.3770  skip 0.50  lr 5.82e-06  depth_std 5.8604
2026-07-27 02:37:21,123 step 12800  loss 0.0579  skip 0.50  lr 5.57e-06  depth_std 3.8960
2026-07-27 02:37:40,612 step 12850  loss 0.1771  skip 0.50  lr 5.33e-06  depth_std 10.5426
2026-07-27 02:37:55,841 step 12900  loss 0.5826  skip 0.50  lr 5.09e-06  depth_std 3.3557
2026-07-27 02:38:15,179 step 12950  loss 0.3301  skip 0.50  lr 4.85e-06  depth_std 4.4991
2026-07-27 02:38:32,488 step 13000  loss 0.6421  skip 0.50  lr 4.62e-06  depth_std 24.3740
2026-07-27 02:38:50,932 step 13050  loss 1.1914  skip 0.50  lr 4.40e-06  depth_std 33.3494
2026-07-27 02:39:05,875 step 13100  loss 0.3656  skip 0.50  lr 4.18e-06  depth_std 2.3745
2026-07-27 02:39:29,089 step 13150  loss 0.0953  skip 0.50  lr 3.96e-06  depth_std 1.0263
2026-07-27 02:39:44,338 step 13200  loss 0.0556  skip 0.50  lr 3.75e-06  depth_std 2.2669
2026-07-27 02:40:03,773 step 13250  loss 2.0937  skip 0.50  lr 3.55e-06  depth_std 9.8574
2026-07-27 02:40:20,910 step 13300  loss 1.3888  skip 0.50  lr 3.35e-06  depth_std 37.9749
2026-07-27 02:40:42,685 step 13350  loss 1.5319  skip 0.50  lr 3.16e-06  depth_std 4.3481
2026-07-27 02:41:00,858 step 13400  loss 2.6470  skip 0.50  lr 2.97e-06  depth_std 27.2783
2026-07-27 02:41:18,965 step 13450  loss 0.4121  skip 0.50  lr 2.79e-06  depth_std 5.2794
2026-07-27 02:41:37,410 step 13500  loss 1.6660  skip 0.50  lr 2.62e-06  depth_std 19.0006
2026-07-27 02:41:54,520 step 13550  loss 0.4681  skip 0.50  lr 2.45e-06  depth_std 6.9804
2026-07-27 02:42:08,877 step 13600  loss 2.5935  skip 0.50  lr 2.28e-06  depth_std 11.3666
2026-07-27 02:42:28,123 step 13650  loss 1.0946  skip 0.50  lr 2.12e-06  depth_std 19.2019
2026-07-27 02:42:42,069 step 13700  loss 0.7747  skip 0.50  lr 1.97e-06  depth_std 22.1707
2026-07-27 02:43:00,522 step 13750  loss 0.7330  skip 0.50  lr 1.82e-06  depth_std 25.7382
2026-07-27 02:43:14,802 step 13800  loss 1.6606  skip 0.50  lr 1.68e-06  depth_std 3.8854
2026-07-27 02:43:36,487 step 13850  loss 0.4692  skip 0.50  lr 1.54e-06  depth_std 19.0510
2026-07-27 02:43:51,534 step 13900  loss 5.3381  skip 0.50  lr 1.41e-06  depth_std 26.6503
2026-07-27 02:44:12,204 step 13950  loss 0.1146  skip 0.50  lr 1.29e-06  depth_std 5.6418
2026-07-27 02:44:26,522 step 14000  loss 0.5586  skip 0.50  lr 1.17e-06  depth_std 19.7097
2026-07-27 02:44:45,911 step 14050  loss 2.3345  skip 0.50  lr 1.06e-06  depth_std 26.6087
2026-07-27 02:45:02,133 step 14100  loss 0.0620  skip 0.50  lr 9.48e-07  depth_std 1.6929
2026-07-27 02:45:21,744 step 14150  loss 0.7258  skip 0.50  lr 8.46e-07  depth_std 24.9811
2026-07-27 02:45:36,609 step 14200  loss 0.0395  skip 0.50  lr 7.49e-07  depth_std 2.3535
2026-07-27 02:45:57,975 step 14250  loss 1.2458  skip 0.50  lr 6.59e-07  depth_std 30.4948
2026-07-27 02:46:12,235 step 14300  loss 1.2568  skip 0.50  lr 5.74e-07  depth_std 29.2116
2026-07-27 02:46:32,909 step 14350  loss 0.0638  skip 0.50  lr 4.95e-07  depth_std 2.2458
2026-07-27 02:46:47,000 step 14400  loss 0.2768  skip 0.50  lr 4.22e-07  depth_std 5.5603
2026-07-27 02:47:05,953 step 14450  loss 1.2984  skip 0.50  lr 3.55e-07  depth_std 30.0501
2026-07-27 02:47:21,341 step 14500  loss 0.2448  skip 0.50  lr 2.93e-07  depth_std 2.3278
2026-07-27 02:47:40,592 step 14550  loss 0.0582  skip 0.50  lr 2.37e-07  depth_std 4.1917
2026-07-27 02:47:57,166 step 14600  loss 0.4666  skip 0.50  lr 1.88e-07  depth_std 28.2292
2026-07-27 02:48:17,203 step 14650  loss 0.4542  skip 0.50  lr 1.44e-07  depth_std 16.7793
2026-07-27 02:48:33,226 step 14700  loss 0.3202  skip 0.50  lr 1.06e-07  depth_std 6.7341
2026-07-27 02:48:51,881 step 14750  loss 1.1815  skip 0.50  lr 7.33e-08  depth_std 35.8492
2026-07-27 02:49:07,873 step 14800  loss 0.2372  skip 0.50  lr 4.69e-08  depth_std 7.6078
2026-07-27 02:49:26,651 step 14850  loss 1.5056  skip 0.50  lr 2.64e-08  depth_std 21.5724
2026-07-27 02:49:46,100 step 14900  loss 1.1056  skip 0.50  lr 1.17e-08  depth_std 16.6814
2026-07-27 02:50:06,362 step 14950  loss 0.2427  skip 0.50  lr 2.93e-09  depth_std 2.9357
2026-07-27 02:50:21,591 saved -> work_dirs/main_v7/latest.pt
