2026-08-29 19:28:00,214 work dir: work_dirs/combined-s0  seed 0  commit 1d4d01a6
2026-08-29 19:28:00,673 partial init from work_dirs/v11-longclip-spread-s0/latest.pt: 7 new tensors kept at init, 0 checkpoint tensors unused
2026-08-29 19:28:01,657 mixed dataset: 208720 clips from 5 sources (size 256)
2026-08-29 19:28:03,776 step    0  loss 3.4096  skip 0.00  lr 2.00e-07  depth_std 28.4354
2026-08-29 19:28:56,328 step   50  loss 2.6096  skip 0.01  lr 1.02e-05  depth_std 11.2021
2026-08-29 19:29:51,174 step  100  loss 3.1252  skip 0.03  lr 2.02e-05  depth_std 42.4448
2026-08-29 19:30:46,426 step  150  loss 6.5667  skip 0.04  lr 3.02e-05  depth_std 1.7243
2026-08-29 19:31:41,271 step  200  loss 7.5290  skip 0.05  lr 4.02e-05  depth_std 11.5682
2026-08-29 19:32:35,411 step  250  loss 4.3073  skip 0.06  lr 5.02e-05  depth_std 6.2949
2026-08-29 19:33:28,927 step  300  loss 2.1957  skip 0.07  lr 6.02e-05  depth_std 14.7415
2026-08-29 19:34:22,024 step  350  loss 2.0060  skip 0.09  lr 7.02e-05  depth_std 10.9214
2026-08-29 19:35:14,750 step  400  loss 4.2627  skip 0.10  lr 8.02e-05  depth_std 17.3770
2026-08-29 19:36:07,132 step  450  loss 2.7618  skip 0.11  lr 9.02e-05  depth_std 8.8050
2026-08-29 19:36:58,889 step  500  loss 4.1407  skip 0.12  lr 1.00e-04  depth_std 24.3866
2026-08-29 19:37:50,032 step  550  loss 3.4331  skip 0.14  lr 9.99e-05  depth_std 30.4655
2026-08-29 19:38:40,669 step  600  loss 2.7641  skip 0.15  lr 9.98e-05  depth_std 28.3476
2026-08-29 19:39:30,786 step  650  loss 4.2525  skip 0.16  lr 9.95e-05  depth_std 10.7578
2026-08-29 19:40:20,546 step  700  loss 2.8749  skip 0.17  lr 9.92e-05  depth_std 34.1044
2026-08-29 19:41:09,957 step  750  loss 2.6767  skip 0.19  lr 9.87e-05  depth_std 24.3639
2026-08-29 19:41:58,804 step  800  loss 2.5896  skip 0.20  lr 9.82e-05  depth_std 0.9975
2026-08-29 19:42:47,037 step  850  loss 1.6922  skip 0.21  lr 9.76e-05  depth_std 2.2483
2026-08-29 19:43:34,724 step  900  loss 1.3827  skip 0.23  lr 9.68e-05  depth_std 1.5105
2026-08-29 19:44:21,946 step  950  loss 4.6039  skip 0.24  lr 9.60e-05  depth_std 14.4751
2026-08-29 19:45:08,776 step 1000  loss 9.0199  skip 0.25  lr 9.50e-05  depth_std 34.2267
2026-08-29 19:45:55,189 step 1050  loss 2.9513  skip 0.26  lr 9.40e-05  depth_std 33.7700
2026-08-29 19:46:41,044 step 1100  loss 2.1385  skip 0.28  lr 9.29e-05  depth_std 26.5466
2026-08-29 19:47:26,443 step 1150  loss 3.2754  skip 0.29  lr 9.17e-05  depth_std 24.7911
2026-08-29 19:48:11,287 step 1200  loss 3.1905  skip 0.30  lr 9.05e-05  depth_std 8.9400
2026-08-29 19:48:55,776 step 1250  loss 2.8636  skip 0.31  lr 8.91e-05  depth_std 6.4739
2026-08-29 19:49:39,693 step 1300  loss 3.9743  skip 0.33  lr 8.77e-05  depth_std 17.7716
2026-08-29 19:50:23,130 step 1350  loss 2.3149  skip 0.34  lr 8.61e-05  depth_std 1.8328
2026-08-29 19:51:06,004 step 1400  loss 3.1018  skip 0.35  lr 8.46e-05  depth_std 16.2457
2026-08-29 19:51:48,378 step 1450  loss 3.8780  skip 0.36  lr 8.29e-05  depth_std 15.2269
2026-08-29 19:52:30,326 step 1500  loss 3.6898  skip 0.38  lr 8.12e-05  depth_std 2.0786
2026-08-29 19:53:11,820 step 1550  loss 4.1958  skip 0.39  lr 7.94e-05  depth_std 17.2871
2026-08-29 19:53:52,685 step 1600  loss 4.8599  skip 0.40  lr 7.75e-05  depth_std 16.6910
2026-08-29 19:54:33,238 step 1650  loss 1.8149  skip 0.41  lr 7.56e-05  depth_std 12.7384
2026-08-29 19:55:13,300 step 1700  loss 3.9760  skip 0.42  lr 7.37e-05  depth_std 7.8520
2026-08-29 19:55:52,720 step 1750  loss 4.5882  skip 0.44  lr 7.17e-05  depth_std 13.8587
2026-08-29 19:56:31,601 step 1800  loss 3.8682  skip 0.45  lr 6.97e-05  depth_std 29.4312
2026-08-29 19:57:09,809 step 1850  loss 4.3549  skip 0.46  lr 6.76e-05  depth_std 34.1417
2026-08-29 19:57:47,665 step 1900  loss 2.1135  skip 0.47  lr 6.55e-05  depth_std 1.8562
2026-08-29 19:58:24,957 step 1950  loss 3.2162  skip 0.49  lr 6.33e-05  depth_std 5.8841
2026-08-29 19:59:01,830 step 2000  loss 4.9136  skip 0.50  lr 6.11e-05  depth_std 17.3326
2026-08-29 19:59:38,575 step 2050  loss 2.8878  skip 0.50  lr 5.89e-05  depth_std 19.3041
2026-08-29 20:00:15,200 step 2100  loss 3.0013  skip 0.50  lr 5.67e-05  depth_std 20.5416
2026-08-29 20:00:51,982 step 2150  loss 1.9768  skip 0.50  lr 5.45e-05  depth_std 12.9454
2026-08-29 20:01:28,708 step 2200  loss 3.4702  skip 0.50  lr 5.22e-05  depth_std 40.7554
2026-08-29 20:02:05,452 step 2250  loss 1.7114  skip 0.50  lr 5.00e-05  depth_std 2.4970
2026-08-29 20:02:42,236 step 2300  loss 2.6448  skip 0.50  lr 4.78e-05  depth_std 35.7542
2026-08-29 20:03:18,970 step 2350  loss 3.2711  skip 0.50  lr 4.55e-05  depth_std 26.6679
2026-08-29 20:03:55,626 step 2400  loss 9.1101  skip 0.50  lr 4.33e-05  depth_std 33.9707
2026-08-29 20:04:32,254 step 2450  loss 6.6392  skip 0.50  lr 4.11e-05  depth_std 20.1536
2026-08-29 20:05:08,820 step 2500  loss 2.6542  skip 0.50  lr 3.89e-05  depth_std 10.5963
2026-08-29 20:05:45,467 step 2550  loss 1.8920  skip 0.50  lr 3.67e-05  depth_std 35.1633
2026-08-29 20:06:21,957 step 2600  loss 8.2298  skip 0.50  lr 3.45e-05  depth_std 2.3476
2026-08-29 20:06:58,603 step 2650  loss 2.7807  skip 0.50  lr 3.24e-05  depth_std 5.1116
2026-08-29 20:07:35,261 step 2700  loss 1.7638  skip 0.50  lr 3.03e-05  depth_std 3.4477
2026-08-29 20:08:11,902 step 2750  loss 1.6118  skip 0.50  lr 2.83e-05  depth_std 9.8810
2026-08-29 20:08:48,622 step 2800  loss 2.1048  skip 0.50  lr 2.63e-05  depth_std 14.0225
2026-08-29 20:09:25,385 step 2850  loss 4.3130  skip 0.50  lr 2.44e-05  depth_std 6.5344
2026-08-29 20:10:02,061 step 2900  loss 3.6306  skip 0.50  lr 2.25e-05  depth_std 13.1461
2026-08-29 20:10:38,725 step 2950  loss 4.1637  skip 0.50  lr 2.06e-05  depth_std 40.6935
2026-08-29 20:11:15,423 step 3000  loss 3.9660  skip 0.50  lr 1.88e-05  depth_std 1.1221
2026-08-29 20:11:52,242 step 3050  loss 3.3432  skip 0.50  lr 1.71e-05  depth_std 8.7134
2026-08-29 20:12:29,014 step 3100  loss 6.5239  skip 0.50  lr 1.54e-05  depth_std 37.8418
2026-08-29 20:13:05,648 step 3150  loss 3.2962  skip 0.50  lr 1.39e-05  depth_std 3.4696
2026-08-29 20:13:42,217 step 3200  loss 2.4971  skip 0.50  lr 1.23e-05  depth_std 3.8947
2026-08-29 20:14:19,000 step 3250  loss 2.7797  skip 0.50  lr 1.09e-05  depth_std 7.8119
2026-08-29 20:14:55,691 step 3300  loss 2.9369  skip 0.50  lr 9.55e-06  depth_std 28.9197
2026-08-29 20:15:32,371 step 3350  loss 2.6987  skip 0.50  lr 8.27e-06  depth_std 28.1623
2026-08-29 20:16:09,024 step 3400  loss 2.5306  skip 0.50  lr 7.08e-06  depth_std 16.0198
2026-08-29 20:16:45,723 step 3450  loss 1.3795  skip 0.50  lr 5.97e-06  depth_std 4.2064
2026-08-29 20:17:22,371 step 3500  loss 3.2569  skip 0.50  lr 4.95e-06  depth_std 1.4810
2026-08-29 20:17:59,184 step 3550  loss 5.5702  skip 0.50  lr 4.02e-06  depth_std 26.1997
2026-08-29 20:18:35,929 step 3600  loss 2.7107  skip 0.50  lr 3.19e-06  depth_std 36.0137
2026-08-29 20:19:12,571 step 3650  loss 3.7404  skip 0.50  lr 2.45e-06  depth_std 1.7733
2026-08-29 20:19:49,122 step 3700  loss 3.5476  skip 0.50  lr 1.80e-06  depth_std 27.3264
2026-08-29 20:20:25,790 step 3750  loss 3.5791  skip 0.50  lr 1.25e-06  depth_std 40.0565
2026-08-29 20:21:02,408 step 3800  loss 2.0221  skip 0.50  lr 8.04e-07  depth_std 2.7167
2026-08-29 20:21:39,284 step 3850  loss 2.1743  skip 0.50  lr 4.53e-07  depth_std 35.6419
2026-08-29 20:22:15,764 step 3900  loss 4.4414  skip 0.50  lr 2.01e-07  depth_std 16.4851
2026-08-29 20:22:52,560 step 3950  loss 3.9914  skip 0.50  lr 5.03e-08  depth_std 38.8851
2026-08-29 20:23:28,726 saved -> work_dirs/combined-s0/latest.pt
