2026-07-30 09:10:16,561 work dir: work_dirs/t0-seed1-bin0.0  seed 1  commit 396d5514
2026-07-30 09:10:17,047 partial init from work_dirs/main_v8/latest.pt: 0 new tensors kept at init, 0 checkpoint tensors unused
2026-07-30 09:10:17,879 mixed dataset: 208720 clips from 5 sources (size 256)
2026-07-30 09:10:20,127 step    0  loss 0.2355  skip 0.00  lr 3.00e-07  depth_std 4.8894
2026-07-30 09:11:06,410 step   50  loss 0.8820  skip 0.01  lr 1.53e-05  depth_std 23.9062
2026-07-30 09:11:57,636 step  100  loss 0.1990  skip 0.01  lr 3.03e-05  depth_std 13.1515
2026-07-30 09:12:49,081 step  150  loss 1.3215  skip 0.02  lr 4.53e-05  depth_std 32.5732
2026-07-30 09:13:40,591 step  200  loss 1.0651  skip 0.03  lr 6.03e-05  depth_std 26.5434
2026-07-30 09:14:32,206 step  250  loss 0.8750  skip 0.03  lr 7.53e-05  depth_std 25.9908
2026-07-30 09:15:23,786 step  300  loss 0.3182  skip 0.04  lr 9.03e-05  depth_std 2.9902
2026-07-30 09:16:15,358 step  350  loss 0.2845  skip 0.04  lr 1.05e-04  depth_std 2.1605
2026-07-30 09:17:06,754 step  400  loss 1.2014  skip 0.05  lr 1.20e-04  depth_std 5.3864
2026-07-30 09:17:57,712 step  450  loss 2.0900  skip 0.06  lr 1.35e-04  depth_std 28.2458
2026-07-30 09:18:48,125 step  500  loss 1.0250  skip 0.06  lr 1.50e-04  depth_std 16.0254
2026-07-30 09:19:38,059 step  550  loss 0.5294  skip 0.07  lr 1.65e-04  depth_std 14.2136
2026-07-30 09:20:27,826 step  600  loss 0.3817  skip 0.07  lr 1.80e-04  depth_std 16.3030
2026-07-30 09:21:17,318 step  650  loss 0.9736  skip 0.08  lr 1.95e-04  depth_std 21.6806
2026-07-30 09:22:06,553 step  700  loss 0.4959  skip 0.09  lr 2.10e-04  depth_std 26.2209
2026-07-30 09:22:55,640 step  750  loss 0.9929  skip 0.09  lr 2.25e-04  depth_std 14.4018
2026-07-30 09:23:44,857 step  800  loss 0.6001  skip 0.10  lr 2.40e-04  depth_std 8.5453
2026-07-30 09:24:33,801 step  850  loss 0.6532  skip 0.11  lr 2.55e-04  depth_std 5.9947
2026-07-30 09:25:22,565 step  900  loss 0.1767  skip 0.11  lr 2.70e-04  depth_std 5.3968
2026-07-30 09:26:11,073 step  950  loss 1.0893  skip 0.12  lr 2.85e-04  depth_std 32.1830
2026-07-30 09:26:59,175 step 1000  loss 2.7732  skip 0.12  lr 3.00e-04  depth_std 9.9629
2026-07-30 09:27:47,225 step 1050  loss 0.9628  skip 0.13  lr 3.00e-04  depth_std 12.1960
2026-07-30 09:28:34,897 step 1100  loss 0.2159  skip 0.14  lr 3.00e-04  depth_std 1.3758
2026-07-30 09:29:22,244 step 1150  loss 0.3501  skip 0.14  lr 3.00e-04  depth_std 3.1164
2026-07-30 09:30:09,534 step 1200  loss 0.2512  skip 0.15  lr 2.99e-04  depth_std 1.6849
2026-07-30 09:30:56,266 step 1250  loss 1.3764  skip 0.16  lr 2.99e-04  depth_std 8.3904
2026-07-30 09:31:42,950 step 1300  loss 1.0297  skip 0.16  lr 2.99e-04  depth_std 21.2950
2026-07-30 09:32:29,294 step 1350  loss 0.1804  skip 0.17  lr 2.98e-04  depth_std 3.1966
2026-07-30 09:33:15,609 step 1400  loss 0.2934  skip 0.17  lr 2.98e-04  depth_std 3.3449
2026-07-30 09:34:01,584 step 1450  loss 0.4156  skip 0.18  lr 2.97e-04  depth_std 4.0323
2026-07-30 09:34:47,331 step 1500  loss 0.4829  skip 0.19  lr 2.96e-04  depth_std 3.0258
2026-07-30 09:35:32,802 step 1550  loss 0.9022  skip 0.19  lr 2.95e-04  depth_std 26.9422
2026-07-30 09:36:18,006 step 1600  loss 0.0937  skip 0.20  lr 2.95e-04  depth_std 3.5277
2026-07-30 09:37:02,870 step 1650  loss 0.3011  skip 0.21  lr 2.94e-04  depth_std 14.4260
2026-07-30 09:37:47,485 step 1700  loss 0.2585  skip 0.21  lr 2.93e-04  depth_std 6.1336
2026-07-30 09:38:31,833 step 1750  loss 1.0771  skip 0.22  lr 2.92e-04  depth_std 13.4392
2026-07-30 09:39:16,058 step 1800  loss 0.6886  skip 0.23  lr 2.90e-04  depth_std 22.6028
2026-07-30 09:40:00,092 step 1850  loss 2.5886  skip 0.23  lr 2.89e-04  depth_std 9.7414
2026-07-30 09:40:43,889 step 1900  loss 3.4210  skip 0.24  lr 2.88e-04  depth_std 12.9853
2026-07-30 09:41:27,206 step 1950  loss 0.6381  skip 0.24  lr 2.87e-04  depth_std 2.9512
2026-07-30 09:42:10,325 step 2000  loss 0.3213  skip 0.25  lr 2.85e-04  depth_std 6.6229
2026-07-30 09:42:53,208 step 2050  loss 0.7069  skip 0.26  lr 2.84e-04  depth_std 4.7883
2026-07-30 09:43:35,946 step 2100  loss 1.3677  skip 0.26  lr 2.82e-04  depth_std 19.8045
2026-07-30 09:44:18,526 step 2150  loss 0.2026  skip 0.27  lr 2.80e-04  depth_std 3.7262
2026-07-30 09:45:00,850 step 2200  loss 1.4615  skip 0.28  lr 2.79e-04  depth_std 14.3457
2026-07-30 09:45:42,885 step 2250  loss 1.6243  skip 0.28  lr 2.77e-04  depth_std 10.1676
2026-07-30 09:46:24,560 step 2300  loss 0.2372  skip 0.29  lr 2.75e-04  depth_std 6.2896
2026-07-30 09:47:05,926 step 2350  loss 0.2463  skip 0.29  lr 2.73e-04  depth_std 1.6053
2026-07-30 09:47:47,194 step 2400  loss 1.2083  skip 0.30  lr 2.71e-04  depth_std 25.9098
2026-07-30 09:48:28,144 step 2450  loss 0.5574  skip 0.31  lr 2.69e-04  depth_std 28.3328
2026-07-30 09:49:08,945 step 2500  loss 0.8454  skip 0.31  lr 2.67e-04  depth_std 9.5921
2026-07-30 09:49:49,611 step 2550  loss 0.3864  skip 0.32  lr 2.65e-04  depth_std 1.8467
2026-07-30 09:50:30,030 step 2600  loss 0.7458  skip 0.33  lr 2.63e-04  depth_std 15.4550
2026-07-30 09:51:10,128 step 2650  loss 0.6062  skip 0.33  lr 2.61e-04  depth_std 12.1889
2026-07-30 09:51:49,956 step 2700  loss 0.4439  skip 0.34  lr 2.58e-04  depth_std 10.2883
2026-07-30 09:52:29,639 step 2750  loss 0.8767  skip 0.34  lr 2.56e-04  depth_std 4.1189
2026-07-30 09:53:09,104 step 2800  loss 0.8845  skip 0.35  lr 2.54e-04  depth_std 14.5681
2026-07-30 09:53:48,084 step 2850  loss 0.3824  skip 0.36  lr 2.51e-04  depth_std 4.9665
2026-07-30 09:54:27,025 step 2900  loss 1.4390  skip 0.36  lr 2.49e-04  depth_std 24.6112
2026-07-30 09:55:05,716 step 2950  loss 1.1932  skip 0.37  lr 2.46e-04  depth_std 6.4163
2026-07-30 09:55:44,045 step 3000  loss 0.4051  skip 0.38  lr 2.44e-04  depth_std 1.8493
2026-07-30 09:56:22,152 step 3050  loss 0.8213  skip 0.38  lr 2.41e-04  depth_std 8.9770
2026-07-30 09:56:59,991 step 3100  loss 0.2099  skip 0.39  lr 2.38e-04  depth_std 1.5272
2026-07-30 09:57:37,544 step 3150  loss 1.1207  skip 0.39  lr 2.35e-04  depth_std 20.2198
2026-07-30 09:58:14,973 step 3200  loss 1.0509  skip 0.40  lr 2.33e-04  depth_std 8.9333
2026-07-30 09:58:51,977 step 3250  loss 0.5520  skip 0.41  lr 2.30e-04  depth_std 20.1494
2026-07-30 09:59:28,807 step 3300  loss 1.7710  skip 0.41  lr 2.27e-04  depth_std 15.8366
2026-07-30 10:00:05,552 step 3350  loss 0.2830  skip 0.42  lr 2.24e-04  depth_std 2.9376
2026-07-30 10:00:41,892 step 3400  loss 0.3976  skip 0.42  lr 2.21e-04  depth_std 5.0278
2026-07-30 10:01:18,072 step 3450  loss 0.6191  skip 0.43  lr 2.18e-04  depth_std 4.0985
2026-07-30 10:01:53,891 step 3500  loss 0.1786  skip 0.44  lr 2.15e-04  depth_std 1.5856
2026-07-30 10:02:29,745 step 3550  loss 0.4958  skip 0.44  lr 2.12e-04  depth_std 8.7665
2026-07-30 10:03:05,174 step 3600  loss 0.4408  skip 0.45  lr 2.09e-04  depth_std 10.3785
2026-07-30 10:03:40,374 step 3650  loss 0.8622  skip 0.46  lr 2.06e-04  depth_std 28.7740
2026-07-30 10:04:15,255 step 3700  loss 1.5143  skip 0.46  lr 2.03e-04  depth_std 24.2605
2026-07-30 10:04:49,927 step 3750  loss 0.0637  skip 0.47  lr 2.00e-04  depth_std 1.9925
2026-07-30 10:05:24,135 step 3800  loss 0.3715  skip 0.47  lr 1.96e-04  depth_std 12.2002
2026-07-30 10:05:58,244 step 3850  loss 0.9161  skip 0.48  lr 1.93e-04  depth_std 23.8308
2026-07-30 10:06:32,050 step 3900  loss 1.4191  skip 0.49  lr 1.90e-04  depth_std 19.9886
2026-07-30 10:07:05,730 step 3950  loss 1.0789  skip 0.49  lr 1.87e-04  depth_std 25.2575
2026-07-30 10:07:39,149 step 4000  loss 0.1706  skip 0.50  lr 1.83e-04  depth_std 10.9279
2026-07-30 10:08:12,335 step 4050  loss 1.0540  skip 0.50  lr 1.80e-04  depth_std 30.2601
2026-07-30 10:08:45,740 step 4100  loss 0.3129  skip 0.50  lr 1.77e-04  depth_std 9.4491
2026-07-30 10:09:18,996 step 4150  loss 0.6318  skip 0.50  lr 1.73e-04  depth_std 21.7291
2026-07-30 10:09:52,230 step 4200  loss 0.5233  skip 0.50  lr 1.70e-04  depth_std 3.5116
2026-07-30 10:10:25,511 step 4250  loss 0.9313  skip 0.50  lr 1.67e-04  depth_std 7.4337
2026-07-30 10:10:58,573 step 4300  loss 0.8522  skip 0.50  lr 1.63e-04  depth_std 27.7202
2026-07-30 10:11:31,812 step 4350  loss 0.6368  skip 0.50  lr 1.60e-04  depth_std 28.9212
2026-07-30 10:12:05,041 step 4400  loss 1.0870  skip 0.50  lr 1.57e-04  depth_std 29.7634
2026-07-30 10:12:38,338 step 4450  loss 0.4455  skip 0.50  lr 1.53e-04  depth_std 10.8230
2026-07-30 10:13:11,559 step 4500  loss 0.2154  skip 0.50  lr 1.50e-04  depth_std 1.5304
2026-07-30 10:13:44,704 step 4550  loss 4.1928  skip 0.50  lr 1.47e-04  depth_std 13.9742
2026-07-30 10:14:17,827 step 4600  loss 2.5190  skip 0.50  lr 1.43e-04  depth_std 32.0505
2026-07-30 10:14:51,105 step 4650  loss 0.1913  skip 0.50  lr 1.40e-04  depth_std 1.2468
2026-07-30 10:15:24,351 step 4700  loss 2.3574  skip 0.50  lr 1.37e-04  depth_std 13.4569
2026-07-30 10:15:57,500 step 4750  loss 0.8026  skip 0.50  lr 1.33e-04  depth_std 2.4542
2026-07-30 10:16:30,726 step 4800  loss 0.3216  skip 0.50  lr 1.30e-04  depth_std 7.7487
2026-07-30 10:17:03,795 step 4850  loss 2.9721  skip 0.50  lr 1.27e-04  depth_std 15.8992
2026-07-30 10:17:36,995 step 4900  loss 0.3486  skip 0.50  lr 1.23e-04  depth_std 4.3118
2026-07-30 10:18:10,126 step 4950  loss 0.8396  skip 0.50  lr 1.20e-04  depth_std 25.4122
2026-07-30 10:18:43,286 step 5000  loss 0.6486  skip 0.50  lr 1.17e-04  depth_std 10.7181
2026-07-30 10:19:16,402 step 5050  loss 0.1596  skip 0.50  lr 1.13e-04  depth_std 1.3852
2026-07-30 10:19:49,667 step 5100  loss 0.9582  skip 0.50  lr 1.10e-04  depth_std 8.2997
2026-07-30 10:20:22,780 step 5150  loss 0.7477  skip 0.50  lr 1.07e-04  depth_std 31.1058
2026-07-30 10:20:56,078 step 5200  loss 0.3561  skip 0.50  lr 1.04e-04  depth_std 8.8948
2026-07-30 10:21:29,120 step 5250  loss 0.2015  skip 0.50  lr 1.00e-04  depth_std 4.7142
2026-07-30 10:22:02,282 step 5300  loss 2.0040  skip 0.50  lr 9.73e-05  depth_std 12.4471
2026-07-30 10:22:35,409 step 5350  loss 1.8767  skip 0.50  lr 9.42e-05  depth_std 27.2672
2026-07-30 10:23:08,652 step 5400  loss 0.4304  skip 0.50  lr 9.10e-05  depth_std 22.7589
2026-07-30 10:23:41,883 step 5450  loss 0.7267  skip 0.50  lr 8.80e-05  depth_std 1.4209
2026-07-30 10:24:15,113 step 5500  loss 0.6794  skip 0.50  lr 8.49e-05  depth_std 28.7436
2026-07-30 10:24:48,372 step 5550  loss 0.5992  skip 0.50  lr 8.19e-05  depth_std 15.2066
2026-07-30 10:25:21,625 step 5600  loss 0.4869  skip 0.50  lr 7.89e-05  depth_std 18.5627
2026-07-30 10:25:54,865 step 5650  loss 0.6596  skip 0.50  lr 7.60e-05  depth_std 3.5459
2026-07-30 10:26:27,961 step 5700  loss 0.3215  skip 0.50  lr 7.31e-05  depth_std 25.9699
2026-07-30 10:27:01,123 step 5750  loss 0.1182  skip 0.50  lr 7.02e-05  depth_std 1.6264
2026-07-30 10:27:34,396 step 5800  loss 1.0666  skip 0.50  lr 6.74e-05  depth_std 13.5888
2026-07-30 10:28:07,625 step 5850  loss 0.5400  skip 0.50  lr 6.46e-05  depth_std 27.6290
2026-07-30 10:28:40,765 step 5900  loss 1.2975  skip 0.50  lr 6.18e-05  depth_std 4.6725
2026-07-30 10:29:14,022 step 5950  loss 0.1045  skip 0.50  lr 5.91e-05  depth_std 4.4318
2026-07-30 10:29:47,291 step 6000  loss 1.0948  skip 0.50  lr 5.65e-05  depth_std 13.4538
2026-07-30 10:30:20,500 step 6050  loss 1.0069  skip 0.50  lr 5.39e-05  depth_std 7.5252
2026-07-30 10:30:53,576 step 6100  loss 0.1266  skip 0.50  lr 5.13e-05  depth_std 1.3628
2026-07-30 10:31:26,768 step 6150  loss 0.2960  skip 0.50  lr 4.88e-05  depth_std 6.3935
2026-07-30 10:32:00,122 step 6200  loss 0.1804  skip 0.50  lr 4.63e-05  depth_std 4.5275
2026-07-30 10:32:33,432 step 6250  loss 1.0669  skip 0.50  lr 4.39e-05  depth_std 22.7692
2026-07-30 10:33:06,705 step 6300  loss 0.6974  skip 0.50  lr 4.16e-05  depth_std 2.5362
2026-07-30 10:33:39,922 step 6350  loss 0.1259  skip 0.50  lr 3.93e-05  depth_std 6.3812
2026-07-30 10:34:13,182 step 6400  loss 1.0231  skip 0.50  lr 3.70e-05  depth_std 23.7815
2026-07-30 10:34:46,420 step 6450  loss 1.8624  skip 0.50  lr 3.49e-05  depth_std 7.3639
2026-07-30 10:35:19,629 step 6500  loss 0.7825  skip 0.50  lr 3.27e-05  depth_std 16.9572
2026-07-30 10:35:52,945 step 6550  loss 0.6289  skip 0.50  lr 3.07e-05  depth_std 26.2756
2026-07-30 10:36:26,262 step 6600  loss 1.3149  skip 0.50  lr 2.86e-05  depth_std 33.1953
2026-07-30 10:36:59,469 step 6650  loss 0.5889  skip 0.50  lr 2.67e-05  depth_std 27.4131
2026-07-30 10:37:32,521 step 6700  loss 0.4785  skip 0.50  lr 2.48e-05  depth_std 24.4351
2026-07-30 10:38:05,762 step 6750  loss 0.7653  skip 0.50  lr 2.30e-05  depth_std 14.7808
2026-07-30 10:38:38,826 step 6800  loss 0.0563  skip 0.50  lr 2.12e-05  depth_std 4.7354
2026-07-30 10:39:12,061 step 6850  loss 0.4380  skip 0.50  lr 1.95e-05  depth_std 11.7261
2026-07-30 10:39:45,199 step 6900  loss 0.2319  skip 0.50  lr 1.79e-05  depth_std 5.3230
2026-07-30 10:40:18,448 step 6950  loss 0.6194  skip 0.50  lr 1.63e-05  depth_std 24.9101
2026-07-30 10:40:51,685 step 7000  loss 0.2424  skip 0.50  lr 1.49e-05  depth_std 1.8323
2026-07-30 10:41:25,007 step 7050  loss 0.7333  skip 0.50  lr 1.34e-05  depth_std 2.1235
2026-07-30 10:41:58,249 step 7100  loss 1.0644  skip 0.50  lr 1.21e-05  depth_std 21.8247
2026-07-30 10:42:31,413 step 7150  loss 0.1759  skip 0.50  lr 1.08e-05  depth_std 1.8250
2026-07-30 10:43:04,667 step 7200  loss 0.3953  skip 0.50  lr 9.56e-06  depth_std 25.2378
2026-07-30 10:43:37,929 step 7250  loss 0.6170  skip 0.50  lr 8.42e-06  depth_std 14.3288
2026-07-30 10:44:11,118 step 7300  loss 0.8682  skip 0.50  lr 7.34e-06  depth_std 19.8066
2026-07-30 10:44:44,260 step 7350  loss 0.8151  skip 0.50  lr 6.34e-06  depth_std 25.9742
2026-07-30 10:45:17,588 step 7400  loss 0.3459  skip 0.50  lr 5.41e-06  depth_std 5.1536
2026-07-30 10:45:50,831 step 7450  loss 0.7497  skip 0.50  lr 4.55e-06  depth_std 12.1629
2026-07-30 10:46:24,029 step 7500  loss 1.1036  skip 0.50  lr 3.76e-06  depth_std 5.7738
2026-07-30 10:46:57,218 step 7550  loss 0.5695  skip 0.50  lr 3.05e-06  depth_std 10.3952
2026-07-30 10:47:30,289 step 7600  loss 1.5421  skip 0.50  lr 2.41e-06  depth_std 29.0614
2026-07-30 10:48:03,599 step 7650  loss 1.1854  skip 0.50  lr 1.85e-06  depth_std 13.4840
2026-07-30 10:48:36,811 step 7700  loss 0.2625  skip 0.50  lr 1.36e-06  depth_std 2.4695
2026-07-30 10:49:10,104 step 7750  loss 1.4660  skip 0.50  lr 9.43e-07  depth_std 26.7797
2026-07-30 10:49:43,316 step 7800  loss 1.3446  skip 0.50  lr 6.04e-07  depth_std 3.3496
2026-07-30 10:50:16,479 step 7850  loss 0.4619  skip 0.50  lr 3.40e-07  depth_std 5.1538
2026-07-30 10:50:49,581 step 7900  loss 0.2702  skip 0.50  lr 1.51e-07  depth_std 6.4196
2026-07-30 10:51:22,897 step 7950  loss 0.1948  skip 0.50  lr 3.78e-08  depth_std 1.7710
2026-07-30 10:51:55,542 saved -> work_dirs/t0-seed1-bin0.0/latest.pt
