2026-08-29 07:27:25,317 work dir: work_dirs/e3-dynamic-s0  seed 0  commit 1d4d01a6
2026-08-29 07:27:25,741 partial init from work_dirs/v11-longclip-spread-s0/latest.pt: 1 new tensors kept at init, 0 checkpoint tensors unused
2026-08-29 07:27:26,581 mixed dataset: 208720 clips from 5 sources (size 256)
2026-08-29 07:27:28,612 step    0  loss 2.8196  skip 0.00  lr 2.00e-07  depth_std 29.5725
2026-08-29 07:28:21,086 step   50  loss 2.2787  skip 0.01  lr 1.02e-05  depth_std 7.8421
2026-08-29 07:29:15,778 step  100  loss 3.0181  skip 0.03  lr 2.02e-05  depth_std 14.2523
2026-08-29 07:30:10,541 step  150  loss 1.7280  skip 0.04  lr 3.02e-05  depth_std 21.0635
2026-08-29 07:31:05,142 step  200  loss 1.2997  skip 0.05  lr 4.02e-05  depth_std 20.9236
2026-08-29 07:31:59,206 step  250  loss 2.6497  skip 0.06  lr 5.02e-05  depth_std 29.2310
2026-08-29 07:32:52,506 step  300  loss 2.9682  skip 0.07  lr 6.02e-05  depth_std 34.4657
2026-08-29 07:33:45,290 step  350  loss 0.6187  skip 0.09  lr 7.02e-05  depth_std 1.9084
2026-08-29 07:34:37,772 step  400  loss 3.2684  skip 0.10  lr 8.02e-05  depth_std 40.8267
2026-08-29 07:35:29,883 step  450  loss 0.7848  skip 0.11  lr 9.02e-05  depth_std 0.6348
2026-08-29 07:36:21,516 step  500  loss 2.4484  skip 0.12  lr 1.00e-04  depth_std 22.8349
2026-08-29 07:37:12,312 step  550  loss 3.6932  skip 0.14  lr 9.99e-05  depth_std 11.5830
2026-08-29 07:38:02,632 step  600  loss 2.7089  skip 0.15  lr 9.98e-05  depth_std 1.6199
2026-08-29 07:38:52,524 step  650  loss 2.5592  skip 0.16  lr 9.95e-05  depth_std 3.6448
2026-08-29 07:39:42,101 step  700  loss 2.4624  skip 0.17  lr 9.92e-05  depth_std 40.5022
2026-08-29 07:40:31,029 step  750  loss 1.4247  skip 0.19  lr 9.87e-05  depth_std 27.6054
2026-08-29 07:41:19,622 step  800  loss 3.0648  skip 0.20  lr 9.82e-05  depth_std 3.2371
2026-08-29 07:42:07,623 step  850  loss 2.1703  skip 0.21  lr 9.76e-05  depth_std 0.7670
2026-08-29 07:42:55,192 step  900  loss 2.1136  skip 0.23  lr 9.68e-05  depth_std 23.9834
2026-08-29 07:43:42,301 step  950  loss 1.9275  skip 0.24  lr 9.60e-05  depth_std 3.1976
2026-08-29 07:44:28,821 step 1000  loss 3.4252  skip 0.25  lr 9.50e-05  depth_std 31.5736
2026-08-29 07:45:14,796 step 1050  loss 1.6072  skip 0.26  lr 9.40e-05  depth_std 2.3344
2026-08-29 07:46:00,344 step 1100  loss 2.0817  skip 0.28  lr 9.29e-05  depth_std 39.4245
2026-08-29 07:46:45,255 step 1150  loss 1.5458  skip 0.29  lr 9.17e-05  depth_std 33.0370
2026-08-29 07:47:29,744 step 1200  loss 3.3605  skip 0.30  lr 9.05e-05  depth_std 32.7321
2026-08-29 07:48:13,790 step 1250  loss 2.5679  skip 0.31  lr 8.91e-05  depth_std 10.8766
2026-08-29 07:48:57,541 step 1300  loss 2.3077  skip 0.33  lr 8.77e-05  depth_std 7.9527
2026-08-29 07:49:40,577 step 1350  loss 1.5618  skip 0.34  lr 8.61e-05  depth_std 1.4565
2026-08-29 07:50:23,318 step 1400  loss 3.0132  skip 0.35  lr 8.46e-05  depth_std 28.2185
2026-08-29 07:51:05,637 step 1450  loss 2.6237  skip 0.36  lr 8.29e-05  depth_std 15.3165
2026-08-29 07:51:47,351 step 1500  loss 1.7749  skip 0.38  lr 8.12e-05  depth_std 28.7608
2026-08-29 07:52:28,608 step 1550  loss 3.3876  skip 0.39  lr 7.94e-05  depth_std 8.5072
2026-08-29 07:53:09,276 step 1600  loss 2.1394  skip 0.40  lr 7.75e-05  depth_std 11.5462
2026-08-29 07:53:49,404 step 1650  loss 4.3184  skip 0.41  lr 7.56e-05  depth_std 11.3100
2026-08-29 07:54:29,037 step 1700  loss 1.8289  skip 0.42  lr 7.37e-05  depth_std 5.0989
2026-08-29 07:55:08,093 step 1750  loss 3.1307  skip 0.44  lr 7.17e-05  depth_std 5.3050
2026-08-29 07:55:46,635 step 1800  loss 3.6321  skip 0.45  lr 6.97e-05  depth_std 26.2905
2026-08-29 07:56:24,662 step 1850  loss 2.4188  skip 0.46  lr 6.76e-05  depth_std 10.3206
2026-08-29 07:57:02,020 step 1900  loss 2.8623  skip 0.47  lr 6.55e-05  depth_std 29.0112
2026-08-29 07:57:39,181 step 1950  loss 4.4791  skip 0.49  lr 6.33e-05  depth_std 35.3905
2026-08-29 07:58:15,825 step 2000  loss 2.0927  skip 0.50  lr 6.11e-05  depth_std 24.6043
2026-08-29 07:58:52,262 step 2050  loss 3.5261  skip 0.50  lr 5.89e-05  depth_std 5.6159
2026-08-29 07:59:28,711 step 2100  loss 3.5949  skip 0.50  lr 5.67e-05  depth_std 54.5803
2026-08-29 08:00:05,187 step 2150  loss 2.6500  skip 0.50  lr 5.45e-05  depth_std 2.5639
2026-08-29 08:00:41,559 step 2200  loss 2.6022  skip 0.50  lr 5.22e-05  depth_std 8.7229
2026-08-29 08:01:18,065 step 2250  loss 2.1808  skip 0.50  lr 5.00e-05  depth_std 3.6046
2026-08-29 08:01:54,324 step 2300  loss 2.8800  skip 0.50  lr 4.78e-05  depth_std 28.1954
2026-08-29 08:02:30,718 step 2350  loss 4.8297  skip 0.50  lr 4.55e-05  depth_std 7.0230
2026-08-29 08:03:07,045 step 2400  loss 2.0320  skip 0.50  lr 4.33e-05  depth_std 1.8741
2026-08-29 08:03:43,413 step 2450  loss 2.0777  skip 0.50  lr 4.11e-05  depth_std 1.2170
2026-08-29 08:04:19,708 step 2500  loss 3.6166  skip 0.50  lr 3.89e-05  depth_std 37.4703
2026-08-29 08:04:56,017 step 2550  loss 0.7004  skip 0.50  lr 3.67e-05  depth_std 1.8253
2026-08-29 08:05:32,503 step 2600  loss 1.4207  skip 0.50  lr 3.45e-05  depth_std 1.6506
2026-08-29 08:06:08,946 step 2650  loss 2.7240  skip 0.50  lr 3.24e-05  depth_std 8.7743
2026-08-29 08:06:45,498 step 2700  loss 1.9502  skip 0.50  lr 3.03e-05  depth_std 17.8195
2026-08-29 08:07:21,923 step 2750  loss 2.3252  skip 0.50  lr 2.83e-05  depth_std 34.6820
2026-08-29 08:07:58,285 step 2800  loss 2.4479  skip 0.50  lr 2.63e-05  depth_std 1.8935
2026-08-29 08:08:34,793 step 2850  loss 0.9904  skip 0.50  lr 2.44e-05  depth_std 1.3312
2026-08-29 08:09:11,183 step 2900  loss 2.4337  skip 0.50  lr 2.25e-05  depth_std 5.8360
2026-08-29 08:09:47,601 step 2950  loss 3.4957  skip 0.50  lr 2.06e-05  depth_std 21.1960
2026-08-29 08:10:24,163 step 3000  loss 4.7928  skip 0.50  lr 1.88e-05  depth_std 5.3331
2026-08-29 08:11:00,570 step 3050  loss 2.2083  skip 0.50  lr 1.71e-05  depth_std 31.0578
2026-08-29 08:11:37,004 step 3100  loss 4.9399  skip 0.50  lr 1.54e-05  depth_std 2.1313
2026-08-29 08:12:13,248 step 3150  loss 2.5829  skip 0.50  lr 1.39e-05  depth_std 7.1622
2026-08-29 08:12:49,724 step 3200  loss 2.7325  skip 0.50  lr 1.23e-05  depth_std 9.4669
2026-08-29 08:13:26,106 step 3250  loss 0.8309  skip 0.50  lr 1.09e-05  depth_std 1.5871
2026-08-29 08:14:02,469 step 3300  loss 1.6708  skip 0.50  lr 9.55e-06  depth_std 23.9726
2026-08-29 08:14:38,783 step 3350  loss 0.8415  skip 0.50  lr 8.27e-06  depth_std 1.5452
2026-08-29 08:15:15,145 step 3400  loss 1.7052  skip 0.50  lr 7.08e-06  depth_std 28.4097
2026-08-29 08:15:51,649 step 3450  loss 1.9115  skip 0.50  lr 5.97e-06  depth_std 2.0317
2026-08-29 08:16:28,086 step 3500  loss 2.1198  skip 0.50  lr 4.95e-06  depth_std 30.5954
2026-08-29 08:17:04,380 step 3550  loss 0.6792  skip 0.50  lr 4.02e-06  depth_std 5.9148
2026-08-29 08:17:40,718 step 3600  loss 1.8296  skip 0.50  lr 3.19e-06  depth_std 33.3404
2026-08-29 08:18:17,005 step 3650  loss 2.2733  skip 0.50  lr 2.45e-06  depth_std 17.7544
2026-08-29 08:18:53,378 step 3700  loss 1.4685  skip 0.50  lr 1.80e-06  depth_std 33.3379
2026-08-29 08:19:29,848 step 3750  loss 5.0180  skip 0.50  lr 1.25e-06  depth_std 33.2401
2026-08-29 08:20:06,234 step 3800  loss 2.6487  skip 0.50  lr 8.04e-07  depth_std 12.2254
2026-08-29 08:20:42,671 step 3850  loss 1.4820  skip 0.50  lr 4.53e-07  depth_std 15.3539
2026-08-29 08:21:18,911 step 3900  loss 1.9197  skip 0.50  lr 2.01e-07  depth_std 14.1908
2026-08-29 08:21:55,311 step 3950  loss 1.7030  skip 0.50  lr 5.03e-08  depth_std 25.7606
2026-08-29 08:22:31,143 saved -> work_dirs/e3-dynamic-s0/latest.pt
