2026-07-30 05:44:09,360 work dir: work_dirs/t0-seed0-bin0.0  seed 0  commit 396d5514
2026-07-30 05:44:09,843 partial init from work_dirs/main_v8/latest.pt: 0 new tensors kept at init, 0 checkpoint tensors unused
2026-07-30 05:44:10,675 mixed dataset: 208720 clips from 5 sources (size 256)
2026-07-30 05:44:13,162 step    0  loss 1.2524  skip 0.00  lr 3.00e-07  depth_std 25.3118
2026-07-30 05:45:00,042 step   50  loss 0.7802  skip 0.01  lr 1.53e-05  depth_std 6.8201
2026-07-30 05:45:51,224 step  100  loss 0.7277  skip 0.01  lr 3.03e-05  depth_std 12.3583
2026-07-30 05:46:42,576 step  150  loss 0.3359  skip 0.02  lr 4.53e-05  depth_std 24.5013
2026-07-30 05:47:33,992 step  200  loss 0.4680  skip 0.03  lr 6.03e-05  depth_std 21.5975
2026-07-30 05:48:25,412 step  250  loss 0.8499  skip 0.03  lr 7.53e-05  depth_std 20.2102
2026-07-30 05:49:16,832 step  300  loss 1.4707  skip 0.04  lr 9.03e-05  depth_std 26.4142
2026-07-30 05:50:08,122 step  350  loss 0.1089  skip 0.04  lr 1.05e-04  depth_std 2.3286
2026-07-30 05:50:59,440 step  400  loss 1.3857  skip 0.05  lr 1.20e-04  depth_std 30.5832
2026-07-30 05:51:50,239 step  450  loss 0.0909  skip 0.06  lr 1.35e-04  depth_std 0.5247
2026-07-30 05:52:40,597 step  500  loss 0.4362  skip 0.06  lr 1.50e-04  depth_std 22.7717
2026-07-30 05:53:30,632 step  550  loss 1.0608  skip 0.07  lr 1.65e-04  depth_std 9.5980
2026-07-30 05:54:20,299 step  600  loss 0.3722  skip 0.07  lr 1.80e-04  depth_std 1.6303
2026-07-30 05:55:09,718 step  650  loss 0.5319  skip 0.08  lr 1.95e-04  depth_std 6.0291
2026-07-30 05:55:58,872 step  700  loss 1.1955  skip 0.09  lr 2.10e-04  depth_std 33.0226
2026-07-30 05:56:47,962 step  750  loss 0.3913  skip 0.09  lr 2.25e-04  depth_std 27.2362
2026-07-30 05:57:36,933 step  800  loss 0.4529  skip 0.10  lr 2.40e-04  depth_std 2.2563
2026-07-30 05:58:25,609 step  850  loss 0.4098  skip 0.11  lr 2.55e-04  depth_std 0.6080
2026-07-30 05:59:14,188 step  900  loss 0.7103  skip 0.11  lr 2.70e-04  depth_std 21.2347
2026-07-30 06:00:02,360 step  950  loss 0.3897  skip 0.12  lr 2.85e-04  depth_std 3.3550
2026-07-30 06:00:50,173 step 1000  loss 1.5880  skip 0.12  lr 3.00e-04  depth_std 25.7312
2026-07-30 06:01:37,798 step 1050  loss 0.2697  skip 0.13  lr 3.00e-04  depth_std 2.0108
2026-07-30 06:02:25,144 step 1100  loss 0.9656  skip 0.14  lr 3.00e-04  depth_std 28.9040
2026-07-30 06:03:12,170 step 1150  loss 0.7016  skip 0.14  lr 3.00e-04  depth_std 22.3662
2026-07-30 06:03:59,173 step 1200  loss 3.8315  skip 0.15  lr 2.99e-04  depth_std 27.1667
2026-07-30 06:04:45,917 step 1250  loss 0.8385  skip 0.16  lr 2.99e-04  depth_std 8.6266
2026-07-30 06:05:32,411 step 1300  loss 0.4211  skip 0.16  lr 2.99e-04  depth_std 5.0958
2026-07-30 06:06:18,653 step 1350  loss 0.2973  skip 0.17  lr 2.98e-04  depth_std 1.2945
2026-07-30 06:07:04,776 step 1400  loss 1.3205  skip 0.17  lr 2.98e-04  depth_std 22.2014
2026-07-30 06:07:50,587 step 1450  loss 0.6113  skip 0.18  lr 2.97e-04  depth_std 14.4596
2026-07-30 06:08:36,076 step 1500  loss 0.8369  skip 0.19  lr 2.96e-04  depth_std 28.1045
2026-07-30 06:09:21,264 step 1550  loss 0.6308  skip 0.19  lr 2.95e-04  depth_std 5.8626
2026-07-30 06:10:06,172 step 1600  loss 0.5385  skip 0.20  lr 2.95e-04  depth_std 7.0538
2026-07-30 06:10:50,925 step 1650  loss 1.5171  skip 0.21  lr 2.94e-04  depth_std 9.9281
2026-07-30 06:11:35,513 step 1700  loss 0.2914  skip 0.21  lr 2.93e-04  depth_std 4.1789
2026-07-30 06:12:19,814 step 1750  loss 0.7734  skip 0.22  lr 2.92e-04  depth_std 4.6812
2026-07-30 06:13:03,797 step 1800  loss 1.3879  skip 0.23  lr 2.90e-04  depth_std 21.9417
2026-07-30 06:13:47,633 step 1850  loss 0.3594  skip 0.23  lr 2.89e-04  depth_std 9.5219
2026-07-30 06:14:31,173 step 1900  loss 2.0145  skip 0.24  lr 2.88e-04  depth_std 17.1139
2026-07-30 06:15:14,473 step 1950  loss 2.0739  skip 0.24  lr 2.87e-04  depth_std 27.4073
2026-07-30 06:15:57,722 step 2000  loss 0.6884  skip 0.25  lr 2.85e-04  depth_std 17.5669
2026-07-30 06:16:40,600 step 2050  loss 1.3198  skip 0.26  lr 2.84e-04  depth_std 3.3298
2026-07-30 06:17:23,105 step 2100  loss 1.9408  skip 0.26  lr 2.82e-04  depth_std 31.5665
2026-07-30 06:18:05,389 step 2150  loss 0.5662  skip 0.27  lr 2.80e-04  depth_std 2.1097
2026-07-30 06:18:47,649 step 2200  loss 0.8061  skip 0.28  lr 2.79e-04  depth_std 9.6094
2026-07-30 06:19:29,503 step 2250  loss 0.5578  skip 0.28  lr 2.77e-04  depth_std 3.0273
2026-07-30 06:20:11,082 step 2300  loss 0.9739  skip 0.29  lr 2.75e-04  depth_std 27.4891
2026-07-30 06:20:52,513 step 2350  loss 1.4350  skip 0.29  lr 2.73e-04  depth_std 6.5258
2026-07-30 06:21:33,645 step 2400  loss 0.4696  skip 0.30  lr 2.71e-04  depth_std 2.2832
2026-07-30 06:22:14,496 step 2450  loss 0.3644  skip 0.31  lr 2.69e-04  depth_std 1.1005
2026-07-30 06:22:55,267 step 2500  loss 0.9972  skip 0.31  lr 2.67e-04  depth_std 25.8899
2026-07-30 06:23:35,696 step 2550  loss 0.1027  skip 0.32  lr 2.65e-04  depth_std 1.6016
2026-07-30 06:24:15,955 step 2600  loss 0.2217  skip 0.33  lr 2.63e-04  depth_std 1.4741
2026-07-30 06:24:55,933 step 2650  loss 0.4991  skip 0.33  lr 2.61e-04  depth_std 7.9275
2026-07-30 06:25:35,732 step 2700  loss 0.3036  skip 0.34  lr 2.58e-04  depth_std 11.7964
2026-07-30 06:26:15,373 step 2750  loss 0.5698  skip 0.34  lr 2.56e-04  depth_std 26.6549
2026-07-30 06:26:54,527 step 2800  loss 0.4325  skip 0.35  lr 2.54e-04  depth_std 1.0373
2026-07-30 06:27:33,591 step 2850  loss 0.1576  skip 0.36  lr 2.51e-04  depth_std 1.1562
2026-07-30 06:28:12,295 step 2900  loss 0.4280  skip 0.36  lr 2.49e-04  depth_std 3.3199
2026-07-30 06:28:50,875 step 2950  loss 1.1642  skip 0.37  lr 2.46e-04  depth_std 24.6292
2026-07-30 06:29:29,352 step 3000  loss 1.6126  skip 0.38  lr 2.44e-04  depth_std 3.6826
2026-07-30 06:30:07,385 step 3050  loss 0.8161  skip 0.38  lr 2.41e-04  depth_std 27.8680
2026-07-30 06:30:45,340 step 3100  loss 0.9620  skip 0.39  lr 2.38e-04  depth_std 1.5424
2026-07-30 06:31:22,809 step 3150  loss 0.7288  skip 0.39  lr 2.35e-04  depth_std 6.8717
2026-07-30 06:32:00,210 step 3200  loss 0.7365  skip 0.40  lr 2.33e-04  depth_std 9.1507
2026-07-30 06:32:37,301 step 3250  loss 0.1139  skip 0.41  lr 2.30e-04  depth_std 1.4016
2026-07-30 06:33:14,104 step 3300  loss 0.7663  skip 0.41  lr 2.27e-04  depth_std 17.8937
2026-07-30 06:33:50,779 step 3350  loss 0.1332  skip 0.42  lr 2.24e-04  depth_std 1.2667
2026-07-30 06:34:27,121 step 3400  loss 0.5812  skip 0.42  lr 2.21e-04  depth_std 22.4931
2026-07-30 06:35:03,267 step 3450  loss 0.2259  skip 0.43  lr 2.18e-04  depth_std 1.6216
2026-07-30 06:35:39,237 step 3500  loss 0.7254  skip 0.44  lr 2.15e-04  depth_std 25.2576
2026-07-30 06:36:14,658 step 3550  loss 0.0841  skip 0.44  lr 2.12e-04  depth_std 5.3226
2026-07-30 06:36:49,986 step 3600  loss 0.6830  skip 0.45  lr 2.09e-04  depth_std 23.9985
2026-07-30 06:37:25,070 step 3650  loss 0.6158  skip 0.46  lr 2.06e-04  depth_std 15.0218
2026-07-30 06:37:59,805 step 3700  loss 0.5965  skip 0.46  lr 2.03e-04  depth_std 27.4830
2026-07-30 06:38:34,432 step 3750  loss 2.0947  skip 0.47  lr 2.00e-04  depth_std 30.2074
2026-07-30 06:39:08,786 step 3800  loss 0.8533  skip 0.47  lr 1.96e-04  depth_std 10.5731
2026-07-30 06:39:42,944 step 3850  loss 0.5456  skip 0.48  lr 1.93e-04  depth_std 10.9897
2026-07-30 06:40:16,690 step 3900  loss 0.6439  skip 0.49  lr 1.90e-04  depth_std 14.0515
2026-07-30 06:40:50,257 step 3950  loss 0.4275  skip 0.49  lr 1.87e-04  depth_std 15.4582
2026-07-30 06:41:23,632 step 4000  loss 0.1760  skip 0.50  lr 1.83e-04  depth_std 1.5457
2026-07-30 06:41:56,837 step 4050  loss 0.9930  skip 0.50  lr 1.80e-04  depth_std 20.1660
2026-07-30 06:42:29,945 step 4100  loss 0.5181  skip 0.50  lr 1.77e-04  depth_std 3.0255
2026-07-30 06:43:03,135 step 4150  loss 0.7210  skip 0.50  lr 1.73e-04  depth_std 30.2087
2026-07-30 06:43:36,426 step 4200  loss 0.5590  skip 0.50  lr 1.70e-04  depth_std 13.1245
2026-07-30 06:44:09,615 step 4250  loss 0.4385  skip 0.50  lr 1.67e-04  depth_std 12.7494
2026-07-30 06:44:42,910 step 4300  loss 0.1899  skip 0.50  lr 1.63e-04  depth_std 6.9534
2026-07-30 06:45:16,080 step 4350  loss 0.3507  skip 0.50  lr 1.60e-04  depth_std 14.4417
2026-07-30 06:45:49,467 step 4400  loss 0.2801  skip 0.50  lr 1.57e-04  depth_std 4.0631
2026-07-30 06:46:22,586 step 4450  loss 0.7115  skip 0.50  lr 1.53e-04  depth_std 2.5378
2026-07-30 06:46:56,075 step 4500  loss 0.7639  skip 0.50  lr 1.50e-04  depth_std 13.7785
2026-07-30 06:47:29,219 step 4550  loss 0.6847  skip 0.50  lr 1.47e-04  depth_std 17.6303
2026-07-30 06:48:02,531 step 4600  loss 0.0991  skip 0.50  lr 1.43e-04  depth_std 0.7208
2026-07-30 06:48:35,736 step 4650  loss 1.2042  skip 0.50  lr 1.40e-04  depth_std 4.7053
2026-07-30 06:49:09,153 step 4700  loss 0.4475  skip 0.50  lr 1.37e-04  depth_std 27.1040
2026-07-30 06:49:42,345 step 4750  loss 0.4638  skip 0.50  lr 1.33e-04  depth_std 4.6480
2026-07-30 06:50:15,589 step 4800  loss 0.3969  skip 0.50  lr 1.30e-04  depth_std 9.1700
2026-07-30 06:50:48,832 step 4850  loss 0.6349  skip 0.50  lr 1.27e-04  depth_std 25.0024
2026-07-30 06:51:22,088 step 4900  loss 0.0853  skip 0.50  lr 1.23e-04  depth_std 1.5921
2026-07-30 06:51:55,410 step 4950  loss 0.3099  skip 0.50  lr 1.20e-04  depth_std 21.5990
2026-07-30 06:52:28,649 step 5000  loss 1.6390  skip 0.50  lr 1.17e-04  depth_std 4.9680
2026-07-30 06:53:01,803 step 5050  loss 0.6550  skip 0.50  lr 1.13e-04  depth_std 7.1046
2026-07-30 06:53:35,140 step 5100  loss 0.5776  skip 0.50  lr 1.10e-04  depth_std 10.5419
2026-07-30 06:54:08,359 step 5150  loss 0.4982  skip 0.50  lr 1.07e-04  depth_std 4.6454
2026-07-30 06:54:41,689 step 5200  loss 0.9083  skip 0.50  lr 1.04e-04  depth_std 18.9518
2026-07-30 06:55:14,850 step 5250  loss 0.1747  skip 0.50  lr 1.00e-04  depth_std 4.3074
2026-07-30 06:55:47,945 step 5300  loss 1.1823  skip 0.50  lr 9.73e-05  depth_std 31.8889
2026-07-30 06:56:21,136 step 5350  loss 0.5715  skip 0.50  lr 9.42e-05  depth_std 23.6387
2026-07-30 06:56:54,308 step 5400  loss 0.3152  skip 0.50  lr 9.10e-05  depth_std 11.2832
2026-07-30 06:57:27,618 step 5450  loss 0.1856  skip 0.50  lr 8.80e-05  depth_std 0.9628
2026-07-30 06:58:00,931 step 5500  loss 0.2731  skip 0.50  lr 8.49e-05  depth_std 2.8706
2026-07-30 06:58:33,992 step 5550  loss 0.7892  skip 0.50  lr 8.19e-05  depth_std 9.4744
2026-07-30 06:59:07,289 step 5600  loss 0.1208  skip 0.50  lr 7.89e-05  depth_std 3.0424
2026-07-30 06:59:40,619 step 5650  loss 0.4200  skip 0.50  lr 7.60e-05  depth_std 12.9901
2026-07-30 07:00:13,936 step 5700  loss 0.1762  skip 0.50  lr 7.31e-05  depth_std 1.6327
2026-07-30 07:00:47,152 step 5750  loss 0.6399  skip 0.50  lr 7.02e-05  depth_std 26.6872
2026-07-30 07:01:20,352 step 5800  loss 1.0614  skip 0.50  lr 6.74e-05  depth_std 28.2256
2026-07-30 07:01:53,637 step 5850  loss 1.1452  skip 0.50  lr 6.46e-05  depth_std 21.2578
2026-07-30 07:02:26,888 step 5900  loss 1.2189  skip 0.50  lr 6.18e-05  depth_std 5.0827
2026-07-30 07:03:00,168 step 5950  loss 0.1510  skip 0.50  lr 5.91e-05  depth_std 1.5956
2026-07-30 07:03:33,535 step 6000  loss 0.3633  skip 0.50  lr 5.65e-05  depth_std 2.0355
2026-07-30 07:04:06,720 step 6050  loss 0.8359  skip 0.50  lr 5.39e-05  depth_std 6.2730
2026-07-30 07:04:40,024 step 6100  loss 0.1583  skip 0.50  lr 5.13e-05  depth_std 1.1750
2026-07-30 07:05:13,331 step 6150  loss 3.2827  skip 0.50  lr 4.88e-05  depth_std 28.4764
2026-07-30 07:05:46,487 step 6200  loss 0.9928  skip 0.50  lr 4.63e-05  depth_std 25.0006
2026-07-30 07:06:19,784 step 6250  loss 1.5766  skip 0.50  lr 4.39e-05  depth_std 5.3168
2026-07-30 07:06:52,927 step 6300  loss 0.5410  skip 0.50  lr 4.16e-05  depth_std 29.0362
2026-07-30 07:07:26,221 step 6350  loss 0.9684  skip 0.50  lr 3.93e-05  depth_std 23.9771
2026-07-30 07:07:59,550 step 6400  loss 3.4436  skip 0.50  lr 3.70e-05  depth_std 29.2285
2026-07-30 07:08:32,677 step 6450  loss 1.2917  skip 0.50  lr 3.49e-05  depth_std 27.2616
2026-07-30 07:09:06,042 step 6500  loss 3.6349  skip 0.50  lr 3.27e-05  depth_std 25.5414
2026-07-30 07:09:39,249 step 6550  loss 0.1329  skip 0.50  lr 3.07e-05  depth_std 8.2240
2026-07-30 07:10:12,404 step 6600  loss 1.1917  skip 0.50  lr 2.86e-05  depth_std 17.7165
2026-07-30 07:10:45,589 step 6650  loss 2.2013  skip 0.50  lr 2.67e-05  depth_std 16.5692
2026-07-30 07:11:18,869 step 6700  loss 0.8191  skip 0.50  lr 2.48e-05  depth_std 6.7743
2026-07-30 07:11:52,122 step 6750  loss 0.3331  skip 0.50  lr 2.30e-05  depth_std 3.2831
2026-07-30 07:12:25,411 step 6800  loss 0.7681  skip 0.50  lr 2.12e-05  depth_std 26.0793
2026-07-30 07:12:58,537 step 6850  loss 0.7124  skip 0.50  lr 1.95e-05  depth_std 24.0482
2026-07-30 07:13:31,656 step 6900  loss 1.4017  skip 0.50  lr 1.79e-05  depth_std 30.2542
2026-07-30 07:14:04,934 step 6950  loss 0.3639  skip 0.50  lr 1.63e-05  depth_std 9.5704
2026-07-30 07:14:38,119 step 7000  loss 0.6516  skip 0.50  lr 1.49e-05  depth_std 29.5048
2026-07-30 07:15:11,415 step 7050  loss 3.4514  skip 0.50  lr 1.34e-05  depth_std 5.2602
2026-07-30 07:15:44,722 step 7100  loss 0.2664  skip 0.50  lr 1.21e-05  depth_std 5.3123
2026-07-30 07:16:18,038 step 7150  loss 0.5263  skip 0.50  lr 1.08e-05  depth_std 10.9773
2026-07-30 07:16:51,351 step 7200  loss 0.7494  skip 0.50  lr 9.56e-06  depth_std 3.5726
2026-07-30 07:17:24,712 step 7250  loss 0.7221  skip 0.50  lr 8.42e-06  depth_std 2.4381
2026-07-30 07:17:58,231 step 7300  loss 0.4411  skip 0.50  lr 7.34e-06  depth_std 7.1636
2026-07-30 07:18:31,544 step 7350  loss 0.9372  skip 0.50  lr 6.34e-06  depth_std 5.7303
2026-07-30 07:19:04,927 step 7400  loss 1.9846  skip 0.50  lr 5.41e-06  depth_std 21.9921
2026-07-30 07:19:38,373 step 7450  loss 1.5307  skip 0.50  lr 4.55e-06  depth_std 14.4377
2026-07-30 07:20:11,729 step 7500  loss 0.5383  skip 0.50  lr 3.76e-06  depth_std 8.7545
2026-07-30 07:20:45,010 step 7550  loss 1.3874  skip 0.50  lr 3.05e-06  depth_std 19.8512
2026-07-30 07:21:18,113 step 7600  loss 0.2207  skip 0.50  lr 2.41e-06  depth_std 7.8947
2026-07-30 07:21:51,255 step 7650  loss 3.2956  skip 0.50  lr 1.85e-06  depth_std 9.1269
2026-07-30 07:22:24,569 step 7700  loss 0.7260  skip 0.50  lr 1.36e-06  depth_std 23.9723
2026-07-30 07:22:57,799 step 7750  loss 0.1508  skip 0.50  lr 9.43e-07  depth_std 2.7143
2026-07-30 07:23:31,114 step 7800  loss 1.9647  skip 0.50  lr 6.04e-07  depth_std 7.5679
2026-07-30 07:24:04,235 step 7850  loss 1.7317  skip 0.50  lr 3.40e-07  depth_std 30.0580
2026-07-30 07:24:37,519 step 7900  loss 0.8580  skip 0.50  lr 1.51e-07  depth_std 26.0166
2026-07-30 07:25:10,934 step 7950  loss 0.2182  skip 0.50  lr 3.78e-08  depth_std 17.5729
2026-07-30 07:25:43,727 saved -> work_dirs/t0-seed0-bin0.0/latest.pt
