2026-08-19 21:48:51,632 work dir: work_dirs/t5-spread0.0  seed 0  commit 9dfcff6f
2026-08-19 21:48:52,073 partial init from work_dirs/v9-60k/latest.pt: 1 new tensors kept at init, 0 checkpoint tensors unused
2026-08-19 21:48:52,902 mixed dataset: 208720 clips from 5 sources (size 256)
2026-08-19 21:48:54,898 step    0  loss 2.6343  skip 0.00  lr 3.00e-07  depth_std 31.5511
2026-08-19 21:49:43,349 step   50  loss 1.7102  skip 0.01  lr 1.53e-05  depth_std 8.0730
2026-08-19 21:50:36,234 step  100  loss 2.3177  skip 0.01  lr 3.03e-05  depth_std 13.3673
2026-08-19 21:51:29,422 step  150  loss 1.5783  skip 0.02  lr 4.53e-05  depth_std 25.1323
2026-08-19 21:52:22,553 step  200  loss 1.2153  skip 0.03  lr 6.03e-05  depth_std 22.1704
2026-08-19 21:53:15,651 step  250  loss 2.1427  skip 0.03  lr 7.53e-05  depth_std 30.3992
2026-08-19 21:54:08,849 step  300  loss 2.7922  skip 0.04  lr 9.03e-05  depth_std 34.0925
2026-08-19 21:55:01,943 step  350  loss 0.6092  skip 0.04  lr 1.05e-04  depth_std 1.8996
2026-08-19 21:55:54,647 step  400  loss 2.7575  skip 0.05  lr 1.20e-04  depth_std 41.6438
2026-08-19 21:56:47,058 step  450  loss 0.7712  skip 0.06  lr 1.35e-04  depth_std 0.5737
2026-08-19 21:57:39,125 step  500  loss 1.9884  skip 0.06  lr 1.50e-04  depth_std 22.6656
2026-08-19 21:58:30,962 step  550  loss 3.3198  skip 0.07  lr 1.65e-04  depth_std 9.5244
2026-08-19 21:59:22,346 step  600  loss 2.0025  skip 0.07  lr 1.80e-04  depth_std 1.5731
2026-08-19 22:00:13,456 step  650  loss 2.0735  skip 0.08  lr 1.95e-04  depth_std 5.1463
2026-08-19 22:01:04,397 step  700  loss 2.2879  skip 0.09  lr 2.10e-04  depth_std 39.3396
2026-08-19 22:01:55,217 step  750  loss 1.2754  skip 0.09  lr 2.25e-04  depth_std 31.1466
2026-08-19 22:02:46,011 step  800  loss 2.4162  skip 0.10  lr 2.40e-04  depth_std 4.1067
2026-08-19 22:03:36,463 step  850  loss 1.6055  skip 0.11  lr 2.55e-04  depth_std 0.7351
2026-08-19 22:04:26,836 step  900  loss 1.9911  skip 0.11  lr 2.70e-04  depth_std 23.0323
2026-08-19 22:05:16,832 step  950  loss 1.7712  skip 0.12  lr 2.85e-04  depth_std 2.6836
2026-08-19 22:06:06,443 step 1000  loss 3.1056  skip 0.12  lr 3.00e-04  depth_std 33.5072
2026-08-19 22:06:55,713 step 1050  loss 1.5999  skip 0.13  lr 3.00e-04  depth_std 2.2475
2026-08-19 22:07:44,737 step 1100  loss 2.1757  skip 0.14  lr 3.00e-04  depth_std 37.6428
2026-08-19 22:08:33,531 step 1150  loss 1.5442  skip 0.14  lr 3.00e-04  depth_std 33.3291
2026-08-19 22:09:22,154 step 1200  loss 3.6361  skip 0.15  lr 2.99e-04  depth_std 34.6126
2026-08-19 22:10:10,647 step 1250  loss 2.5363  skip 0.16  lr 2.99e-04  depth_std 9.0612
2026-08-19 22:10:58,880 step 1300  loss 1.9322  skip 0.16  lr 2.99e-04  depth_std 6.4417
2026-08-19 22:11:46,895 step 1350  loss 1.3965  skip 0.17  lr 2.98e-04  depth_std 1.4432
2026-08-19 22:12:34,629 step 1400  loss 2.8666  skip 0.17  lr 2.98e-04  depth_std 34.6623
2026-08-19 22:13:22,184 step 1450  loss 2.2248  skip 0.18  lr 2.97e-04  depth_std 14.6053
2026-08-19 22:14:09,501 step 1500  loss 1.7115  skip 0.19  lr 2.96e-04  depth_std 38.6842
2026-08-19 22:14:56,507 step 1550  loss 3.0503  skip 0.19  lr 2.95e-04  depth_std 8.9813
2026-08-19 22:15:43,160 step 1600  loss 1.9451  skip 0.20  lr 2.95e-04  depth_std 10.8209
2026-08-19 22:16:29,687 step 1650  loss 3.8256  skip 0.21  lr 2.94e-04  depth_std 11.1119
2026-08-19 22:17:15,950 step 1700  loss 1.6835  skip 0.21  lr 2.93e-04  depth_std 4.9545
2026-08-19 22:18:02,034 step 1750  loss 2.7536  skip 0.22  lr 2.92e-04  depth_std 4.5709
2026-08-19 22:18:47,794 step 1800  loss 3.2535  skip 0.23  lr 2.90e-04  depth_std 30.1126
2026-08-19 22:19:33,450 step 1850  loss 2.2171  skip 0.23  lr 2.89e-04  depth_std 9.9229
2026-08-19 22:20:18,632 step 1900  loss 2.9129  skip 0.24  lr 2.88e-04  depth_std 21.0939
2026-08-19 22:21:03,734 step 1950  loss 4.1256  skip 0.24  lr 2.87e-04  depth_std 40.2469
2026-08-19 22:21:48,658 step 2000  loss 2.0368  skip 0.25  lr 2.85e-04  depth_std 24.1674
2026-08-19 22:22:33,276 step 2050  loss 3.6238  skip 0.26  lr 2.84e-04  depth_std 6.8375
2026-08-19 22:23:17,445 step 2100  loss 3.3324  skip 0.26  lr 2.82e-04  depth_std 53.0175
2026-08-19 22:24:01,410 step 2150  loss 2.7321  skip 0.27  lr 2.80e-04  depth_std 2.4237
2026-08-19 22:24:45,178 step 2200  loss 2.7382  skip 0.28  lr 2.79e-04  depth_std 9.9817
2026-08-19 22:25:28,767 step 2250  loss 2.0080  skip 0.28  lr 2.77e-04  depth_std 2.5082
2026-08-19 22:26:12,056 step 2300  loss 2.8376  skip 0.29  lr 2.75e-04  depth_std 27.5605
2026-08-19 22:26:55,062 step 2350  loss 4.6279  skip 0.29  lr 2.73e-04  depth_std 6.3220
2026-08-19 22:27:37,755 step 2400  loss 1.8982  skip 0.30  lr 2.71e-04  depth_std 1.9650
2026-08-19 22:28:20,297 step 2450  loss 1.5541  skip 0.31  lr 2.69e-04  depth_std 1.1758
2026-08-19 22:29:02,630 step 2500  loss 3.1907  skip 0.31  lr 2.67e-04  depth_std 35.9141
2026-08-19 22:29:44,629 step 2550  loss 0.7256  skip 0.32  lr 2.65e-04  depth_std 1.8296
2026-08-19 22:30:26,521 step 2600  loss 1.3039  skip 0.33  lr 2.63e-04  depth_std 1.6549
2026-08-19 22:31:08,086 step 2650  loss 2.3176  skip 0.33  lr 2.61e-04  depth_std 8.4439
2026-08-19 22:31:49,488 step 2700  loss 1.2110  skip 0.34  lr 2.58e-04  depth_std 15.2817
2026-08-19 22:32:30,615 step 2750  loss 2.2055  skip 0.34  lr 2.56e-04  depth_std 34.3204
2026-08-19 22:33:11,372 step 2800  loss 2.1277  skip 0.35  lr 2.54e-04  depth_std 2.0336
2026-08-19 22:33:51,992 step 2850  loss 0.9531  skip 0.36  lr 2.51e-04  depth_std 1.2669
2026-08-19 22:34:32,371 step 2900  loss 2.3738  skip 0.36  lr 2.49e-04  depth_std 4.9038
2026-08-19 22:35:12,589 step 2950  loss 3.4702  skip 0.37  lr 2.46e-04  depth_std 18.7043
2026-08-19 22:35:52,608 step 3000  loss 4.3354  skip 0.38  lr 2.44e-04  depth_std 3.2252
2026-08-19 22:36:32,333 step 3050  loss 2.1628  skip 0.38  lr 2.41e-04  depth_std 38.3739
2026-08-19 22:37:11,728 step 3100  loss 3.9940  skip 0.39  lr 2.38e-04  depth_std 2.0532
2026-08-19 22:37:50,718 step 3150  loss 2.9437  skip 0.39  lr 2.35e-04  depth_std 3.1643
2026-08-19 22:38:29,705 step 3200  loss 2.4178  skip 0.40  lr 2.33e-04  depth_std 10.0592
2026-08-19 22:39:08,456 step 3250  loss 0.7288  skip 0.41  lr 2.30e-04  depth_std 1.5275
2026-08-19 22:39:46,862 step 3300  loss 1.6119  skip 0.41  lr 2.27e-04  depth_std 23.4816
2026-08-19 22:40:25,030 step 3350  loss 0.7985  skip 0.42  lr 2.24e-04  depth_std 1.4473
2026-08-19 22:41:02,914 step 3400  loss 1.7607  skip 0.42  lr 2.21e-04  depth_std 30.7196
2026-08-19 22:41:40,674 step 3450  loss 1.6928  skip 0.43  lr 2.18e-04  depth_std 1.7295
2026-08-19 22:42:18,219 step 3500  loss 1.9817  skip 0.44  lr 2.15e-04  depth_std 28.0244
2026-08-19 22:42:55,295 step 3550  loss 0.6385  skip 0.44  lr 2.12e-04  depth_std 5.8601
2026-08-19 22:43:32,160 step 3600  loss 1.7303  skip 0.45  lr 2.09e-04  depth_std 37.3518
2026-08-19 22:44:08,803 step 3650  loss 1.5962  skip 0.46  lr 2.06e-04  depth_std 18.9881
2026-08-19 22:44:45,132 step 3700  loss 1.4075  skip 0.46  lr 2.03e-04  depth_std 28.9786
2026-08-19 22:45:21,224 step 3750  loss 4.2975  skip 0.47  lr 2.00e-04  depth_std 29.4648
2026-08-19 22:45:57,190 step 3800  loss 2.5181  skip 0.47  lr 1.96e-04  depth_std 12.1451
2026-08-19 22:46:32,924 step 3850  loss 1.4830  skip 0.48  lr 1.93e-04  depth_std 13.1776
2026-08-19 22:47:08,261 step 3900  loss 1.9400  skip 0.49  lr 1.90e-04  depth_std 14.7882
2026-08-19 22:47:43,390 step 3950  loss 1.8302  skip 0.49  lr 1.87e-04  depth_std 23.8970
2026-08-19 22:48:18,366 step 4000  loss 1.3760  skip 0.50  lr 1.83e-04  depth_std 1.4926
2026-08-19 22:48:53,166 step 4050  loss 1.9637  skip 0.50  lr 1.80e-04  depth_std 27.2314
2026-08-19 22:49:27,825 step 4100  loss 2.5887  skip 0.50  lr 1.77e-04  depth_std 4.7540
2026-08-19 22:50:02,649 step 4150  loss 1.6747  skip 0.50  lr 1.73e-04  depth_std 31.1341
2026-08-19 22:50:37,587 step 4200  loss 1.5591  skip 0.50  lr 1.70e-04  depth_std 14.8725
2026-08-19 22:51:12,348 step 4250  loss 1.6026  skip 0.50  lr 1.67e-04  depth_std 13.1688
2026-08-19 22:51:47,159 step 4300  loss 1.1252  skip 0.50  lr 1.63e-04  depth_std 5.7168
2026-08-19 22:52:21,880 step 4350  loss 1.5591  skip 0.50  lr 1.60e-04  depth_std 16.5589
2026-08-19 22:52:56,760 step 4400  loss 1.8817  skip 0.50  lr 1.57e-04  depth_std 4.3769
2026-08-19 22:53:31,450 step 4450  loss 2.4456  skip 0.50  lr 1.53e-04  depth_std 3.1712
2026-08-19 22:54:06,475 step 4500  loss 2.3577  skip 0.50  lr 1.50e-04  depth_std 13.5355
2026-08-19 22:54:41,306 step 4550  loss 2.1152  skip 0.50  lr 1.47e-04  depth_std 20.1422
2026-08-19 22:55:16,223 step 4600  loss 0.9052  skip 0.50  lr 1.43e-04  depth_std 0.5882
2026-08-19 22:55:51,073 step 4650  loss 3.0582  skip 0.50  lr 1.40e-04  depth_std 7.6146
2026-08-19 22:56:25,971 step 4700  loss 2.0618  skip 0.50  lr 1.37e-04  depth_std 39.6762
2026-08-19 22:57:00,794 step 4750  loss 1.8900  skip 0.50  lr 1.33e-04  depth_std 6.2600
2026-08-19 22:57:35,621 step 4800  loss 1.4650  skip 0.50  lr 1.30e-04  depth_std 7.8701
2026-08-19 22:58:10,461 step 4850  loss 1.6447  skip 0.50  lr 1.27e-04  depth_std 34.8966
2026-08-19 22:58:45,264 step 4900  loss 0.6369  skip 0.50  lr 1.23e-04  depth_std 1.7199
2026-08-19 22:59:20,161 step 4950  loss 1.4993  skip 0.50  lr 1.20e-04  depth_std 20.9151
2026-08-19 22:59:55,006 step 5000  loss 4.2769  skip 0.50  lr 1.17e-04  depth_std 5.3814
2026-08-19 23:00:29,789 step 5050  loss 2.8425  skip 0.50  lr 1.13e-04  depth_std 8.1327
2026-08-19 23:01:04,712 step 5100  loss 2.2587  skip 0.50  lr 1.10e-04  depth_std 10.7773
2026-08-19 23:01:39,481 step 5150  loss 1.4376  skip 0.50  lr 1.07e-04  depth_std 6.9010
2026-08-19 23:02:14,270 step 5200  loss 2.4830  skip 0.50  lr 1.04e-04  depth_std 22.6465
2026-08-19 23:02:49,028 step 5250  loss 1.2695  skip 0.50  lr 1.00e-04  depth_std 4.1665
2026-08-19 23:03:23,761 step 5300  loss 2.3756  skip 0.50  lr 9.73e-05  depth_std 40.5801
2026-08-19 23:03:58,577 step 5350  loss 1.5021  skip 0.50  lr 9.42e-05  depth_std 32.8495
2026-08-19 23:04:33,325 step 5400  loss 1.5035  skip 0.50  lr 9.10e-05  depth_std 12.5258
2026-08-19 23:05:08,222 step 5450  loss 0.7411  skip 0.50  lr 8.80e-05  depth_std 1.4149
2026-08-19 23:05:43,158 step 5500  loss 1.8672  skip 0.50  lr 8.49e-05  depth_std 4.0075
2026-08-19 23:06:17,850 step 5550  loss 2.8732  skip 0.50  lr 8.19e-05  depth_std 11.6770
2026-08-19 23:06:52,714 step 5600  loss 0.9212  skip 0.50  lr 7.89e-05  depth_std 3.6795
2026-08-19 23:07:27,606 step 5650  loss 1.5512  skip 0.50  lr 7.60e-05  depth_std 14.9403
2026-08-19 23:08:02,489 step 5700  loss 0.9250  skip 0.50  lr 7.31e-05  depth_std 1.6699
2026-08-19 23:08:37,346 step 5750  loss 1.8348  skip 0.50  lr 7.02e-05  depth_std 39.5066
2026-08-19 23:09:12,100 step 5800  loss 2.6545  skip 0.50  lr 6.74e-05  depth_std 38.8022
2026-08-19 23:09:46,974 step 5850  loss 2.2405  skip 0.50  lr 6.46e-05  depth_std 30.8864
2026-08-19 23:10:21,850 step 5900  loss 3.4562  skip 0.50  lr 6.18e-05  depth_std 7.6572
2026-08-19 23:10:56,657 step 5950  loss 0.7126  skip 0.50  lr 5.91e-05  depth_std 2.0178
2026-08-19 23:11:31,547 step 6000  loss 1.8736  skip 0.50  lr 5.65e-05  depth_std 3.0566
2026-08-19 23:12:06,360 step 6050  loss 2.9277  skip 0.50  lr 5.39e-05  depth_std 8.4178
2026-08-19 23:12:41,153 step 6100  loss 0.8121  skip 0.50  lr 5.13e-05  depth_std 1.2338
2026-08-19 23:13:16,023 step 6150  loss 5.8449  skip 0.50  lr 4.88e-05  depth_std 38.3610
2026-08-19 23:13:50,717 step 6200  loss 2.3450  skip 0.50  lr 4.63e-05  depth_std 28.6723
2026-08-19 23:14:25,580 step 6250  loss 3.5774  skip 0.50  lr 4.39e-05  depth_std 7.7563
2026-08-19 23:15:00,302 step 6300  loss 1.5789  skip 0.50  lr 4.16e-05  depth_std 41.6502
2026-08-19 23:15:35,198 step 6350  loss 2.2833  skip 0.50  lr 3.93e-05  depth_std 32.1642
2026-08-19 23:16:10,088 step 6400  loss 5.4112  skip 0.50  lr 3.70e-05  depth_std 38.8287
2026-08-19 23:16:44,858 step 6450  loss 2.5287  skip 0.50  lr 3.49e-05  depth_std 28.6961
2026-08-19 23:17:19,738 step 6500  loss 6.5604  skip 0.50  lr 3.27e-05  depth_std 37.2039
2026-08-19 23:17:54,420 step 6550  loss 0.9977  skip 0.50  lr 3.07e-05  depth_std 9.9770
2026-08-19 23:18:29,194 step 6600  loss 3.5259  skip 0.50  lr 2.86e-05  depth_std 28.2540
2026-08-19 23:19:03,991 step 6650  loss 4.8544  skip 0.50  lr 2.67e-05  depth_std 15.0319
2026-08-19 23:19:38,911 step 6700  loss 2.6756  skip 0.50  lr 2.48e-05  depth_std 7.9538
2026-08-19 23:20:13,721 step 6750  loss 1.8264  skip 0.50  lr 2.30e-05  depth_std 3.9028
2026-08-19 23:20:48,630 step 6800  loss 2.2960  skip 0.50  lr 2.12e-05  depth_std 38.8343
2026-08-19 23:21:23,349 step 6850  loss 2.0469  skip 0.50  lr 1.95e-05  depth_std 30.4554
2026-08-19 23:21:58,148 step 6900  loss 2.9075  skip 0.50  lr 1.79e-05  depth_std 36.7028
2026-08-19 23:22:32,967 step 6950  loss 1.3015  skip 0.50  lr 1.63e-05  depth_std 9.1920
2026-08-19 23:23:07,699 step 7000  loss 1.8229  skip 0.50  lr 1.49e-05  depth_std 45.1950
2026-08-19 23:23:42,549 step 7050  loss 6.4119  skip 0.50  lr 1.34e-05  depth_std 7.4967
2026-08-19 23:24:17,350 step 7100  loss 2.0248  skip 0.50  lr 1.21e-05  depth_std 5.6782
2026-08-19 23:24:52,167 step 7150  loss 1.6740  skip 0.50  lr 1.08e-05  depth_std 12.7798
2026-08-19 23:25:27,020 step 7200  loss 3.1989  skip 0.50  lr 9.56e-06  depth_std 4.3785
2026-08-19 23:26:01,889 step 7250  loss 3.2352  skip 0.50  lr 8.42e-06  depth_std 2.2087
2026-08-19 23:26:36,773 step 7300  loss 2.1264  skip 0.50  lr 7.34e-06  depth_std 8.6716
2026-08-19 23:27:11,553 step 7350  loss 2.6470  skip 0.50  lr 6.34e-06  depth_std 6.9827
2026-08-19 23:27:46,455 step 7400  loss 3.8123  skip 0.50  lr 5.41e-06  depth_std 29.1770
2026-08-19 23:28:21,231 step 7450  loss 2.9671  skip 0.50  lr 4.55e-06  depth_std 19.6631
2026-08-19 23:28:56,025 step 7500  loss 2.2355  skip 0.50  lr 3.76e-06  depth_std 10.3170
2026-08-19 23:29:30,863 step 7550  loss 3.9179  skip 0.50  lr 3.05e-06  depth_std 27.6109
2026-08-19 23:30:05,590 step 7600  loss 1.3537  skip 0.50  lr 2.41e-06  depth_std 8.6364
2026-08-19 23:30:40,378 step 7650  loss 5.9852  skip 0.50  lr 1.85e-06  depth_std 12.2969
2026-08-19 23:31:15,119 step 7700  loss 2.0182  skip 0.50  lr 1.36e-06  depth_std 26.4460
2026-08-19 23:31:49,941 step 7750  loss 1.1225  skip 0.50  lr 9.43e-07  depth_std 3.0626
2026-08-19 23:32:24,758 step 7800  loss 4.3494  skip 0.50  lr 6.04e-07  depth_std 9.2956
2026-08-19 23:32:59,554 step 7850  loss 3.1355  skip 0.50  lr 3.40e-07  depth_std 42.9637
2026-08-19 23:33:34,341 step 7900  loss 2.0545  skip 0.50  lr 1.51e-07  depth_std 34.2575
2026-08-19 23:34:09,166 step 7950  loss 0.9651  skip 0.50  lr 3.78e-08  depth_std 16.7690
2026-08-19 23:34:43,513 saved -> work_dirs/t5-spread0.0/latest.pt
2026-08-20 06:07:37,962 work dir: work_dirs/t5-spread0.0  seed 0  commit 2d9d46af
2026-08-20 06:07:38,377 partial init from work_dirs/v9-60k/latest.pt: 1 new tensors kept at init, 0 checkpoint tensors unused
2026-08-20 06:07:40,088 mixed dataset: 208720 clips from 5 sources (size 256)
2026-08-20 06:07:42,223 step    0  loss 2.6343  skip 0.00  lr 3.00e-07  depth_std 31.5511
2026-08-20 06:08:30,295 step   50  loss 1.7102  skip 0.01  lr 1.53e-05  depth_std 8.0730
2026-08-20 06:09:22,712 step  100  loss 2.3177  skip 0.01  lr 3.03e-05  depth_std 13.3672
2026-08-20 06:10:15,378 step  150  loss 1.5782  skip 0.02  lr 4.53e-05  depth_std 25.1311
2026-08-20 06:11:08,011 step  200  loss 1.2153  skip 0.03  lr 6.03e-05  depth_std 22.1721
2026-08-20 06:12:00,677 step  250  loss 2.1427  skip 0.03  lr 7.53e-05  depth_std 30.4006
2026-08-20 06:12:53,288 step  300  loss 2.7921  skip 0.04  lr 9.03e-05  depth_std 34.0987
2026-08-20 06:13:45,863 step  350  loss 0.6092  skip 0.04  lr 1.05e-04  depth_std 1.8997
2026-08-20 06:14:38,221 step  400  loss 2.7573  skip 0.05  lr 1.20e-04  depth_std 41.6552
2026-08-20 06:15:30,306 step  450  loss 0.7713  skip 0.06  lr 1.35e-04  depth_std 0.5737
2026-08-20 06:16:21,840 step  500  loss 1.9884  skip 0.06  lr 1.50e-04  depth_std 22.6612
2026-08-20 06:17:13,645 step  550  loss 3.3197  skip 0.07  lr 1.65e-04  depth_std 9.5257
2026-08-20 06:18:05,351 step  600  loss 2.0025  skip 0.07  lr 1.80e-04  depth_std 1.5733
2026-08-20 06:18:56,702 step  650  loss 2.0728  skip 0.08  lr 1.95e-04  depth_std 5.1434
2026-08-20 06:19:47,254 step  700  loss 2.2889  skip 0.09  lr 2.10e-04  depth_std 39.3948
2026-08-20 06:20:37,628 step  750  loss 1.2751  skip 0.09  lr 2.25e-04  depth_std 31.1526
2026-08-20 06:21:27,986 step  800  loss 2.4176  skip 0.10  lr 2.40e-04  depth_std 4.1453
2026-08-20 06:22:18,068 step  850  loss 1.6047  skip 0.11  lr 2.55e-04  depth_std 0.7362
2026-08-20 06:23:07,841 step  900  loss 2.0035  skip 0.11  lr 2.70e-04  depth_std 23.1754
2026-08-20 06:23:57,333 step  950  loss 1.7486  skip 0.12  lr 2.85e-04  depth_std 2.6839
2026-08-20 06:24:46,519 step 1000  loss 3.1035  skip 0.12  lr 3.00e-04  depth_std 33.3501
2026-08-20 06:25:35,375 step 1050  loss 1.6746  skip 0.13  lr 3.00e-04  depth_std 2.2274
2026-08-20 06:26:24,629 step 1100  loss 2.1850  skip 0.14  lr 3.00e-04  depth_std 37.8593
2026-08-20 06:27:13,267 step 1150  loss 1.5499  skip 0.14  lr 3.00e-04  depth_std 34.7881
2026-08-20 06:28:02,440 step 1200  loss 3.3894  skip 0.15  lr 2.99e-04  depth_std 32.6215
2026-08-20 06:28:53,363 step 1250  loss 2.5036  skip 0.16  lr 2.99e-04  depth_std 9.7541
2026-08-20 06:29:41,811 step 1300  loss 1.9393  skip 0.16  lr 2.99e-04  depth_std 6.5533
2026-08-20 06:30:30,143 step 1350  loss 1.3944  skip 0.17  lr 2.98e-04  depth_std 1.4559
2026-08-20 06:31:18,594 step 1400  loss 2.8704  skip 0.17  lr 2.98e-04  depth_std 36.7426
2026-08-20 06:32:05,786 step 1450  loss 2.1448  skip 0.18  lr 2.97e-04  depth_std 14.6314
2026-08-20 06:32:52,935 step 1500  loss 1.7364  skip 0.19  lr 2.96e-04  depth_std 38.8136
2026-08-20 06:33:39,592 step 1550  loss 3.1381  skip 0.19  lr 2.95e-04  depth_std 7.2537
2026-08-20 06:34:25,954 step 1600  loss 1.9503  skip 0.20  lr 2.95e-04  depth_std 11.5877
2026-08-20 06:35:12,236 step 1650  loss 3.8322  skip 0.21  lr 2.94e-04  depth_std 11.2162
2026-08-20 06:35:58,247 step 1700  loss 1.5842  skip 0.21  lr 2.93e-04  depth_std 4.2090
2026-08-20 06:36:43,872 step 1750  loss 2.7951  skip 0.22  lr 2.92e-04  depth_std 5.5363
2026-08-20 06:37:29,168 step 1800  loss 3.4470  skip 0.23  lr 2.90e-04  depth_std 29.4667
2026-08-20 06:38:14,257 step 1850  loss 2.0711  skip 0.23  lr 2.89e-04  depth_std 9.6599
2026-08-20 06:38:59,005 step 1900  loss 3.3322  skip 0.24  lr 2.88e-04  depth_std 23.6891
2026-08-20 06:39:43,523 step 1950  loss 4.1178  skip 0.24  lr 2.87e-04  depth_std 38.6554
2026-08-20 06:40:28,113 step 2000  loss 2.0675  skip 0.25  lr 2.85e-04  depth_std 22.7601
2026-08-20 06:41:12,394 step 2050  loss 3.5159  skip 0.26  lr 2.84e-04  depth_std 7.4337
2026-08-20 06:41:56,355 step 2100  loss 3.2829  skip 0.26  lr 2.82e-04  depth_std 56.5010
2026-08-20 06:42:40,233 step 2150  loss 2.7936  skip 0.27  lr 2.80e-04  depth_std 2.5781
2026-08-20 06:43:23,573 step 2200  loss 2.5014  skip 0.28  lr 2.79e-04  depth_std 9.1456
2026-08-20 06:44:06,814 step 2250  loss 2.0272  skip 0.28  lr 2.77e-04  depth_std 2.7247
2026-08-20 06:44:49,723 step 2300  loss 2.8368  skip 0.29  lr 2.75e-04  depth_std 27.8362
2026-08-20 06:45:32,371 step 2350  loss 4.6599  skip 0.29  lr 2.73e-04  depth_std 5.1664
2026-08-20 06:46:14,778 step 2400  loss 1.9235  skip 0.30  lr 2.71e-04  depth_std 1.9356
2026-08-20 06:46:56,903 step 2450  loss 1.5343  skip 0.31  lr 2.69e-04  depth_std 1.1696
2026-08-20 06:47:38,846 step 2500  loss 3.3179  skip 0.31  lr 2.67e-04  depth_std 30.2321
2026-08-20 06:48:20,453 step 2550  loss 0.6910  skip 0.32  lr 2.65e-04  depth_std 1.8094
2026-08-20 06:49:01,987 step 2600  loss 1.3489  skip 0.33  lr 2.63e-04  depth_std 1.7128
2026-08-20 06:49:43,167 step 2650  loss 2.2648  skip 0.33  lr 2.61e-04  depth_std 8.2023
2026-08-20 06:50:24,260 step 2700  loss 1.1773  skip 0.34  lr 2.58e-04  depth_std 16.0565
2026-08-20 06:51:05,088 step 2750  loss 2.2026  skip 0.34  lr 2.56e-04  depth_std 35.4404
2026-08-20 06:51:45,645 step 2800  loss 2.1478  skip 0.35  lr 2.54e-04  depth_std 1.8554
2026-08-20 06:52:25,905 step 2850  loss 0.9575  skip 0.36  lr 2.51e-04  depth_std 1.2561
2026-08-20 06:53:05,969 step 2900  loss 2.3199  skip 0.36  lr 2.49e-04  depth_std 6.9186
2026-08-20 06:53:45,910 step 2950  loss 3.5849  skip 0.37  lr 2.46e-04  depth_std 20.9239
2026-08-20 06:54:25,638 step 3000  loss 4.3639  skip 0.38  lr 2.44e-04  depth_std 3.5776
2026-08-20 06:55:04,968 step 3050  loss 2.1497  skip 0.38  lr 2.41e-04  depth_std 37.1671
2026-08-20 06:55:44,130 step 3100  loss 3.9065  skip 0.39  lr 2.38e-04  depth_std 2.1716
2026-08-20 06:56:22,888 step 3150  loss 2.5430  skip 0.39  lr 2.35e-04  depth_std 7.6945
2026-08-20 06:57:01,604 step 3200  loss 2.5610  skip 0.40  lr 2.33e-04  depth_std 13.7084
2026-08-20 06:57:40,022 step 3250  loss 0.7361  skip 0.41  lr 2.30e-04  depth_std 1.5361
2026-08-20 06:58:18,133 step 3300  loss 1.6264  skip 0.41  lr 2.27e-04  depth_std 22.8228
2026-08-20 06:58:55,959 step 3350  loss 0.7795  skip 0.42  lr 2.24e-04  depth_std 1.4801
2026-08-20 06:59:33,500 step 3400  loss 1.6306  skip 0.42  lr 2.21e-04  depth_std 27.1564
2026-08-20 07:00:10,980 step 3450  loss 1.6653  skip 0.43  lr 2.18e-04  depth_std 1.7654
2026-08-20 07:00:48,183 step 3500  loss 1.9658  skip 0.44  lr 2.15e-04  depth_std 26.7540
2026-08-20 07:01:25,073 step 3550  loss 0.6342  skip 0.44  lr 2.12e-04  depth_std 5.8096
2026-08-20 07:02:01,769 step 3600  loss 1.7103  skip 0.45  lr 2.09e-04  depth_std 34.5117
2026-08-20 07:02:38,090 step 3650  loss 1.6382  skip 0.46  lr 2.06e-04  depth_std 18.5684
2026-08-20 07:03:14,140 step 3700  loss 1.3868  skip 0.46  lr 2.03e-04  depth_std 31.1582
2026-08-20 07:03:50,038 step 3750  loss 4.3896  skip 0.47  lr 2.00e-04  depth_std 29.6871
2026-08-20 07:04:25,729 step 3800  loss 2.5376  skip 0.47  lr 1.96e-04  depth_std 10.1132
2026-08-20 07:05:01,235 step 3850  loss 1.5188  skip 0.48  lr 1.93e-04  depth_std 13.6241
2026-08-20 07:05:36,258 step 3900  loss 1.9458  skip 0.49  lr 1.90e-04  depth_std 16.0817
2026-08-20 07:06:11,335 step 3950  loss 1.7723  skip 0.49  lr 1.87e-04  depth_std 24.8017
2026-08-20 07:06:45,982 step 4000  loss 1.3434  skip 0.50  lr 1.83e-04  depth_std 1.4719
2026-08-20 07:07:20,485 step 4050  loss 2.0114  skip 0.50  lr 1.80e-04  depth_std 26.2083
2026-08-20 07:07:55,092 step 4100  loss 2.4901  skip 0.50  lr 1.77e-04  depth_std 5.1358
2026-08-20 07:08:29,598 step 4150  loss 1.7307  skip 0.50  lr 1.73e-04  depth_std 29.2462
2026-08-20 07:09:04,245 step 4200  loss 1.5769  skip 0.50  lr 1.70e-04  depth_std 14.8901
2026-08-20 07:09:38,715 step 4250  loss 1.6024  skip 0.50  lr 1.67e-04  depth_std 12.9201
2026-08-20 07:10:13,292 step 4300  loss 1.1515  skip 0.50  lr 1.63e-04  depth_std 5.1339
2026-08-20 07:10:47,797 step 4350  loss 1.5878  skip 0.50  lr 1.60e-04  depth_std 17.7050
2026-08-20 07:11:22,345 step 4400  loss 1.7630  skip 0.50  lr 1.57e-04  depth_std 3.7947
2026-08-20 07:11:56,712 step 4450  loss 2.3859  skip 0.50  lr 1.53e-04  depth_std 3.1700
2026-08-20 07:12:31,326 step 4500  loss 2.4805  skip 0.50  lr 1.50e-04  depth_std 14.6959
2026-08-20 07:13:05,748 step 4550  loss 2.0911  skip 0.50  lr 1.47e-04  depth_std 19.2105
2026-08-20 07:13:40,262 step 4600  loss 0.9155  skip 0.50  lr 1.43e-04  depth_std 0.5652
2026-08-20 07:14:14,816 step 4650  loss 3.1108  skip 0.50  lr 1.40e-04  depth_std 7.2919
2026-08-20 07:14:49,456 step 4700  loss 1.9106  skip 0.50  lr 1.37e-04  depth_std 39.6169
2026-08-20 07:15:23,964 step 4750  loss 1.8444  skip 0.50  lr 1.33e-04  depth_std 5.6353
2026-08-20 07:15:58,552 step 4800  loss 1.4808  skip 0.50  lr 1.30e-04  depth_std 7.9400
2026-08-20 07:16:32,979 step 4850  loss 1.6950  skip 0.50  lr 1.27e-04  depth_std 34.6775
2026-08-20 07:17:07,523 step 4900  loss 0.6190  skip 0.50  lr 1.23e-04  depth_std 1.7364
2026-08-20 07:17:42,094 step 4950  loss 1.5288  skip 0.50  lr 1.20e-04  depth_std 20.8324
2026-08-20 07:18:16,862 step 5000  loss 4.2791  skip 0.50  lr 1.17e-04  depth_std 5.2206
2026-08-20 07:18:51,232 step 5050  loss 2.9051  skip 0.50  lr 1.13e-04  depth_std 7.8311
2026-08-20 07:19:25,869 step 5100  loss 2.2710  skip 0.50  lr 1.10e-04  depth_std 10.7118
2026-08-20 07:20:00,328 step 5150  loss 1.4291  skip 0.50  lr 1.07e-04  depth_std 6.7908
2026-08-20 07:20:34,875 step 5200  loss 2.4239  skip 0.50  lr 1.04e-04  depth_std 22.7587
2026-08-20 07:21:09,313 step 5250  loss 1.2935  skip 0.50  lr 1.00e-04  depth_std 4.3975
2026-08-20 07:21:43,773 step 5300  loss 2.3776  skip 0.50  lr 9.73e-05  depth_std 40.6575
2026-08-20 07:22:18,365 step 5350  loss 1.4918  skip 0.50  lr 9.42e-05  depth_std 31.7858
2026-08-20 07:22:53,349 step 5400  loss 1.5515  skip 0.50  lr 9.10e-05  depth_std 13.6273
2026-08-20 07:23:27,975 step 5450  loss 0.7714  skip 0.50  lr 8.80e-05  depth_std 1.3736
2026-08-20 07:24:02,675 step 5500  loss 1.9014  skip 0.50  lr 8.49e-05  depth_std 4.1862
2026-08-20 07:24:37,145 step 5550  loss 2.8785  skip 0.50  lr 8.19e-05  depth_std 11.3295
2026-08-20 07:25:11,656 step 5600  loss 0.9151  skip 0.50  lr 7.89e-05  depth_std 3.8009
2026-08-20 07:25:46,221 step 5650  loss 1.5533  skip 0.50  lr 7.60e-05  depth_std 14.4602
2026-08-20 07:26:20,776 step 5700  loss 0.9226  skip 0.50  lr 7.31e-05  depth_std 1.7289
2026-08-20 07:26:55,270 step 5750  loss 1.8647  skip 0.50  lr 7.02e-05  depth_std 39.5643
2026-08-20 07:27:29,768 step 5800  loss 2.6863  skip 0.50  lr 6.74e-05  depth_std 39.0476
2026-08-20 07:28:04,479 step 5850  loss 2.2477  skip 0.50  lr 6.46e-05  depth_std 30.8735
2026-08-20 07:28:39,840 step 5900  loss 3.4397  skip 0.50  lr 6.18e-05  depth_std 8.0079
2026-08-20 07:29:15,228 step 5950  loss 0.7168  skip 0.50  lr 5.91e-05  depth_std 2.0060
2026-08-20 07:29:50,249 step 6000  loss 1.8600  skip 0.50  lr 5.65e-05  depth_std 3.0512
2026-08-20 07:30:24,867 step 6050  loss 2.9301  skip 0.50  lr 5.39e-05  depth_std 8.0775
2026-08-20 07:30:59,566 step 6100  loss 0.8828  skip 0.50  lr 5.13e-05  depth_std 1.2530
2026-08-20 07:31:34,334 step 6150  loss 5.8554  skip 0.50  lr 4.88e-05  depth_std 38.3197
2026-08-20 07:32:08,992 step 6200  loss 2.3413  skip 0.50  lr 4.63e-05  depth_std 27.4863
2026-08-20 07:32:43,583 step 6250  loss 3.5828  skip 0.50  lr 4.39e-05  depth_std 7.4152
2026-08-20 07:33:18,032 step 6300  loss 1.6267  skip 0.50  lr 4.16e-05  depth_std 41.6498
2026-08-20 07:33:52,628 step 6350  loss 2.3063  skip 0.50  lr 3.93e-05  depth_std 31.0072
2026-08-20 07:34:27,273 step 6400  loss 5.4172  skip 0.50  lr 3.70e-05  depth_std 38.7322
2026-08-20 07:35:01,797 step 6450  loss 2.5090  skip 0.50  lr 3.49e-05  depth_std 29.1758
2026-08-20 07:35:36,428 step 6500  loss 6.5445  skip 0.50  lr 3.27e-05  depth_std 37.1924
2026-08-20 07:36:10,925 step 6550  loss 0.9843  skip 0.50  lr 3.07e-05  depth_std 9.8156
2026-08-20 07:36:45,386 step 6600  loss 3.5322  skip 0.50  lr 2.86e-05  depth_std 28.3406
2026-08-20 07:37:20,023 step 6650  loss 4.8966  skip 0.50  lr 2.67e-05  depth_std 15.4294
2026-08-20 07:37:54,627 step 6700  loss 2.7116  skip 0.50  lr 2.48e-05  depth_std 7.8858
2026-08-20 07:38:29,233 step 6750  loss 1.8182  skip 0.50  lr 2.30e-05  depth_std 4.0087
2026-08-20 07:39:03,805 step 6800  loss 2.2877  skip 0.50  lr 2.12e-05  depth_std 38.2340
2026-08-20 07:39:38,258 step 6850  loss 2.0461  skip 0.50  lr 1.95e-05  depth_std 30.5524
2026-08-20 07:40:12,758 step 6900  loss 2.9081  skip 0.50  lr 1.79e-05  depth_std 36.9890
2026-08-20 07:40:47,283 step 6950  loss 1.2643  skip 0.50  lr 1.63e-05  depth_std 9.1626
2026-08-20 07:41:21,750 step 7000  loss 1.8437  skip 0.50  lr 1.49e-05  depth_std 43.2118
2026-08-20 07:41:56,374 step 7050  loss 6.4513  skip 0.50  lr 1.34e-05  depth_std 7.2438
2026-08-20 07:42:30,923 step 7100  loss 1.9897  skip 0.50  lr 1.21e-05  depth_std 5.1647
2026-08-20 07:43:05,520 step 7150  loss 1.6562  skip 0.50  lr 1.08e-05  depth_std 12.9021
2026-08-20 07:43:40,042 step 7200  loss 3.1125  skip 0.50  lr 9.56e-06  depth_std 4.2857
2026-08-20 07:44:14,661 step 7250  loss 3.2631  skip 0.50  lr 8.42e-06  depth_std 2.0489
2026-08-20 07:44:49,306 step 7300  loss 2.1115  skip 0.50  lr 7.34e-06  depth_std 8.4594
2026-08-20 07:45:23,871 step 7350  loss 2.6725  skip 0.50  lr 6.34e-06  depth_std 7.0411
2026-08-20 07:45:58,504 step 7400  loss 3.8068  skip 0.50  lr 5.41e-06  depth_std 29.3309
2026-08-20 07:46:33,037 step 7450  loss 2.9649  skip 0.50  lr 4.55e-06  depth_std 18.9722
2026-08-20 07:47:07,618 step 7500  loss 2.2595  skip 0.50  lr 3.76e-06  depth_std 9.9455
2026-08-20 07:47:42,281 step 7550  loss 3.8376  skip 0.50  lr 3.05e-06  depth_std 27.8406
2026-08-20 07:48:16,734 step 7600  loss 1.3796  skip 0.50  lr 2.41e-06  depth_std 8.4993
2026-08-20 07:48:51,236 step 7650  loss 5.9847  skip 0.50  lr 1.85e-06  depth_std 12.3369
2026-08-20 07:49:25,750 step 7700  loss 2.0294  skip 0.50  lr 1.36e-06  depth_std 25.9821
2026-08-20 07:50:00,438 step 7750  loss 1.1255  skip 0.50  lr 9.43e-07  depth_std 2.8772
2026-08-20 07:50:35,325 step 7800  loss 4.3824  skip 0.50  lr 6.04e-07  depth_std 9.0901
2026-08-20 07:51:10,189 step 7850  loss 3.1390  skip 0.50  lr 3.40e-07  depth_std 42.0865
2026-08-20 07:51:45,100 step 7900  loss 2.0670  skip 0.50  lr 1.51e-07  depth_std 35.0163
2026-08-20 07:52:19,897 step 7950  loss 0.9649  skip 0.50  lr 3.78e-08  depth_std 17.0098
2026-08-20 07:52:54,606 saved -> work_dirs/t5-spread0.0/latest.pt
