2026-08-29 05:38:03,000 work dir: work_dirs/d1-boundary-s0  seed 0  commit 1d4d01a6
2026-08-29 05:38:03,442 partial init from work_dirs/v11-longclip-spread-s0/latest.pt: 7 new tensors kept at init, 0 checkpoint tensors unused
2026-08-29 05:38:04,287 mixed dataset: 208720 clips from 5 sources (size 256)
2026-08-29 05:38:06,343 step    0  loss 2.8215  skip 0.00  lr 2.00e-07  depth_std 28.4354
2026-08-29 05:38:57,523 step   50  loss 2.1542  skip 0.01  lr 1.02e-05  depth_std 11.2217
2026-08-29 05:39:51,012 step  100  loss 2.8023  skip 0.03  lr 2.02e-05  depth_std 42.4574
2026-08-29 05:40:44,650 step  150  loss 5.1435  skip 0.04  lr 3.02e-05  depth_std 1.7203
2026-08-29 05:41:38,005 step  200  loss 6.6794  skip 0.05  lr 4.02e-05  depth_std 11.6748
2026-08-29 05:42:30,732 step  250  loss 3.7695  skip 0.06  lr 5.02e-05  depth_std 6.1816
2026-08-29 05:43:22,751 step  300  loss 1.7493  skip 0.07  lr 6.02e-05  depth_std 14.7866
2026-08-29 05:44:14,250 step  350  loss 1.7488  skip 0.09  lr 7.02e-05  depth_std 10.6585
2026-08-29 05:45:05,360 step  400  loss 3.7415  skip 0.10  lr 8.02e-05  depth_std 16.9691
2026-08-29 05:45:56,040 step  450  loss 2.2700  skip 0.11  lr 9.02e-05  depth_std 8.2860
2026-08-29 05:46:46,267 step  500  loss 3.0923  skip 0.12  lr 1.00e-04  depth_std 25.5247
2026-08-29 05:47:35,918 step  550  loss 2.8565  skip 0.14  lr 9.99e-05  depth_std 29.0135
2026-08-29 05:48:25,185 step  600  loss 2.4781  skip 0.15  lr 9.98e-05  depth_std 28.2320
2026-08-29 05:49:13,962 step  650  loss 3.6672  skip 0.16  lr 9.95e-05  depth_std 10.9118
2026-08-29 05:50:02,297 step  700  loss 2.4137  skip 0.17  lr 9.92e-05  depth_std 32.7480
2026-08-29 05:50:50,106 step  750  loss 2.4250  skip 0.19  lr 9.87e-05  depth_std 22.7559
2026-08-29 05:51:37,465 step  800  loss 1.9687  skip 0.20  lr 9.82e-05  depth_std 0.9305
2026-08-29 05:52:24,194 step  850  loss 1.4251  skip 0.21  lr 9.76e-05  depth_std 2.2320
2026-08-29 05:53:10,457 step  900  loss 1.0478  skip 0.23  lr 9.68e-05  depth_std 1.5188
2026-08-29 05:53:56,280 step  950  loss 4.0374  skip 0.24  lr 9.60e-05  depth_std 15.5650
2026-08-29 05:54:41,491 step 1000  loss 8.3949  skip 0.25  lr 9.50e-05  depth_std 34.2575
2026-08-29 05:55:26,395 step 1050  loss 2.4847  skip 0.26  lr 9.40e-05  depth_std 35.7718
2026-08-29 05:56:10,672 step 1100  loss 1.9338  skip 0.28  lr 9.29e-05  depth_std 24.8810
2026-08-29 05:56:54,558 step 1150  loss 2.6598  skip 0.29  lr 9.17e-05  depth_std 23.8446
2026-08-29 05:57:37,906 step 1200  loss 2.6159  skip 0.30  lr 9.05e-05  depth_std 8.9133
2026-08-29 05:58:20,763 step 1250  loss 2.4551  skip 0.31  lr 8.91e-05  depth_std 7.0815
2026-08-29 05:59:03,203 step 1300  loss 3.5196  skip 0.33  lr 8.77e-05  depth_std 15.4986
2026-08-29 05:59:44,963 step 1350  loss 1.8669  skip 0.34  lr 8.61e-05  depth_std 1.9187
2026-08-29 06:00:26,322 step 1400  loss 2.4203  skip 0.35  lr 8.46e-05  depth_std 15.7535
2026-08-29 06:01:07,224 step 1450  loss 2.9994  skip 0.36  lr 8.29e-05  depth_std 15.4594
2026-08-29 06:01:47,397 step 1500  loss 3.0023  skip 0.38  lr 8.12e-05  depth_std 2.0132
2026-08-29 06:02:27,361 step 1550  loss 3.5163  skip 0.39  lr 7.94e-05  depth_std 18.2883
2026-08-29 06:03:06,635 step 1600  loss 4.2103  skip 0.40  lr 7.75e-05  depth_std 18.3105
2026-08-29 06:03:45,579 step 1650  loss 1.5433  skip 0.41  lr 7.56e-05  depth_std 12.1537
2026-08-29 06:04:24,086 step 1700  loss 3.4788  skip 0.42  lr 7.37e-05  depth_std 8.3819
2026-08-29 06:05:01,952 step 1750  loss 3.9188  skip 0.44  lr 7.17e-05  depth_std 14.0524
2026-08-29 06:05:39,384 step 1800  loss 3.3222  skip 0.45  lr 6.97e-05  depth_std 24.0328
2026-08-29 06:06:16,266 step 1850  loss 3.3692  skip 0.46  lr 6.76e-05  depth_std 31.5035
2026-08-29 06:06:52,514 step 1900  loss 1.7612  skip 0.47  lr 6.55e-05  depth_std 2.0021
2026-08-29 06:07:28,497 step 1950  loss 2.6277  skip 0.49  lr 6.33e-05  depth_std 5.1661
2026-08-29 06:08:03,953 step 2000  loss 4.2169  skip 0.50  lr 6.11e-05  depth_std 16.1353
2026-08-29 06:08:39,188 step 2050  loss 1.8631  skip 0.50  lr 5.89e-05  depth_std 20.0166
2026-08-29 06:09:14,347 step 2100  loss 2.6038  skip 0.50  lr 5.67e-05  depth_std 20.2183
2026-08-29 06:09:49,576 step 2150  loss 1.5605  skip 0.50  lr 5.45e-05  depth_std 13.1967
2026-08-29 06:10:24,712 step 2200  loss 2.9764  skip 0.50  lr 5.22e-05  depth_std 39.5260
2026-08-29 06:10:59,855 step 2250  loss 1.4232  skip 0.50  lr 5.00e-05  depth_std 2.4623
2026-08-29 06:11:34,885 step 2300  loss 2.3205  skip 0.50  lr 4.78e-05  depth_std 37.5193
2026-08-29 06:12:10,031 step 2350  loss 2.8430  skip 0.50  lr 4.55e-05  depth_std 26.6961
2026-08-29 06:12:45,310 step 2400  loss 8.1908  skip 0.50  lr 4.33e-05  depth_std 32.7141
2026-08-29 06:13:20,505 step 2450  loss 5.7436  skip 0.50  lr 4.11e-05  depth_std 20.5601
2026-08-29 06:13:55,634 step 2500  loss 2.2327  skip 0.50  lr 3.89e-05  depth_std 11.0416
2026-08-29 06:14:30,701 step 2550  loss 1.6522  skip 0.50  lr 3.67e-05  depth_std 35.7835
2026-08-29 06:15:05,877 step 2600  loss 7.4550  skip 0.50  lr 3.45e-05  depth_std 2.3698
2026-08-29 06:15:41,050 step 2650  loss 2.1876  skip 0.50  lr 3.24e-05  depth_std 5.3101
2026-08-29 06:16:16,429 step 2700  loss 1.4152  skip 0.50  lr 3.03e-05  depth_std 3.4271
2026-08-29 06:16:51,689 step 2750  loss 1.3378  skip 0.50  lr 2.83e-05  depth_std 9.4302
2026-08-29 06:17:26,777 step 2800  loss 1.7624  skip 0.50  lr 2.63e-05  depth_std 13.1674
2026-08-29 06:18:01,917 step 2850  loss 3.6586  skip 0.50  lr 2.44e-05  depth_std 6.6243
2026-08-29 06:18:37,085 step 2900  loss 3.1392  skip 0.50  lr 2.25e-05  depth_std 12.5493
2026-08-29 06:19:12,296 step 2950  loss 3.7102  skip 0.50  lr 2.06e-05  depth_std 39.4853
2026-08-29 06:19:47,651 step 3000  loss 3.0512  skip 0.50  lr 1.88e-05  depth_std 1.0427
2026-08-29 06:20:22,842 step 3050  loss 2.6460  skip 0.50  lr 1.71e-05  depth_std 9.0611
2026-08-29 06:20:58,081 step 3100  loss 5.8827  skip 0.50  lr 1.54e-05  depth_std 36.0856
2026-08-29 06:21:33,202 step 3150  loss 2.6819  skip 0.50  lr 1.39e-05  depth_std 3.1079
2026-08-29 06:22:08,469 step 3200  loss 1.8571  skip 0.50  lr 1.23e-05  depth_std 3.6802
2026-08-29 06:22:43,753 step 3250  loss 2.2786  skip 0.50  lr 1.09e-05  depth_std 7.8442
2026-08-29 06:23:18,927 step 3300  loss 2.5791  skip 0.50  lr 9.55e-06  depth_std 29.1840
2026-08-29 06:23:54,064 step 3350  loss 2.3315  skip 0.50  lr 8.27e-06  depth_std 30.0443
2026-08-29 06:24:29,195 step 3400  loss 1.8184  skip 0.50  lr 7.08e-06  depth_std 16.0149
2026-08-29 06:25:04,445 step 3450  loss 1.1554  skip 0.50  lr 5.97e-06  depth_std 4.1454
2026-08-29 06:25:39,725 step 3500  loss 2.4919  skip 0.50  lr 4.95e-06  depth_std 1.5477
2026-08-29 06:26:14,723 step 3550  loss 5.1078  skip 0.50  lr 4.02e-06  depth_std 25.0040
2026-08-29 06:26:49,968 step 3600  loss 2.3678  skip 0.50  lr 3.19e-06  depth_std 34.5782
2026-08-29 06:27:25,102 step 3650  loss 2.8075  skip 0.50  lr 2.45e-06  depth_std 1.7447
2026-08-29 06:28:00,188 step 3700  loss 3.1329  skip 0.50  lr 1.80e-06  depth_std 27.5228
2026-08-29 06:28:35,428 step 3750  loss 3.1895  skip 0.50  lr 1.25e-06  depth_std 40.2790
2026-08-29 06:29:10,591 step 3800  loss 1.6880  skip 0.50  lr 8.04e-07  depth_std 2.7150
2026-08-29 06:29:45,718 step 3850  loss 1.9173  skip 0.50  lr 4.53e-07  depth_std 35.8314
2026-08-29 06:30:20,810 step 3900  loss 3.7783  skip 0.50  lr 2.01e-07  depth_std 16.6031
2026-08-29 06:30:55,989 step 3950  loss 3.2350  skip 0.50  lr 5.03e-08  depth_std 37.4001
2026-08-29 06:31:30,639 saved -> work_dirs/d1-boundary-s0/latest.pt
