2026-08-30 01:05:52,235 work dir: work_dirs/r4a-b3-os2-trim-s0  seed 0  commit 1d4d01a6
2026-08-30 01:05:52,667 partial init from work_dirs/v11-longclip-spread-s0/latest.pt: 7 new tensors kept at init, 0 checkpoint tensors unused
2026-08-30 01:05:53,497 mixed dataset: 208720 clips from 5 sources (size 256)
2026-08-30 01:05:55,495 step    0  loss 10.8740  skip 0.00  lr 2.00e-07  depth_std 28.4354
2026-08-30 01:06:46,510 step   50  loss 7.2279  skip 0.01  lr 1.02e-05  depth_std 11.1561
2026-08-30 01:07:39,845 step  100  loss 3.8903  skip 0.03  lr 2.02e-05  depth_std 44.2830
2026-08-30 01:08:33,356 step  150  loss 6.5789  skip 0.04  lr 3.02e-05  depth_std 1.7313
2026-08-30 01:09:26,682 step  200  loss 8.6093  skip 0.05  lr 4.02e-05  depth_std 11.9237
2026-08-30 01:10:19,206 step  250  loss 5.0578  skip 0.06  lr 5.02e-05  depth_std 6.0864
2026-08-30 01:11:11,026 step  300  loss 5.0681  skip 0.07  lr 6.02e-05  depth_std 14.0742
2026-08-30 01:12:02,451 step  350  loss 3.0686  skip 0.09  lr 7.02e-05  depth_std 11.6608
2026-08-30 01:12:53,405 step  400  loss 5.6773  skip 0.10  lr 8.02e-05  depth_std 17.3469
2026-08-30 01:13:44,086 step  450  loss 3.6062  skip 0.11  lr 9.02e-05  depth_std 8.3449
2026-08-30 01:14:34,227 step  500  loss 5.9153  skip 0.12  lr 1.00e-04  depth_std 26.4163
2026-08-30 01:15:23,668 step  550  loss 5.2505  skip 0.14  lr 9.99e-05  depth_std 30.6780
2026-08-30 01:16:12,703 step  600  loss 5.1818  skip 0.15  lr 9.98e-05  depth_std 27.5174
2026-08-30 01:17:01,354 step  650  loss 6.1213  skip 0.16  lr 9.95e-05  depth_std 10.3324
2026-08-30 01:17:49,465 step  700  loss 3.9803  skip 0.17  lr 9.92e-05  depth_std 27.0395
2026-08-30 01:18:37,134 step  750  loss 8.4057  skip 0.19  lr 9.87e-05  depth_std 23.3220
2026-08-30 01:19:24,392 step  800  loss 34.6510  skip 0.20  lr 9.82e-05  depth_std 1.0766
2026-08-30 01:20:11,046 step  850  loss 2.4781  skip 0.21  lr 9.76e-05  depth_std 2.0815
2026-08-30 01:20:57,311 step  900  loss 1.9228  skip 0.23  lr 9.68e-05  depth_std 1.5196
2026-08-30 01:21:42,997 step  950  loss 5.9980  skip 0.24  lr 9.60e-05  depth_std 14.8729
2026-08-30 01:22:28,242 step 1000  loss 12.7078  skip 0.25  lr 9.50e-05  depth_std 29.7802
2026-08-30 01:23:13,063 step 1050  loss 3.8726  skip 0.26  lr 9.40e-05  depth_std 31.6201
2026-08-30 01:23:57,370 step 1100  loss 3.9709  skip 0.28  lr 9.29e-05  depth_std 25.7913
2026-08-30 01:24:41,033 step 1150  loss 26.2789  skip 0.29  lr 9.17e-05  depth_std 25.6642
2026-08-30 01:25:24,307 step 1200  loss 24.3038  skip 0.30  lr 9.05e-05  depth_std 9.2970
2026-08-30 01:26:07,224 step 1250  loss 3.9186  skip 0.31  lr 8.91e-05  depth_std 5.6049
2026-08-30 01:26:49,499 step 1300  loss 6.5170  skip 0.33  lr 8.77e-05  depth_std 15.8027
2026-08-30 01:27:31,284 step 1350  loss 14.0634  skip 0.34  lr 8.61e-05  depth_std 3.2315
2026-08-30 01:28:12,623 step 1400  loss 5.0743  skip 0.35  lr 8.46e-05  depth_std 16.8768
2026-08-30 01:28:53,513 step 1450  loss 49.2590  skip 0.36  lr 8.29e-05  depth_std 14.2815
2026-08-30 01:29:33,680 step 1500  loss 5.3124  skip 0.38  lr 8.12e-05  depth_std 2.2528
2026-08-30 01:30:13,482 step 1550  loss 22.4525  skip 0.39  lr 7.94e-05  depth_std 16.4131
2026-08-30 01:30:52,817 step 1600  loss 6.3819  skip 0.40  lr 7.75e-05  depth_std 17.0089
2026-08-30 01:31:31,706 step 1650  loss 3.5922  skip 0.41  lr 7.56e-05  depth_std 11.8256
2026-08-30 01:32:10,079 step 1700  loss 7.1793  skip 0.42  lr 7.37e-05  depth_std 7.0170
2026-08-30 01:32:47,894 step 1750  loss 6.7379  skip 0.44  lr 7.17e-05  depth_std 13.5032
2026-08-30 01:33:25,268 step 1800  loss 15.7652  skip 0.45  lr 6.97e-05  depth_std 33.8903
2026-08-30 01:34:02,137 step 1850  loss 40.0234  skip 0.46  lr 6.76e-05  depth_std 30.7689
2026-08-30 01:34:38,380 step 1900  loss 26.7472  skip 0.47  lr 6.55e-05  depth_std 2.5105
2026-08-30 01:35:14,231 step 1950  loss 133.9512  skip 0.49  lr 6.33e-05  depth_std 5.4825
2026-08-30 01:35:49,687 step 2000  loss 7.4679  skip 0.50  lr 6.11e-05  depth_std 16.9411
2026-08-30 01:36:24,823 step 2050  loss 9.3646  skip 0.50  lr 5.89e-05  depth_std 18.2917
2026-08-30 01:36:59,894 step 2100  loss 3.7491  skip 0.50  lr 5.67e-05  depth_std 20.5591
2026-08-30 01:37:35,128 step 2150  loss 7.7244  skip 0.50  lr 5.45e-05  depth_std 14.9525
2026-08-30 01:38:10,277 step 2200  loss 12.7741  skip 0.50  lr 5.22e-05  depth_std 37.7709
2026-08-30 01:38:45,426 step 2250  loss 2.3578  skip 0.50  lr 5.00e-05  depth_std 2.4803
2026-08-30 01:39:20,467 step 2300  loss 4.4095  skip 0.50  lr 4.78e-05  depth_std 36.8739
2026-08-30 01:39:55,529 step 2350  loss 4.0666  skip 0.50  lr 4.55e-05  depth_std 25.4844
2026-08-30 01:40:30,661 step 2400  loss 30.2522  skip 0.50  lr 4.33e-05  depth_std 30.3134
2026-08-30 01:41:05,817 step 2450  loss 9.6426  skip 0.50  lr 4.11e-05  depth_std 20.1943
2026-08-30 01:41:40,837 step 2500  loss 23.2489  skip 0.50  lr 3.89e-05  depth_std 12.5970
2026-08-30 01:42:15,853 step 2550  loss 2.4352  skip 0.50  lr 3.67e-05  depth_std 35.3957
2026-08-30 01:42:50,970 step 2600  loss 15.2660  skip 0.50  lr 3.45e-05  depth_std 2.2283
2026-08-30 01:43:26,101 step 2650  loss 77.9755  skip 0.50  lr 3.24e-05  depth_std 5.1163
2026-08-30 01:44:01,299 step 2700  loss 2.7201  skip 0.50  lr 3.03e-05  depth_std 4.3947
2026-08-30 01:44:36,425 step 2750  loss 2.2159  skip 0.50  lr 2.83e-05  depth_std 9.4533
2026-08-30 01:45:11,436 step 2800  loss 6.2124  skip 0.50  lr 2.63e-05  depth_std 14.4430
2026-08-30 01:45:46,622 step 2850  loss 38.5703  skip 0.50  lr 2.44e-05  depth_std 6.3353
2026-08-30 01:46:21,682 step 2900  loss 4.8795  skip 0.50  lr 2.25e-05  depth_std 10.9549
2026-08-30 01:46:56,835 step 2950  loss 5.8702  skip 0.50  lr 2.06e-05  depth_std 39.6177
2026-08-30 01:47:32,142 step 3000  loss 59.1382  skip 0.50  lr 1.88e-05  depth_std 1.3975
2026-08-30 01:48:07,382 step 3050  loss 27.1868  skip 0.50  lr 1.71e-05  depth_std 12.3737
2026-08-30 01:48:42,532 step 3100  loss 19.8136  skip 0.50  lr 1.54e-05  depth_std 39.7352
2026-08-30 01:49:17,568 step 3150  loss 5.3924  skip 0.50  lr 1.39e-05  depth_std 3.0786
2026-08-30 01:49:52,787 step 3200  loss 23.6227  skip 0.50  lr 1.23e-05  depth_std 4.2561
2026-08-30 01:50:27,936 step 3250  loss 3.5347  skip 0.50  lr 1.09e-05  depth_std 7.3780
2026-08-30 01:51:02,964 step 3300  loss 4.5628  skip 0.50  lr 9.55e-06  depth_std 28.0862
2026-08-30 01:51:37,859 step 3350  loss 5.6253  skip 0.50  lr 8.27e-06  depth_std 29.3533
2026-08-30 01:52:12,744 step 3400  loss 43.8548  skip 0.50  lr 7.08e-06  depth_std 15.5719
2026-08-30 01:52:47,942 step 3450  loss 1.8739  skip 0.50  lr 5.97e-06  depth_std 4.1110
2026-08-30 01:53:23,171 step 3500  loss 4.5821  skip 0.50  lr 4.95e-06  depth_std 1.5709
2026-08-30 01:53:58,171 step 3550  loss 6.2105  skip 0.50  lr 4.02e-06  depth_std 23.6896
2026-08-30 01:54:33,361 step 3600  loss 3.6123  skip 0.50  lr 3.19e-06  depth_std 34.5328
2026-08-30 01:55:08,448 step 3650  loss 16.3036  skip 0.50  lr 2.45e-06  depth_std 1.8232
2026-08-30 01:55:43,631 step 3700  loss 19.4978  skip 0.50  lr 1.80e-06  depth_std 26.4209
2026-08-30 01:56:18,811 step 3750  loss 5.7356  skip 0.50  lr 1.25e-06  depth_std 41.0272
2026-08-30 01:56:54,041 step 3800  loss 2.6215  skip 0.50  lr 8.04e-07  depth_std 3.0520
2026-08-30 01:57:29,160 step 3850  loss 2.7982  skip 0.50  lr 4.53e-07  depth_std 37.1979
2026-08-30 01:58:04,164 step 3900  loss 5.6322  skip 0.50  lr 2.01e-07  depth_std 17.4319
2026-08-30 01:58:39,315 step 3950  loss 11.6313  skip 0.50  lr 5.03e-08  depth_std 37.4720
2026-08-30 01:59:13,768 saved -> work_dirs/r4a-b3-os2-trim-s0/latest.pt
