2026-08-29 03:48:09,782 work dir: work_dirs/d1-fullres-s0  seed 0  commit 1d4d01a6
2026-08-29 03:48:10,243 partial init from work_dirs/v11-longclip-spread-s0/latest.pt: 7 new tensors kept at init, 0 checkpoint tensors unused
2026-08-29 03:48:11,237 mixed dataset: 208720 clips from 5 sources (size 256)
2026-08-29 03:48:13,251 step    0  loss 2.4707  skip 0.00  lr 2.00e-07  depth_std 28.4354
2026-08-29 03:49:05,592 step   50  loss 1.7549  skip 0.01  lr 1.02e-05  depth_std 11.2146
2026-08-29 03:50:04,633 step  100  loss 2.5404  skip 0.03  lr 2.02e-05  depth_std 42.5046
2026-08-29 03:50:58,653 step  150  loss 4.7847  skip 0.04  lr 3.02e-05  depth_std 1.7197
2026-08-29 03:51:52,156 step  200  loss 5.8188  skip 0.05  lr 4.02e-05  depth_std 11.9854
2026-08-29 03:52:44,743 step  250  loss 3.2023  skip 0.06  lr 5.02e-05  depth_std 6.1740
2026-08-29 03:53:36,365 step  300  loss 1.4989  skip 0.07  lr 6.02e-05  depth_std 14.6507
2026-08-29 03:54:27,666 step  350  loss 1.3060  skip 0.09  lr 7.02e-05  depth_std 10.9291
2026-08-29 03:55:18,694 step  400  loss 2.8293  skip 0.10  lr 8.02e-05  depth_std 17.2099
2026-08-29 03:56:09,358 step  450  loss 1.7135  skip 0.11  lr 9.02e-05  depth_std 9.0773
2026-08-29 03:56:59,532 step  500  loss 2.5191  skip 0.12  lr 1.00e-04  depth_std 26.0514
2026-08-29 03:57:49,170 step  550  loss 2.6449  skip 0.14  lr 9.99e-05  depth_std 32.8753
2026-08-29 03:58:38,251 step  600  loss 1.9332  skip 0.15  lr 9.98e-05  depth_std 29.1545
2026-08-29 03:59:26,864 step  650  loss 2.5936  skip 0.16  lr 9.95e-05  depth_std 10.3522
2026-08-29 04:00:15,122 step  700  loss 2.2704  skip 0.17  lr 9.92e-05  depth_std 31.2339
2026-08-29 04:01:02,732 step  750  loss 2.0023  skip 0.19  lr 9.87e-05  depth_std 23.9119
2026-08-29 04:01:49,923 step  800  loss 1.6558  skip 0.20  lr 9.82e-05  depth_std 0.8987
2026-08-29 04:02:36,615 step  850  loss 1.1637  skip 0.21  lr 9.76e-05  depth_std 2.2268
2026-08-29 04:03:22,779 step  900  loss 0.7714  skip 0.23  lr 9.68e-05  depth_std 1.5150
2026-08-29 04:04:08,544 step  950  loss 3.3001  skip 0.24  lr 9.60e-05  depth_std 12.7941
2026-08-29 04:04:53,712 step 1000  loss 7.4614  skip 0.25  lr 9.50e-05  depth_std 29.6400
2026-08-29 04:05:38,440 step 1050  loss 1.9985  skip 0.26  lr 9.40e-05  depth_std 33.6983
2026-08-29 04:06:22,596 step 1100  loss 1.5655  skip 0.28  lr 9.29e-05  depth_std 24.4660
2026-08-29 04:07:06,259 step 1150  loss 2.5357  skip 0.29  lr 9.17e-05  depth_std 25.1888
2026-08-29 04:07:49,475 step 1200  loss 2.0645  skip 0.30  lr 9.05e-05  depth_std 9.8348
2026-08-29 04:08:32,268 step 1250  loss 1.5161  skip 0.31  lr 8.91e-05  depth_std 6.5878
2026-08-29 04:09:14,636 step 1300  loss 2.8836  skip 0.33  lr 8.77e-05  depth_std 15.7454
2026-08-29 04:09:56,410 step 1350  loss 1.5726  skip 0.34  lr 8.61e-05  depth_std 1.8736
2026-08-29 04:10:37,776 step 1400  loss 1.9600  skip 0.35  lr 8.46e-05  depth_std 15.9336
2026-08-29 04:11:18,613 step 1450  loss 2.6125  skip 0.36  lr 8.29e-05  depth_std 16.0557
2026-08-29 04:11:58,845 step 1500  loss 2.3606  skip 0.38  lr 8.12e-05  depth_std 2.0430
2026-08-29 04:12:38,657 step 1550  loss 2.9584  skip 0.39  lr 7.94e-05  depth_std 18.3451
2026-08-29 04:13:17,898 step 1600  loss 3.4554  skip 0.40  lr 7.75e-05  depth_std 16.4767
2026-08-29 04:13:56,671 step 1650  loss 1.2631  skip 0.41  lr 7.56e-05  depth_std 12.7275
2026-08-29 04:14:35,034 step 1700  loss 2.6361  skip 0.42  lr 7.37e-05  depth_std 7.6246
2026-08-29 04:15:12,823 step 1750  loss 3.1897  skip 0.44  lr 7.17e-05  depth_std 13.6415
2026-08-29 04:15:50,059 step 1800  loss 3.0084  skip 0.45  lr 6.97e-05  depth_std 29.0481
2026-08-29 04:16:26,850 step 1850  loss 3.0392  skip 0.46  lr 6.76e-05  depth_std 31.6477
2026-08-29 04:17:02,990 step 1900  loss 1.4506  skip 0.47  lr 6.55e-05  depth_std 1.7791
2026-08-29 04:17:38,866 step 1950  loss 2.4182  skip 0.49  lr 6.33e-05  depth_std 4.8937
2026-08-29 04:18:14,234 step 2000  loss 3.1711  skip 0.50  lr 6.11e-05  depth_std 17.5448
2026-08-29 04:18:49,287 step 2050  loss 1.4529  skip 0.50  lr 5.89e-05  depth_std 19.8579
2026-08-29 04:19:24,401 step 2100  loss 2.2524  skip 0.50  lr 5.67e-05  depth_std 19.0361
2026-08-29 04:19:59,620 step 2150  loss 1.1699  skip 0.50  lr 5.45e-05  depth_std 12.6296
2026-08-29 04:20:34,740 step 2200  loss 2.7148  skip 0.50  lr 5.22e-05  depth_std 37.3839
2026-08-29 04:21:09,870 step 2250  loss 1.0472  skip 0.50  lr 5.00e-05  depth_std 2.3033
2026-08-29 04:21:44,817 step 2300  loss 2.1119  skip 0.50  lr 4.78e-05  depth_std 35.0761
2026-08-29 04:22:19,914 step 2350  loss 2.4236  skip 0.50  lr 4.55e-05  depth_std 25.8742
2026-08-29 04:22:55,055 step 2400  loss 7.0274  skip 0.50  lr 4.33e-05  depth_std 31.2318
2026-08-29 04:23:30,217 step 2450  loss 4.8935  skip 0.50  lr 4.11e-05  depth_std 20.3143
2026-08-29 04:24:05,223 step 2500  loss 1.9352  skip 0.50  lr 3.89e-05  depth_std 10.9627
2026-08-29 04:24:40,253 step 2550  loss 1.3976  skip 0.50  lr 3.67e-05  depth_std 35.0866
2026-08-29 04:25:15,375 step 2600  loss 3.8728  skip 0.50  lr 3.45e-05  depth_std 2.3924
2026-08-29 04:25:50,435 step 2650  loss 1.7370  skip 0.50  lr 3.24e-05  depth_std 5.4594
2026-08-29 04:26:25,703 step 2700  loss 1.0379  skip 0.50  lr 3.03e-05  depth_std 3.5925
2026-08-29 04:27:00,739 step 2750  loss 1.0328  skip 0.50  lr 2.83e-05  depth_std 9.6818
2026-08-29 04:27:35,753 step 2800  loss 1.4075  skip 0.50  lr 2.63e-05  depth_std 12.8264
2026-08-29 04:28:10,870 step 2850  loss 3.0683  skip 0.50  lr 2.44e-05  depth_std 6.3602
2026-08-29 04:28:45,932 step 2900  loss 2.5116  skip 0.50  lr 2.25e-05  depth_std 12.5540
2026-08-29 04:29:20,971 step 2950  loss 3.5679  skip 0.50  lr 2.06e-05  depth_std 36.5564
2026-08-29 04:29:56,180 step 3000  loss 2.6756  skip 0.50  lr 1.88e-05  depth_std 1.0026
2026-08-29 04:30:31,391 step 3050  loss 2.0785  skip 0.50  lr 1.71e-05  depth_std 9.7526
2026-08-29 04:31:06,530 step 3100  loss 4.9415  skip 0.50  lr 1.54e-05  depth_std 35.1593
2026-08-29 04:31:41,411 step 3150  loss 2.4717  skip 0.50  lr 1.39e-05  depth_std 3.0486
2026-08-29 04:32:16,571 step 3200  loss 1.5723  skip 0.50  lr 1.23e-05  depth_std 3.8404
2026-08-29 04:32:51,590 step 3250  loss 1.7893  skip 0.50  lr 1.09e-05  depth_std 7.8331
2026-08-29 04:33:26,614 step 3300  loss 2.2282  skip 0.50  lr 9.55e-06  depth_std 28.8025
2026-08-29 04:34:01,596 step 3350  loss 1.9921  skip 0.50  lr 8.27e-06  depth_std 28.3034
2026-08-29 04:34:36,657 step 3400  loss 1.5197  skip 0.50  lr 7.08e-06  depth_std 16.1537
2026-08-29 04:35:11,758 step 3450  loss 0.9206  skip 0.50  lr 5.97e-06  depth_std 4.3856
2026-08-29 04:35:46,919 step 3500  loss 2.2760  skip 0.50  lr 4.95e-06  depth_std 1.5847
2026-08-29 04:36:21,872 step 3550  loss 4.6545  skip 0.50  lr 4.02e-06  depth_std 24.8444
2026-08-29 04:36:56,908 step 3600  loss 1.9520  skip 0.50  lr 3.19e-06  depth_std 32.9842
2026-08-29 04:37:31,934 step 3650  loss 1.8703  skip 0.50  lr 2.45e-06  depth_std 1.7580
2026-08-29 04:38:06,991 step 3700  loss 2.4914  skip 0.50  lr 1.80e-06  depth_std 26.2299
2026-08-29 04:38:42,126 step 3750  loss 2.8988  skip 0.50  lr 1.25e-06  depth_std 40.6337
2026-08-29 04:39:17,237 step 3800  loss 1.3627  skip 0.50  lr 8.04e-07  depth_std 2.5676
2026-08-29 04:39:52,174 step 3850  loss 1.6523  skip 0.50  lr 4.53e-07  depth_std 34.5881
2026-08-29 04:40:27,099 step 3900  loss 3.0921  skip 0.50  lr 2.01e-07  depth_std 16.4863
2026-08-29 04:41:02,110 step 3950  loss 2.4660  skip 0.50  lr 5.03e-08  depth_std 37.7601
2026-08-29 04:41:36,515 saved -> work_dirs/d1-fullres-s0/latest.pt
