2026-08-30 21:43:42,462 work dir: work_dirs/q0-calib-s0  commit 1d4d01a6
2026-08-30 21:43:44,056 HTTP Request: HEAD https://huggingface.co/depth-anything/Depth-Anything-V2-Small-hf/resolve/main/config.json "HTTP/1.1 307 Temporary Redirect"
2026-08-30 21:43:44,058 Warning: You are sending unauthenticated requests to the HF Hub. Please set a HF_TOKEN to enable higher rate limits and faster downloads.
2026-08-30 21:43:44,264 HTTP Request: HEAD https://huggingface.co/api/resolve-cache/models/depth-anything/Depth-Anything-V2-Small-hf/5426e4f0f36572d16453bbda7a8389317b1bef99/config.json "HTTP/1.1 200 OK"
2026-08-30 21:43:44,571 trainable 25.5k of 24.81M
2026-08-30 21:43:44,661 mixed dataset: 13245 clips from 2 sources
2026-08-30 21:43:45,158 step      0  loss 1.0346  median 3.33 m
2026-08-30 21:43:47,262 step     50  loss 0.5811  median 3.29 m
2026-08-30 21:43:49,374 step    100  loss 1.7734  median 3.09 m
2026-08-30 21:43:51,485 step    150  loss 0.1402  median 2.53 m
2026-08-30 21:43:53,596 step    200  loss 1.3055  median 2.13 m
2026-08-30 21:43:55,707 step    250  loss 0.2866  median 2.02 m
2026-08-30 21:43:57,817 step    300  loss 0.1772  median 2.05 m
2026-08-30 21:43:59,925 step    350  loss 0.0491  median 2.62 m
2026-08-30 21:44:02,036 step    400  loss 0.0276  median 2.14 m
2026-08-30 21:44:04,146 step    450  loss 0.0367  median 2.01 m
2026-08-30 21:44:06,253 step    500  loss 0.0343  median 2.84 m
2026-08-30 21:44:08,361 step    550  loss 0.0344  median 2.80 m
2026-08-30 21:44:10,471 step    600  loss 0.0094  median 2.64 m
2026-08-30 21:44:12,579 step    650  loss 0.0974  median 1.84 m
2026-08-30 21:44:14,688 step    700  loss 0.0214  median 2.46 m
2026-08-30 21:44:16,797 step    750  loss 0.0110  median 1.85 m
2026-08-30 21:44:18,909 step    800  loss 0.0044  median 1.87 m
2026-08-30 21:44:21,017 step    850  loss 0.0411  median 2.81 m
2026-08-30 21:44:23,124 step    900  loss 0.0335  median 3.02 m
2026-08-30 21:44:25,232 step    950  loss 0.0166  median 2.47 m
2026-08-30 21:44:27,343 step   1000  loss 0.0183  median 2.73 m
2026-08-30 21:44:29,450 step   1050  loss 0.0368  median 1.87 m
2026-08-30 21:44:31,560 step   1100  loss 0.0123  median 1.63 m
2026-08-30 21:44:33,668 step   1150  loss 0.0239  median 2.24 m
2026-08-30 21:44:35,777 step   1200  loss 0.1128  median 1.79 m
2026-08-30 21:44:37,885 step   1250  loss 0.0078  median 2.56 m
2026-08-30 21:44:39,992 step   1300  loss 0.0223  median 2.61 m
2026-08-30 21:44:42,099 step   1350  loss 0.0249  median 1.97 m
2026-08-30 21:44:44,208 step   1400  loss 0.0118  median 2.44 m
2026-08-30 21:44:46,317 step   1450  loss 0.1190  median 1.47 m
2026-08-30 21:44:48,423 step   1500  loss 0.0445  median 2.17 m
2026-08-30 21:44:50,534 step   1550  loss 0.0298  median 2.70 m
2026-08-30 21:44:52,643 step   1600  loss 0.0130  median 1.98 m
2026-08-30 21:44:54,751 step   1650  loss 0.0232  median 3.32 m
2026-08-30 21:44:56,860 step   1700  loss 0.0269  median 2.74 m
2026-08-30 21:44:58,970 step   1750  loss 0.0210  median 2.32 m
2026-08-30 21:45:01,077 step   1800  loss 0.0685  median 1.58 m
2026-08-30 21:45:03,186 step   1850  loss 0.0245  median 1.83 m
2026-08-30 21:45:05,294 step   1900  loss 0.0188  median 2.09 m
2026-08-30 21:45:07,402 step   1950  loss 0.0245  median 2.78 m
2026-08-30 21:45:09,510 step   2000  loss 0.0474  median 1.70 m
2026-08-30 21:45:11,616 step   2050  loss 0.0238  median 3.08 m
2026-08-30 21:45:13,725 step   2100  loss 0.0433  median 3.09 m
2026-08-30 21:45:15,830 step   2150  loss 0.0089  median 1.80 m
2026-08-30 21:45:17,937 step   2200  loss 0.0337  median 2.80 m
2026-08-30 21:45:20,041 step   2250  loss 0.0253  median 2.84 m
2026-08-30 21:45:22,148 step   2300  loss 0.0164  median 2.73 m
2026-08-30 21:45:24,254 step   2350  loss 0.0159  median 1.58 m
2026-08-30 21:45:26,359 step   2400  loss 0.0218  median 3.23 m
2026-08-30 21:45:28,467 step   2450  loss 0.0159  median 2.57 m
2026-08-30 21:45:30,573 step   2500  loss 0.0386  median 2.16 m
2026-08-30 21:45:32,678 step   2550  loss 0.0196  median 2.00 m
2026-08-30 21:45:34,778 step   2600  loss 0.0246  median 2.70 m
2026-08-30 21:45:36,878 step   2650  loss 0.0241  median 2.06 m
2026-08-30 21:45:38,984 step   2700  loss 0.0081  median 1.41 m
2026-08-30 21:45:41,089 step   2750  loss 0.0312  median 3.13 m
2026-08-30 21:45:43,193 step   2800  loss 0.0161  median 2.64 m
2026-08-30 21:45:45,300 step   2850  loss 0.0175  median 2.45 m
2026-08-30 21:45:47,402 step   2900  loss 0.0341  median 2.85 m
2026-08-30 21:45:49,502 step   2950  loss 0.0137  median 2.55 m
2026-08-30 21:45:51,607 step   3000  loss 0.0180  median 2.71 m
2026-08-30 21:45:53,713 step   3050  loss 0.0266  median 1.63 m
2026-08-30 21:45:55,818 step   3100  loss 0.0094  median 2.68 m
2026-08-30 21:45:57,924 step   3150  loss 0.0349  median 2.31 m
2026-08-30 21:46:00,028 step   3200  loss 0.0411  median 2.14 m
2026-08-30 21:46:02,127 step   3250  loss 0.0120  median 2.54 m
2026-08-30 21:46:04,228 step   3300  loss 0.0238  median 2.39 m
2026-08-30 21:46:06,333 step   3350  loss 0.0127  median 2.52 m
2026-08-30 21:46:08,438 step   3400  loss 0.0144  median 1.65 m
2026-08-30 21:46:10,543 step   3450  loss 0.0424  median 1.49 m
2026-08-30 21:46:12,648 step   3500  loss 0.0219  median 2.24 m
2026-08-30 21:46:14,752 step   3550  loss 0.0297  median 2.58 m
2026-08-30 21:46:16,857 step   3600  loss 0.0207  median 1.56 m
2026-08-30 21:46:18,962 step   3650  loss 0.0063  median 1.54 m
2026-08-30 21:46:21,068 step   3700  loss 0.0265  median 2.86 m
2026-08-30 21:46:23,171 step   3750  loss 0.5503  median 1.46 m
2026-08-30 21:46:25,276 step   3800  loss 0.0175  median 2.37 m
2026-08-30 21:46:27,382 step   3850  loss 0.0158  median 2.38 m
2026-08-30 21:46:29,489 step   3900  loss 0.9804  median 2.50 m
2026-08-30 21:46:31,595 step   3950  loss 0.0228  median 1.87 m
2026-08-30 21:46:33,717 saved -> work_dirs/q0-calib-s0/latest.pt
