2026-07-31 03:33:17,902 work dir: work_dirs/t1-edge2.0  seed 0  commit 684cb7b7
2026-07-31 03:33:18,357 partial init from work_dirs/main_v8/latest.pt: 1 new tensors kept at init, 0 checkpoint tensors unused
2026-07-31 03:33:19,187 mixed dataset: 208720 clips from 5 sources (size 256)
2026-07-31 03:33:21,196 step    0  loss 3.6153  skip 0.00  lr 3.00e-07  depth_std 25.3118
2026-07-31 03:34:07,899 step   50  loss 2.5402  skip 0.01  lr 1.53e-05  depth_std 6.6949
2026-07-31 03:34:59,138 step  100  loss 3.5871  skip 0.01  lr 3.03e-05  depth_std 11.6484
2026-07-31 03:35:50,439 step  150  loss 1.7023  skip 0.02  lr 4.53e-05  depth_std 21.0806
2026-07-31 03:36:41,829 step  200  loss 1.7343  skip 0.03  lr 6.03e-05  depth_std 18.6818
2026-07-31 03:37:33,207 step  250  loss 2.6331  skip 0.03  lr 7.53e-05  depth_std 18.0165
2026-07-31 03:38:24,559 step  300  loss 3.0965  skip 0.04  lr 9.03e-05  depth_std 24.5614
2026-07-31 03:39:15,968 step  350  loss 0.8630  skip 0.04  lr 1.05e-04  depth_std 2.4553
2026-07-31 03:40:07,016 step  400  loss 3.1596  skip 0.05  lr 1.20e-04  depth_std 27.6997
2026-07-31 03:40:57,726 step  450  loss 0.9183  skip 0.06  lr 1.35e-04  depth_std 0.4982
2026-07-31 03:41:48,034 step  500  loss 2.4060  skip 0.06  lr 1.50e-04  depth_std 26.5037
2026-07-31 03:42:38,001 step  550  loss 3.5661  skip 0.07  lr 1.65e-04  depth_std 13.4982
2026-07-31 03:43:27,643 step  600  loss 2.0163  skip 0.07  lr 1.80e-04  depth_std 1.8174
2026-07-31 03:44:17,081 step  650  loss 2.1690  skip 0.08  lr 1.95e-04  depth_std 8.0107
2026-07-31 03:45:06,325 step  700  loss 2.5562  skip 0.09  lr 2.10e-04  depth_std 31.0252
2026-07-31 03:45:55,263 step  750  loss 1.5149  skip 0.09  lr 2.25e-04  depth_std 27.8768
2026-07-31 03:46:44,159 step  800  loss 2.3021  skip 0.10  lr 2.40e-04  depth_std 2.5253
2026-07-31 03:47:32,731 step  850  loss 1.7663  skip 0.11  lr 2.55e-04  depth_std 0.7315
2026-07-31 03:48:21,174 step  900  loss 2.0654  skip 0.11  lr 2.70e-04  depth_std 23.8339
2026-07-31 03:49:09,313 step  950  loss 2.6032  skip 0.12  lr 2.85e-04  depth_std 4.6389
2026-07-31 03:49:57,285 step 1000  loss 3.2462  skip 0.12  lr 3.00e-04  depth_std 33.2804
2026-07-31 03:50:44,796 step 1050  loss 1.6745  skip 0.13  lr 3.00e-04  depth_std 2.0606
2026-07-31 03:51:32,093 step 1100  loss 2.3335  skip 0.14  lr 3.00e-04  depth_std 31.4121
2026-07-31 03:52:19,106 step 1150  loss 1.8261  skip 0.14  lr 3.00e-04  depth_std 26.6624
2026-07-31 03:53:05,907 step 1200  loss 6.8841  skip 0.15  lr 2.99e-04  depth_std 35.0543
2026-07-31 03:53:52,542 step 1250  loss 2.5998  skip 0.16  lr 2.99e-04  depth_std 8.7871
2026-07-31 03:54:38,961 step 1300  loss 2.1446  skip 0.16  lr 2.99e-04  depth_std 4.3556
2026-07-31 03:55:25,254 step 1350  loss 1.4437  skip 0.17  lr 2.98e-04  depth_std 1.5820
2026-07-31 03:56:11,142 step 1400  loss 2.9494  skip 0.17  lr 2.98e-04  depth_std 30.7574
2026-07-31 03:56:56,959 step 1450  loss 2.2864  skip 0.18  lr 2.97e-04  depth_std 14.8402
2026-07-31 03:57:42,411 step 1500  loss 1.7950  skip 0.19  lr 2.96e-04  depth_std 36.4041
2026-07-31 03:58:27,592 step 1550  loss 3.1184  skip 0.19  lr 2.95e-04  depth_std 9.3986
2026-07-31 03:59:12,505 step 1600  loss 2.0465  skip 0.20  lr 2.95e-04  depth_std 10.1769
2026-07-31 03:59:57,108 step 1650  loss 3.9420  skip 0.21  lr 2.94e-04  depth_std 11.0068
2026-07-31 04:00:41,671 step 1700  loss 1.8091  skip 0.21  lr 2.93e-04  depth_std 4.0116
2026-07-31 04:01:25,942 step 1750  loss 3.0663  skip 0.22  lr 2.92e-04  depth_std 4.7357
2026-07-31 04:02:09,958 step 1800  loss 3.3434  skip 0.23  lr 2.90e-04  depth_std 28.6428
2026-07-31 04:02:53,876 step 1850  loss 2.2835  skip 0.23  lr 2.89e-04  depth_std 10.8003
2026-07-31 04:03:37,376 step 1900  loss 5.8914  skip 0.24  lr 2.88e-04  depth_std 16.3913
2026-07-31 04:04:20,586 step 1950  loss 4.9452  skip 0.24  lr 2.87e-04  depth_std 44.7597
2026-07-31 04:05:03,910 step 2000  loss 2.0708  skip 0.25  lr 2.85e-04  depth_std 25.9530
2026-07-31 04:05:46,929 step 2050  loss 3.5219  skip 0.26  lr 2.84e-04  depth_std 6.8350
2026-07-31 04:06:29,460 step 2100  loss 3.4569  skip 0.26  lr 2.82e-04  depth_std 49.7479
2026-07-31 04:07:11,819 step 2150  loss 2.7003  skip 0.27  lr 2.80e-04  depth_std 2.4910
2026-07-31 04:07:53,896 step 2200  loss 2.8786  skip 0.28  lr 2.79e-04  depth_std 10.9776
2026-07-31 04:08:35,836 step 2250  loss 2.0828  skip 0.28  lr 2.77e-04  depth_std 2.7085
2026-07-31 04:09:17,476 step 2300  loss 2.7842  skip 0.29  lr 2.75e-04  depth_std 40.3374
2026-07-31 04:09:58,872 step 2350  loss 4.5971  skip 0.29  lr 2.73e-04  depth_std 6.5668
2026-07-31 04:10:39,884 step 2400  loss 1.8012  skip 0.30  lr 2.71e-04  depth_std 1.9231
2026-07-31 04:11:20,721 step 2450  loss 1.5670  skip 0.31  lr 2.69e-04  depth_std 1.2241
2026-07-31 04:12:01,440 step 2500  loss 3.2789  skip 0.31  lr 2.67e-04  depth_std 39.2775
2026-07-31 04:12:41,761 step 2550  loss 0.7061  skip 0.32  lr 2.65e-04  depth_std 1.8602
2026-07-31 04:13:21,985 step 2600  loss 1.2196  skip 0.33  lr 2.63e-04  depth_std 1.7233
2026-07-31 04:14:01,869 step 2650  loss 2.2207  skip 0.33  lr 2.61e-04  depth_std 11.3970
2026-07-31 04:14:41,671 step 2700  loss 1.2902  skip 0.34  lr 2.58e-04  depth_std 10.1295
2026-07-31 04:15:21,089 step 2750  loss 2.4287  skip 0.34  lr 2.56e-04  depth_std 32.2999
2026-07-31 04:16:00,136 step 2800  loss 2.1016  skip 0.35  lr 2.54e-04  depth_std 1.4118
2026-07-31 04:16:39,091 step 2850  loss 1.0261  skip 0.36  lr 2.51e-04  depth_std 1.2410
2026-07-31 04:17:17,771 step 2900  loss 2.2884  skip 0.36  lr 2.49e-04  depth_std 2.7072
2026-07-31 04:17:56,343 step 2950  loss 3.9086  skip 0.37  lr 2.46e-04  depth_std 21.2462
2026-07-31 04:18:34,722 step 3000  loss 3.8919  skip 0.38  lr 2.44e-04  depth_std 4.0980
2026-07-31 04:19:12,785 step 3050  loss 2.2653  skip 0.38  lr 2.41e-04  depth_std 42.8347
2026-07-31 04:19:50,573 step 3100  loss 3.8185  skip 0.39  lr 2.38e-04  depth_std 2.0597
2026-07-31 04:20:28,010 step 3150  loss 3.5782  skip 0.39  lr 2.35e-04  depth_std 1.7993
2026-07-31 04:21:05,343 step 3200  loss 2.4751  skip 0.40  lr 2.33e-04  depth_std 11.1706
2026-07-31 04:21:42,470 step 3250  loss 0.7765  skip 0.41  lr 2.30e-04  depth_std 1.5901
2026-07-31 04:22:19,241 step 3300  loss 1.9398  skip 0.41  lr 2.27e-04  depth_std 22.1417
2026-07-31 04:22:55,677 step 3350  loss 0.8503  skip 0.42  lr 2.24e-04  depth_std 1.4530
2026-07-31 04:23:31,993 step 3400  loss 1.6776  skip 0.42  lr 2.21e-04  depth_std 24.5605
2026-07-31 04:24:08,013 step 3450  loss 1.6802  skip 0.43  lr 2.18e-04  depth_std 1.9354
2026-07-31 04:24:43,862 step 3500  loss 2.1047  skip 0.44  lr 2.15e-04  depth_std 34.8345
2026-07-31 04:25:19,287 step 3550  loss 0.7501  skip 0.44  lr 2.12e-04  depth_std 5.7333
2026-07-31 04:25:54,456 step 3600  loss 1.7178  skip 0.45  lr 2.09e-04  depth_std 32.9805
2026-07-31 04:26:29,348 step 3650  loss 1.7776  skip 0.46  lr 2.06e-04  depth_std 16.2302
2026-07-31 04:27:03,885 step 3700  loss 1.4185  skip 0.46  lr 2.03e-04  depth_std 28.9030
2026-07-31 04:27:38,392 step 3750  loss 4.3414  skip 0.47  lr 2.00e-04  depth_std 34.6786
2026-07-31 04:28:12,761 step 3800  loss 2.9811  skip 0.47  lr 1.96e-04  depth_std 12.6207
2026-07-31 04:28:46,875 step 3850  loss 1.5285  skip 0.48  lr 1.93e-04  depth_std 13.2701
2026-07-31 04:29:20,694 step 3900  loss 2.2371  skip 0.49  lr 1.90e-04  depth_std 17.0701
2026-07-31 04:29:54,241 step 3950  loss 1.9215  skip 0.49  lr 1.87e-04  depth_std 21.7246
2026-07-31 04:30:27,619 step 4000  loss 1.3322  skip 0.50  lr 1.83e-04  depth_std 1.7010
2026-07-31 04:31:00,830 step 4050  loss 2.1211  skip 0.50  lr 1.80e-04  depth_std 23.1163
2026-07-31 04:31:33,890 step 4100  loss 2.6317  skip 0.50  lr 1.77e-04  depth_std 3.9499
2026-07-31 04:32:07,127 step 4150  loss 1.9903  skip 0.50  lr 1.73e-04  depth_std 38.3026
2026-07-31 04:32:40,415 step 4200  loss 1.5121  skip 0.50  lr 1.70e-04  depth_std 14.5252
2026-07-31 04:33:13,623 step 4250  loss 1.6120  skip 0.50  lr 1.67e-04  depth_std 13.7768
2026-07-31 04:33:46,770 step 4300  loss 1.2853  skip 0.50  lr 1.63e-04  depth_std 3.6806
2026-07-31 04:34:19,857 step 4350  loss 1.6234  skip 0.50  lr 1.60e-04  depth_std 17.4717
2026-07-31 04:34:53,104 step 4400  loss 1.7368  skip 0.50  lr 1.57e-04  depth_std 4.9687
2026-07-31 04:35:26,313 step 4450  loss 2.2782  skip 0.50  lr 1.53e-04  depth_std 2.6285
2026-07-31 04:35:59,627 step 4500  loss 2.3502  skip 0.50  lr 1.50e-04  depth_std 14.5475
2026-07-31 04:36:32,884 step 4550  loss 2.0814  skip 0.50  lr 1.47e-04  depth_std 18.2747
2026-07-31 04:37:06,133 step 4600  loss 0.8958  skip 0.50  lr 1.43e-04  depth_std 0.5560
2026-07-31 04:37:39,376 step 4650  loss 3.1399  skip 0.50  lr 1.40e-04  depth_std 5.8361
2026-07-31 04:38:12,753 step 4700  loss 1.9204  skip 0.50  lr 1.37e-04  depth_std 35.0739
2026-07-31 04:38:45,943 step 4750  loss 2.0352  skip 0.50  lr 1.33e-04  depth_std 5.9868
2026-07-31 04:39:19,219 step 4800  loss 1.6597  skip 0.50  lr 1.30e-04  depth_std 10.3347
2026-07-31 04:39:52,316 step 4850  loss 1.6980  skip 0.50  lr 1.27e-04  depth_std 32.0559
2026-07-31 04:40:25,619 step 4900  loss 0.7477  skip 0.50  lr 1.23e-04  depth_std 1.7141
2026-07-31 04:40:58,898 step 4950  loss 1.6031  skip 0.50  lr 1.20e-04  depth_std 21.2479
2026-07-31 04:41:32,135 step 5000  loss 4.2833  skip 0.50  lr 1.17e-04  depth_std 5.1740
2026-07-31 04:42:05,359 step 5050  loss 3.2105  skip 0.50  lr 1.13e-04  depth_std 8.6352
2026-07-31 04:42:38,679 step 5100  loss 2.2083  skip 0.50  lr 1.10e-04  depth_std 12.9206
2026-07-31 04:43:11,910 step 5150  loss 1.6849  skip 0.50  lr 1.07e-04  depth_std 5.8024
2026-07-31 04:43:45,136 step 5200  loss 2.4930  skip 0.50  lr 1.04e-04  depth_std 23.0166
2026-07-31 04:44:18,348 step 5250  loss 1.3235  skip 0.50  lr 1.00e-04  depth_std 4.1297
2026-07-31 04:44:51,636 step 5300  loss 2.4669  skip 0.50  lr 9.73e-05  depth_std 42.0014
2026-07-31 04:45:24,903 step 5350  loss 1.6094  skip 0.50  lr 9.42e-05  depth_std 31.1358
2026-07-31 04:45:58,124 step 5400  loss 1.6012  skip 0.50  lr 9.10e-05  depth_std 13.3536
2026-07-31 04:46:31,425 step 5450  loss 1.3049  skip 0.50  lr 8.80e-05  depth_std 1.2803
2026-07-31 04:47:04,797 step 5500  loss 1.8665  skip 0.50  lr 8.49e-05  depth_std 3.3167
2026-07-31 04:47:37,964 step 5550  loss 2.8837  skip 0.50  lr 8.19e-05  depth_std 10.2813
2026-07-31 04:48:11,283 step 5600  loss 1.0285  skip 0.50  lr 7.89e-05  depth_std 3.4819
2026-07-31 04:48:44,550 step 5650  loss 1.6696  skip 0.50  lr 7.60e-05  depth_std 15.4855
2026-07-31 04:49:17,844 step 5700  loss 1.1850  skip 0.50  lr 7.31e-05  depth_std 1.6074
2026-07-31 04:49:51,074 step 5750  loss 1.9168  skip 0.50  lr 7.02e-05  depth_std 32.6573
2026-07-31 04:50:24,276 step 5800  loss 2.7363  skip 0.50  lr 6.74e-05  depth_std 38.5416
2026-07-31 04:50:57,516 step 5850  loss 2.4491  skip 0.50  lr 6.46e-05  depth_std 27.7774
2026-07-31 04:51:30,817 step 5900  loss 3.4207  skip 0.50  lr 6.18e-05  depth_std 5.7901
2026-07-31 04:52:04,028 step 5950  loss 0.7755  skip 0.50  lr 5.91e-05  depth_std 1.9599
2026-07-31 04:52:37,361 step 6000  loss 2.0665  skip 0.50  lr 5.65e-05  depth_std 2.8037
2026-07-31 04:53:10,527 step 6050  loss 2.8637  skip 0.50  lr 5.39e-05  depth_std 6.4239
2026-07-31 04:53:43,824 step 6100  loss 0.9951  skip 0.50  lr 5.13e-05  depth_std 1.2983
2026-07-31 04:54:17,004 step 6150  loss 5.9022  skip 0.50  lr 4.88e-05  depth_std 38.7298
2026-07-31 04:54:50,152 step 6200  loss 2.5582  skip 0.50  lr 4.63e-05  depth_std 28.6566
2026-07-31 04:55:23,453 step 6250  loss 3.7077  skip 0.50  lr 4.39e-05  depth_std 8.8831
2026-07-31 04:55:56,592 step 6300  loss 1.5347  skip 0.50  lr 4.16e-05  depth_std 42.5615
2026-07-31 04:56:29,857 step 6350  loss 2.4213  skip 0.50  lr 3.93e-05  depth_std 31.5448
2026-07-31 04:57:03,166 step 6400  loss 5.3954  skip 0.50  lr 3.70e-05  depth_std 39.7821
2026-07-31 04:57:36,291 step 6450  loss 2.6243  skip 0.50  lr 3.49e-05  depth_std 29.3707
2026-07-31 04:58:09,594 step 6500  loss 6.4759  skip 0.50  lr 3.27e-05  depth_std 35.8867
2026-07-31 04:58:42,682 step 6550  loss 0.9871  skip 0.50  lr 3.07e-05  depth_std 10.0631
2026-07-31 04:59:15,833 step 6600  loss 3.3615  skip 0.50  lr 2.86e-05  depth_std 27.5252
2026-07-31 04:59:49,018 step 6650  loss 4.8472  skip 0.50  lr 2.67e-05  depth_std 16.8545
2026-07-31 05:00:22,474 step 6700  loss 2.7422  skip 0.50  lr 2.48e-05  depth_std 7.6212
2026-07-31 05:00:55,886 step 6750  loss 1.8342  skip 0.50  lr 2.30e-05  depth_std 3.4484
2026-07-31 05:01:29,227 step 6800  loss 2.2466  skip 0.50  lr 2.12e-05  depth_std 39.6864
2026-07-31 05:02:02,426 step 6850  loss 2.2039  skip 0.50  lr 1.95e-05  depth_std 30.4816
2026-07-31 05:02:35,610 step 6900  loss 2.9503  skip 0.50  lr 1.79e-05  depth_std 36.7306
2026-07-31 05:03:08,927 step 6950  loss 1.2605  skip 0.50  lr 1.63e-05  depth_std 9.6531
2026-07-31 05:03:42,163 step 7000  loss 1.9997  skip 0.50  lr 1.49e-05  depth_std 36.2821
2026-07-31 05:04:15,534 step 7050  loss 6.2241  skip 0.50  lr 1.34e-05  depth_std 7.4312
2026-07-31 05:04:48,809 step 7100  loss 1.8601  skip 0.50  lr 1.21e-05  depth_std 7.5931
2026-07-31 05:05:22,131 step 7150  loss 1.8091  skip 0.50  lr 1.08e-05  depth_std 12.9996
2026-07-31 05:05:55,362 step 7200  loss 2.7596  skip 0.50  lr 9.56e-06  depth_std 3.7124
2026-07-31 05:06:28,528 step 7250  loss 3.0005  skip 0.50  lr 8.42e-06  depth_std 2.8834
2026-07-31 05:07:01,907 step 7300  loss 2.1573  skip 0.50  lr 7.34e-06  depth_std 8.3353
2026-07-31 05:07:35,132 step 7350  loss 2.6742  skip 0.50  lr 6.34e-06  depth_std 6.8009
2026-07-31 05:08:08,466 step 7400  loss 3.7356  skip 0.50  lr 5.41e-06  depth_std 28.0497
2026-07-31 05:08:41,670 step 7450  loss 2.9912  skip 0.50  lr 4.55e-06  depth_std 17.6707
2026-07-31 05:09:14,918 step 7500  loss 2.3391  skip 0.50  lr 3.76e-06  depth_std 10.0394
2026-07-31 05:09:48,233 step 7550  loss 3.6476  skip 0.50  lr 3.05e-06  depth_std 25.5511
2026-07-31 05:10:21,407 step 7600  loss 1.3961  skip 0.50  lr 2.41e-06  depth_std 9.0282
2026-07-31 05:10:54,576 step 7650  loss 6.0147  skip 0.50  lr 1.85e-06  depth_std 10.9798
2026-07-31 05:11:27,755 step 7700  loss 2.1843  skip 0.50  lr 1.36e-06  depth_std 27.5521
2026-07-31 05:12:00,972 step 7750  loss 1.1458  skip 0.50  lr 9.43e-07  depth_std 3.0700
2026-07-31 05:12:34,187 step 7800  loss 4.3252  skip 0.50  lr 6.04e-07  depth_std 8.4697
2026-07-31 05:13:07,336 step 7850  loss 3.1579  skip 0.50  lr 3.40e-07  depth_std 41.2762
2026-07-31 05:13:40,636 step 7900  loss 2.1235  skip 0.50  lr 1.51e-07  depth_std 35.3714
2026-07-31 05:14:13,882 step 7950  loss 1.0208  skip 0.50  lr 3.78e-08  depth_std 18.2871
2026-07-31 05:14:46,719 saved -> work_dirs/t1-edge2.0/latest.pt
