2026-09-05 15:08:57,706 work dir: work_dirs/m0-skip50-s0  seed 0  commit b751d365
2026-09-05 15:08:59,804 HTTP Request: GET https://huggingface.co/api/agent-harnesses "HTTP/1.1 200 OK"
2026-09-05 15:09:00,227 HTTP Request: HEAD https://huggingface.co/depth-anything/Depth-Anything-V2-Small-hf/resolve/main/config.json "HTTP/1.1 307 Temporary Redirect"
2026-09-05 15:09:00,228 Warning: You are sending unauthenticated requests to the HF Hub. Please set a HF_TOKEN to enable higher rate limits and faster downloads.
2026-09-05 15:09:00,446 HTTP Request: HEAD https://huggingface.co/api/resolve-cache/models/depth-anything/Depth-Anything-V2-Small-hf/5426e4f0f36572d16453bbda7a8389317b1bef99/config.json "HTTP/1.1 200 OK"
2026-09-05 15:09:00,804 Q teacher: work_dirs/q0-calib-s0/latest.pt (24.8M, frozen)
2026-09-05 15:09:02,040 mixed dataset: 208720 clips from 5 sources (size 256)
2026-09-05 15:09:05,871 step    0  loss 49.7859  skip 0.00  lr 6.00e-07  depth_std 0.0094
2026-09-05 15:10:48,898 step   50  loss 17.3679  skip 0.01  lr 3.06e-05  depth_std 0.2724
2026-09-05 15:12:30,665 step  100  loss 19.9706  skip 0.01  lr 6.06e-05  depth_std 0.8582
2026-09-05 15:14:12,335 step  150  loss 27.3643  skip 0.02  lr 9.06e-05  depth_std 2.4357
2026-09-05 15:15:53,856 step  200  loss 6.7326  skip 0.03  lr 1.21e-04  depth_std 1.9455
2026-09-05 15:17:34,941 step  250  loss 7.3812  skip 0.03  lr 1.51e-04  depth_std 1.5180
2026-09-05 15:19:16,245 step  300  loss 10.9902  skip 0.04  lr 1.81e-04  depth_std 1.7636
2026-09-05 15:20:57,380 step  350  loss 25.1027  skip 0.04  lr 2.11e-04  depth_std 2.7709
2026-09-05 15:22:37,667 step  400  loss 4.1789  skip 0.05  lr 2.41e-04  depth_std 0.7609
2026-09-05 15:24:17,688 step  450  loss 6.2463  skip 0.06  lr 2.71e-04  depth_std 1.0050
2026-09-05 15:25:57,029 step  500  loss 12.7144  skip 0.06  lr 3.00e-04  depth_std 1.3540
2026-09-05 15:27:35,853 step  550  loss 16.0462  skip 0.07  lr 3.00e-04  depth_std 1.2931
2026-09-05 15:29:14,221 step  600  loss 7.4126  skip 0.07  lr 3.00e-04  depth_std 1.5303
2026-09-05 15:30:51,818 step  650  loss 3.5468  skip 0.08  lr 3.00e-04  depth_std 1.8763
2026-09-05 15:32:28,986 step  700  loss 9.0681  skip 0.09  lr 2.99e-04  depth_std 0.7084
2026-09-05 15:34:05,884 step  750  loss 30.5803  skip 0.09  lr 2.99e-04  depth_std 1.1171
2026-09-05 15:35:42,430 step  800  loss 7.9574  skip 0.10  lr 2.99e-04  depth_std 1.2139
2026-09-05 15:37:18,696 step  850  loss 36.0613  skip 0.11  lr 2.98e-04  depth_std 1.4637
2026-09-05 15:38:54,463 step  900  loss 30.2771  skip 0.11  lr 2.98e-04  depth_std 1.2135
2026-09-05 15:40:29,855 step  950  loss 18.1774  skip 0.12  lr 2.97e-04  depth_std 1.3899
2026-09-05 15:42:04,680 step 1000  loss 6.7045  skip 0.12  lr 2.97e-04  depth_std 1.4425
2026-09-05 15:43:39,064 step 1050  loss 18.7415  skip 0.13  lr 2.96e-04  depth_std 0.4293
2026-09-05 15:45:12,776 step 1100  loss 35.8544  skip 0.14  lr 2.95e-04  depth_std 0.5254
2026-09-05 15:46:46,227 step 1150  loss 7.6064  skip 0.14  lr 2.94e-04  depth_std 1.0001
2026-09-05 15:48:19,065 step 1200  loss 4.2756  skip 0.15  lr 2.94e-04  depth_std 1.0331
2026-09-05 15:49:51,649 step 1250  loss 9.1156  skip 0.16  lr 2.93e-04  depth_std 0.8579
2026-09-05 15:51:23,775 step 1300  loss 53.4217  skip 0.16  lr 2.92e-04  depth_std 1.5339
2026-09-05 15:52:55,383 step 1350  loss 7.2723  skip 0.17  lr 2.91e-04  depth_std 1.2138
2026-09-05 15:54:26,372 step 1400  loss 11.4938  skip 0.17  lr 2.89e-04  depth_std 1.3067
2026-09-05 15:55:57,354 step 1450  loss 3.0372  skip 0.18  lr 2.88e-04  depth_std 1.4146
2026-09-05 15:57:27,849 step 1500  loss 18.7148  skip 0.19  lr 2.87e-04  depth_std 1.0696
2026-09-05 15:58:57,973 step 1550  loss 25.2416  skip 0.19  lr 2.86e-04  depth_std 1.3392
2026-09-05 16:00:27,771 step 1600  loss 4.0062  skip 0.20  lr 2.84e-04  depth_std 0.7695
2026-09-05 16:01:57,297 step 1650  loss 8.2469  skip 0.21  lr 2.83e-04  depth_std 0.9579
2026-09-05 16:03:26,729 step 1700  loss 11.9674  skip 0.21  lr 2.81e-04  depth_std 0.8828
2026-09-05 16:04:55,429 step 1750  loss 21.2377  skip 0.22  lr 2.80e-04  depth_std 1.0653
2026-09-05 16:06:23,548 step 1800  loss 12.6879  skip 0.23  lr 2.78e-04  depth_std 1.1698
2026-09-05 16:07:51,411 step 1850  loss 6.8096  skip 0.23  lr 2.77e-04  depth_std 1.1446
2026-09-05 16:09:18,605 step 1900  loss 11.9305  skip 0.24  lr 2.75e-04  depth_std 1.0650
2026-09-05 16:10:45,361 step 1950  loss 6.4091  skip 0.24  lr 2.73e-04  depth_std 1.1944
2026-09-05 16:12:12,146 step 2000  loss 12.5372  skip 0.25  lr 2.71e-04  depth_std 1.1340
2026-09-05 16:13:38,327 step 2050  loss 36.1720  skip 0.26  lr 2.69e-04  depth_std 1.1514
2026-09-05 16:15:03,901 step 2100  loss 4.3862  skip 0.26  lr 2.68e-04  depth_std 1.0249
2026-09-05 16:16:28,917 step 2150  loss 6.5097  skip 0.27  lr 2.66e-04  depth_std 1.6291
2026-09-05 16:17:53,573 step 2200  loss 10.4913  skip 0.28  lr 2.64e-04  depth_std 1.1533
2026-09-05 16:19:18,003 step 2250  loss 12.9935  skip 0.28  lr 2.61e-04  depth_std 1.1683
2026-09-05 16:20:42,055 step 2300  loss 5.4744  skip 0.29  lr 2.59e-04  depth_std 1.3051
2026-09-05 16:22:05,509 step 2350  loss 13.9029  skip 0.29  lr 2.57e-04  depth_std 1.1381
2026-09-05 16:23:28,578 step 2400  loss 31.8576  skip 0.30  lr 2.55e-04  depth_std 1.5710
2026-09-05 16:24:51,201 step 2450  loss 62.2753  skip 0.31  lr 2.53e-04  depth_std 1.2034
2026-09-05 16:26:13,888 step 2500  loss 8.7307  skip 0.31  lr 2.50e-04  depth_std 1.5020
2026-09-05 16:27:35,868 step 2550  loss 18.2898  skip 0.32  lr 2.48e-04  depth_std 2.3087
2026-09-05 16:28:57,565 step 2600  loss 11.2515  skip 0.33  lr 2.46e-04  depth_std 1.9546
2026-09-05 16:30:18,687 step 2650  loss 9.1534  skip 0.33  lr 2.43e-04  depth_std 1.0202
2026-09-05 16:31:39,631 step 2700  loss 31.5847  skip 0.34  lr 2.41e-04  depth_std 0.6082
2026-09-05 16:32:59,998 step 2750  loss 32.7284  skip 0.34  lr 2.38e-04  depth_std 0.9515
2026-09-05 16:34:19,789 step 2800  loss 7.7644  skip 0.35  lr 2.36e-04  depth_std 0.6768
2026-09-05 16:35:39,412 step 2850  loss 35.9469  skip 0.36  lr 2.33e-04  depth_std 0.4969
2026-09-05 16:36:58,877 step 2900  loss 9.9791  skip 0.36  lr 2.30e-04  depth_std 0.5159
2026-09-05 16:38:18,010 step 2950  loss 14.6777  skip 0.37  lr 2.28e-04  depth_std 0.5597
2026-09-05 16:39:37,013 step 3000  loss 10.3720  skip 0.38  lr 2.25e-04  depth_std 0.6301
2026-09-05 16:40:55,327 step 3050  loss 38.3207  skip 0.38  lr 2.22e-04  depth_std 0.6479
2026-09-05 16:42:13,173 step 3100  loss 5.3809  skip 0.39  lr 2.19e-04  depth_std 0.5872
2026-09-05 16:43:30,579 step 3150  loss 9.1345  skip 0.39  lr 2.17e-04  depth_std 0.6440
2026-09-05 16:44:48,040 step 3200  loss 9.6455  skip 0.40  lr 2.14e-04  depth_std 0.6238
2026-09-05 16:46:04,934 step 3250  loss 11.4127  skip 0.41  lr 2.11e-04  depth_std 0.6110
2026-09-05 16:47:21,331 step 3300  loss 10.7679  skip 0.41  lr 2.08e-04  depth_std 0.5854
2026-09-05 16:48:37,374 step 3350  loss 18.3085  skip 0.42  lr 2.05e-04  depth_std 0.6631
2026-09-05 16:49:53,023 step 3400  loss 7.7230  skip 0.42  lr 2.02e-04  depth_std 0.6658
2026-09-05 16:51:08,324 step 3450  loss 22.5925  skip 0.43  lr 1.99e-04  depth_std 0.7493
2026-09-05 16:52:23,298 step 3500  loss 5.2315  skip 0.44  lr 1.96e-04  depth_std 0.6483
2026-09-05 16:53:37,571 step 3550  loss 8.3369  skip 0.44  lr 1.93e-04  depth_std 0.5991
2026-09-05 16:54:51,540 step 3600  loss 8.1865  skip 0.45  lr 1.90e-04  depth_std 0.7244
2026-09-05 16:56:05,071 step 3650  loss 11.9598  skip 0.46  lr 1.87e-04  depth_std 0.5473
2026-09-05 16:57:18,026 step 3700  loss 10.6943  skip 0.46  lr 1.84e-04  depth_std 1.2336
2026-09-05 16:58:30,758 step 3750  loss 15.0863  skip 0.47  lr 1.81e-04  depth_std 0.6020
2026-09-05 16:59:43,186 step 3800  loss 17.2760  skip 0.47  lr 1.78e-04  depth_std 0.7680
2026-09-05 17:00:55,255 step 3850  loss 7.4360  skip 0.48  lr 1.75e-04  depth_std 0.7587
2026-09-05 17:02:06,723 step 3900  loss 9.9860  skip 0.49  lr 1.72e-04  depth_std 0.7069
2026-09-05 17:03:17,843 step 3950  loss 10.0917  skip 0.49  lr 1.69e-04  depth_std 0.7558
2026-09-05 17:04:28,649 step 4000  loss 5.1833  skip 0.50  lr 1.66e-04  depth_std 0.8786
2026-09-05 17:05:39,347 step 4050  loss 21.7799  skip 0.50  lr 1.63e-04  depth_std 0.8001
2026-09-05 17:06:49,858 step 4100  loss 14.8279  skip 0.50  lr 1.59e-04  depth_std 0.7049
2026-09-05 17:08:00,611 step 4150  loss 43.7072  skip 0.50  lr 1.56e-04  depth_std 0.8612
2026-09-05 17:09:11,495 step 4200  loss 4.9938  skip 0.50  lr 1.53e-04  depth_std 0.7822
2026-09-05 17:10:22,412 step 4250  loss 8.0226  skip 0.50  lr 1.50e-04  depth_std 1.2391
2026-09-05 17:11:33,252 step 4300  loss 8.2174  skip 0.50  lr 1.47e-04  depth_std 0.6220
2026-09-05 17:12:43,936 step 4350  loss 20.5698  skip 0.50  lr 1.44e-04  depth_std 0.8717
2026-09-05 17:13:54,627 step 4400  loss 10.0603  skip 0.50  lr 1.41e-04  depth_std 0.8759
2026-09-05 17:15:05,241 step 4450  loss 17.5687  skip 0.50  lr 1.37e-04  depth_std 0.8440
2026-09-05 17:16:16,254 step 4500  loss 8.4588  skip 0.50  lr 1.34e-04  depth_std 0.7046
2026-09-05 17:17:26,923 step 4550  loss 31.7069  skip 0.50  lr 1.31e-04  depth_std 0.6752
2026-09-05 17:18:37,662 step 4600  loss 12.3325  skip 0.50  lr 1.28e-04  depth_std 0.6912
2026-09-05 17:19:48,394 step 4650  loss 7.6721  skip 0.50  lr 1.25e-04  depth_std 0.7311
2026-09-05 17:20:59,332 step 4700  loss 6.4590  skip 0.50  lr 1.22e-04  depth_std 0.7181
2026-09-05 17:22:10,016 step 4750  loss 6.9136  skip 0.50  lr 1.19e-04  depth_std 0.5979
2026-09-05 17:23:20,872 step 4800  loss 15.5059  skip 0.50  lr 1.16e-04  depth_std 0.7499
2026-09-05 17:24:31,483 step 4850  loss 9.6496  skip 0.50  lr 1.13e-04  depth_std 1.0222
2026-09-05 17:25:42,135 step 4900  loss 10.8474  skip 0.50  lr 1.10e-04  depth_std 0.7044
2026-09-05 17:26:53,052 step 4950  loss 10.2043  skip 0.50  lr 1.07e-04  depth_std 0.7378
2026-09-05 17:28:03,657 step 5000  loss 4.7447  skip 0.50  lr 1.04e-04  depth_std 1.3038
2026-09-05 17:29:14,225 step 5050  loss 9.8916  skip 0.50  lr 1.01e-04  depth_std 1.1071
2026-09-05 17:30:25,023 step 5100  loss 18.6542  skip 0.50  lr 9.77e-05  depth_std 1.1295
2026-09-05 17:31:35,534 step 5150  loss 7.7259  skip 0.50  lr 9.48e-05  depth_std 1.3031
2026-09-05 17:32:46,344 step 5200  loss 24.3976  skip 0.50  lr 9.19e-05  depth_std 0.9397
2026-09-05 17:33:56,995 step 5250  loss 17.5019  skip 0.50  lr 8.90e-05  depth_std 0.5135
2026-09-05 17:35:07,591 step 5300  loss 17.9141  skip 0.50  lr 8.61e-05  depth_std 0.7305
2026-09-05 17:36:18,426 step 5350  loss 7.2974  skip 0.50  lr 8.33e-05  depth_std 1.2042
2026-09-05 17:37:29,041 step 5400  loss 7.8298  skip 0.50  lr 8.05e-05  depth_std 1.1978
2026-09-05 17:38:39,726 step 5450  loss 7.1458  skip 0.50  lr 7.77e-05  depth_std 1.2985
2026-09-05 17:39:50,526 step 5500  loss 9.8533  skip 0.50  lr 7.50e-05  depth_std 0.7564
2026-09-05 17:41:01,155 step 5550  loss 8.5262  skip 0.50  lr 7.23e-05  depth_std 0.7130
2026-09-05 17:42:11,886 step 5600  loss 9.2398  skip 0.50  lr 6.96e-05  depth_std 0.4469
2026-09-05 17:43:22,673 step 5650  loss 10.1643  skip 0.50  lr 6.70e-05  depth_std 1.6156
2026-09-05 17:44:33,282 step 5700  loss 10.4612  skip 0.50  lr 6.44e-05  depth_std 1.6862
2026-09-05 17:45:43,967 step 5750  loss 14.4123  skip 0.50  lr 6.18e-05  depth_std 2.1313
2026-09-05 17:46:54,631 step 5800  loss 8.2970  skip 0.50  lr 5.93e-05  depth_std 1.7916
2026-09-05 17:48:05,437 step 5850  loss 12.5535  skip 0.50  lr 5.68e-05  depth_std 1.9688
2026-09-05 17:49:16,169 step 5900  loss 5.5303  skip 0.50  lr 5.44e-05  depth_std 1.8594
2026-09-05 17:50:26,749 step 5950  loss 23.2273  skip 0.50  lr 5.20e-05  depth_std 1.6126
2026-09-05 17:51:37,617 step 6000  loss 26.2239  skip 0.50  lr 4.96e-05  depth_std 1.2490
2026-09-05 17:52:48,151 step 6050  loss 14.4619  skip 0.50  lr 4.73e-05  depth_std 1.7783
2026-09-05 17:53:59,079 step 6100  loss 2.9513  skip 0.50  lr 4.51e-05  depth_std 0.8390
2026-09-05 17:55:09,706 step 6150  loss 6.0187  skip 0.50  lr 4.28e-05  depth_std 1.1108
2026-09-05 17:56:20,287 step 6200  loss 5.7861  skip 0.50  lr 4.07e-05  depth_std 2.0081
2026-09-05 17:57:31,248 step 6250  loss 25.5003  skip 0.50  lr 3.85e-05  depth_std 1.8077
2026-09-05 17:58:41,749 step 6300  loss 7.2912  skip 0.50  lr 3.65e-05  depth_std 2.0563
2026-09-05 17:59:52,613 step 6350  loss 11.8531  skip 0.50  lr 3.44e-05  depth_std 1.9607
2026-09-05 18:01:03,328 step 6400  loss 7.7319  skip 0.50  lr 3.24e-05  depth_std 1.9347
2026-09-05 18:02:13,751 step 6450  loss 11.4834  skip 0.50  lr 3.05e-05  depth_std 2.0757
2026-09-05 18:03:24,405 step 6500  loss 5.2470  skip 0.50  lr 2.86e-05  depth_std 1.2612
2026-09-05 18:04:34,906 step 6550  loss 9.0651  skip 0.50  lr 2.68e-05  depth_std 1.5410
2026-09-05 18:05:45,325 step 6600  loss 6.6429  skip 0.50  lr 2.51e-05  depth_std 2.0830
2026-09-05 18:06:55,914 step 6650  loss 11.9020  skip 0.50  lr 2.34e-05  depth_std 1.4036
2026-09-05 18:08:06,559 step 6700  loss 23.6812  skip 0.50  lr 2.17e-05  depth_std 1.4651
2026-09-05 18:09:17,244 step 6750  loss 7.2265  skip 0.50  lr 2.01e-05  depth_std 2.1454
2026-09-05 18:10:28,187 step 6800  loss 22.9565  skip 0.50  lr 1.86e-05  depth_std 1.7840
2026-09-05 18:11:38,522 step 6850  loss 7.2451  skip 0.50  lr 1.71e-05  depth_std 1.7763
2026-09-05 18:12:49,126 step 6900  loss 20.2884  skip 0.50  lr 1.56e-05  depth_std 2.2831
2026-09-05 18:13:59,876 step 6950  loss 7.4293  skip 0.50  lr 1.43e-05  depth_std 1.8277
2026-09-05 18:15:10,431 step 7000  loss 8.8773  skip 0.50  lr 1.30e-05  depth_std 1.8919
2026-09-05 18:16:21,213 step 7050  loss 15.4763  skip 0.50  lr 1.17e-05  depth_std 1.2208
2026-09-05 18:17:31,930 step 7100  loss 8.3130  skip 0.50  lr 1.05e-05  depth_std 1.7710
2026-09-05 18:18:42,650 step 7150  loss 10.5417  skip 0.50  lr 9.41e-06  depth_std 2.2453
2026-09-05 18:19:53,393 step 7200  loss 4.8761  skip 0.50  lr 8.34e-06  depth_std 1.1344
2026-09-05 18:21:04,113 step 7250  loss 15.4162  skip 0.50  lr 7.34e-06  depth_std 2.3160
2026-09-05 18:22:14,971 step 7300  loss 7.7218  skip 0.50  lr 6.40e-06  depth_std 2.1548
2026-09-05 18:23:25,497 step 7350  loss 7.0619  skip 0.50  lr 5.53e-06  depth_std 1.0687
2026-09-05 18:24:36,364 step 7400  loss 5.7627  skip 0.50  lr 4.71e-06  depth_std 2.0405
2026-09-05 18:25:46,927 step 7450  loss 8.5561  skip 0.50  lr 3.96e-06  depth_std 1.7938
2026-09-05 18:26:57,673 step 7500  loss 7.0255  skip 0.50  lr 3.28e-06  depth_std 1.8351
2026-09-05 18:28:08,562 step 7550  loss 82.0665  skip 0.50  lr 2.66e-06  depth_std 2.3429
2026-09-05 18:29:18,966 step 7600  loss 6.2381  skip 0.50  lr 2.10e-06  depth_std 1.2553
2026-09-05 18:30:29,543 step 7650  loss 5.8375  skip 0.50  lr 1.61e-06  depth_std 2.4474
2026-09-05 18:31:40,241 step 7700  loss 8.1293  skip 0.50  lr 1.18e-06  depth_std 1.4175
2026-09-05 18:32:50,951 step 7750  loss 94.8737  skip 0.50  lr 8.22e-07  depth_std 1.3407
2026-09-05 18:34:01,675 step 7800  loss 14.7569  skip 0.50  lr 5.26e-07  depth_std 2.0104
2026-09-05 18:35:12,347 step 7850  loss 5.5534  skip 0.50  lr 2.96e-07  depth_std 1.5890
2026-09-05 18:36:23,248 step 7900  loss 12.2522  skip 0.50  lr 1.32e-07  depth_std 2.0082
2026-09-05 18:37:33,809 step 7950  loss 11.1636  skip 0.50  lr 3.29e-08  depth_std 1.4860
2026-09-05 18:38:43,342 saved -> work_dirs/m0-skip50-s0/latest.pt
