2026-07-27 03:43:40,423 work dir: work_dirs/probe-p0-noaug
2026-07-27 03:43:42,133 mixed dataset: 208720 clips from 5 sources (size 128)
2026-07-27 03:43:44,013 step    0  loss 2.3767  skip 0.00  lr 6.00e-07  depth_std 0.0011
2026-07-27 03:44:12,418 step   50  loss 4.3752  skip 0.00  lr 3.06e-05  depth_std 0.3959
2026-07-27 03:44:40,564 step  100  loss 3.6860  skip 0.01  lr 6.06e-05  depth_std 1.3312
2026-07-27 03:45:10,806 step  150  loss 2.7035  skip 0.01  lr 9.06e-05  depth_std 1.9932
2026-07-27 03:45:42,301 step  200  loss 4.2356  skip 0.01  lr 1.21e-04  depth_std 1.0080
2026-07-27 03:46:12,558 step  250  loss 3.3055  skip 0.02  lr 1.51e-04  depth_std 1.4298
2026-07-27 03:46:42,046 step  300  loss 1.5228  skip 0.02  lr 1.81e-04  depth_std 1.2805
2026-07-27 03:47:12,114 step  350  loss 1.4887  skip 0.02  lr 2.11e-04  depth_std 2.4540
2026-07-27 03:47:45,328 step  400  loss 1.6617  skip 0.03  lr 2.41e-04  depth_std 3.5413
2026-07-27 03:48:19,086 step  450  loss 0.9578  skip 0.03  lr 2.71e-04  depth_std 2.8276
2026-07-27 03:48:53,942 step  500  loss 1.7196  skip 0.03  lr 3.00e-04  depth_std 15.8480
2026-07-27 03:49:25,593 step  550  loss 1.3438  skip 0.04  lr 3.00e-04  depth_std 14.3094
2026-07-27 03:50:00,278 step  600  loss 1.5668  skip 0.04  lr 3.00e-04  depth_std 8.0628
2026-07-27 03:50:31,321 step  650  loss 1.1460  skip 0.04  lr 3.00e-04  depth_std 4.8535
2026-07-27 03:51:06,085 step  700  loss 1.0926  skip 0.05  lr 3.00e-04  depth_std 4.0134
2026-07-27 03:51:45,046 step  750  loss 3.2487  skip 0.05  lr 3.00e-04  depth_std 10.9564
2026-07-27 03:52:20,277 step  800  loss 1.5703  skip 0.05  lr 3.00e-04  depth_std 9.9369
2026-07-27 03:52:51,748 step  850  loss 1.9712  skip 0.06  lr 3.00e-04  depth_std 7.5071
2026-07-27 03:53:34,884 step  900  loss 1.8669  skip 0.06  lr 2.99e-04  depth_std 4.9056
2026-07-27 03:54:05,907 step  950  loss 1.3196  skip 0.06  lr 2.99e-04  depth_std 12.9379
2026-07-27 03:54:38,854 step 1000  loss 1.4149  skip 0.07  lr 2.99e-04  depth_std 8.7893
2026-07-27 03:55:09,403 step 1050  loss 2.2977  skip 0.07  lr 2.99e-04  depth_std 4.2064
2026-07-27 03:55:44,496 step 1100  loss 5.5672  skip 0.07  lr 2.99e-04  depth_std 9.9157
2026-07-27 03:56:20,114 step 1150  loss 1.0520  skip 0.08  lr 2.99e-04  depth_std 4.9850
2026-07-27 03:56:56,896 step 1200  loss 1.7202  skip 0.08  lr 2.98e-04  depth_std 13.0165
2026-07-27 03:57:28,774 step 1250  loss 1.0368  skip 0.08  lr 2.98e-04  depth_std 7.5113
2026-07-27 03:58:02,943 step 1300  loss 1.2364  skip 0.09  lr 2.98e-04  depth_std 10.1165
2026-07-27 03:58:38,662 step 1350  loss 2.5789  skip 0.09  lr 2.97e-04  depth_std 4.7895
2026-07-27 03:59:13,235 step 1400  loss 1.6195  skip 0.09  lr 2.97e-04  depth_std 10.2738
2026-07-27 03:59:45,274 step 1450  loss 1.0124  skip 0.10  lr 2.97e-04  depth_std 5.2510
2026-07-27 04:00:20,858 step 1500  loss 1.3749  skip 0.10  lr 2.96e-04  depth_std 8.6914
2026-07-27 04:00:56,728 step 1550  loss 2.2569  skip 0.10  lr 2.96e-04  depth_std 10.8428
2026-07-27 04:01:34,872 step 1600  loss 1.5972  skip 0.11  lr 2.96e-04  depth_std 4.4383
2026-07-27 04:02:10,891 step 1650  loss 4.2436  skip 0.11  lr 2.95e-04  depth_std 13.4945
2026-07-27 04:02:44,476 step 1700  loss 0.7202  skip 0.11  lr 2.95e-04  depth_std 2.2018
2026-07-27 04:03:18,243 step 1750  loss 0.9590  skip 0.12  lr 2.95e-04  depth_std 12.2426
2026-07-27 04:03:53,491 step 1800  loss 1.5582  skip 0.12  lr 2.94e-04  depth_std 16.4193
2026-07-27 04:04:25,801 step 1850  loss 1.3349  skip 0.12  lr 2.94e-04  depth_std 14.0220
2026-07-27 04:04:55,946 step 1900  loss 2.3133  skip 0.13  lr 2.93e-04  depth_std 9.8616
2026-07-27 04:05:25,634 step 1950  loss 1.4051  skip 0.13  lr 2.93e-04  depth_std 10.6727
2026-07-27 04:05:59,229 step 2000  loss 2.1753  skip 0.13  lr 2.92e-04  depth_std 11.4297
2026-07-27 04:06:34,213 step 2050  loss 1.0587  skip 0.14  lr 2.92e-04  depth_std 9.5991
2026-07-27 04:07:06,860 step 2100  loss 1.7395  skip 0.14  lr 2.91e-04  depth_std 19.8169
2026-07-27 04:07:45,614 step 2150  loss 0.8762  skip 0.14  lr 2.91e-04  depth_std 11.2519
2026-07-27 04:08:20,909 step 2200  loss 2.4489  skip 0.15  lr 2.90e-04  depth_std 9.4415
2026-07-27 04:08:52,320 step 2250  loss 1.0417  skip 0.15  lr 2.89e-04  depth_std 12.5538
2026-07-27 04:09:27,828 step 2300  loss 0.1550  skip 0.15  lr 2.89e-04  depth_std 0.8454
2026-07-27 06:35:18,712 work dir: work_dirs/probe-p0-noaug
2026-07-27 06:35:20,076 mixed dataset: 208720 clips from 5 sources (size 128)
2026-07-27 06:35:21,284 step    0  loss 3.4175  skip 0.00  lr 6.00e-07  depth_std 0.0016
2026-07-27 06:35:28,065 step   50  loss 1.6789  skip 0.00  lr 3.06e-05  depth_std 0.2740
2026-07-27 06:35:34,807 step  100  loss 8.5130  skip 0.01  lr 6.06e-05  depth_std 1.6824
2026-07-27 06:35:41,534 step  150  loss 2.1556  skip 0.01  lr 9.06e-05  depth_std 2.0664
2026-07-27 06:35:48,272 step  200  loss 2.5235  skip 0.01  lr 1.21e-04  depth_std 1.4087
2026-07-27 06:35:54,951 step  250  loss 3.6225  skip 0.02  lr 1.51e-04  depth_std 7.0905
2026-07-27 06:36:01,684 step  300  loss 2.0076  skip 0.02  lr 1.81e-04  depth_std 2.1100
2026-07-27 06:36:08,361 step  350  loss 0.6010  skip 0.02  lr 2.11e-04  depth_std 1.4311
2026-07-27 06:36:15,082 step  400  loss 1.1039  skip 0.03  lr 2.41e-04  depth_std 4.5913
2026-07-27 06:36:21,802 step  450  loss 0.8982  skip 0.03  lr 2.71e-04  depth_std 4.5326
2026-07-27 06:36:28,533 step  500  loss 2.7763  skip 0.03  lr 3.00e-04  depth_std 5.0293
2026-07-27 06:36:35,246 step  550  loss 4.0719  skip 0.04  lr 3.00e-04  depth_std 3.5619
2026-07-27 06:36:41,924 step  600  loss 2.6259  skip 0.04  lr 3.00e-04  depth_std 5.6208
2026-07-27 06:36:48,634 step  650  loss 2.2777  skip 0.04  lr 3.00e-04  depth_std 9.4171
2026-07-27 06:36:55,359 step  700  loss 1.1770  skip 0.05  lr 3.00e-04  depth_std 9.7696
2026-07-27 06:37:02,039 step  750  loss 3.7042  skip 0.05  lr 3.00e-04  depth_std 7.0742
2026-07-27 06:37:08,752 step  800  loss 0.5165  skip 0.05  lr 3.00e-04  depth_std 0.5066
2026-07-27 06:37:15,479 step  850  loss 4.4589  skip 0.06  lr 3.00e-04  depth_std 7.1407
2026-07-27 06:37:22,210 step  900  loss 1.0506  skip 0.06  lr 2.99e-04  depth_std 2.2912
2026-07-27 06:37:28,946 step  950  loss 1.4251  skip 0.06  lr 2.99e-04  depth_std 7.3818
2026-07-27 06:37:35,637 step 1000  loss 2.6982  skip 0.07  lr 2.99e-04  depth_std 12.9716
2026-07-27 06:37:42,370 step 1050  loss 2.4989  skip 0.07  lr 2.99e-04  depth_std 0.2173
2026-07-27 06:37:49,062 step 1100  loss 2.6761  skip 0.07  lr 2.99e-04  depth_std 4.4325
2026-07-27 06:37:55,787 step 1150  loss 2.1633  skip 0.08  lr 2.99e-04  depth_std 10.3342
2026-07-27 06:38:02,506 step 1200  loss 1.4525  skip 0.08  lr 2.98e-04  depth_std 4.1574
2026-07-27 06:38:09,230 step 1250  loss 1.8345  skip 0.08  lr 2.98e-04  depth_std 6.9786
2026-07-27 06:38:15,911 step 1300  loss 1.3921  skip 0.09  lr 2.98e-04  depth_std 12.9593
2026-07-27 06:38:22,630 step 1350  loss 1.3811  skip 0.09  lr 2.97e-04  depth_std 15.2310
2026-07-27 06:38:29,355 step 1400  loss 0.7525  skip 0.09  lr 2.97e-04  depth_std 12.2019
2026-07-27 06:38:36,106 step 1450  loss 0.6311  skip 0.10  lr 2.97e-04  depth_std 1.5214
2026-07-27 06:38:42,794 step 1500  loss 0.5212  skip 0.10  lr 2.96e-04  depth_std 6.2144
2026-07-27 06:38:49,520 step 1550  loss 1.8129  skip 0.10  lr 2.96e-04  depth_std 4.3345
2026-07-27 06:38:56,250 step 1600  loss 0.9597  skip 0.11  lr 2.96e-04  depth_std 5.9150
2026-07-27 06:39:02,979 step 1650  loss 1.4173  skip 0.11  lr 2.95e-04  depth_std 15.1798
2026-07-27 06:39:09,704 step 1700  loss 0.9454  skip 0.11  lr 2.95e-04  depth_std 13.3600
2026-07-27 06:39:16,381 step 1750  loss 0.9799  skip 0.12  lr 2.95e-04  depth_std 9.8004
2026-07-27 06:39:23,094 step 1800  loss 2.0959  skip 0.12  lr 2.94e-04  depth_std 17.8556
2026-07-27 06:39:29,778 step 1850  loss 0.8017  skip 0.12  lr 2.94e-04  depth_std 0.9233
2026-07-27 06:39:36,516 step 1900  loss 2.5463  skip 0.13  lr 2.93e-04  depth_std 12.7931
2026-07-27 06:39:43,228 step 1950  loss 0.8112  skip 0.13  lr 2.93e-04  depth_std 14.3267
2026-07-27 06:39:49,992 step 2000  loss 0.5792  skip 0.13  lr 2.92e-04  depth_std 7.8855
2026-07-27 06:39:56,669 step 2050  loss 0.7114  skip 0.14  lr 2.92e-04  depth_std 10.2684
2026-07-27 06:40:03,390 step 2100  loss 1.7858  skip 0.14  lr 2.91e-04  depth_std 1.1438
2026-07-27 06:40:10,123 step 2150  loss 4.7763  skip 0.14  lr 2.91e-04  depth_std 13.6458
2026-07-27 06:40:16,878 step 2200  loss 3.2993  skip 0.15  lr 2.90e-04  depth_std 10.2019
2026-07-27 06:40:23,559 step 2250  loss 0.9640  skip 0.15  lr 2.89e-04  depth_std 4.4370
2026-07-27 06:40:30,272 step 2300  loss 1.2258  skip 0.15  lr 2.89e-04  depth_std 11.7774
2026-07-27 06:40:37,010 step 2350  loss 1.3927  skip 0.16  lr 2.88e-04  depth_std 14.2266
2026-07-27 06:40:43,729 step 2400  loss 0.8442  skip 0.16  lr 2.87e-04  depth_std 0.8503
2026-07-27 06:40:50,459 step 2450  loss 0.7578  skip 0.16  lr 2.87e-04  depth_std 10.1052
2026-07-27 06:40:57,145 step 2500  loss 0.3588  skip 0.17  lr 2.86e-04  depth_std 4.4018
2026-07-27 06:41:03,866 step 2550  loss 1.8187  skip 0.17  lr 2.85e-04  depth_std 7.9061
2026-07-27 06:41:10,583 step 2600  loss 0.9842  skip 0.17  lr 2.85e-04  depth_std 3.1595
2026-07-27 06:41:17,311 step 2650  loss 2.2553  skip 0.18  lr 2.84e-04  depth_std 14.4505
2026-07-27 06:41:23,994 step 2700  loss 1.6237  skip 0.18  lr 2.83e-04  depth_std 12.0930
2026-07-27 06:41:30,713 step 2750  loss 1.6956  skip 0.18  lr 2.83e-04  depth_std 14.1847
2026-07-27 06:41:37,396 step 2800  loss 1.1894  skip 0.19  lr 2.82e-04  depth_std 13.0714
2026-07-27 06:41:44,113 step 2850  loss 0.4357  skip 0.19  lr 2.81e-04  depth_std 16.0030
2026-07-27 06:41:50,842 step 2900  loss 0.3606  skip 0.19  lr 2.80e-04  depth_std 0.6865
2026-07-27 06:41:57,557 step 2950  loss 2.8558  skip 0.20  lr 2.79e-04  depth_std 15.4193
2026-07-27 06:42:04,244 step 3000  loss 1.0326  skip 0.20  lr 2.79e-04  depth_std 6.3725
2026-07-27 06:42:10,971 step 3050  loss 2.3504  skip 0.20  lr 2.78e-04  depth_std 21.7444
2026-07-27 06:42:17,693 step 3100  loss 0.9293  skip 0.21  lr 2.77e-04  depth_std 12.5382
2026-07-27 06:42:24,445 step 3150  loss 0.4112  skip 0.21  lr 2.76e-04  depth_std 2.2031
2026-07-27 06:42:31,135 step 3200  loss 1.4485  skip 0.21  lr 2.75e-04  depth_std 10.3026
2026-07-27 06:42:37,868 step 3250  loss 7.4734  skip 0.22  lr 2.74e-04  depth_std 7.5720
2026-07-27 06:42:44,558 step 3300  loss 1.9068  skip 0.22  lr 2.73e-04  depth_std 24.4658
2026-07-27 06:42:51,277 step 3350  loss 1.7057  skip 0.22  lr 2.72e-04  depth_std 21.9042
2026-07-27 06:42:57,991 step 3400  loss 5.0690  skip 0.23  lr 2.71e-04  depth_std 8.5763
2026-07-27 06:43:04,714 step 3450  loss 0.4401  skip 0.23  lr 2.70e-04  depth_std 2.8230
2026-07-27 06:43:11,398 step 3500  loss 0.5274  skip 0.23  lr 2.69e-04  depth_std 16.6882
2026-07-27 06:43:18,109 step 3550  loss 3.4498  skip 0.24  lr 2.68e-04  depth_std 4.3011
2026-07-27 06:43:24,831 step 3600  loss 0.8923  skip 0.24  lr 2.67e-04  depth_std 16.8454
2026-07-27 06:43:31,552 step 3650  loss 3.6500  skip 0.24  lr 2.66e-04  depth_std 7.2964
2026-07-27 06:43:38,282 step 3700  loss 3.6540  skip 0.25  lr 2.65e-04  depth_std 15.3222
2026-07-27 06:43:44,959 step 3750  loss 1.4830  skip 0.25  lr 2.64e-04  depth_std 14.1371
2026-07-27 06:43:51,669 step 3800  loss 0.6663  skip 0.25  lr 2.63e-04  depth_std 1.3309
2026-07-27 06:43:58,351 step 3850  loss 0.5798  skip 0.26  lr 2.62e-04  depth_std 12.9022
2026-07-27 06:44:05,076 step 3900  loss 1.1967  skip 0.26  lr 2.61e-04  depth_std 3.4402
2026-07-27 06:44:11,786 step 3950  loss 0.4507  skip 0.26  lr 2.60e-04  depth_std 2.3967
2026-07-27 06:44:18,561 step 4000  loss 2.1605  skip 0.27  lr 2.59e-04  depth_std 14.9803
2026-07-27 06:44:25,284 step 4050  loss 0.5740  skip 0.27  lr 2.58e-04  depth_std 2.6963
2026-07-27 06:44:31,963 step 4100  loss 0.7172  skip 0.27  lr 2.57e-04  depth_std 8.1553
2026-07-27 06:44:38,675 step 4150  loss 1.9943  skip 0.28  lr 2.55e-04  depth_std 17.0351
2026-07-27 06:44:45,411 step 4200  loss 2.9631  skip 0.28  lr 2.54e-04  depth_std 27.6474
2026-07-27 06:44:52,091 step 4250  loss 1.5706  skip 0.28  lr 2.53e-04  depth_std 4.6553
2026-07-27 06:44:58,817 step 4300  loss 1.8484  skip 0.29  lr 2.52e-04  depth_std 17.3085
2026-07-27 06:45:05,552 step 4350  loss 1.4361  skip 0.29  lr 2.51e-04  depth_std 14.8595
2026-07-27 06:45:12,274 step 4400  loss 0.5602  skip 0.29  lr 2.50e-04  depth_std 10.8677
2026-07-27 06:45:19,006 step 4450  loss 3.1986  skip 0.30  lr 2.48e-04  depth_std 5.6794
2026-07-27 06:45:25,687 step 4500  loss 2.0872  skip 0.30  lr 2.47e-04  depth_std 16.8038
2026-07-27 06:45:32,412 step 4550  loss 1.0795  skip 0.30  lr 2.46e-04  depth_std 18.7828
2026-07-27 06:45:39,091 step 4600  loss 1.0365  skip 0.31  lr 2.45e-04  depth_std 15.9639
2026-07-27 06:45:45,811 step 4650  loss 1.6983  skip 0.31  lr 2.43e-04  depth_std 21.4732
2026-07-27 06:45:52,531 step 4700  loss 2.4431  skip 0.31  lr 2.42e-04  depth_std 14.4905
2026-07-27 06:45:59,257 step 4750  loss 0.8726  skip 0.32  lr 2.41e-04  depth_std 3.2765
2026-07-27 06:46:05,934 step 4800  loss 1.0182  skip 0.32  lr 2.39e-04  depth_std 11.6549
2026-07-27 06:46:12,650 step 4850  loss 0.9254  skip 0.32  lr 2.38e-04  depth_std 12.3606
2026-07-27 06:46:19,375 step 4900  loss 0.8893  skip 0.33  lr 2.37e-04  depth_std 13.8776
2026-07-27 06:46:26,087 step 4950  loss 1.1098  skip 0.33  lr 2.36e-04  depth_std 10.0637
2026-07-27 06:46:32,811 step 5000  loss 0.5437  skip 0.33  lr 2.34e-04  depth_std 11.9052
2026-07-27 06:46:39,488 step 5050  loss 1.9126  skip 0.34  lr 2.33e-04  depth_std 24.1915
2026-07-27 06:46:46,201 step 5100  loss 3.5334  skip 0.34  lr 2.31e-04  depth_std 7.5381
2026-07-27 06:46:52,880 step 5150  loss 0.9749  skip 0.34  lr 2.30e-04  depth_std 13.2754
2026-07-27 06:46:59,600 step 5200  loss 0.8835  skip 0.35  lr 2.29e-04  depth_std 9.0893
2026-07-27 06:47:06,312 step 5250  loss 1.2689  skip 0.35  lr 2.27e-04  depth_std 19.7150
2026-07-27 06:47:13,035 step 5300  loss 0.8981  skip 0.35  lr 2.26e-04  depth_std 15.5879
2026-07-27 06:47:19,709 step 5350  loss 0.8680  skip 0.36  lr 2.25e-04  depth_std 10.8440
2026-07-27 06:47:26,416 step 5400  loss 0.7683  skip 0.36  lr 2.23e-04  depth_std 1.9571
2026-07-27 06:47:33,133 step 5450  loss 1.3450  skip 0.36  lr 2.22e-04  depth_std 14.0349
2026-07-27 06:47:39,845 step 5500  loss 0.1004  skip 0.37  lr 2.20e-04  depth_std 1.1175
2026-07-27 06:47:46,570 step 5550  loss 0.6155  skip 0.37  lr 2.19e-04  depth_std 16.7715
2026-07-27 06:47:53,251 step 5600  loss 0.8380  skip 0.37  lr 2.17e-04  depth_std 10.5501
2026-07-27 06:47:59,986 step 5650  loss 2.0579  skip 0.38  lr 2.16e-04  depth_std 8.3177
2026-07-27 06:48:06,690 step 5700  loss 1.2328  skip 0.38  lr 2.14e-04  depth_std 19.5722
2026-07-27 06:48:13,410 step 5750  loss 0.5738  skip 0.38  lr 2.13e-04  depth_std 12.4906
2026-07-27 06:48:20,157 step 5800  loss 0.2136  skip 0.39  lr 2.12e-04  depth_std 1.4704
2026-07-27 06:48:26,879 step 5850  loss 0.9329  skip 0.39  lr 2.10e-04  depth_std 17.7488
2026-07-27 06:48:33,564 step 5900  loss 5.4754  skip 0.39  lr 2.09e-04  depth_std 21.6992
2026-07-27 06:48:40,270 step 5950  loss 0.9113  skip 0.40  lr 2.07e-04  depth_std 16.9318
2026-07-27 06:48:47,038 step 6000  loss 0.2671  skip 0.40  lr 2.06e-04  depth_std 1.2221
2026-07-27 06:48:53,720 step 6050  loss 1.5247  skip 0.40  lr 2.04e-04  depth_std 20.8421
2026-07-27 06:49:00,436 step 6100  loss 0.7105  skip 0.41  lr 2.02e-04  depth_std 14.7297
2026-07-27 06:49:07,110 step 6150  loss 0.5792  skip 0.41  lr 2.01e-04  depth_std 2.8588
2026-07-27 06:49:13,830 step 6200  loss 1.1139  skip 0.41  lr 1.99e-04  depth_std 15.0299
2026-07-27 06:49:20,546 step 6250  loss 0.1779  skip 0.42  lr 1.98e-04  depth_std 1.6012
2026-07-27 06:49:27,281 step 6300  loss 0.3401  skip 0.42  lr 1.96e-04  depth_std 10.6374
2026-07-27 06:49:33,967 step 6350  loss 0.2566  skip 0.42  lr 1.95e-04  depth_std 2.0903
2026-07-27 06:49:40,697 step 6400  loss 1.0297  skip 0.43  lr 1.93e-04  depth_std 9.9179
2026-07-27 06:49:47,435 step 6450  loss 0.5358  skip 0.43  lr 1.92e-04  depth_std 13.5240
2026-07-27 06:49:54,163 step 6500  loss 2.9533  skip 0.43  lr 1.90e-04  depth_std 13.2675
2026-07-27 06:50:00,882 step 6550  loss 1.1576  skip 0.44  lr 1.89e-04  depth_std 16.2573
2026-07-27 06:50:07,561 step 6600  loss 1.7870  skip 0.44  lr 1.87e-04  depth_std 20.2976
2026-07-27 06:50:14,290 step 6650  loss 0.9712  skip 0.44  lr 1.85e-04  depth_std 9.7350
2026-07-27 06:50:20,978 step 6700  loss 2.5405  skip 0.45  lr 1.84e-04  depth_std 17.7884
2026-07-27 06:50:27,722 step 6750  loss 4.1968  skip 0.45  lr 1.82e-04  depth_std 12.0773
2026-07-27 06:50:34,458 step 6800  loss 0.6490  skip 0.45  lr 1.81e-04  depth_std 16.8381
2026-07-27 06:50:41,141 step 6850  loss 0.7767  skip 0.46  lr 1.79e-04  depth_std 12.0505
2026-07-27 06:50:47,853 step 6900  loss 1.6545  skip 0.46  lr 1.77e-04  depth_std 25.3529
2026-07-27 06:50:54,579 step 6950  loss 2.2568  skip 0.46  lr 1.76e-04  depth_std 17.1195
2026-07-27 06:51:01,287 step 7000  loss 0.7678  skip 0.47  lr 1.74e-04  depth_std 14.7200
2026-07-27 06:51:08,013 step 7050  loss 1.5934  skip 0.47  lr 1.73e-04  depth_std 19.3351
2026-07-27 06:51:14,700 step 7100  loss 2.2907  skip 0.47  lr 1.71e-04  depth_std 22.4055
2026-07-27 06:51:21,420 step 7150  loss 0.7544  skip 0.48  lr 1.69e-04  depth_std 17.6366
2026-07-27 06:51:28,141 step 7200  loss 1.6077  skip 0.48  lr 1.68e-04  depth_std 15.1836
2026-07-27 06:51:34,878 step 7250  loss 1.5780  skip 0.48  lr 1.66e-04  depth_std 19.6942
2026-07-27 06:51:41,552 step 7300  loss 0.2805  skip 0.49  lr 1.65e-04  depth_std 1.4031
2026-07-27 06:51:48,262 step 7350  loss 2.2087  skip 0.49  lr 1.63e-04  depth_std 19.1902
2026-07-27 06:51:54,943 step 7400  loss 1.1538  skip 0.49  lr 1.61e-04  depth_std 11.9839
2026-07-27 06:52:01,667 step 7450  loss 1.2564  skip 0.50  lr 1.60e-04  depth_std 17.3866
2026-07-27 06:52:08,373 step 7500  loss 1.6223  skip 0.50  lr 1.58e-04  depth_std 23.1204
2026-07-27 06:52:15,100 step 7550  loss 5.0722  skip 0.50  lr 1.56e-04  depth_std 18.2955
2026-07-27 06:52:21,779 step 7600  loss 0.9650  skip 0.50  lr 1.55e-04  depth_std 15.5961
2026-07-27 06:52:28,533 step 7650  loss 3.0479  skip 0.50  lr 1.53e-04  depth_std 14.0467
2026-07-27 06:52:35,260 step 7700  loss 0.8080  skip 0.50  lr 1.52e-04  depth_std 12.7637
2026-07-27 06:52:41,976 step 7750  loss 0.8128  skip 0.50  lr 1.50e-04  depth_std 14.9292
2026-07-27 06:52:48,718 step 7800  loss 1.2125  skip 0.50  lr 1.48e-04  depth_std 12.9580
2026-07-27 06:52:55,401 step 7850  loss 1.2119  skip 0.50  lr 1.47e-04  depth_std 19.9938
2026-07-27 06:53:02,138 step 7900  loss 0.8920  skip 0.50  lr 1.45e-04  depth_std 23.6072
2026-07-27 06:53:08,835 step 7950  loss 2.8191  skip 0.50  lr 1.44e-04  depth_std 19.9686
2026-07-27 06:53:15,601 step 8000  loss 1.0628  skip 0.50  lr 1.42e-04  depth_std 18.2286
2026-07-27 06:53:22,335 step 8050  loss 1.0350  skip 0.50  lr 1.40e-04  depth_std 17.9388
2026-07-27 06:53:29,019 step 8100  loss 1.1695  skip 0.50  lr 1.39e-04  depth_std 17.3729
2026-07-27 06:53:35,732 step 8150  loss 1.4921  skip 0.50  lr 1.37e-04  depth_std 24.6930
2026-07-27 06:53:42,450 step 8200  loss 0.5765  skip 0.50  lr 1.35e-04  depth_std 9.4316
2026-07-27 06:53:49,178 step 8250  loss 0.4754  skip 0.50  lr 1.34e-04  depth_std 2.6101
2026-07-27 06:53:55,867 step 8300  loss 3.1241  skip 0.50  lr 1.32e-04  depth_std 18.0866
2026-07-27 06:54:02,579 step 8350  loss 0.9718  skip 0.50  lr 1.31e-04  depth_std 1.8230
2026-07-27 06:54:09,272 step 8400  loss 0.8129  skip 0.50  lr 1.29e-04  depth_std 18.9163
2026-07-27 06:54:15,998 step 8450  loss 1.2957  skip 0.50  lr 1.27e-04  depth_std 16.7209
2026-07-27 06:54:22,714 step 8500  loss 0.2093  skip 0.50  lr 1.26e-04  depth_std 2.1352
2026-07-27 06:54:29,440 step 8550  loss 0.9615  skip 0.50  lr 1.24e-04  depth_std 17.5650
2026-07-27 06:54:36,123 step 8600  loss 0.4394  skip 0.50  lr 1.23e-04  depth_std 6.2392
2026-07-27 06:54:42,844 step 8650  loss 0.7691  skip 0.50  lr 1.21e-04  depth_std 15.9128
2026-07-27 06:54:49,579 step 8700  loss 1.4978  skip 0.50  lr 1.19e-04  depth_std 24.0097
2026-07-27 06:54:56,314 step 8750  loss 1.1146  skip 0.50  lr 1.18e-04  depth_std 18.7811
2026-07-27 06:55:03,053 step 8800  loss 1.4558  skip 0.50  lr 1.16e-04  depth_std 2.5451
2026-07-27 06:55:09,750 step 8850  loss 0.8653  skip 0.50  lr 1.15e-04  depth_std 5.7112
2026-07-27 06:55:16,474 step 8900  loss 0.4024  skip 0.50  lr 1.13e-04  depth_std 13.0322
2026-07-27 06:55:23,171 step 8950  loss 2.1282  skip 0.50  lr 1.11e-04  depth_std 13.7482
2026-07-27 06:55:29,903 step 9000  loss 0.7421  skip 0.50  lr 1.10e-04  depth_std 14.5826
2026-07-27 06:55:36,621 step 9050  loss 0.8581  skip 0.50  lr 1.08e-04  depth_std 15.2479
2026-07-27 06:55:43,350 step 9100  loss 1.0834  skip 0.50  lr 1.07e-04  depth_std 15.5577
2026-07-27 06:55:50,030 step 9150  loss 0.6910  skip 0.50  lr 1.05e-04  depth_std 14.4434
2026-07-27 06:55:56,755 step 9200  loss 2.2181  skip 0.50  lr 1.04e-04  depth_std 12.6215
2026-07-27 06:56:03,500 step 9250  loss 1.2707  skip 0.50  lr 1.02e-04  depth_std 15.5381
2026-07-27 06:56:10,241 step 9300  loss 0.8406  skip 0.50  lr 1.01e-04  depth_std 16.8475
2026-07-27 06:56:16,980 step 9350  loss 1.0196  skip 0.50  lr 9.90e-05  depth_std 3.2959
2026-07-27 06:56:23,672 step 9400  loss 1.2697  skip 0.50  lr 9.75e-05  depth_std 17.9110
2026-07-27 06:56:30,399 step 9450  loss 1.4041  skip 0.50  lr 9.60e-05  depth_std 23.4732
2026-07-27 06:56:37,080 step 9500  loss 1.0376  skip 0.50  lr 9.45e-05  depth_std 23.8239
2026-07-27 06:56:43,812 step 9550  loss 0.3928  skip 0.50  lr 9.30e-05  depth_std 15.1534
2026-07-27 06:56:50,550 step 9600  loss 2.0684  skip 0.50  lr 9.15e-05  depth_std 9.4086
2026-07-27 06:56:57,295 step 9650  loss 2.3031  skip 0.50  lr 9.00e-05  depth_std 16.1044
2026-07-27 06:57:03,976 step 9700  loss 0.8447  skip 0.50  lr 8.85e-05  depth_std 18.7056
2026-07-27 06:57:10,693 step 9750  loss 0.9320  skip 0.50  lr 8.70e-05  depth_std 6.0825
2026-07-27 06:57:17,423 step 9800  loss 0.4552  skip 0.50  lr 8.55e-05  depth_std 11.5844
2026-07-27 06:57:24,119 step 9850  loss 1.7689  skip 0.50  lr 8.41e-05  depth_std 25.8226
2026-07-27 06:57:30,848 step 9900  loss 1.0380  skip 0.50  lr 8.26e-05  depth_std 16.2736
2026-07-27 06:57:37,590 step 9950  loss 1.9870  skip 0.50  lr 8.12e-05  depth_std 11.9410
2026-07-27 06:57:44,368 step 10000  loss 0.9032  skip 0.50  lr 7.97e-05  depth_std 9.9651
2026-07-27 06:57:51,049 step 10050  loss 2.8376  skip 0.50  lr 7.83e-05  depth_std 26.8370
2026-07-27 06:57:57,778 step 10100  loss 0.9069  skip 0.50  lr 7.69e-05  depth_std 21.9960
2026-07-27 06:58:04,505 step 10150  loss 0.8354  skip 0.50  lr 7.55e-05  depth_std 17.2226
2026-07-27 06:58:11,185 step 10200  loss 0.6184  skip 0.50  lr 7.41e-05  depth_std 10.9523
2026-07-27 06:58:17,916 step 10250  loss 0.6302  skip 0.50  lr 7.27e-05  depth_std 15.1439
2026-07-27 06:58:24,649 step 10300  loss 0.8026  skip 0.50  lr 7.13e-05  depth_std 12.7250
2026-07-27 06:58:31,374 step 10350  loss 1.2698  skip 0.50  lr 6.99e-05  depth_std 18.9915
2026-07-27 06:58:38,108 step 10400  loss 2.4864  skip 0.50  lr 6.85e-05  depth_std 16.2508
2026-07-27 06:58:44,794 step 10450  loss 2.9299  skip 0.50  lr 6.72e-05  depth_std 10.6070
2026-07-27 06:58:51,531 step 10500  loss 0.3713  skip 0.50  lr 6.58e-05  depth_std 10.3947
2026-07-27 06:58:58,212 step 10550  loss 1.1733  skip 0.50  lr 6.45e-05  depth_std 26.8323
2026-07-27 06:59:04,944 step 10600  loss 0.7949  skip 0.50  lr 6.32e-05  depth_std 15.5895
2026-07-27 06:59:11,668 step 10650  loss 2.0009  skip 0.50  lr 6.18e-05  depth_std 16.2347
2026-07-27 06:59:18,396 step 10700  loss 3.8088  skip 0.50  lr 6.05e-05  depth_std 14.7899
2026-07-27 06:59:25,085 step 10750  loss 1.9641  skip 0.50  lr 5.92e-05  depth_std 21.8181
2026-07-27 06:59:31,800 step 10800  loss 0.3292  skip 0.50  lr 5.79e-05  depth_std 7.8279
2026-07-27 06:59:38,525 step 10850  loss 0.3089  skip 0.50  lr 5.67e-05  depth_std 1.1169
2026-07-27 06:59:45,258 step 10900  loss 0.3431  skip 0.50  lr 5.54e-05  depth_std 10.6152
2026-07-27 06:59:52,000 step 10950  loss 2.9307  skip 0.50  lr 5.41e-05  depth_std 21.6080
2026-07-27 06:59:58,680 step 11000  loss 0.3368  skip 0.50  lr 5.29e-05  depth_std 2.9480
2026-07-27 07:00:05,393 step 11050  loss 0.3109  skip 0.50  lr 5.17e-05  depth_std 2.0920
2026-07-27 07:00:12,106 step 11100  loss 5.5496  skip 0.50  lr 5.04e-05  depth_std 13.6505
2026-07-27 07:00:18,846 step 11150  loss 1.7160  skip 0.50  lr 4.92e-05  depth_std 16.5312
2026-07-27 07:00:25,537 step 11200  loss 0.5895  skip 0.50  lr 4.80e-05  depth_std 10.0612
2026-07-27 07:00:32,253 step 11250  loss 1.3044  skip 0.50  lr 4.68e-05  depth_std 15.6584
2026-07-27 07:00:38,936 step 11300  loss 0.5909  skip 0.50  lr 4.57e-05  depth_std 9.0908
2026-07-27 07:00:45,680 step 11350  loss 0.3590  skip 0.50  lr 4.45e-05  depth_std 3.1533
2026-07-27 07:00:52,399 step 11400  loss 0.6431  skip 0.50  lr 4.34e-05  depth_std 14.5227
2026-07-27 07:00:59,133 step 11450  loss 1.3964  skip 0.50  lr 4.22e-05  depth_std 22.9867
2026-07-27 07:01:05,814 step 11500  loss 0.7173  skip 0.50  lr 4.11e-05  depth_std 13.6555
2026-07-27 07:01:12,532 step 11550  loss 0.5370  skip 0.50  lr 4.00e-05  depth_std 11.8337
2026-07-27 07:01:19,273 step 11600  loss 1.0242  skip 0.50  lr 3.89e-05  depth_std 16.9822
2026-07-27 07:01:26,001 step 11650  loss 0.3825  skip 0.50  lr 3.78e-05  depth_std 2.5909
2026-07-27 07:01:32,704 step 11700  loss 0.6968  skip 0.50  lr 3.67e-05  depth_std 18.7837
2026-07-27 07:01:39,450 step 11750  loss 2.3281  skip 0.50  lr 3.57e-05  depth_std 18.6796
2026-07-27 07:01:46,175 step 11800  loss 0.8553  skip 0.50  lr 3.46e-05  depth_std 24.2604
2026-07-27 07:01:52,861 step 11850  loss 0.2797  skip 0.50  lr 3.36e-05  depth_std 2.1281
2026-07-27 07:01:59,603 step 11900  loss 2.1234  skip 0.50  lr 3.26e-05  depth_std 5.6348
2026-07-27 07:02:06,333 step 11950  loss 0.8163  skip 0.50  lr 3.16e-05  depth_std 9.5091
2026-07-27 07:02:13,113 step 12000  loss 1.6603  skip 0.50  lr 3.06e-05  depth_std 27.9924
2026-07-27 07:02:19,804 step 12050  loss 0.7996  skip 0.50  lr 2.96e-05  depth_std 11.7067
2026-07-27 07:02:26,527 step 12100  loss 1.3741  skip 0.50  lr 2.86e-05  depth_std 24.3691
2026-07-27 07:02:33,238 step 12150  loss 2.1300  skip 0.50  lr 2.77e-05  depth_std 17.0996
2026-07-27 07:02:39,974 step 12200  loss 0.4193  skip 0.50  lr 2.68e-05  depth_std 4.1115
2026-07-27 07:02:46,666 step 12250  loss 1.6723  skip 0.50  lr 2.58e-05  depth_std 21.7466
2026-07-27 07:02:53,400 step 12300  loss 0.4923  skip 0.50  lr 2.49e-05  depth_std 6.6936
2026-07-27 07:03:00,139 step 12350  loss 2.6458  skip 0.50  lr 2.41e-05  depth_std 22.1709
2026-07-27 07:03:06,855 step 12400  loss 1.2250  skip 0.50  lr 2.32e-05  depth_std 17.5335
2026-07-27 07:03:13,581 step 12450  loss 0.7662  skip 0.50  lr 2.23e-05  depth_std 15.1817
2026-07-27 07:03:20,261 step 12500  loss 1.5825  skip 0.50  lr 2.15e-05  depth_std 24.0391
2026-07-27 07:03:26,995 step 12550  loss 0.4663  skip 0.50  lr 2.06e-05  depth_std 10.6646
2026-07-27 07:03:33,685 step 12600  loss 0.4636  skip 0.50  lr 1.98e-05  depth_std 12.3056
2026-07-27 07:03:40,444 step 12650  loss 1.0567  skip 0.50  lr 1.90e-05  depth_std 22.1912
2026-07-27 07:03:47,166 step 12700  loss 0.3616  skip 0.50  lr 1.82e-05  depth_std 11.8009
2026-07-27 07:03:53,895 step 12750  loss 0.8689  skip 0.50  lr 1.75e-05  depth_std 21.1387
2026-07-27 07:04:00,578 step 12800  loss 1.4550  skip 0.50  lr 1.67e-05  depth_std 13.3092
2026-07-27 07:04:07,303 step 12850  loss 2.3113  skip 0.50  lr 1.60e-05  depth_std 22.5185
2026-07-27 07:04:14,026 step 12900  loss 0.8821  skip 0.50  lr 1.53e-05  depth_std 21.5056
2026-07-27 07:04:20,752 step 12950  loss 0.7182  skip 0.50  lr 1.46e-05  depth_std 15.8978
2026-07-27 07:04:27,499 step 13000  loss 0.5107  skip 0.50  lr 1.39e-05  depth_std 14.9857
2026-07-27 07:04:34,195 step 13050  loss 3.4317  skip 0.50  lr 1.32e-05  depth_std 17.0472
2026-07-27 07:04:40,923 step 13100  loss 1.2778  skip 0.50  lr 1.25e-05  depth_std 25.7087
2026-07-27 07:04:47,662 step 13150  loss 2.3474  skip 0.50  lr 1.19e-05  depth_std 19.9630
2026-07-27 07:04:54,396 step 13200  loss 2.3806  skip 0.50  lr 1.13e-05  depth_std 23.7385
2026-07-27 07:05:01,086 step 13250  loss 0.7294  skip 0.50  lr 1.07e-05  depth_std 14.8557
2026-07-27 07:05:07,813 step 13300  loss 1.2817  skip 0.50  lr 1.01e-05  depth_std 19.2629
2026-07-27 07:05:14,500 step 13350  loss 0.9364  skip 0.50  lr 9.48e-06  depth_std 19.1167
2026-07-27 07:05:21,249 step 13400  loss 1.7019  skip 0.50  lr 8.92e-06  depth_std 21.9914
2026-07-27 07:05:27,975 step 13450  loss 0.7401  skip 0.50  lr 8.38e-06  depth_std 8.5429
2026-07-27 07:05:34,731 step 13500  loss 1.2113  skip 0.50  lr 7.85e-06  depth_std 19.4149
2026-07-27 07:05:41,416 step 13550  loss 1.0387  skip 0.50  lr 7.34e-06  depth_std 24.5583
2026-07-27 07:05:48,135 step 13600  loss 0.5219  skip 0.50  lr 6.85e-06  depth_std 2.1048
2026-07-27 07:05:54,862 step 13650  loss 0.9742  skip 0.50  lr 6.37e-06  depth_std 25.2774
2026-07-27 07:06:01,590 step 13700  loss 0.5740  skip 0.50  lr 5.91e-06  depth_std 12.5705
2026-07-27 07:06:08,331 step 13750  loss 1.3345  skip 0.50  lr 5.47e-06  depth_std 24.2056
2026-07-27 07:06:15,037 step 13800  loss 0.8645  skip 0.50  lr 5.04e-06  depth_std 3.2739
2026-07-27 07:06:21,757 step 13850  loss 1.6154  skip 0.50  lr 4.63e-06  depth_std 14.9994
2026-07-27 07:06:28,456 step 13900  loss 1.1047  skip 0.50  lr 4.24e-06  depth_std 17.0401
2026-07-27 07:06:35,201 step 13950  loss 1.5527  skip 0.50  lr 3.86e-06  depth_std 9.2047
2026-07-27 07:06:41,981 step 14000  loss 3.9537  skip 0.50  lr 3.51e-06  depth_std 12.9285
2026-07-27 07:06:48,677 step 14050  loss 3.0109  skip 0.50  lr 3.17e-06  depth_std 22.9178
2026-07-27 07:06:55,413 step 14100  loss 2.6530  skip 0.50  lr 2.84e-06  depth_std 9.4784
2026-07-27 07:07:02,143 step 14150  loss 1.0371  skip 0.50  lr 2.54e-06  depth_std 18.8881
2026-07-27 07:07:08,882 step 14200  loss 2.7421  skip 0.50  lr 2.25e-06  depth_std 20.2434
2026-07-27 07:07:15,577 step 14250  loss 0.7480  skip 0.50  lr 1.98e-06  depth_std 16.0935
2026-07-27 07:07:22,313 step 14300  loss 0.9172  skip 0.50  lr 1.72e-06  depth_std 21.0110
2026-07-27 07:07:29,058 step 14350  loss 0.6522  skip 0.50  lr 1.49e-06  depth_std 8.5635
2026-07-27 07:07:35,791 step 14400  loss 0.9359  skip 0.50  lr 1.27e-06  depth_std 17.5206
2026-07-27 07:07:42,544 step 14450  loss 1.4312  skip 0.50  lr 1.06e-06  depth_std 20.8761
2026-07-27 07:07:49,234 step 14500  loss 4.0222  skip 0.50  lr 8.79e-07  depth_std 21.3129
2026-07-27 07:07:55,978 step 14550  loss 1.8817  skip 0.50  lr 7.12e-07  depth_std 25.2811
2026-07-27 07:08:02,663 step 14600  loss 1.0887  skip 0.50  lr 5.63e-07  depth_std 21.9110
2026-07-27 07:08:09,405 step 14650  loss 1.4743  skip 0.50  lr 4.31e-07  depth_std 17.4237
2026-07-27 07:08:16,120 step 14700  loss 0.6594  skip 0.50  lr 3.17e-07  depth_std 12.7401
2026-07-27 07:08:22,846 step 14750  loss 0.5817  skip 0.50  lr 2.20e-07  depth_std 8.0354
2026-07-27 07:08:29,529 step 14800  loss 0.5309  skip 0.50  lr 1.41e-07  depth_std 13.4196
2026-07-27 07:08:36,251 step 14850  loss 0.9552  skip 0.50  lr 7.92e-08  depth_std 23.4644
2026-07-27 07:08:42,983 step 14900  loss 0.7056  skip 0.50  lr 3.52e-08  depth_std 16.8839
2026-07-27 07:08:49,708 step 14950  loss 0.3113  skip 0.50  lr 8.80e-09  depth_std 3.6776
2026-07-27 07:08:56,366 saved -> work_dirs/probe-p0-noaug/latest.pt
