2026-07-30 10:53:12,269 work dir: work_dirs/t0-seed2-bin0.2  seed 2  commit 396d5514
2026-07-30 10:53:12,768 partial init from work_dirs/main_v8/latest.pt: 0 new tensors kept at init, 0 checkpoint tensors unused
2026-07-30 10:53:13,602 mixed dataset: 208720 clips from 5 sources (size 256)
2026-07-30 10:53:15,906 step    0  loss 2.7110  skip 0.00  lr 3.00e-07  depth_std 28.8035
2026-07-30 10:54:02,532 step   50  loss 2.6474  skip 0.01  lr 1.53e-05  depth_std 26.6977
2026-07-30 10:54:54,131 step  100  loss 1.0863  skip 0.01  lr 3.03e-05  depth_std 10.3089
2026-07-30 10:55:46,065 step  150  loss 1.0557  skip 0.02  lr 4.53e-05  depth_std 3.7090
2026-07-30 10:56:38,048 step  200  loss 1.1704  skip 0.03  lr 6.03e-05  depth_std 4.8872
2026-07-30 10:57:29,908 step  250  loss 1.0412  skip 0.03  lr 7.53e-05  depth_std 5.2924
2026-07-30 10:58:21,876 step  300  loss 1.2306  skip 0.04  lr 9.03e-05  depth_std 0.7819
2026-07-30 10:59:13,627 step  350  loss 0.9836  skip 0.04  lr 1.05e-04  depth_std 3.2234
2026-07-30 11:00:05,177 step  400  loss 0.5113  skip 0.05  lr 1.20e-04  depth_std 0.5090
2026-07-30 11:00:56,411 step  450  loss 0.9692  skip 0.06  lr 1.35e-04  depth_std 18.2398
2026-07-30 11:01:47,216 step  500  loss 2.4568  skip 0.06  lr 1.50e-04  depth_std 24.2834
2026-07-30 11:02:37,582 step  550  loss 0.6756  skip 0.07  lr 1.65e-04  depth_std 0.7117
2026-07-30 11:03:27,687 step  600  loss 1.6615  skip 0.07  lr 1.80e-04  depth_std 6.1054
2026-07-30 11:04:17,390 step  650  loss 2.1415  skip 0.08  lr 1.95e-04  depth_std 10.2354
2026-07-30 11:05:06,927 step  700  loss 0.5654  skip 0.09  lr 2.10e-04  depth_std 0.8661
2026-07-30 11:05:56,451 step  750  loss 0.8279  skip 0.09  lr 2.25e-04  depth_std 3.3948
2026-07-30 11:06:45,764 step  800  loss 1.6040  skip 0.10  lr 2.40e-04  depth_std 22.2807
2026-07-30 11:07:34,971 step  850  loss 1.1824  skip 0.11  lr 2.55e-04  depth_std 15.7942
2026-07-30 11:08:23,895 step  900  loss 0.7310  skip 0.11  lr 2.70e-04  depth_std 5.5700
2026-07-30 11:09:12,728 step  950  loss 0.8024  skip 0.12  lr 2.85e-04  depth_std 24.5588
2026-07-30 11:10:01,122 step 1000  loss 1.3242  skip 0.12  lr 3.00e-04  depth_std 19.1842
2026-07-30 11:10:49,304 step 1050  loss 0.7957  skip 0.13  lr 3.00e-04  depth_std 8.2408
2026-07-30 11:11:37,020 step 1100  loss 1.4918  skip 0.14  lr 3.00e-04  depth_std 4.2662
2026-07-30 11:12:24,442 step 1150  loss 1.4050  skip 0.14  lr 3.00e-04  depth_std 21.1345
2026-07-30 11:13:11,742 step 1200  loss 0.7859  skip 0.15  lr 2.99e-04  depth_std 2.0132
2026-07-30 11:13:58,973 step 1250  loss 0.8972  skip 0.16  lr 2.99e-04  depth_std 2.1093
2026-07-30 11:14:45,937 step 1300  loss 2.8758  skip 0.16  lr 2.99e-04  depth_std 3.6462
2026-07-30 11:15:32,843 step 1350  loss 1.5357  skip 0.17  lr 2.98e-04  depth_std 14.4136
2026-07-30 11:16:19,408 step 1400  loss 1.0097  skip 0.17  lr 2.98e-04  depth_std 16.2301
2026-07-30 11:17:05,677 step 1450  loss 1.2007  skip 0.18  lr 2.97e-04  depth_std 17.9699
2026-07-30 11:17:51,790 step 1500  loss 2.5561  skip 0.19  lr 2.96e-04  depth_std 15.2224
2026-07-30 11:18:37,700 step 1550  loss 1.4521  skip 0.19  lr 2.95e-04  depth_std 13.8304
2026-07-30 11:19:23,193 step 1600  loss 1.3130  skip 0.20  lr 2.95e-04  depth_std 17.8569
2026-07-30 11:20:08,500 step 1650  loss 1.0594  skip 0.21  lr 2.94e-04  depth_std 10.7245
2026-07-30 11:20:53,464 step 1700  loss 2.1651  skip 0.21  lr 2.93e-04  depth_std 17.5846
2026-07-30 11:21:38,193 step 1750  loss 1.1076  skip 0.22  lr 2.92e-04  depth_std 22.1004
2026-07-30 11:22:22,726 step 1800  loss 1.0174  skip 0.23  lr 2.90e-04  depth_std 28.9719
2026-07-30 11:23:07,008 step 1850  loss 0.8901  skip 0.23  lr 2.89e-04  depth_std 3.4113
2026-07-30 11:23:51,162 step 1900  loss 0.7163  skip 0.24  lr 2.88e-04  depth_std 2.6070
2026-07-30 11:24:35,207 step 1950  loss 0.8785  skip 0.24  lr 2.87e-04  depth_std 7.1417
2026-07-30 11:25:18,950 step 2000  loss 0.9741  skip 0.25  lr 2.85e-04  depth_std 8.8472
2026-07-30 11:26:02,276 step 2050  loss 1.1787  skip 0.26  lr 2.84e-04  depth_std 18.7242
2026-07-30 11:26:45,195 step 2100  loss 0.4561  skip 0.26  lr 2.82e-04  depth_std 1.6668
2026-07-30 11:27:27,823 step 2150  loss 0.6943  skip 0.27  lr 2.80e-04  depth_std 3.6988
2026-07-30 11:28:10,439 step 2200  loss 2.6941  skip 0.28  lr 2.79e-04  depth_std 16.6494
2026-07-30 11:28:52,885 step 2250  loss 2.9662  skip 0.28  lr 2.77e-04  depth_std 14.5456
2026-07-30 11:29:34,851 step 2300  loss 0.5822  skip 0.29  lr 2.75e-04  depth_std 4.8006
2026-07-30 11:30:16,600 step 2350  loss 0.8273  skip 0.29  lr 2.73e-04  depth_std 5.4202
2026-07-30 11:30:58,176 step 2400  loss 1.6930  skip 0.30  lr 2.71e-04  depth_std 30.5259
2026-07-30 11:31:39,451 step 2450  loss 1.2064  skip 0.31  lr 2.69e-04  depth_std 21.9944
2026-07-30 11:32:20,488 step 2500  loss 1.1283  skip 0.31  lr 2.67e-04  depth_std 6.7831
2026-07-30 11:33:01,480 step 2550  loss 1.1143  skip 0.32  lr 2.65e-04  depth_std 8.6025
2026-07-30 11:33:42,366 step 2600  loss 0.5511  skip 0.33  lr 2.63e-04  depth_std 2.0559
2026-07-30 11:34:22,790 step 2650  loss 3.8169  skip 0.33  lr 2.61e-04  depth_std 9.2551
2026-07-30 11:35:02,963 step 2700  loss 1.2126  skip 0.34  lr 2.58e-04  depth_std 19.4166
2026-07-30 11:35:42,847 step 2750  loss 1.4967  skip 0.34  lr 2.56e-04  depth_std 11.9724
2026-07-30 11:36:22,488 step 2800  loss 0.9042  skip 0.35  lr 2.54e-04  depth_std 9.3426
2026-07-30 11:37:01,745 step 2850  loss 1.1726  skip 0.36  lr 2.51e-04  depth_std 18.9633
2026-07-30 11:37:40,845 step 2900  loss 1.6042  skip 0.36  lr 2.49e-04  depth_std 15.4578
2026-07-30 11:38:19,722 step 2950  loss 0.4802  skip 0.37  lr 2.46e-04  depth_std 1.7603
2026-07-30 11:38:58,441 step 3000  loss 1.0155  skip 0.38  lr 2.44e-04  depth_std 1.6756
2026-07-30 11:39:36,783 step 3050  loss 0.7866  skip 0.38  lr 2.41e-04  depth_std 1.7351
2026-07-30 11:40:15,052 step 3100  loss 2.1461  skip 0.39  lr 2.38e-04  depth_std 1.4507
2026-07-30 11:40:52,955 step 3150  loss 0.9435  skip 0.39  lr 2.35e-04  depth_std 14.4770
2026-07-30 11:41:30,552 step 3200  loss 3.6408  skip 0.40  lr 2.33e-04  depth_std 18.1166
2026-07-30 11:42:07,839 step 3250  loss 0.5729  skip 0.41  lr 2.30e-04  depth_std 1.0663
2026-07-30 11:42:44,896 step 3300  loss 1.0588  skip 0.41  lr 2.27e-04  depth_std 5.9131
2026-07-30 11:43:21,746 step 3350  loss 3.9399  skip 0.42  lr 2.24e-04  depth_std 23.4014
2026-07-30 11:43:58,455 step 3400  loss 1.2409  skip 0.42  lr 2.21e-04  depth_std 4.0757
2026-07-30 11:44:34,739 step 3450  loss 0.9334  skip 0.43  lr 2.18e-04  depth_std 8.3434
2026-07-30 11:45:10,753 step 3500  loss 1.0905  skip 0.44  lr 2.15e-04  depth_std 11.5959
2026-07-30 11:45:46,470 step 3550  loss 1.0627  skip 0.44  lr 2.12e-04  depth_std 23.5842
2026-07-30 11:46:22,036 step 3600  loss 1.0091  skip 0.45  lr 2.09e-04  depth_std 2.9253
2026-07-30 11:46:57,279 step 3650  loss 0.8050  skip 0.46  lr 2.06e-04  depth_std 6.6115
2026-07-30 11:47:32,371 step 3700  loss 0.6056  skip 0.46  lr 2.03e-04  depth_std 6.3101
2026-07-30 11:48:07,174 step 3750  loss 1.4211  skip 0.47  lr 2.00e-04  depth_std 7.4486
2026-07-30 11:48:41,960 step 3800  loss 0.9939  skip 0.47  lr 1.96e-04  depth_std 8.4457
2026-07-30 11:49:16,353 step 3850  loss 4.7132  skip 0.48  lr 1.93e-04  depth_std 20.7792
2026-07-30 11:49:50,615 step 3900  loss 0.7502  skip 0.49  lr 1.90e-04  depth_std 1.5398
2026-07-30 11:50:24,619 step 3950  loss 1.6264  skip 0.49  lr 1.87e-04  depth_std 18.3583
2026-07-30 11:50:58,441 step 4000  loss 1.4952  skip 0.50  lr 1.83e-04  depth_std 20.7645
2026-07-30 11:51:31,977 step 4050  loss 1.1815  skip 0.50  lr 1.80e-04  depth_std 2.5355
2026-07-30 11:52:05,635 step 4100  loss 0.6790  skip 0.50  lr 1.77e-04  depth_std 7.4779
2026-07-30 11:52:39,117 step 4150  loss 1.6302  skip 0.50  lr 1.73e-04  depth_std 5.8833
2026-07-30 11:53:12,688 step 4200  loss 2.6412  skip 0.50  lr 1.70e-04  depth_std 11.5942
2026-07-30 11:53:46,349 step 4250  loss 9.5430  skip 0.50  lr 1.67e-04  depth_std 13.5989
2026-07-30 11:54:20,179 step 4300  loss 1.1173  skip 0.50  lr 1.63e-04  depth_std 24.8785
2026-07-30 11:54:53,727 step 4350  loss 0.6674  skip 0.50  lr 1.60e-04  depth_std 1.5971
2026-07-30 11:55:27,321 step 4400  loss 0.8687  skip 0.50  lr 1.57e-04  depth_std 9.4956
2026-07-30 11:56:00,758 step 4450  loss 0.7386  skip 0.50  lr 1.53e-04  depth_std 0.7796
2026-07-30 11:56:34,253 step 4500  loss 1.3258  skip 0.50  lr 1.50e-04  depth_std 24.5201
2026-07-30 11:57:07,789 step 4550  loss 5.8919  skip 0.50  lr 1.47e-04  depth_std 20.1818
2026-07-30 11:57:41,402 step 4600  loss 1.7940  skip 0.50  lr 1.43e-04  depth_std 19.5545
2026-07-30 11:58:15,009 step 4650  loss 0.7594  skip 0.50  lr 1.40e-04  depth_std 3.8268
2026-07-30 11:58:48,414 step 4700  loss 0.5080  skip 0.50  lr 1.37e-04  depth_std 2.1287
2026-07-30 11:59:22,069 step 4750  loss 1.1724  skip 0.50  lr 1.33e-04  depth_std 7.9405
2026-07-30 11:59:55,549 step 4800  loss 1.7885  skip 0.50  lr 1.30e-04  depth_std 28.4025
2026-07-30 12:00:29,090 step 4850  loss 0.4636  skip 0.50  lr 1.27e-04  depth_std 1.0989
2026-07-30 12:01:02,737 step 4900  loss 4.6258  skip 0.50  lr 1.23e-04  depth_std 20.4072
2026-07-30 12:01:36,238 step 4950  loss 0.9447  skip 0.50  lr 1.20e-04  depth_std 8.7082
2026-07-30 12:02:09,781 step 5000  loss 1.1896  skip 0.50  lr 1.17e-04  depth_std 4.8761
2026-07-30 12:02:43,345 step 5050  loss 0.8523  skip 0.50  lr 1.13e-04  depth_std 9.3265
2026-07-30 12:03:16,998 step 5100  loss 1.2807  skip 0.50  lr 1.10e-04  depth_std 26.4442
2026-07-30 12:03:50,484 step 5150  loss 0.9157  skip 0.50  lr 1.07e-04  depth_std 3.0257
2026-07-30 12:04:23,905 step 5200  loss 1.0759  skip 0.50  lr 1.04e-04  depth_std 4.3914
2026-07-30 12:04:57,462 step 5250  loss 0.3947  skip 0.50  lr 1.00e-04  depth_std 1.9565
2026-07-30 12:05:31,084 step 5300  loss 2.7433  skip 0.50  lr 9.73e-05  depth_std 7.5416
2026-07-30 12:06:04,526 step 5350  loss 1.5769  skip 0.50  lr 9.42e-05  depth_std 28.7768
2026-07-30 12:06:38,001 step 5400  loss 0.7909  skip 0.50  lr 9.10e-05  depth_std 28.8452
2026-07-30 12:07:11,365 step 5450  loss 1.0462  skip 0.50  lr 8.80e-05  depth_std 15.7057
2026-07-30 12:07:44,885 step 5500  loss 3.1116  skip 0.50  lr 8.49e-05  depth_std 9.1400
2026-07-30 12:08:18,377 step 5550  loss 1.1710  skip 0.50  lr 8.19e-05  depth_std 11.7552
2026-07-30 12:08:51,923 step 5600  loss 0.3942  skip 0.50  lr 7.89e-05  depth_std 1.9110
2026-07-30 12:09:25,561 step 5650  loss 0.8557  skip 0.50  lr 7.60e-05  depth_std 4.5081
2026-07-30 12:09:59,273 step 5700  loss 1.1902  skip 0.50  lr 7.31e-05  depth_std 31.3075
2026-07-30 12:10:32,853 step 5750  loss 1.1463  skip 0.50  lr 7.02e-05  depth_std 29.7010
2026-07-30 12:11:06,488 step 5800  loss 0.6283  skip 0.50  lr 6.74e-05  depth_std 1.3901
2026-07-30 12:11:40,097 step 5850  loss 2.3524  skip 0.50  lr 6.46e-05  depth_std 11.9767
2026-07-30 12:12:13,671 step 5900  loss 1.2685  skip 0.50  lr 6.18e-05  depth_std 24.9116
2026-07-30 12:12:47,339 step 5950  loss 1.0140  skip 0.50  lr 5.91e-05  depth_std 4.6611
2026-07-30 12:13:20,962 step 6000  loss 3.3516  skip 0.50  lr 5.65e-05  depth_std 6.4690
2026-07-30 12:13:54,531 step 6050  loss 1.4244  skip 0.50  lr 5.39e-05  depth_std 31.8001
2026-07-30 12:14:28,225 step 6100  loss 0.6200  skip 0.50  lr 5.13e-05  depth_std 4.0296
2026-07-30 12:15:01,796 step 6150  loss 0.4708  skip 0.50  lr 4.88e-05  depth_std 1.2095
2026-07-30 12:15:35,214 step 6200  loss 0.6218  skip 0.50  lr 4.63e-05  depth_std 6.0297
2026-07-30 12:16:08,648 step 6250  loss 0.6245  skip 0.50  lr 4.39e-05  depth_std 3.7477
2026-07-30 12:16:42,356 step 6300  loss 1.4587  skip 0.50  lr 4.16e-05  depth_std 8.4009
2026-07-30 12:17:15,927 step 6350  loss 1.4741  skip 0.50  lr 3.93e-05  depth_std 32.0753
2026-07-30 12:17:49,550 step 6400  loss 1.5754  skip 0.50  lr 3.70e-05  depth_std 14.3272
2026-07-30 12:18:23,228 step 6450  loss 1.1887  skip 0.50  lr 3.49e-05  depth_std 30.0547
2026-07-30 12:18:56,850 step 6500  loss 2.3561  skip 0.50  lr 3.27e-05  depth_std 16.3311
2026-07-30 12:19:30,505 step 6550  loss 1.9896  skip 0.50  lr 3.07e-05  depth_std 12.7404
2026-07-30 12:20:04,050 step 6600  loss 0.8618  skip 0.50  lr 2.86e-05  depth_std 2.3171
2026-07-30 12:20:37,596 step 6650  loss 0.6748  skip 0.50  lr 2.67e-05  depth_std 3.6634
2026-07-30 12:21:11,170 step 6700  loss 2.7123  skip 0.50  lr 2.48e-05  depth_std 12.9237
2026-07-30 12:21:44,871 step 6750  loss 0.7826  skip 0.50  lr 2.30e-05  depth_std 13.5484
2026-07-30 12:22:18,713 step 6800  loss 0.8650  skip 0.50  lr 2.12e-05  depth_std 14.6424
2026-07-30 12:22:52,357 step 6850  loss 1.8019  skip 0.50  lr 1.95e-05  depth_std 39.1021
2026-07-30 12:23:25,863 step 6900  loss 4.7889  skip 0.50  lr 1.79e-05  depth_std 4.1451
2026-07-30 12:23:59,341 step 6950  loss 0.4690  skip 0.50  lr 1.63e-05  depth_std 1.0559
2026-07-30 12:24:32,953 step 7000  loss 0.4957  skip 0.50  lr 1.49e-05  depth_std 11.0215
2026-07-30 12:25:06,580 step 7050  loss 1.0531  skip 0.50  lr 1.34e-05  depth_std 18.3271
2026-07-30 12:25:40,165 step 7100  loss 0.9976  skip 0.50  lr 1.21e-05  depth_std 8.7471
2026-07-30 12:26:13,709 step 7150  loss 0.7101  skip 0.50  lr 1.08e-05  depth_std 3.3164
2026-07-30 12:26:47,321 step 7200  loss 0.3693  skip 0.50  lr 9.56e-06  depth_std 1.6713
2026-07-30 12:27:20,895 step 7250  loss 1.5180  skip 0.50  lr 8.42e-06  depth_std 29.0947
2026-07-30 12:27:54,466 step 7300  loss 2.2650  skip 0.50  lr 7.34e-06  depth_std 21.7989
2026-07-30 12:28:28,027 step 7350  loss 2.2876  skip 0.50  lr 6.34e-06  depth_std 25.2883
2026-07-30 12:29:01,600 step 7400  loss 0.9328  skip 0.50  lr 5.41e-06  depth_std 15.9083
2026-07-30 12:29:35,202 step 7450  loss 8.8060  skip 0.50  lr 4.55e-06  depth_std 17.6212
2026-07-30 12:30:08,777 step 7500  loss 0.6781  skip 0.50  lr 3.76e-06  depth_std 2.7929
2026-07-30 12:30:42,426 step 7550  loss 1.4890  skip 0.50  lr 3.05e-06  depth_std 5.1313
2026-07-30 12:31:16,249 step 7600  loss 0.3318  skip 0.50  lr 2.41e-06  depth_std 1.0951
2026-07-30 12:31:49,829 step 7650  loss 2.1183  skip 0.50  lr 1.85e-06  depth_std 34.3048
2026-07-30 12:32:23,467 step 7700  loss 0.3884  skip 0.50  lr 1.36e-06  depth_std 3.1955
2026-07-30 12:32:56,991 step 7750  loss 1.3183  skip 0.50  lr 9.43e-07  depth_std 13.9610
2026-07-30 12:33:30,622 step 7800  loss 1.0462  skip 0.50  lr 6.04e-07  depth_std 30.4848
2026-07-30 12:34:04,367 step 7850  loss 0.8108  skip 0.50  lr 3.40e-07  depth_std 10.4212
2026-07-30 12:34:37,909 step 7900  loss 1.6474  skip 0.50  lr 1.51e-07  depth_std 26.1279
2026-07-30 12:35:11,445 step 7950  loss 1.1601  skip 0.50  lr 3.78e-08  depth_std 5.7624
2026-07-30 12:35:44,632 saved -> work_dirs/t0-seed2-bin0.2/latest.pt
