2026-08-27 02:43:13,532 work dir: work_dirs/v13-near3.0-s0  seed 0  commit 1d4d01a6
2026-08-27 02:43:14,196 partial init from work_dirs/v10-longclip/latest.pt: 1 new tensors kept at init, 0 checkpoint tensors unused
2026-08-27 02:43:15,374 mixed dataset: 205650 clips from 5 sources (size 256)
2026-08-27 02:43:21,690 step    0  loss 4.9450  skip 0.00  lr 3.00e-07  depth_std 37.5223
2026-08-27 02:47:19,958 step   50  loss 1.8572  skip 0.01  lr 1.53e-05  depth_std 6.0399
2026-08-27 02:51:36,455 step  100  loss 2.6431  skip 0.01  lr 3.03e-05  depth_std 22.7753
2026-08-27 02:56:06,453 step  150  loss 2.8007  skip 0.02  lr 4.53e-05  depth_std 47.6325
2026-08-27 03:00:12,600 step  200  loss 7.0975  skip 0.03  lr 6.03e-05  depth_std 12.8238
2026-08-27 03:04:39,301 step  250  loss 9.7385  skip 0.03  lr 7.53e-05  depth_std 47.1535
2026-08-27 03:08:50,343 step  300  loss 2.1545  skip 0.04  lr 9.03e-05  depth_std 31.5319
2026-08-27 03:13:11,411 step  350  loss 0.5968  skip 0.04  lr 1.05e-04  depth_std 2.3177
2026-08-27 03:17:30,893 step  400  loss 1.6141  skip 0.05  lr 1.20e-04  depth_std 50.6561
2026-08-27 03:21:31,626 step  450  loss 4.2680  skip 0.06  lr 1.35e-04  depth_std 10.6284
2026-08-27 03:25:53,822 step  500  loss 2.9221  skip 0.06  lr 1.50e-04  depth_std 52.7478
2026-08-27 03:29:47,904 step  550  loss 2.0141  skip 0.07  lr 1.65e-04  depth_std 1.6952
2026-08-27 03:34:04,263 step  600  loss 2.7201  skip 0.07  lr 1.80e-04  depth_std 15.4070
2026-08-27 03:38:15,233 step  650  loss 2.3471  skip 0.08  lr 1.95e-04  depth_std 10.6779
2026-08-27 03:42:14,944 step  700  loss 0.7922  skip 0.09  lr 2.10e-04  depth_std 1.8255
2026-08-27 03:46:19,865 step  750  loss 3.2763  skip 0.09  lr 2.25e-04  depth_std 1.3448
2026-08-27 03:50:18,616 step  800  loss 1.0168  skip 0.10  lr 2.40e-04  depth_std 0.4578
2026-08-27 03:54:16,524 step  850  loss 3.2001  skip 0.11  lr 2.55e-04  depth_std 1.2121
2026-08-27 03:58:01,194 step  900  loss 1.2793  skip 0.11  lr 2.70e-04  depth_std 0.8134
2026-08-27 04:02:02,531 step  950  loss 4.5704  skip 0.12  lr 2.85e-04  depth_std 8.6583
2026-08-27 04:06:10,781 step 1000  loss 2.7410  skip 0.12  lr 3.00e-04  depth_std 15.2962
2026-08-27 04:09:54,495 step 1050  loss 3.4350  skip 0.13  lr 3.00e-04  depth_std 2.3505
2026-08-27 04:13:42,910 step 1100  loss 2.7417  skip 0.14  lr 3.00e-04  depth_std 35.3562
2026-08-27 04:17:32,542 step 1150  loss 4.8540  skip 0.14  lr 3.00e-04  depth_std 23.6487
2026-08-27 04:21:31,649 step 1200  loss 5.0314  skip 0.15  lr 2.99e-04  depth_std 7.9098
2026-08-27 04:25:11,438 step 1250  loss 3.1529  skip 0.16  lr 2.99e-04  depth_std 50.8178
2026-08-27 04:29:04,300 step 1300  loss 2.1768  skip 0.16  lr 2.99e-04  depth_std 3.8235
2026-08-27 04:32:43,761 step 1350  loss 1.5290  skip 0.17  lr 2.98e-04  depth_std 0.5321
2026-08-27 04:36:28,125 step 1400  loss 2.7469  skip 0.17  lr 2.98e-04  depth_std 8.0804
2026-08-27 04:40:20,066 step 1450  loss 3.0507  skip 0.18  lr 2.97e-04  depth_std 7.8560
2026-08-27 04:43:51,277 step 1500  loss 2.5663  skip 0.19  lr 2.96e-04  depth_std 46.1055
2026-08-27 04:47:22,108 step 1550  loss 3.2554  skip 0.19  lr 2.95e-04  depth_std 5.6414
2026-08-27 04:50:50,221 step 1600  loss 3.6866  skip 0.20  lr 2.95e-04  depth_std 3.2669
2026-08-27 04:54:27,875 step 1650  loss 1.9195  skip 0.21  lr 2.94e-04  depth_std 3.7315
2026-08-27 04:57:56,017 step 1700  loss 5.1653  skip 0.21  lr 2.93e-04  depth_std 0.6642
2026-08-27 05:01:24,718 step 1750  loss 6.9134  skip 0.22  lr 2.92e-04  depth_std 8.0520
2026-08-27 05:04:57,114 step 1800  loss 3.2619  skip 0.23  lr 2.90e-04  depth_std 1.5990
2026-08-27 05:08:19,005 step 1850  loss 1.3279  skip 0.23  lr 2.89e-04  depth_std 1.5012
2026-08-27 05:11:54,256 step 1900  loss 2.6681  skip 0.24  lr 2.88e-04  depth_std 4.2316
2026-08-27 05:15:17,569 step 1950  loss 1.0234  skip 0.24  lr 2.87e-04  depth_std 3.1399
2026-08-27 05:18:37,831 step 2000  loss 7.3172  skip 0.25  lr 2.85e-04  depth_std 19.3176
2026-08-27 05:22:07,892 step 2050  loss 4.5465  skip 0.26  lr 2.84e-04  depth_std 34.8012
2026-08-27 05:25:25,965 step 2100  loss 2.9504  skip 0.26  lr 2.82e-04  depth_std 2.0549
2026-08-27 05:28:40,066 step 2150  loss 3.0229  skip 0.27  lr 2.80e-04  depth_std 4.5593
2026-08-27 05:32:05,605 step 2200  loss 0.7069  skip 0.28  lr 2.79e-04  depth_std 2.1068
2026-08-27 05:35:18,211 step 2250  loss 0.9952  skip 0.28  lr 2.77e-04  depth_std 1.1399
2026-08-27 05:38:42,547 step 2300  loss 0.7292  skip 0.29  lr 2.75e-04  depth_std 1.9449
2026-08-27 05:41:49,327 step 2350  loss 3.0881  skip 0.29  lr 2.73e-04  depth_std 0.5990
2026-08-27 05:45:04,171 step 2400  loss 3.2755  skip 0.30  lr 2.71e-04  depth_std 3.9422
2026-08-27 05:48:25,841 step 2450  loss 4.6874  skip 0.31  lr 2.69e-04  depth_std 4.9610
2026-08-27 05:51:31,918 step 2500  loss 2.7857  skip 0.31  lr 2.67e-04  depth_std 3.4608
2026-08-27 05:54:32,523 step 2550  loss 7.7156  skip 0.32  lr 2.65e-04  depth_std 7.1322
2026-08-27 05:57:55,279 step 2600  loss 6.4895  skip 0.33  lr 2.63e-04  depth_std 0.0202
2026-08-27 06:00:55,087 step 2650  loss 2.8149  skip 0.33  lr 2.61e-04  depth_std 25.8169
2026-08-27 06:04:09,728 step 2700  loss 0.8169  skip 0.34  lr 2.58e-04  depth_std 1.5766
2026-08-27 06:07:08,981 step 2750  loss 3.7215  skip 0.34  lr 2.56e-04  depth_std 1.7098
2026-08-27 06:10:18,117 step 2800  loss 2.1261  skip 0.35  lr 2.54e-04  depth_std 37.1536
2026-08-27 06:13:28,954 step 2850  loss 1.9903  skip 0.36  lr 2.51e-04  depth_std 0.8354
2026-08-27 06:16:24,696 step 2900  loss 1.6857  skip 0.36  lr 2.49e-04  depth_std 9.7158
2026-08-27 06:19:23,587 step 2950  loss 2.4798  skip 0.37  lr 2.46e-04  depth_std 23.3683
2026-08-27 06:22:25,265 step 3000  loss 0.6897  skip 0.38  lr 2.44e-04  depth_std 2.1111
2026-08-27 06:25:12,278 step 3050  loss 0.7935  skip 0.38  lr 2.41e-04  depth_std 0.6669
2026-08-27 06:28:14,007 step 3100  loss 3.3647  skip 0.39  lr 2.38e-04  depth_std 1.6490
2026-08-27 06:31:10,091 step 3150  loss 4.1876  skip 0.39  lr 2.35e-04  depth_std 5.7302
2026-08-27 06:33:53,648 step 3200  loss 2.7025  skip 0.40  lr 2.33e-04  depth_std 37.4596
2026-08-27 06:36:43,914 step 3250  loss 6.0012  skip 0.41  lr 2.30e-04  depth_std 0.8355
2026-08-27 06:39:47,748 step 3300  loss 7.4997  skip 0.41  lr 2.27e-04  depth_std 13.9005
2026-08-27 06:42:31,919 step 3350  loss 5.0859  skip 0.42  lr 2.24e-04  depth_std 0.5730
2026-08-27 06:45:09,473 step 3400  loss 1.7805  skip 0.42  lr 2.21e-04  depth_std 2.1506
2026-08-27 06:47:45,870 step 3450  loss 9.1306  skip 0.43  lr 2.18e-04  depth_std 30.5127
2026-08-27 06:50:51,051 step 3500  loss 3.7312  skip 0.44  lr 2.15e-04  depth_std 2.0057
2026-08-27 06:53:28,237 step 3550  loss 1.3454  skip 0.44  lr 2.12e-04  depth_std 2.0246
2026-08-27 06:56:00,639 step 3600  loss 4.3316  skip 0.45  lr 2.09e-04  depth_std 14.2120
2026-08-27 06:58:42,529 step 3650  loss 1.5344  skip 0.46  lr 2.06e-04  depth_std 0.7257
2026-08-27 07:01:27,562 step 3700  loss 3.9697  skip 0.46  lr 2.03e-04  depth_std 14.6103
2026-08-27 07:03:58,388 step 3750  loss 1.0665  skip 0.47  lr 2.00e-04  depth_std 0.6060
2026-08-27 07:06:35,369 step 3800  loss 3.6936  skip 0.47  lr 1.96e-04  depth_std 23.6901
2026-08-27 07:09:13,414 step 3850  loss 3.5993  skip 0.48  lr 1.93e-04  depth_std 16.3426
2026-08-27 07:11:37,650 step 3900  loss 1.8117  skip 0.49  lr 1.90e-04  depth_std 49.6420
2026-08-27 07:14:15,996 step 3950  loss 3.0100  skip 0.49  lr 1.87e-04  depth_std 7.0735
2026-08-27 07:16:38,614 step 4000  loss 1.1274  skip 0.50  lr 1.83e-04  depth_std 15.5787
2026-08-27 07:18:59,540 step 4050  loss 2.1626  skip 0.50  lr 1.80e-04  depth_std 20.5786
2026-08-27 07:21:38,093 step 4100  loss 4.7200  skip 0.50  lr 1.77e-04  depth_std 2.8415
2026-08-27 07:24:16,920 step 4150  loss 2.4524  skip 0.50  lr 1.73e-04  depth_std 2.6784
2026-08-27 07:26:41,088 step 4200  loss 3.1324  skip 0.50  lr 1.70e-04  depth_std 45.2914
2026-08-27 07:29:02,073 step 4250  loss 1.4576  skip 0.50  lr 1.67e-04  depth_std 14.9308
2026-08-27 07:31:22,414 step 4300  loss 4.2641  skip 0.50  lr 1.63e-04  depth_std 8.3132
2026-08-27 07:34:05,763 step 4350  loss 2.2663  skip 0.50  lr 1.60e-04  depth_std 0.9354
2026-08-27 07:36:33,498 step 4400  loss 3.8974  skip 0.50  lr 1.57e-04  depth_std 26.0919
2026-08-27 07:38:54,122 step 4450  loss 3.3708  skip 0.50  lr 1.53e-04  depth_std 20.7034
2026-08-27 07:41:17,150 step 4500  loss 1.8457  skip 0.50  lr 1.50e-04  depth_std 2.7327
2026-08-27 07:44:02,500 step 4550  loss 1.2078  skip 0.50  lr 1.47e-04  depth_std 1.6299
2026-08-27 07:46:26,729 step 4600  loss 3.4976  skip 0.50  lr 1.43e-04  depth_std 47.2727
2026-08-27 07:48:47,750 step 4650  loss 2.7888  skip 0.50  lr 1.40e-04  depth_std 3.7874
2026-08-27 07:51:27,761 step 4700  loss 7.7336  skip 0.50  lr 1.37e-04  depth_std 20.1845
2026-08-27 07:53:51,042 step 4750  loss 6.3402  skip 0.50  lr 1.33e-04  depth_std 34.2039
2026-08-27 07:56:16,349 step 4800  loss 0.8801  skip 0.50  lr 1.30e-04  depth_std 1.4357
2026-08-27 07:58:54,100 step 4850  loss 2.3275  skip 0.50  lr 1.27e-04  depth_std 43.4751
2026-08-27 08:01:16,064 step 4900  loss 3.2543  skip 0.50  lr 1.23e-04  depth_std 0.4619
2026-08-27 08:03:37,098 step 4950  loss 4.1088  skip 0.50  lr 1.20e-04  depth_std 2.3577
2026-08-27 08:06:20,364 step 5000  loss 7.2520  skip 0.50  lr 1.17e-04  depth_std 42.7204
2026-08-27 08:09:02,941 step 5050  loss 2.0028  skip 0.50  lr 1.13e-04  depth_std 2.2143
2026-08-27 08:11:28,837 step 5100  loss 0.7267  skip 0.50  lr 1.10e-04  depth_std 1.7638
2026-08-27 08:13:51,205 step 5150  loss 6.5648  skip 0.50  lr 1.07e-04  depth_std 6.3519
2026-08-27 08:16:24,660 step 5200  loss 2.6761  skip 0.50  lr 1.04e-04  depth_std 1.0843
2026-08-27 08:19:00,070 step 5250  loss 7.6911  skip 0.50  lr 1.00e-04  depth_std 18.5280
2026-08-27 08:21:22,658 step 5300  loss 2.4839  skip 0.50  lr 9.73e-05  depth_std 3.8297
2026-08-27 08:23:43,741 step 5350  loss 4.2078  skip 0.50  lr 9.42e-05  depth_std 35.4550
2026-08-27 08:26:27,009 step 5400  loss 2.0451  skip 0.50  lr 9.10e-05  depth_std 1.1692
2026-08-27 08:28:49,859 step 5450  loss 1.2576  skip 0.50  lr 8.80e-05  depth_std 1.3359
2026-08-27 08:31:10,945 step 5500  loss 3.7807  skip 0.50  lr 8.49e-05  depth_std 40.9682
2026-08-27 08:33:53,774 step 5550  loss 2.2679  skip 0.50  lr 8.19e-05  depth_std 11.2725
2026-08-27 08:36:18,837 step 5600  loss 4.2229  skip 0.50  lr 7.89e-05  depth_std 3.0739
2026-08-27 08:38:40,166 step 5650  loss 2.8430  skip 0.50  lr 7.60e-05  depth_std 29.3140
2026-08-27 08:41:17,510 step 5700  loss 0.6102  skip 0.50  lr 7.31e-05  depth_std 2.4416
2026-08-27 08:44:00,601 step 5750  loss 4.8166  skip 0.50  lr 7.02e-05  depth_std 44.6308
2026-08-27 08:46:26,574 step 5800  loss 3.1155  skip 0.50  lr 6.74e-05  depth_std 6.4032
2026-08-27 08:48:48,214 step 5850  loss 2.2047  skip 0.50  lr 6.46e-05  depth_std 9.9032
2026-08-27 08:51:26,710 step 5900  loss 6.5472  skip 0.50  lr 6.18e-05  depth_std 10.6399
2026-08-27 08:53:51,240 step 5950  loss 1.2105  skip 0.50  lr 5.91e-05  depth_std 1.7691
2026-08-27 08:56:12,326 step 6000  loss 1.8629  skip 0.50  lr 5.65e-05  depth_std 6.0699
2026-08-27 08:58:48,108 step 6050  loss 2.4025  skip 0.50  lr 5.39e-05  depth_std 1.0902
2026-08-27 09:01:30,474 step 6100  loss 1.6228  skip 0.50  lr 5.13e-05  depth_std 4.7479
2026-08-27 09:03:54,632 step 6150  loss 1.5133  skip 0.50  lr 4.88e-05  depth_std 0.6856
2026-08-27 09:06:15,448 step 6200  loss 1.6630  skip 0.50  lr 4.63e-05  depth_std 1.7632
2026-08-27 09:08:41,612 step 6250  loss 4.0282  skip 0.50  lr 4.39e-05  depth_std 36.0973
2026-08-27 09:11:19,020 step 6300  loss 0.7805  skip 0.50  lr 4.16e-05  depth_std 2.0033
2026-08-27 09:13:43,622 step 6350  loss 0.9817  skip 0.50  lr 3.93e-05  depth_std 0.9582
2026-08-27 09:16:04,947 step 6400  loss 2.5313  skip 0.50  lr 3.70e-05  depth_std 21.8912
2026-08-27 09:18:41,082 step 6450  loss 2.4258  skip 0.50  lr 3.49e-05  depth_std 2.2360
2026-08-27 09:21:17,284 step 6500  loss 0.7891  skip 0.50  lr 3.27e-05  depth_std 1.4217
2026-08-27 09:23:39,933 step 6550  loss 3.9096  skip 0.50  lr 3.07e-05  depth_std 44.5038
2026-08-27 09:25:59,812 step 6600  loss 3.1639  skip 0.50  lr 2.86e-05  depth_std 40.6063
2026-08-27 09:28:46,328 step 6650  loss 2.1153  skip 0.50  lr 2.67e-05  depth_std 1.8509
2026-08-27 09:31:11,761 step 6700  loss 1.0702  skip 0.50  lr 2.48e-05  depth_std 1.6098
2026-08-27 09:33:32,409 step 6750  loss 1.8714  skip 0.50  lr 2.30e-05  depth_std 10.2031
2026-08-27 09:36:07,043 step 6800  loss 0.8112  skip 0.50  lr 2.12e-05  depth_std 0.3430
2026-08-27 09:38:44,452 step 6850  loss 1.2716  skip 0.50  lr 1.95e-05  depth_std 1.6242
2026-08-27 09:41:09,094 step 6900  loss 2.9689  skip 0.50  lr 1.79e-05  depth_std 3.0247
2026-08-27 09:43:30,499 step 6950  loss 2.1840  skip 0.50  lr 1.63e-05  depth_std 5.4244
2026-08-27 09:45:58,541 step 7000  loss 2.3177  skip 0.50  lr 1.49e-05  depth_std 26.8977
2026-08-27 09:48:38,778 step 7050  loss 0.8866  skip 0.50  lr 1.34e-05  depth_std 1.6657
2026-08-27 09:51:10,402 step 7100  loss 1.2516  skip 0.50  lr 1.21e-05  depth_std 1.7209
2026-08-27 09:53:33,349 step 7150  loss 1.9193  skip 0.50  lr 1.08e-05  depth_std 37.4116
2026-08-27 09:56:07,377 step 7200  loss 1.2575  skip 0.50  lr 9.56e-06  depth_std 14.4040
2026-08-27 09:58:31,026 step 7250  loss 0.9521  skip 0.50  lr 8.42e-06  depth_std 2.0353
2026-08-27 10:01:09,002 step 7300  loss 1.6613  skip 0.50  lr 7.34e-06  depth_std 1.2490
2026-08-27 10:03:31,739 step 7350  loss 3.6503  skip 0.50  lr 6.34e-06  depth_std 5.1077
2026-08-27 10:06:12,832 step 7400  loss 1.6823  skip 0.50  lr 5.41e-06  depth_std 15.8633
2026-08-27 10:08:38,708 step 7450  loss 7.7189  skip 0.50  lr 4.55e-06  depth_std 31.6227
2026-08-27 10:11:00,228 step 7500  loss 9.3259  skip 0.50  lr 3.76e-06  depth_std 45.9376
2026-08-27 10:13:34,931 step 7550  loss 2.8878  skip 0.50  lr 3.05e-06  depth_std 38.4251
2026-08-27 10:16:12,706 step 7600  loss 3.2523  skip 0.50  lr 2.41e-06  depth_std 6.1641
2026-08-27 10:18:34,888 step 7650  loss 4.7167  skip 0.50  lr 1.85e-06  depth_std 13.5600
2026-08-27 10:21:01,092 step 7700  loss 2.1575  skip 0.50  lr 1.36e-06  depth_std 37.7992
2026-08-27 10:23:38,626 step 7750  loss 2.9754  skip 0.50  lr 9.43e-07  depth_std 16.5394
2026-08-27 10:26:00,714 step 7800  loss 2.3206  skip 0.50  lr 6.04e-07  depth_std 27.1884
2026-08-27 10:28:21,045 step 7850  loss 0.5842  skip 0.50  lr 3.40e-07  depth_std 2.3350
2026-08-27 10:30:57,374 step 7900  loss 1.7401  skip 0.50  lr 1.51e-07  depth_std 1.8034
2026-08-27 10:33:20,950 step 7950  loss 4.7903  skip 0.50  lr 3.78e-08  depth_std 36.6515
2026-08-27 10:35:39,795 saved -> work_dirs/v13-near3.0-s0/latest.pt
