2026-08-29 22:19:39,223 work dir: work_dirs/s2-trim-s0  seed 0  commit 1d4d01a6
2026-08-29 22:19:39,656 partial init from work_dirs/v11-longclip-spread-s0/latest.pt: 7 new tensors kept at init, 0 checkpoint tensors unused
2026-08-29 22:19:40,498 mixed dataset: 208720 clips from 5 sources (size 256)
2026-08-29 22:19:42,602 step    0  loss 3.2325  skip 0.00  lr 2.00e-07  depth_std 28.4354
2026-08-29 22:20:33,757 step   50  loss 2.3517  skip 0.01  lr 1.02e-05  depth_std 11.2199
2026-08-29 22:21:27,387 step  100  loss 2.7936  skip 0.03  lr 2.02e-05  depth_std 42.0672
2026-08-29 22:22:21,023 step  150  loss 6.7474  skip 0.04  lr 3.02e-05  depth_std 1.7390
2026-08-29 22:23:14,550 step  200  loss 7.8582  skip 0.05  lr 4.02e-05  depth_std 11.1007
2026-08-29 22:24:07,439 step  250  loss 5.4277  skip 0.06  lr 5.02e-05  depth_std 5.9623
2026-08-29 22:24:59,514 step  300  loss 2.1596  skip 0.07  lr 6.02e-05  depth_std 13.9232
2026-08-29 22:25:51,115 step  350  loss 3.4514  skip 0.09  lr 7.02e-05  depth_std 11.0643
2026-08-29 22:26:42,373 step  400  loss 5.2390  skip 0.10  lr 8.02e-05  depth_std 15.8657
2026-08-29 22:27:33,201 step  450  loss 2.9027  skip 0.11  lr 9.02e-05  depth_std 8.7009
2026-08-29 22:28:23,738 step  500  loss 3.5950  skip 0.12  lr 1.00e-04  depth_std 25.9032
2026-08-29 22:29:13,465 step  550  loss 3.6283  skip 0.14  lr 9.99e-05  depth_std 28.5677
2026-08-29 22:30:02,717 step  600  loss 2.5261  skip 0.15  lr 9.98e-05  depth_std 27.3994
2026-08-29 22:30:51,441 step  650  loss 4.1102  skip 0.16  lr 9.95e-05  depth_std 10.7446
2026-08-29 22:31:39,905 step  700  loss 3.7865  skip 0.17  lr 9.92e-05  depth_std 31.9303
2026-08-29 22:32:27,758 step  750  loss 2.6415  skip 0.19  lr 9.87e-05  depth_std 21.9651
2026-08-29 22:33:15,184 step  800  loss 2.0485  skip 0.20  lr 9.82e-05  depth_std 1.0102
2026-08-29 22:34:02,036 step  850  loss 1.7924  skip 0.21  lr 9.76e-05  depth_std 1.9520
2026-08-29 22:34:48,567 step  900  loss 0.4408  skip 0.23  lr 9.68e-05  depth_std 1.4973
2026-08-29 22:35:34,424 step  950  loss 4.8523  skip 0.24  lr 9.60e-05  depth_std 15.1314
2026-08-29 22:36:19,783 step 1000  loss 10.4194  skip 0.25  lr 9.50e-05  depth_std 30.5636
2026-08-29 22:37:04,690 step 1050  loss 3.9255  skip 0.26  lr 9.40e-05  depth_std 31.6410
2026-08-29 22:37:49,044 step 1100  loss 3.5466  skip 0.28  lr 9.29e-05  depth_std 23.6153
2026-08-29 22:38:33,021 step 1150  loss 3.1959  skip 0.29  lr 9.17e-05  depth_std 25.2204
2026-08-29 22:39:16,452 step 1200  loss 2.3803  skip 0.30  lr 9.05e-05  depth_std 10.1664
2026-08-29 22:39:59,334 step 1250  loss 4.5279  skip 0.31  lr 8.91e-05  depth_std 5.7789
2026-08-29 22:40:41,831 step 1300  loss 3.8742  skip 0.33  lr 8.77e-05  depth_std 14.8373
2026-08-29 22:41:23,793 step 1350  loss 2.3754  skip 0.34  lr 8.61e-05  depth_std 1.9504
2026-08-29 22:42:05,142 step 1400  loss 2.4385  skip 0.35  lr 8.46e-05  depth_std 16.1250
2026-08-29 22:42:46,187 step 1450  loss 3.4004  skip 0.36  lr 8.29e-05  depth_std 15.2857
2026-08-29 22:43:26,550 step 1500  loss 3.5474  skip 0.38  lr 8.12e-05  depth_std 2.1030
2026-08-29 22:44:06,599 step 1550  loss 3.6117  skip 0.39  lr 7.94e-05  depth_std 16.3070
2026-08-29 22:44:46,011 step 1600  loss 9.2621  skip 0.40  lr 7.75e-05  depth_std 14.2923
2026-08-29 22:45:24,963 step 1650  loss 1.7382  skip 0.41  lr 7.56e-05  depth_std 11.8481
2026-08-29 22:46:03,580 step 1700  loss 4.1483  skip 0.42  lr 7.37e-05  depth_std 8.2118
2026-08-29 22:46:41,653 step 1750  loss 5.0026  skip 0.44  lr 7.17e-05  depth_std 12.8509
2026-08-29 22:47:19,123 step 1800  loss 3.6918  skip 0.45  lr 6.97e-05  depth_std 27.0313
2026-08-29 22:47:56,091 step 1850  loss 3.8291  skip 0.46  lr 6.76e-05  depth_std 30.2275
2026-08-29 22:48:32,447 step 1900  loss 2.2793  skip 0.47  lr 6.55e-05  depth_std 1.8255
2026-08-29 22:49:08,483 step 1950  loss 2.7119  skip 0.49  lr 6.33e-05  depth_std 5.2542
2026-08-29 22:49:44,026 step 2000  loss 5.8769  skip 0.50  lr 6.11e-05  depth_std 17.5377
2026-08-29 22:50:19,169 step 2050  loss 2.1146  skip 0.50  lr 5.89e-05  depth_std 20.2783
2026-08-29 22:50:54,387 step 2100  loss 3.7489  skip 0.50  lr 5.67e-05  depth_std 19.2324
2026-08-29 22:51:29,679 step 2150  loss 1.6712  skip 0.50  lr 5.45e-05  depth_std 12.4606
2026-08-29 22:52:04,824 step 2200  loss 3.4801  skip 0.50  lr 5.22e-05  depth_std 39.1170
2026-08-29 22:52:40,080 step 2250  loss 1.9096  skip 0.50  lr 5.00e-05  depth_std 2.2607
2026-08-29 22:53:15,166 step 2300  loss 5.9177  skip 0.50  lr 4.78e-05  depth_std 33.3916
2026-08-29 22:53:50,418 step 2350  loss 3.8732  skip 0.50  lr 4.55e-05  depth_std 26.8609
2026-08-29 22:54:25,714 step 2400  loss 8.2200  skip 0.50  lr 4.33e-05  depth_std 30.1182
2026-08-29 22:55:00,841 step 2450  loss 5.8238  skip 0.50  lr 4.11e-05  depth_std 18.4066
2026-08-29 22:55:36,020 step 2500  loss 2.7858  skip 0.50  lr 3.89e-05  depth_std 10.9354
2026-08-29 22:56:11,102 step 2550  loss 1.8954  skip 0.50  lr 3.67e-05  depth_std 35.6553
2026-08-29 22:56:46,327 step 2600  loss 8.5964  skip 0.50  lr 3.45e-05  depth_std 2.3012
2026-08-29 22:57:21,464 step 2650  loss 2.2703  skip 0.50  lr 3.24e-05  depth_std 5.2638
2026-08-29 22:57:56,879 step 2700  loss 1.2959  skip 0.50  lr 3.03e-05  depth_std 3.6753
2026-08-29 22:58:32,087 step 2750  loss 2.0849  skip 0.50  lr 2.83e-05  depth_std 9.0521
2026-08-29 22:59:07,215 step 2800  loss 2.1405  skip 0.50  lr 2.63e-05  depth_std 14.1750
2026-08-29 22:59:42,397 step 2850  loss 3.7217  skip 0.50  lr 2.44e-05  depth_std 6.3213
2026-08-29 23:00:17,551 step 2900  loss 3.5935  skip 0.50  lr 2.25e-05  depth_std 11.7742
2026-08-29 23:00:52,713 step 2950  loss 5.8231  skip 0.50  lr 2.06e-05  depth_std 35.6932
2026-08-29 23:01:28,022 step 3000  loss 3.4338  skip 0.50  lr 1.88e-05  depth_std 0.9423
2026-08-29 23:02:03,310 step 3050  loss 3.1873  skip 0.50  lr 1.71e-05  depth_std 9.2452
2026-08-29 23:02:38,515 step 3100  loss 7.0124  skip 0.50  lr 1.54e-05  depth_std 34.2255
2026-08-29 23:03:13,553 step 3150  loss 2.9782  skip 0.50  lr 1.39e-05  depth_std 3.4413
2026-08-29 23:03:48,775 step 3200  loss 2.0441  skip 0.50  lr 1.23e-05  depth_std 3.9109
2026-08-29 23:04:24,013 step 3250  loss 2.8147  skip 0.50  lr 1.09e-05  depth_std 7.2612
2026-08-29 23:04:59,154 step 3300  loss 2.9416  skip 0.50  lr 9.55e-06  depth_std 27.5905
2026-08-29 23:05:34,285 step 3350  loss 2.5880  skip 0.50  lr 8.27e-06  depth_std 29.3087
2026-08-29 23:06:09,413 step 3400  loss 2.0176  skip 0.50  lr 7.08e-06  depth_std 15.6141
2026-08-29 23:06:44,653 step 3450  loss 1.2737  skip 0.50  lr 5.97e-06  depth_std 4.5931
2026-08-29 23:07:19,864 step 3500  loss 3.3209  skip 0.50  lr 4.95e-06  depth_std 1.4510
2026-08-29 23:07:54,948 step 3550  loss 6.0043  skip 0.50  lr 4.02e-06  depth_std 23.8023
2026-08-29 23:08:30,102 step 3600  loss 3.3726  skip 0.50  lr 3.19e-06  depth_std 33.1249
2026-08-29 23:09:05,350 step 3650  loss 3.8196  skip 0.50  lr 2.45e-06  depth_std 1.7542
2026-08-29 23:09:40,535 step 3700  loss 3.4773  skip 0.50  lr 1.80e-06  depth_std 25.0396
2026-08-29 23:10:15,757 step 3750  loss 3.6485  skip 0.50  lr 1.25e-06  depth_std 39.1143
2026-08-29 23:10:51,019 step 3800  loss 2.4476  skip 0.50  lr 8.04e-07  depth_std 2.4638
2026-08-29 23:11:26,208 step 3850  loss 5.5469  skip 0.50  lr 4.53e-07  depth_std 32.6746
2026-08-29 23:12:01,332 step 3900  loss 3.7748  skip 0.50  lr 2.01e-07  depth_std 16.2562
2026-08-29 23:12:36,531 step 3950  loss 3.7841  skip 0.50  lr 5.03e-08  depth_std 36.7054
2026-08-29 23:13:11,195 saved -> work_dirs/s2-trim-s0/latest.pt
