2026-08-21 12:04:26,084 work dir: work_dirs/v11-longclip-spread-s2  seed 2  commit 69cd2e80
2026-08-21 12:04:26,512 partial init from work_dirs/v10-longclip/latest.pt: 1 new tensors kept at init, 0 checkpoint tensors unused
2026-08-21 12:04:27,384 mixed dataset: 205650 clips from 5 sources (size 256)
2026-08-21 12:04:33,483 step    0  loss 6.2233  skip 0.00  lr 3.00e-07  depth_std 9.8543
2026-08-21 12:07:14,801 step   50  loss 1.0084  skip 0.01  lr 1.53e-05  depth_std 8.0823
2026-08-21 12:10:24,035 step  100  loss 2.3814  skip 0.01  lr 3.03e-05  depth_std 1.4130
2026-08-21 12:13:36,030 step  150  loss 1.3679  skip 0.02  lr 4.53e-05  depth_std 3.8008
2026-08-21 12:16:48,057 step  200  loss 3.8646  skip 0.03  lr 6.03e-05  depth_std 45.1862
2026-08-21 12:20:00,095 step  250  loss 2.7331  skip 0.03  lr 7.53e-05  depth_std 7.9676
2026-08-21 12:23:13,745 step  300  loss 1.6035  skip 0.04  lr 9.03e-05  depth_std 5.7131
2026-08-21 12:26:25,735 step  350  loss 2.8435  skip 0.04  lr 1.05e-04  depth_std 1.9469
2026-08-21 12:29:36,484 step  400  loss 2.8128  skip 0.05  lr 1.20e-04  depth_std 11.1207
2026-08-21 12:32:45,858 step  450  loss 1.8909  skip 0.06  lr 1.35e-04  depth_std 1.4862
2026-08-21 12:35:53,574 step  500  loss 0.5485  skip 0.06  lr 1.50e-04  depth_std 1.9515
2026-08-21 12:38:59,606 step  550  loss 2.7272  skip 0.07  lr 1.65e-04  depth_std 39.9283
2026-08-21 12:42:04,791 step  600  loss 1.5101  skip 0.07  lr 1.80e-04  depth_std 1.4189
2026-08-21 12:45:09,463 step  650  loss 2.8439  skip 0.08  lr 1.95e-04  depth_std 48.6810
2026-08-21 12:48:12,857 step  700  loss 1.0532  skip 0.09  lr 2.10e-04  depth_std 2.1227
2026-08-21 12:51:15,391 step  750  loss 0.7914  skip 0.09  lr 2.25e-04  depth_std 2.1078
2026-08-21 12:54:17,263 step  800  loss 0.5900  skip 0.10  lr 2.40e-04  depth_std 0.5823
2026-08-21 12:57:18,483 step  850  loss 2.5742  skip 0.11  lr 2.55e-04  depth_std 2.0160
2026-08-21 13:00:18,768 step  900  loss 0.8626  skip 0.11  lr 2.70e-04  depth_std 1.9606
2026-08-21 13:03:17,990 step  950  loss 0.5685  skip 0.12  lr 2.85e-04  depth_std 2.1356
2026-08-21 13:06:16,025 step 1000  loss 3.5637  skip 0.12  lr 3.00e-04  depth_std 18.5002
2026-08-21 13:09:12,642 step 1050  loss 1.2992  skip 0.13  lr 3.00e-04  depth_std 5.7228
2026-08-21 13:12:08,089 step 1100  loss 0.6514  skip 0.14  lr 3.00e-04  depth_std 0.5219
2026-08-21 13:15:02,611 step 1150  loss 2.9145  skip 0.14  lr 3.00e-04  depth_std 6.9408
2026-08-21 13:17:56,155 step 1200  loss 0.5703  skip 0.15  lr 2.99e-04  depth_std 2.0987
2026-08-21 13:20:48,786 step 1250  loss 1.7913  skip 0.16  lr 2.99e-04  depth_std 1.1489
2026-08-21 13:23:40,564 step 1300  loss 5.0513  skip 0.16  lr 2.99e-04  depth_std 23.4288
2026-08-21 13:26:31,771 step 1350  loss 0.6496  skip 0.17  lr 2.98e-04  depth_std 1.1906
2026-08-21 13:29:21,704 step 1400  loss 1.9401  skip 0.17  lr 2.98e-04  depth_std 1.1455
2026-08-21 13:32:10,757 step 1450  loss 1.1906  skip 0.18  lr 2.97e-04  depth_std 16.0798
2026-08-21 13:34:58,684 step 1500  loss 1.8136  skip 0.19  lr 2.96e-04  depth_std 2.0678
2026-08-21 13:37:45,510 step 1550  loss 1.6705  skip 0.19  lr 2.95e-04  depth_std 1.8877
2026-08-21 13:40:31,287 step 1600  loss 3.0944  skip 0.20  lr 2.95e-04  depth_std 18.8151
2026-08-21 13:43:16,329 step 1650  loss 1.8923  skip 0.21  lr 2.94e-04  depth_std 2.3277
2026-08-21 13:46:03,914 step 1700  loss 1.6243  skip 0.21  lr 2.93e-04  depth_std 0.8598
2026-08-21 13:48:47,175 step 1750  loss 0.9626  skip 0.22  lr 2.92e-04  depth_std 0.2799
2026-08-21 13:51:29,687 step 1800  loss 0.7448  skip 0.23  lr 2.90e-04  depth_std 1.5454
2026-08-21 13:54:10,959 step 1850  loss 2.4004  skip 0.23  lr 2.89e-04  depth_std 0.6195
2026-08-21 13:56:51,267 step 1900  loss 0.7484  skip 0.24  lr 2.88e-04  depth_std 0.4098
2026-08-21 13:59:30,319 step 1950  loss 3.8932  skip 0.24  lr 2.87e-04  depth_std 7.3967
2026-08-21 14:02:08,527 step 2000  loss 1.8070  skip 0.25  lr 2.85e-04  depth_std 15.0226
2026-08-21 14:04:47,213 step 2050  loss 0.6082  skip 0.26  lr 2.84e-04  depth_std 7.6845
2026-08-21 14:07:24,899 step 2100  loss 2.6092  skip 0.26  lr 2.82e-04  depth_std 31.3380
2026-08-21 14:10:00,083 step 2150  loss 0.6945  skip 0.27  lr 2.80e-04  depth_std 1.6841
2026-08-21 14:12:34,365 step 2200  loss 2.6915  skip 0.28  lr 2.79e-04  depth_std 5.8641
2026-08-21 14:15:07,661 step 2250  loss 0.6959  skip 0.28  lr 2.77e-04  depth_std 1.7110
2026-08-21 14:17:39,689 step 2300  loss 2.0687  skip 0.29  lr 2.75e-04  depth_std 26.2558
2026-08-21 14:20:10,796 step 2350  loss 2.5289  skip 0.29  lr 2.73e-04  depth_std 6.5320
2026-08-21 14:22:40,918 step 2400  loss 1.0956  skip 0.30  lr 2.71e-04  depth_std 0.6174
2026-08-21 14:25:10,009 step 2450  loss 16.1236  skip 0.31  lr 2.69e-04  depth_std 7.8068
2026-08-21 14:27:38,023 step 2500  loss 3.1759  skip 0.31  lr 2.67e-04  depth_std 3.1032
2026-08-21 14:30:05,495 step 2550  loss 2.7582  skip 0.32  lr 2.65e-04  depth_std 3.6008
2026-08-21 14:32:31,903 step 2600  loss 0.6741  skip 0.33  lr 2.63e-04  depth_std 1.4176
2026-08-21 14:34:56,841 step 2650  loss 1.4263  skip 0.33  lr 2.61e-04  depth_std 36.0202
2026-08-21 14:37:20,702 step 2700  loss 4.4002  skip 0.34  lr 2.58e-04  depth_std 2.0822
2026-08-21 14:39:43,495 step 2750  loss 1.9167  skip 0.34  lr 2.56e-04  depth_std 4.2512
2026-08-21 14:42:05,477 step 2800  loss 2.5425  skip 0.35  lr 2.54e-04  depth_std 0.6212
2026-08-21 14:44:26,488 step 2850  loss 2.7403  skip 0.36  lr 2.51e-04  depth_std 0.5902
2026-08-21 14:46:46,394 step 2900  loss 1.7541  skip 0.36  lr 2.49e-04  depth_std 18.7792
2026-08-21 14:49:06,005 step 2950  loss 1.8883  skip 0.37  lr 2.46e-04  depth_std 17.1868
2026-08-21 14:51:24,664 step 3000  loss 4.1315  skip 0.38  lr 2.44e-04  depth_std 16.4818
2026-08-21 14:53:41,687 step 3050  loss 1.5050  skip 0.38  lr 2.41e-04  depth_std 0.6452
2026-08-21 14:55:57,808 step 3100  loss 3.7101  skip 0.39  lr 2.38e-04  depth_std 15.6276
2026-08-21 14:58:13,040 step 3150  loss 1.9844  skip 0.39  lr 2.35e-04  depth_std 1.4879
2026-08-21 15:00:26,682 step 3200  loss 2.0930  skip 0.40  lr 2.33e-04  depth_std 1.3849
2026-08-21 15:02:40,682 step 3250  loss 2.6146  skip 0.41  lr 2.30e-04  depth_std 2.3053
2026-08-21 15:04:53,629 step 3300  loss 1.7255  skip 0.41  lr 2.27e-04  depth_std 10.6511
2026-08-21 15:07:04,493 step 3350  loss 1.8786  skip 0.42  lr 2.24e-04  depth_std 2.8930
2026-08-21 15:09:14,955 step 3400  loss 3.7645  skip 0.42  lr 2.21e-04  depth_std 15.8331
2026-08-21 15:11:24,936 step 3450  loss 1.9914  skip 0.43  lr 2.18e-04  depth_std 3.1039
2026-08-21 15:13:33,230 step 3500  loss 3.1627  skip 0.44  lr 2.15e-04  depth_std 42.2168
2026-08-21 15:15:39,822 step 3550  loss 6.4046  skip 0.44  lr 2.12e-04  depth_std 22.9474
2026-08-21 15:17:45,518 step 3600  loss 1.5905  skip 0.45  lr 2.09e-04  depth_std 1.3456
2026-08-21 15:19:49,417 step 3650  loss 3.1909  skip 0.46  lr 2.06e-04  depth_std 10.3898
2026-08-21 15:21:52,596 step 3700  loss 0.9483  skip 0.46  lr 2.03e-04  depth_std 1.8619
2026-08-21 15:23:54,952 step 3750  loss 3.0797  skip 0.47  lr 2.00e-04  depth_std 5.5991
2026-08-21 15:25:55,964 step 3800  loss 2.0673  skip 0.47  lr 1.96e-04  depth_std 2.0311
2026-08-21 15:27:56,095 step 3850  loss 1.8128  skip 0.48  lr 1.93e-04  depth_std 0.9563
2026-08-21 15:29:55,342 step 3900  loss 2.1356  skip 0.49  lr 1.90e-04  depth_std 10.4035
2026-08-21 15:31:53,371 step 3950  loss 3.3474  skip 0.49  lr 1.87e-04  depth_std 41.7213
2026-08-21 15:33:50,691 step 4000  loss 0.8871  skip 0.50  lr 1.83e-04  depth_std 5.5252
2026-08-21 15:35:47,154 step 4050  loss 1.0065  skip 0.50  lr 1.80e-04  depth_std 1.9846
2026-08-21 15:37:44,320 step 4100  loss 3.2701  skip 0.50  lr 1.77e-04  depth_std 13.0740
2026-08-21 15:39:41,520 step 4150  loss 6.7756  skip 0.50  lr 1.73e-04  depth_std 2.5790
2026-08-21 15:41:38,368 step 4200  loss 0.7391  skip 0.50  lr 1.70e-04  depth_std 1.4326
2026-08-21 15:43:34,630 step 4250  loss 0.9693  skip 0.50  lr 1.67e-04  depth_std 0.8620
2026-08-21 15:45:31,244 step 4300  loss 0.9869  skip 0.50  lr 1.63e-04  depth_std 4.6099
2026-08-21 15:47:30,404 step 4350  loss 3.1756  skip 0.50  lr 1.60e-04  depth_std 3.1485
2026-08-21 15:49:28,298 step 4400  loss 2.1820  skip 0.50  lr 1.57e-04  depth_std 4.9155
2026-08-21 15:51:25,275 step 4450  loss 2.2065  skip 0.50  lr 1.53e-04  depth_std 7.7124
2026-08-21 15:53:21,654 step 4500  loss 3.8275  skip 0.50  lr 1.50e-04  depth_std 54.1078
2026-08-21 15:55:18,087 step 4550  loss 2.4873  skip 0.50  lr 1.47e-04  depth_std 3.7935
2026-08-21 15:57:14,835 step 4600  loss 0.5386  skip 0.50  lr 1.43e-04  depth_std 1.8797
2026-08-21 15:59:11,922 step 4650  loss 0.4819  skip 0.50  lr 1.40e-04  depth_std 0.5747
2026-08-21 16:01:09,317 step 4700  loss 0.5433  skip 0.50  lr 1.37e-04  depth_std 1.0930
2026-08-21 16:03:05,797 step 4750  loss 2.6105  skip 0.50  lr 1.33e-04  depth_std 18.6137
2026-08-21 16:05:02,340 step 4800  loss 3.5073  skip 0.50  lr 1.30e-04  depth_std 26.3204
2026-08-21 16:06:58,365 step 4850  loss 2.5909  skip 0.50  lr 1.27e-04  depth_std 48.6135
2026-08-21 16:08:54,627 step 4900  loss 1.5176  skip 0.50  lr 1.23e-04  depth_std 2.0031
2026-08-21 16:10:51,101 step 4950  loss 1.7591  skip 0.50  lr 1.20e-04  depth_std 1.8727
2026-08-21 16:12:47,198 step 5000  loss 1.4263  skip 0.50  lr 1.17e-04  depth_std 32.9631
2026-08-21 16:14:43,695 step 5050  loss 3.1452  skip 0.50  lr 1.13e-04  depth_std 18.5575
2026-08-21 16:16:40,267 step 5100  loss 2.3415  skip 0.50  lr 1.10e-04  depth_std 6.2950
2026-08-21 16:18:36,983 step 5150  loss 2.3395  skip 0.50  lr 1.07e-04  depth_std 2.5510
2026-08-21 16:20:33,344 step 5200  loss 1.2835  skip 0.50  lr 1.04e-04  depth_std 2.6850
2026-08-21 16:22:30,043 step 5250  loss 1.8738  skip 0.50  lr 1.00e-04  depth_std 1.9987
2026-08-21 16:24:27,951 step 5300  loss 5.8365  skip 0.50  lr 9.73e-05  depth_std 17.9422
2026-08-21 16:26:26,684 step 5350  loss 1.3063  skip 0.50  lr 9.42e-05  depth_std 2.5739
2026-08-21 16:28:23,970 step 5400  loss 3.5053  skip 0.50  lr 9.10e-05  depth_std 8.2303
2026-08-21 16:30:20,475 step 5450  loss 0.7041  skip 0.50  lr 8.80e-05  depth_std 0.4979
2026-08-21 16:32:17,033 step 5500  loss 0.7386  skip 0.50  lr 8.49e-05  depth_std 1.8080
2026-08-21 16:34:13,812 step 5550  loss 0.5799  skip 0.50  lr 8.19e-05  depth_std 1.7169
2026-08-21 16:36:10,769 step 5600  loss 1.9178  skip 0.50  lr 7.89e-05  depth_std 8.0271
2026-08-21 16:38:07,046 step 5650  loss 2.8970  skip 0.50  lr 7.60e-05  depth_std 45.7890
2026-08-21 16:40:03,614 step 5700  loss 2.1465  skip 0.50  lr 7.31e-05  depth_std 1.7642
2026-08-21 16:42:00,683 step 5750  loss 3.2120  skip 0.50  lr 7.02e-05  depth_std 4.7354
2026-08-21 16:44:00,297 step 5800  loss 4.2934  skip 0.50  lr 6.74e-05  depth_std 45.9410
2026-08-21 16:45:57,869 step 5850  loss 2.5398  skip 0.50  lr 6.46e-05  depth_std 0.5139
2026-08-21 16:47:57,206 step 5900  loss 1.4221  skip 0.50  lr 6.18e-05  depth_std 4.4224
2026-08-21 16:49:55,058 step 5950  loss 1.8206  skip 0.50  lr 5.91e-05  depth_std 2.6170
2026-08-21 16:51:53,412 step 6000  loss 1.6107  skip 0.50  lr 5.65e-05  depth_std 0.6069
2026-08-21 16:53:51,481 step 6050  loss 1.3487  skip 0.50  lr 5.39e-05  depth_std 1.4334
2026-08-21 16:55:49,566 step 6100  loss 2.1056  skip 0.50  lr 5.13e-05  depth_std 4.7062
2026-08-21 16:57:46,706 step 6150  loss 1.4861  skip 0.50  lr 4.88e-05  depth_std 19.2168
2026-08-21 16:59:45,234 step 6200  loss 1.8152  skip 0.50  lr 4.63e-05  depth_std 2.6609
2026-08-21 17:01:42,835 step 6250  loss 0.9911  skip 0.50  lr 4.39e-05  depth_std 1.2167
2026-08-21 17:03:40,224 step 6300  loss 0.9917  skip 0.50  lr 4.16e-05  depth_std 2.0043
2026-08-21 17:05:38,142 step 6350  loss 2.8712  skip 0.50  lr 3.93e-05  depth_std 28.4056
2026-08-21 17:07:36,087 step 6400  loss 5.9619  skip 0.50  lr 3.70e-05  depth_std 11.7104
2026-08-21 17:09:35,647 step 6450  loss 2.0228  skip 0.50  lr 3.49e-05  depth_std 12.9951
2026-08-21 17:11:33,352 step 6500  loss 0.4954  skip 0.50  lr 3.27e-05  depth_std 1.4258
2026-08-21 17:13:31,744 step 6550  loss 0.7295  skip 0.50  lr 3.07e-05  depth_std 1.3034
2026-08-21 17:15:31,450 step 6600  loss 1.6335  skip 0.50  lr 2.86e-05  depth_std 15.8799
2026-08-21 17:17:29,676 step 6650  loss 0.5129  skip 0.50  lr 2.67e-05  depth_std 1.5929
2026-08-21 17:19:27,266 step 6700  loss 6.1309  skip 0.50  lr 2.48e-05  depth_std 16.0145
2026-08-21 17:21:25,036 step 6750  loss 1.1791  skip 0.50  lr 2.30e-05  depth_std 6.4385
2026-08-21 17:23:22,392 step 6800  loss 6.8527  skip 0.50  lr 2.12e-05  depth_std 2.5544
2026-08-21 17:25:19,398 step 6850  loss 2.2210  skip 0.50  lr 1.95e-05  depth_std 18.4558
2026-08-21 17:27:16,540 step 6900  loss 3.7444  skip 0.50  lr 1.79e-05  depth_std 35.5388
2026-08-21 17:29:13,915 step 6950  loss 1.3949  skip 0.50  lr 1.63e-05  depth_std 8.8006
2026-08-21 17:31:11,294 step 7000  loss 1.3175  skip 0.50  lr 1.49e-05  depth_std 1.7850
2026-08-21 17:33:08,888 step 7050  loss 1.8684  skip 0.50  lr 1.34e-05  depth_std 4.5569
2026-08-21 17:35:06,071 step 7100  loss 2.6929  skip 0.50  lr 1.21e-05  depth_std 46.0796
2026-08-21 17:37:03,900 step 7150  loss 2.2264  skip 0.50  lr 1.08e-05  depth_std 10.3219
2026-08-21 17:39:02,242 step 7200  loss 3.0414  skip 0.50  lr 9.56e-06  depth_std 1.7015
2026-08-21 17:41:00,560 step 7250  loss 2.1085  skip 0.50  lr 8.42e-06  depth_std 9.8502
2026-08-21 17:42:57,946 step 7300  loss 2.8740  skip 0.50  lr 7.34e-06  depth_std 9.0866
2026-08-21 17:44:55,347 step 7350  loss 1.3752  skip 0.50  lr 6.34e-06  depth_std 1.9473
2026-08-21 17:46:52,573 step 7400  loss 1.9814  skip 0.50  lr 5.41e-06  depth_std 24.2920
2026-08-21 17:48:50,115 step 7450  loss 0.7463  skip 0.50  lr 4.55e-06  depth_std 0.7977
2026-08-21 17:50:47,391 step 7500  loss 3.0556  skip 0.50  lr 3.76e-06  depth_std 9.3645
2026-08-21 17:52:44,318 step 7550  loss 0.5126  skip 0.50  lr 3.05e-06  depth_std 2.3904
2026-08-21 17:54:41,622 step 7600  loss 1.2607  skip 0.50  lr 2.41e-06  depth_std 9.2432
2026-08-21 17:56:39,702 step 7650  loss 0.8598  skip 0.50  lr 1.85e-06  depth_std 0.8440
2026-08-21 17:58:37,240 step 7700  loss 3.9486  skip 0.50  lr 1.36e-06  depth_std 13.1299
2026-08-21 18:00:34,571 step 7750  loss 3.0359  skip 0.50  lr 9.43e-07  depth_std 9.2753
2026-08-21 18:02:32,880 step 7800  loss 0.7954  skip 0.50  lr 6.04e-07  depth_std 0.4999
2026-08-21 18:04:30,864 step 7850  loss 1.9357  skip 0.50  lr 3.40e-07  depth_std 6.2504
2026-08-21 18:06:28,567 step 7900  loss 1.9272  skip 0.50  lr 1.51e-07  depth_std 2.1215
2026-08-21 18:08:25,855 step 7950  loss 7.4694  skip 0.50  lr 3.78e-08  depth_std 25.1917
2026-08-21 18:10:21,482 saved -> work_dirs/v11-longclip-spread-s2/latest.pt
