2026-08-30 23:31:47,493 work dir: work_dirs/q2-teacheronly-s0  seed 0  commit 1d4d01a6
2026-08-30 23:31:49,170 HTTP Request: HEAD https://huggingface.co/depth-anything/Depth-Anything-V2-Small-hf/resolve/main/config.json "HTTP/1.1 307 Temporary Redirect"
2026-08-30 23:31:49,171 Warning: You are sending unauthenticated requests to the HF Hub. Please set a HF_TOKEN to enable higher rate limits and faster downloads.
2026-08-30 23:31:49,383 HTTP Request: HEAD https://huggingface.co/api/resolve-cache/models/depth-anything/Depth-Anything-V2-Small-hf/5426e4f0f36572d16453bbda7a8389317b1bef99/config.json "HTTP/1.1 200 OK"
2026-08-30 23:31:49,683 Q teacher: work_dirs/q0-calib-s0/latest.pt (24.8M, frozen)
2026-08-30 23:31:49,734 partial init from work_dirs/v11-longclip-spread-s0/latest.pt: 7 new tensors kept at init, 0 checkpoint tensors unused
2026-08-30 23:31:50,600 mixed dataset: 208720 clips from 5 sources (size 256)
2026-08-30 23:31:52,839 step    0  loss 4.1252  skip 0.00  lr 2.00e-07  depth_std 12.2073
2026-08-30 23:32:48,338 step   50  loss 3.6445  skip 0.01  lr 1.02e-05  depth_std 10.4385
2026-08-30 23:33:46,230 step  100  loss 6.4315  skip 0.03  lr 2.02e-05  depth_std 22.0319
2026-08-30 23:34:44,336 step  150  loss 1.2404  skip 0.04  lr 3.02e-05  depth_std 1.2898
2026-08-30 23:35:42,147 step  200  loss 1.8209  skip 0.05  lr 4.02e-05  depth_std 2.1088
2026-08-30 23:36:39,195 step  250  loss 4.6831  skip 0.06  lr 5.02e-05  depth_std 10.2482
2026-08-30 23:37:35,479 step  300  loss 2.4920  skip 0.07  lr 6.02e-05  depth_std 10.5270
2026-08-30 23:38:31,377 step  350  loss 3.1864  skip 0.09  lr 7.02e-05  depth_std 11.5512
2026-08-30 23:39:26,825 step  400  loss 6.2902  skip 0.10  lr 8.02e-05  depth_std 13.2619
2026-08-30 23:40:21,879 step  450  loss 4.3714  skip 0.11  lr 9.02e-05  depth_std 16.6391
2026-08-30 23:41:16,557 step  500  loss 3.0299  skip 0.12  lr 1.00e-04  depth_std 1.3526
2026-08-30 23:42:10,591 step  550  loss 3.7601  skip 0.14  lr 9.99e-05  depth_std 14.4793
2026-08-30 23:43:03,976 step  600  loss 1.8556  skip 0.15  lr 9.98e-05  depth_std 1.4945
2026-08-30 23:43:57,169 step  650  loss 4.2665  skip 0.16  lr 9.95e-05  depth_std 11.1916
2026-08-30 23:44:49,880 step  700  loss 3.8275  skip 0.17  lr 9.92e-05  depth_std 5.4982
2026-08-30 23:45:41,904 step  750  loss 4.4379  skip 0.19  lr 9.87e-05  depth_std 14.5234
2026-08-30 23:46:33,665 step  800  loss 3.0749  skip 0.20  lr 9.82e-05  depth_std 2.8521
2026-08-30 23:47:24,706 step  850  loss 3.3784  skip 0.21  lr 9.76e-05  depth_std 13.8951
2026-08-30 23:48:15,307 step  900  loss 4.3198  skip 0.23  lr 9.68e-05  depth_std 15.9754
2026-08-30 23:49:05,498 step  950  loss 2.3314  skip 0.24  lr 9.60e-05  depth_std 2.5386
2026-08-30 23:49:55,144 step 1000  loss 1.9075  skip 0.25  lr 9.50e-05  depth_std 2.4455
2026-08-30 23:50:44,420 step 1050  loss 3.2127  skip 0.26  lr 9.40e-05  depth_std 8.8063
2026-08-30 23:51:33,029 step 1100  loss 4.1847  skip 0.28  lr 9.29e-05  depth_std 11.2662
2026-08-30 23:52:21,005 step 1150  loss 5.7882  skip 0.29  lr 9.17e-05  depth_std 16.7615
2026-08-30 23:53:08,701 step 1200  loss 2.8078  skip 0.30  lr 9.05e-05  depth_std 6.8378
2026-08-30 23:53:56,040 step 1250  loss 5.7918  skip 0.31  lr 8.91e-05  depth_std 9.2954
2026-08-30 23:54:42,803 step 1300  loss 3.2999  skip 0.33  lr 8.77e-05  depth_std 5.7581
2026-08-30 23:55:29,070 step 1350  loss 4.3210  skip 0.34  lr 8.61e-05  depth_std 5.2281
2026-08-30 23:56:14,789 step 1400  loss 2.6353  skip 0.35  lr 8.46e-05  depth_std 2.6669
2026-08-30 23:57:00,388 step 1450  loss 1.2594  skip 0.36  lr 8.29e-05  depth_std 2.7531
2026-08-30 23:57:45,015 step 1500  loss 1.1500  skip 0.38  lr 8.12e-05  depth_std 1.3284
2026-08-30 23:58:29,570 step 1550  loss 5.1925  skip 0.39  lr 7.94e-05  depth_std 21.1126
2026-08-30 23:59:13,167 step 1600  loss 1.7892  skip 0.40  lr 7.75e-05  depth_std 5.4019
2026-08-30 23:59:56,457 step 1650  loss 2.9185  skip 0.41  lr 7.56e-05  depth_std 1.7934
2026-08-31 00:00:39,485 step 1700  loss 5.0196  skip 0.42  lr 7.37e-05  depth_std 16.7321
2026-08-31 00:01:21,743 step 1750  loss 3.6851  skip 0.44  lr 7.17e-05  depth_std 16.3114
2026-08-31 00:02:03,638 step 1800  loss 3.2182  skip 0.45  lr 6.97e-05  depth_std 14.0376
2026-08-31 00:02:44,892 step 1850  loss 3.7557  skip 0.46  lr 6.76e-05  depth_std 12.5094
2026-08-31 00:03:25,402 step 1900  loss 2.7234  skip 0.47  lr 6.55e-05  depth_std 9.3812
2026-08-31 00:04:05,490 step 1950  loss 4.1370  skip 0.49  lr 6.33e-05  depth_std 4.3223
2026-08-31 00:04:45,372 step 2000  loss 1.3654  skip 0.50  lr 6.11e-05  depth_std 3.1196
2026-08-31 00:05:24,746 step 2050  loss 1.5099  skip 0.50  lr 5.89e-05  depth_std 0.8156
2026-08-31 00:06:04,142 step 2100  loss 6.6594  skip 0.50  lr 5.67e-05  depth_std 8.6327
2026-08-31 00:06:43,701 step 2150  loss 1.8682  skip 0.50  lr 5.45e-05  depth_std 2.5418
2026-08-31 00:07:23,098 step 2200  loss 4.3029  skip 0.50  lr 5.22e-05  depth_std 13.5074
2026-08-31 00:08:02,615 step 2250  loss 2.5326  skip 0.50  lr 5.00e-05  depth_std 4.5422
2026-08-31 00:08:41,939 step 2300  loss 1.2990  skip 0.50  lr 4.78e-05  depth_std 3.5655
2026-08-31 00:09:21,463 step 2350  loss 3.0275  skip 0.50  lr 4.55e-05  depth_std 10.5912
2026-08-31 00:10:01,001 step 2400  loss 4.5047  skip 0.50  lr 4.33e-05  depth_std 11.9121
2026-08-31 00:10:40,540 step 2450  loss 2.9571  skip 0.50  lr 4.11e-05  depth_std 3.9270
2026-08-31 00:11:19,778 step 2500  loss 1.1710  skip 0.50  lr 3.89e-05  depth_std 2.2717
2026-08-31 00:11:59,204 step 2550  loss 2.3761  skip 0.50  lr 3.67e-05  depth_std 15.7366
2026-08-31 00:12:38,672 step 2600  loss 4.3022  skip 0.50  lr 3.45e-05  depth_std 10.7406
2026-08-31 00:13:18,172 step 2650  loss 0.9408  skip 0.50  lr 3.24e-05  depth_std 3.0970
2026-08-31 00:13:57,724 step 2700  loss 4.6167  skip 0.50  lr 3.03e-05  depth_std 14.3685
2026-08-31 00:14:37,359 step 2750  loss 3.9204  skip 0.50  lr 2.83e-05  depth_std 15.1507
2026-08-31 00:15:16,704 step 2800  loss 2.3687  skip 0.50  lr 2.63e-05  depth_std 3.8498
2026-08-31 00:15:56,221 step 2850  loss 3.8358  skip 0.50  lr 2.44e-05  depth_std 11.8257
2026-08-31 00:16:35,679 step 2900  loss 0.7807  skip 0.50  lr 2.25e-05  depth_std 3.9702
2026-08-31 00:17:15,120 step 2950  loss 3.9760  skip 0.50  lr 2.06e-05  depth_std 11.2085
2026-08-31 00:17:54,741 step 3000  loss 3.5233  skip 0.50  lr 1.88e-05  depth_std 5.6229
2026-08-31 00:18:34,182 step 3050  loss 4.9148  skip 0.50  lr 1.71e-05  depth_std 6.8277
2026-08-31 00:19:13,584 step 3100  loss 11.7241  skip 0.50  lr 1.54e-05  depth_std 8.9812
2026-08-31 00:19:52,887 step 3150  loss 2.0178  skip 0.50  lr 1.39e-05  depth_std 1.2495
2026-08-31 00:20:32,570 step 3200  loss 1.0168  skip 0.50  lr 1.23e-05  depth_std 2.5444
2026-08-31 00:21:12,062 step 3250  loss 2.9978  skip 0.50  lr 1.09e-05  depth_std 11.3482
2026-08-31 00:21:51,618 step 3300  loss 3.4150  skip 0.50  lr 9.55e-06  depth_std 4.6976
2026-08-31 00:22:31,050 step 3350  loss 2.2131  skip 0.50  lr 8.27e-06  depth_std 15.1324
2026-08-31 00:23:10,617 step 3400  loss 2.1298  skip 0.50  lr 7.08e-06  depth_std 1.1123
2026-08-31 00:23:50,251 step 3450  loss 4.4153  skip 0.50  lr 5.97e-06  depth_std 16.7927
2026-08-31 00:24:29,889 step 3500  loss 0.8619  skip 0.50  lr 4.95e-06  depth_std 3.0944
2026-08-31 00:25:09,299 step 3550  loss 5.6306  skip 0.50  lr 4.02e-06  depth_std 6.4410
2026-08-31 00:25:48,877 step 3600  loss 3.9992  skip 0.50  lr 3.19e-06  depth_std 14.4119
2026-08-31 00:26:28,315 step 3650  loss 3.1250  skip 0.50  lr 2.45e-06  depth_std 3.9389
2026-08-31 00:27:07,892 step 3700  loss 0.9306  skip 0.50  lr 1.80e-06  depth_std 1.6526
2026-08-31 00:27:47,430 step 3750  loss 2.2677  skip 0.50  lr 1.25e-06  depth_std 1.9616
2026-08-31 00:28:26,968 step 3800  loss 2.5075  skip 0.50  lr 8.04e-07  depth_std 7.5392
2026-08-31 00:29:06,478 step 3850  loss 1.9894  skip 0.50  lr 4.53e-07  depth_std 1.4680
2026-08-31 00:29:45,850 step 3900  loss 1.8427  skip 0.50  lr 2.01e-07  depth_std 1.0858
2026-08-31 00:30:25,297 step 3950  loss 6.2388  skip 0.50  lr 5.03e-08  depth_std 7.3783
2026-08-31 00:31:04,081 saved -> work_dirs/q2-teacheronly-s0/latest.pt
