2026-08-19 23:35:15,407 work dir: work_dirs/t5-spread0.5  seed 0  commit 9dfcff6f
2026-08-19 23:35:15,844 partial init from work_dirs/v9-60k/latest.pt: 1 new tensors kept at init, 0 checkpoint tensors unused
2026-08-19 23:35:16,670 mixed dataset: 208720 clips from 5 sources (size 256)
2026-08-19 23:35:18,897 step    0  loss 2.6423  skip 0.00  lr 3.00e-07  depth_std 31.5511
2026-08-19 23:36:07,502 step   50  loss 1.7199  skip 0.01  lr 1.53e-05  depth_std 8.1405
2026-08-19 23:37:00,532 step  100  loss 2.9221  skip 0.01  lr 3.03e-05  depth_std 13.6939
2026-08-19 23:37:53,869 step  150  loss 1.6270  skip 0.02  lr 4.53e-05  depth_std 25.1391
2026-08-19 23:38:47,211 step  200  loss 1.2225  skip 0.03  lr 6.03e-05  depth_std 22.6872
2026-08-19 23:39:40,528 step  250  loss 2.3794  skip 0.03  lr 7.53e-05  depth_std 31.3107
2026-08-19 23:40:33,932 step  300  loss 2.8254  skip 0.04  lr 9.03e-05  depth_std 33.6297
2026-08-19 23:41:27,206 step  350  loss 0.6171  skip 0.04  lr 1.05e-04  depth_std 1.9048
2026-08-19 23:42:20,274 step  400  loss 2.9021  skip 0.05  lr 1.20e-04  depth_std 42.6621
2026-08-19 23:43:12,977 step  450  loss 0.7505  skip 0.06  lr 1.35e-04  depth_std 0.5944
2026-08-19 23:44:05,216 step  500  loss 2.2496  skip 0.06  lr 1.50e-04  depth_std 23.7346
2026-08-19 23:44:57,209 step  550  loss 3.4007  skip 0.07  lr 1.65e-04  depth_std 11.0612
2026-08-19 23:45:48,782 step  600  loss 2.0218  skip 0.07  lr 1.80e-04  depth_std 1.5886
2026-08-19 23:46:40,112 step  650  loss 2.1504  skip 0.08  lr 1.95e-04  depth_std 3.8836
2026-08-19 23:47:31,193 step  700  loss 2.2736  skip 0.09  lr 2.10e-04  depth_std 37.5278
2026-08-19 23:48:22,064 step  750  loss 1.2754  skip 0.09  lr 2.25e-04  depth_std 31.4689
2026-08-19 23:49:12,985 step  800  loss 2.6250  skip 0.10  lr 2.40e-04  depth_std 3.2438
2026-08-19 23:50:03,433 step  850  loss 2.2188  skip 0.11  lr 2.55e-04  depth_std 0.7320
2026-08-19 23:50:53,834 step  900  loss 1.9325  skip 0.11  lr 2.70e-04  depth_std 24.4529
2026-08-19 23:51:43,844 step  950  loss 1.8733  skip 0.12  lr 2.85e-04  depth_std 2.6950
2026-08-19 23:52:33,647 step 1000  loss 3.1583  skip 0.12  lr 3.00e-04  depth_std 33.3181
2026-08-19 23:53:23,195 step 1050  loss 1.4774  skip 0.13  lr 3.00e-04  depth_std 2.4580
2026-08-19 23:54:12,461 step 1100  loss 2.1554  skip 0.14  lr 3.00e-04  depth_std 40.6711
2026-08-19 23:55:01,481 step 1150  loss 1.5702  skip 0.14  lr 3.00e-04  depth_std 35.4092
2026-08-19 23:55:50,339 step 1200  loss 5.9960  skip 0.15  lr 2.99e-04  depth_std 36.0125
2026-08-19 23:56:39,033 step 1250  loss 2.4717  skip 0.16  lr 2.99e-04  depth_std 9.1782
2026-08-19 23:57:27,431 step 1300  loss 2.4386  skip 0.16  lr 2.99e-04  depth_std 6.1103
2026-08-19 23:58:15,698 step 1350  loss 1.9098  skip 0.17  lr 2.98e-04  depth_std 1.4693
2026-08-19 23:59:03,556 step 1400  loss 2.8970  skip 0.17  lr 2.98e-04  depth_std 36.5446
2026-08-19 23:59:51,364 step 1450  loss 2.2870  skip 0.18  lr 2.97e-04  depth_std 14.6081
2026-08-20 00:00:38,790 step 1500  loss 1.6833  skip 0.19  lr 2.96e-04  depth_std 37.2293
2026-08-20 00:01:25,938 step 1550  loss 3.3622  skip 0.19  lr 2.95e-04  depth_std 7.6122
2026-08-20 00:02:12,733 step 1600  loss 1.9901  skip 0.20  lr 2.95e-04  depth_std 13.1918
2026-08-20 00:02:59,393 step 1650  loss 3.9152  skip 0.21  lr 2.94e-04  depth_std 12.0999
2026-08-20 00:03:45,857 step 1700  loss 1.4840  skip 0.21  lr 2.93e-04  depth_std 4.7786
2026-08-20 00:04:32,006 step 1750  loss 3.1351  skip 0.22  lr 2.92e-04  depth_std 5.5962
2026-08-20 00:05:18,018 step 1800  loss 3.2764  skip 0.23  lr 2.90e-04  depth_std 29.2359
2026-08-20 00:06:03,778 step 1850  loss 2.4412  skip 0.23  lr 2.89e-04  depth_std 10.6347
2026-08-20 00:06:49,184 step 1900  loss 3.1083  skip 0.24  lr 2.88e-04  depth_std 23.5490
2026-08-20 00:07:34,403 step 1950  loss 4.2536  skip 0.24  lr 2.87e-04  depth_std 38.3531
2026-08-20 00:08:19,556 step 2000  loss 2.1037  skip 0.25  lr 2.85e-04  depth_std 24.1399
2026-08-20 00:09:04,310 step 2050  loss 4.0431  skip 0.26  lr 2.84e-04  depth_std 6.6161
2026-08-20 00:09:48,710 step 2100  loss 3.4058  skip 0.26  lr 2.82e-04  depth_std 54.3093
2026-08-20 00:10:32,887 step 2150  loss 2.8854  skip 0.27  lr 2.80e-04  depth_std 3.1625
2026-08-20 00:11:16,799 step 2200  loss 2.5753  skip 0.28  lr 2.79e-04  depth_std 8.8199
2026-08-20 00:12:00,515 step 2250  loss 2.0986  skip 0.28  lr 2.77e-04  depth_std 3.0149
2026-08-20 00:12:43,962 step 2300  loss 2.7376  skip 0.29  lr 2.75e-04  depth_std 28.0257
2026-08-20 00:13:27,079 step 2350  loss 4.5472  skip 0.29  lr 2.73e-04  depth_std 6.7613
2026-08-20 00:14:09,978 step 2400  loss 1.9038  skip 0.30  lr 2.71e-04  depth_std 1.9023
2026-08-20 00:14:52,674 step 2450  loss 1.6227  skip 0.31  lr 2.69e-04  depth_std 1.1762
2026-08-20 00:15:35,176 step 2500  loss 3.2774  skip 0.31  lr 2.67e-04  depth_std 39.5172
2026-08-20 00:16:17,310 step 2550  loss 0.6979  skip 0.32  lr 2.65e-04  depth_std 1.8020
2026-08-20 00:16:59,314 step 2600  loss 1.3858  skip 0.33  lr 2.63e-04  depth_std 1.7229
2026-08-20 00:17:40,993 step 2650  loss 2.3034  skip 0.33  lr 2.61e-04  depth_std 8.2180
2026-08-20 00:18:22,597 step 2700  loss 1.6179  skip 0.34  lr 2.58e-04  depth_std 12.5916
2026-08-20 00:19:03,910 step 2750  loss 2.3281  skip 0.34  lr 2.56e-04  depth_std 38.6993
2026-08-20 00:19:44,951 step 2800  loss 2.1749  skip 0.35  lr 2.54e-04  depth_std 1.8042
2026-08-20 00:20:25,781 step 2850  loss 0.9917  skip 0.36  lr 2.51e-04  depth_std 1.2696
2026-08-20 00:21:06,342 step 2900  loss 2.2009  skip 0.36  lr 2.49e-04  depth_std 5.2046
2026-08-20 00:21:46,720 step 2950  loss 3.6578  skip 0.37  lr 2.46e-04  depth_std 22.5665
2026-08-20 00:22:26,945 step 3000  loss 4.4435  skip 0.38  lr 2.44e-04  depth_std 5.0460
2026-08-20 00:23:06,809 step 3050  loss 2.2111  skip 0.38  lr 2.41e-04  depth_std 33.4081
2026-08-20 00:23:46,444 step 3100  loss 4.0417  skip 0.39  lr 2.38e-04  depth_std 2.3521
2026-08-20 00:24:25,614 step 3150  loss 2.6412  skip 0.39  lr 2.35e-04  depth_std 6.4430
2026-08-20 00:25:04,835 step 3200  loss 2.5466  skip 0.40  lr 2.33e-04  depth_std 10.8826
2026-08-20 00:25:43,761 step 3250  loss 0.7873  skip 0.41  lr 2.30e-04  depth_std 1.5633
2026-08-20 00:26:22,309 step 3300  loss 1.8603  skip 0.41  lr 2.27e-04  depth_std 19.5704
2026-08-20 00:27:00,608 step 3350  loss 0.8225  skip 0.42  lr 2.24e-04  depth_std 1.4714
2026-08-20 00:27:38,631 step 3400  loss 1.6593  skip 0.42  lr 2.21e-04  depth_std 27.6403
2026-08-20 00:28:16,598 step 3450  loss 1.7296  skip 0.43  lr 2.18e-04  depth_std 1.7981
2026-08-20 00:28:54,225 step 3500  loss 1.9511  skip 0.44  lr 2.15e-04  depth_std 31.1208
2026-08-20 00:29:31,455 step 3550  loss 0.6380  skip 0.44  lr 2.12e-04  depth_std 6.0530
2026-08-20 00:30:08,510 step 3600  loss 1.7542  skip 0.45  lr 2.09e-04  depth_std 37.7428
2026-08-20 00:30:45,202 step 3650  loss 1.7435  skip 0.46  lr 2.06e-04  depth_std 20.5274
2026-08-20 00:31:21,710 step 3700  loss 1.3958  skip 0.46  lr 2.03e-04  depth_std 30.7884
2026-08-20 00:31:58,043 step 3750  loss 4.8939  skip 0.47  lr 2.00e-04  depth_std 28.6513
2026-08-20 00:32:34,199 step 3800  loss 2.6505  skip 0.47  lr 1.96e-04  depth_std 11.7847
2026-08-20 00:33:09,986 step 3850  loss 1.3543  skip 0.48  lr 1.93e-04  depth_std 14.8769
2026-08-20 00:33:45,451 step 3900  loss 2.1121  skip 0.49  lr 1.90e-04  depth_std 16.9370
2026-08-20 00:34:20,688 step 3950  loss 1.8659  skip 0.49  lr 1.87e-04  depth_std 24.0801
2026-08-20 00:34:55,847 step 4000  loss 1.2570  skip 0.50  lr 1.83e-04  depth_std 2.2861
2026-08-20 00:35:30,759 step 4050  loss 1.9869  skip 0.50  lr 1.80e-04  depth_std 26.2394
2026-08-20 00:36:05,575 step 4100  loss 2.5466  skip 0.50  lr 1.77e-04  depth_std 5.4311
2026-08-20 00:36:40,492 step 4150  loss 1.8647  skip 0.50  lr 1.73e-04  depth_std 30.4397
2026-08-20 00:37:15,557 step 4200  loss 1.5249  skip 0.50  lr 1.70e-04  depth_std 15.5971
2026-08-20 00:37:50,521 step 4250  loss 1.5542  skip 0.50  lr 1.67e-04  depth_std 15.0958
2026-08-20 00:38:25,418 step 4300  loss 1.3000  skip 0.50  lr 1.63e-04  depth_std 5.6877
2026-08-20 00:39:00,307 step 4350  loss 1.5673  skip 0.50  lr 1.60e-04  depth_std 16.7869
2026-08-20 00:39:35,283 step 4400  loss 1.7925  skip 0.50  lr 1.57e-04  depth_std 5.0740
2026-08-20 00:40:10,201 step 4450  loss 2.4177  skip 0.50  lr 1.53e-04  depth_std 3.7809
2026-08-20 00:40:45,337 step 4500  loss 2.4319  skip 0.50  lr 1.50e-04  depth_std 13.2427
2026-08-20 00:41:20,251 step 4550  loss 2.1641  skip 0.50  lr 1.47e-04  depth_std 20.2757
2026-08-20 00:41:55,259 step 4600  loss 0.9214  skip 0.50  lr 1.43e-04  depth_std 0.6448
2026-08-20 00:42:30,246 step 4650  loss 3.1484  skip 0.50  lr 1.40e-04  depth_std 8.2353
2026-08-20 00:43:05,250 step 4700  loss 2.0728  skip 0.50  lr 1.37e-04  depth_std 39.2201
2026-08-20 00:43:40,207 step 4750  loss 1.9427  skip 0.50  lr 1.33e-04  depth_std 6.0537
2026-08-20 00:44:15,133 step 4800  loss 1.5224  skip 0.50  lr 1.30e-04  depth_std 8.2459
2026-08-20 00:44:50,091 step 4850  loss 1.6869  skip 0.50  lr 1.27e-04  depth_std 35.1070
2026-08-20 00:45:25,090 step 4900  loss 0.6540  skip 0.50  lr 1.23e-04  depth_std 1.7403
2026-08-20 00:46:00,082 step 4950  loss 1.5797  skip 0.50  lr 1.20e-04  depth_std 19.8574
2026-08-20 00:46:35,041 step 5000  loss 4.3419  skip 0.50  lr 1.17e-04  depth_std 4.9960
2026-08-20 00:47:09,903 step 5050  loss 2.9140  skip 0.50  lr 1.13e-04  depth_std 8.6654
2026-08-20 00:47:44,915 step 5100  loss 2.2842  skip 0.50  lr 1.10e-04  depth_std 10.9334
2026-08-20 00:48:19,718 step 5150  loss 1.5975  skip 0.50  lr 1.07e-04  depth_std 6.4038
2026-08-20 00:48:54,694 step 5200  loss 2.3911  skip 0.50  lr 1.04e-04  depth_std 22.0382
2026-08-20 00:49:29,602 step 5250  loss 1.3909  skip 0.50  lr 1.00e-04  depth_std 4.2948
2026-08-20 00:50:04,534 step 5300  loss 2.3797  skip 0.50  lr 9.73e-05  depth_std 42.0076
2026-08-20 00:50:39,572 step 5350  loss 1.5280  skip 0.50  lr 9.42e-05  depth_std 32.0047
2026-08-20 00:51:14,422 step 5400  loss 1.6202  skip 0.50  lr 9.10e-05  depth_std 13.4797
2026-08-20 00:51:49,436 step 5450  loss 0.7493  skip 0.50  lr 8.80e-05  depth_std 1.4378
2026-08-20 00:52:24,413 step 5500  loss 1.8890  skip 0.50  lr 8.49e-05  depth_std 3.8977
2026-08-20 00:52:59,241 step 5550  loss 2.9075  skip 0.50  lr 8.19e-05  depth_std 12.4040
2026-08-20 00:53:34,231 step 5600  loss 0.9686  skip 0.50  lr 7.89e-05  depth_std 3.6869
2026-08-20 00:54:09,215 step 5650  loss 1.5592  skip 0.50  lr 7.60e-05  depth_std 15.4568
2026-08-20 00:54:44,154 step 5700  loss 1.0483  skip 0.50  lr 7.31e-05  depth_std 1.6539
2026-08-20 00:55:19,144 step 5750  loss 1.8442  skip 0.50  lr 7.02e-05  depth_std 39.1162
2026-08-20 00:55:54,022 step 5800  loss 2.6467  skip 0.50  lr 6.74e-05  depth_std 39.5912
2026-08-20 00:56:28,909 step 5850  loss 2.5009  skip 0.50  lr 6.46e-05  depth_std 30.7812
2026-08-20 00:57:03,841 step 5900  loss 3.5170  skip 0.50  lr 6.18e-05  depth_std 8.0030
2026-08-20 00:57:38,805 step 5950  loss 0.7175  skip 0.50  lr 5.91e-05  depth_std 2.0640
2026-08-20 00:58:13,889 step 6000  loss 2.0337  skip 0.50  lr 5.65e-05  depth_std 3.1722
2026-08-20 00:58:48,804 step 6050  loss 2.9281  skip 0.50  lr 5.39e-05  depth_std 8.3430
2026-08-20 00:59:23,777 step 6100  loss 0.9123  skip 0.50  lr 5.13e-05  depth_std 1.2550
2026-08-20 00:59:58,694 step 6150  loss 5.9448  skip 0.50  lr 4.88e-05  depth_std 38.8950
2026-08-20 01:00:33,593 step 6200  loss 2.4054  skip 0.50  lr 4.63e-05  depth_std 29.3876
2026-08-20 01:01:08,623 step 6250  loss 3.6055  skip 0.50  lr 4.39e-05  depth_std 8.2408
2026-08-20 01:01:43,539 step 6300  loss 1.6816  skip 0.50  lr 4.16e-05  depth_std 41.6429
2026-08-20 01:02:18,521 step 6350  loss 2.2036  skip 0.50  lr 3.93e-05  depth_std 32.2143
2026-08-20 01:02:53,481 step 6400  loss 5.4081  skip 0.50  lr 3.70e-05  depth_std 40.4898
2026-08-20 01:03:28,374 step 6450  loss 2.5303  skip 0.50  lr 3.49e-05  depth_std 30.2722
2026-08-20 01:04:03,326 step 6500  loss 6.6337  skip 0.50  lr 3.27e-05  depth_std 37.7077
2026-08-20 01:04:38,172 step 6550  loss 0.9778  skip 0.50  lr 3.07e-05  depth_std 10.0171
2026-08-20 01:05:12,951 step 6600  loss 3.5451  skip 0.50  lr 2.86e-05  depth_std 29.1382
2026-08-20 01:05:47,848 step 6650  loss 4.8534  skip 0.50  lr 2.67e-05  depth_std 15.0702
2026-08-20 01:06:22,874 step 6700  loss 2.7172  skip 0.50  lr 2.48e-05  depth_std 8.0303
2026-08-20 01:06:57,709 step 6750  loss 1.9522  skip 0.50  lr 2.30e-05  depth_std 3.7578
2026-08-20 01:07:32,683 step 6800  loss 2.3168  skip 0.50  lr 2.12e-05  depth_std 38.8585
2026-08-20 01:08:07,546 step 6850  loss 2.0969  skip 0.50  lr 1.95e-05  depth_std 30.9665
2026-08-20 01:08:42,400 step 6900  loss 2.9077  skip 0.50  lr 1.79e-05  depth_std 38.5630
2026-08-20 01:09:17,415 step 6950  loss 1.2904  skip 0.50  lr 1.63e-05  depth_std 9.1461
2026-08-20 01:09:52,280 step 7000  loss 1.8067  skip 0.50  lr 1.49e-05  depth_std 43.9678
2026-08-20 01:10:27,272 step 7050  loss 6.3914  skip 0.50  lr 1.34e-05  depth_std 8.1229
2026-08-20 01:11:02,218 step 7100  loss 2.0893  skip 0.50  lr 1.21e-05  depth_std 5.2295
2026-08-20 01:11:37,236 step 7150  loss 1.7008  skip 0.50  lr 1.08e-05  depth_std 12.8448
2026-08-20 01:12:12,206 step 7200  loss 3.2286  skip 0.50  lr 9.56e-06  depth_std 4.2679
2026-08-20 01:12:47,213 step 7250  loss 3.3387  skip 0.50  lr 8.42e-06  depth_std 2.7041
2026-08-20 01:13:22,307 step 7300  loss 2.1528  skip 0.50  lr 7.34e-06  depth_std 8.6057
2026-08-20 01:13:57,204 step 7350  loss 2.7089  skip 0.50  lr 6.34e-06  depth_std 7.3044
2026-08-20 01:14:32,249 step 7400  loss 3.8552  skip 0.50  lr 5.41e-06  depth_std 29.0429
2026-08-20 01:15:07,210 step 7450  loss 2.9606  skip 0.50  lr 4.55e-06  depth_std 19.8658
2026-08-20 01:15:42,137 step 7500  loss 2.2338  skip 0.50  lr 3.76e-06  depth_std 10.6146
2026-08-20 01:16:17,137 step 7550  loss 3.4916  skip 0.50  lr 3.05e-06  depth_std 27.4712
2026-08-20 01:16:51,957 step 7600  loss 1.3693  skip 0.50  lr 2.41e-06  depth_std 8.6443
2026-08-20 01:17:26,855 step 7650  loss 6.3062  skip 0.50  lr 1.85e-06  depth_std 13.2258
2026-08-20 01:18:01,719 step 7700  loss 2.1225  skip 0.50  lr 1.36e-06  depth_std 26.6312
2026-08-20 01:18:36,678 step 7750  loss 1.1785  skip 0.50  lr 9.43e-07  depth_std 2.7797
2026-08-20 01:19:11,631 step 7800  loss 4.3811  skip 0.50  lr 6.04e-07  depth_std 9.6597
2026-08-20 01:19:46,518 step 7850  loss 3.1464  skip 0.50  lr 3.40e-07  depth_std 43.1905
2026-08-20 01:20:21,568 step 7900  loss 2.2618  skip 0.50  lr 1.51e-07  depth_std 36.1221
2026-08-20 01:20:56,489 step 7950  loss 1.0125  skip 0.50  lr 3.78e-08  depth_std 17.2082
2026-08-20 01:21:30,944 saved -> work_dirs/t5-spread0.5/latest.pt
2026-08-20 07:53:26,412 work dir: work_dirs/t5-spread0.5  seed 0  commit 67213a51
2026-08-20 07:53:26,831 partial init from work_dirs/v9-60k/latest.pt: 1 new tensors kept at init, 0 checkpoint tensors unused
2026-08-20 07:53:27,680 mixed dataset: 208720 clips from 5 sources (size 256)
2026-08-20 07:53:30,024 step    0  loss 2.6423  skip 0.00  lr 3.00e-07  depth_std 31.5511
2026-08-20 07:54:18,389 step   50  loss 1.7199  skip 0.01  lr 1.53e-05  depth_std 8.1405
2026-08-20 07:55:11,057 step  100  loss 2.9220  skip 0.01  lr 3.03e-05  depth_std 13.6940
2026-08-20 07:56:03,931 step  150  loss 1.6270  skip 0.02  lr 4.53e-05  depth_std 25.1373
2026-08-20 07:56:56,763 step  200  loss 1.2225  skip 0.03  lr 6.03e-05  depth_std 22.6852
2026-08-20 07:57:49,560 step  250  loss 2.3794  skip 0.03  lr 7.53e-05  depth_std 31.3098
2026-08-20 07:58:42,409 step  300  loss 2.8254  skip 0.04  lr 9.03e-05  depth_std 33.6396
2026-08-20 07:59:35,054 step  350  loss 0.6170  skip 0.04  lr 1.05e-04  depth_std 1.9048
2026-08-20 08:00:27,536 step  400  loss 2.9020  skip 0.05  lr 1.20e-04  depth_std 42.6344
2026-08-20 08:01:19,679 step  450  loss 0.7503  skip 0.06  lr 1.35e-04  depth_std 0.5945
2026-08-20 08:02:11,421 step  500  loss 2.2496  skip 0.06  lr 1.50e-04  depth_std 23.7017
2026-08-20 08:03:02,884 step  550  loss 3.4006  skip 0.07  lr 1.65e-04  depth_std 11.0614
2026-08-20 08:03:53,945 step  600  loss 2.0223  skip 0.07  lr 1.80e-04  depth_std 1.5890
2026-08-20 08:04:44,711 step  650  loss 2.1502  skip 0.08  lr 1.95e-04  depth_std 3.8919
2026-08-20 08:05:35,286 step  700  loss 2.2740  skip 0.09  lr 2.10e-04  depth_std 37.5131
2026-08-20 08:06:25,703 step  750  loss 1.2758  skip 0.09  lr 2.25e-04  depth_std 31.4696
2026-08-20 08:07:16,044 step  800  loss 2.6233  skip 0.10  lr 2.40e-04  depth_std 3.2387
2026-08-20 08:08:06,068 step  850  loss 2.2207  skip 0.11  lr 2.55e-04  depth_std 0.7339
2026-08-20 08:08:55,960 step  900  loss 1.9601  skip 0.11  lr 2.70e-04  depth_std 23.9941
2026-08-20 08:09:45,556 step  950  loss 1.8522  skip 0.12  lr 2.85e-04  depth_std 3.0133
2026-08-20 08:10:34,830 step 1000  loss 3.1132  skip 0.12  lr 3.00e-04  depth_std 33.3678
2026-08-20 08:11:23,784 step 1050  loss 1.4772  skip 0.13  lr 3.00e-04  depth_std 2.3002
2026-08-20 08:12:12,507 step 1100  loss 2.1250  skip 0.14  lr 3.00e-04  depth_std 37.9866
2026-08-20 08:13:01,022 step 1150  loss 1.5069  skip 0.14  lr 3.00e-04  depth_std 34.5900
2026-08-20 08:13:49,343 step 1200  loss 3.2565  skip 0.15  lr 2.99e-04  depth_std 37.4664
2026-08-20 08:14:37,503 step 1250  loss 2.5816  skip 0.16  lr 2.99e-04  depth_std 9.3118
2026-08-20 08:15:25,426 step 1300  loss 2.4425  skip 0.16  lr 2.99e-04  depth_std 6.1778
2026-08-20 08:16:13,009 step 1350  loss 1.5585  skip 0.17  lr 2.98e-04  depth_std 1.4661
2026-08-20 08:17:00,402 step 1400  loss 2.8686  skip 0.17  lr 2.98e-04  depth_std 34.5110
2026-08-20 08:17:47,695 step 1450  loss 2.3447  skip 0.18  lr 2.97e-04  depth_std 15.0800
2026-08-20 08:18:34,541 step 1500  loss 1.7337  skip 0.19  lr 2.96e-04  depth_std 37.9963
2026-08-20 08:19:21,235 step 1550  loss 3.1111  skip 0.19  lr 2.95e-04  depth_std 9.3316
2026-08-20 08:20:07,488 step 1600  loss 1.9642  skip 0.20  lr 2.95e-04  depth_std 10.9309
2026-08-20 08:20:53,689 step 1650  loss 3.8565  skip 0.21  lr 2.94e-04  depth_std 11.9345
2026-08-20 08:21:39,722 step 1700  loss 1.6483  skip 0.21  lr 2.93e-04  depth_std 5.1345
2026-08-20 08:22:25,494 step 1750  loss 2.6116  skip 0.22  lr 2.92e-04  depth_std 5.0856
2026-08-20 08:23:10,901 step 1800  loss 3.4968  skip 0.23  lr 2.90e-04  depth_std 29.8127
2026-08-20 08:23:56,165 step 1850  loss 2.2647  skip 0.23  lr 2.89e-04  depth_std 10.1640
2026-08-20 08:24:41,090 step 1900  loss 3.2063  skip 0.24  lr 2.88e-04  depth_std 20.7329
2026-08-20 08:25:25,813 step 1950  loss 4.1598  skip 0.24  lr 2.87e-04  depth_std 37.8309
2026-08-20 08:26:10,419 step 2000  loss 2.0794  skip 0.25  lr 2.85e-04  depth_std 27.2768
2026-08-20 08:26:54,692 step 2050  loss 3.6325  skip 0.26  lr 2.84e-04  depth_std 5.9383
2026-08-20 08:27:38,595 step 2100  loss 3.3852  skip 0.26  lr 2.82e-04  depth_std 51.4924
2026-08-20 08:28:22,206 step 2150  loss 3.0491  skip 0.27  lr 2.80e-04  depth_std 2.9733
2026-08-20 08:29:05,649 step 2200  loss 2.5225  skip 0.28  lr 2.79e-04  depth_std 8.7907
2026-08-20 08:29:48,896 step 2250  loss 2.2211  skip 0.28  lr 2.77e-04  depth_std 3.1616
2026-08-20 08:30:31,948 step 2300  loss 2.7574  skip 0.29  lr 2.75e-04  depth_std 38.4614
2026-08-20 08:31:14,676 step 2350  loss 4.5257  skip 0.29  lr 2.73e-04  depth_std 6.5828
2026-08-20 08:31:57,136 step 2400  loss 1.8424  skip 0.30  lr 2.71e-04  depth_std 1.9560
2026-08-20 08:32:39,389 step 2450  loss 1.6084  skip 0.31  lr 2.69e-04  depth_std 1.1789
2026-08-20 08:33:21,419 step 2500  loss 3.2524  skip 0.31  lr 2.67e-04  depth_std 38.7130
2026-08-20 08:34:03,130 step 2550  loss 0.6509  skip 0.32  lr 2.65e-04  depth_std 1.7894
2026-08-20 08:34:44,809 step 2600  loss 1.4220  skip 0.33  lr 2.63e-04  depth_std 1.7912
2026-08-20 08:35:26,092 step 2650  loss 2.3745  skip 0.33  lr 2.61e-04  depth_std 8.0356
2026-08-20 08:36:07,294 step 2700  loss 1.7224  skip 0.34  lr 2.58e-04  depth_std 14.5762
2026-08-20 08:36:48,091 step 2750  loss 2.2907  skip 0.34  lr 2.56e-04  depth_std 36.4536
2026-08-20 08:37:28,649 step 2800  loss 2.1720  skip 0.35  lr 2.54e-04  depth_std 1.5824
2026-08-20 08:38:09,052 step 2850  loss 0.9993  skip 0.36  lr 2.51e-04  depth_std 1.2781
2026-08-20 08:38:49,221 step 2900  loss 2.1967  skip 0.36  lr 2.49e-04  depth_std 7.3170
2026-08-20 08:39:29,233 step 2950  loss 3.7856  skip 0.37  lr 2.46e-04  depth_std 24.7623
2026-08-20 08:40:09,039 step 3000  loss 4.4567  skip 0.38  lr 2.44e-04  depth_std 4.8149
2026-08-20 08:40:48,461 step 3050  loss 2.1748  skip 0.38  lr 2.41e-04  depth_std 37.3038
2026-08-20 08:41:27,730 step 3100  loss 4.0128  skip 0.39  lr 2.38e-04  depth_std 2.2525
2026-08-20 08:42:06,500 step 3150  loss 2.6089  skip 0.39  lr 2.35e-04  depth_std 8.9451
2026-08-20 08:42:45,273 step 3200  loss 2.4668  skip 0.40  lr 2.33e-04  depth_std 10.4767
2026-08-20 08:43:23,749 step 3250  loss 0.8027  skip 0.41  lr 2.30e-04  depth_std 1.5662
2026-08-20 08:44:01,855 step 3300  loss 1.7342  skip 0.41  lr 2.27e-04  depth_std 21.4427
2026-08-20 08:44:39,799 step 3350  loss 0.8034  skip 0.42  lr 2.24e-04  depth_std 1.4919
2026-08-20 08:45:17,453 step 3400  loss 1.6140  skip 0.42  lr 2.21e-04  depth_std 27.8864
2026-08-20 08:45:54,930 step 3450  loss 1.8294  skip 0.43  lr 2.18e-04  depth_std 2.2175
2026-08-20 08:46:32,202 step 3500  loss 2.0090  skip 0.44  lr 2.15e-04  depth_std 30.3289
2026-08-20 08:47:09,049 step 3550  loss 0.6434  skip 0.44  lr 2.12e-04  depth_std 6.2386
2026-08-20 08:47:45,745 step 3600  loss 1.7417  skip 0.45  lr 2.09e-04  depth_std 36.1027
2026-08-20 08:48:22,127 step 3650  loss 1.8668  skip 0.46  lr 2.06e-04  depth_std 18.2455
2026-08-20 08:48:58,249 step 3700  loss 1.4561  skip 0.46  lr 2.03e-04  depth_std 29.0163
2026-08-20 08:49:34,201 step 3750  loss 4.6312  skip 0.47  lr 2.00e-04  depth_std 33.9255
2026-08-20 08:50:09,932 step 3800  loss 2.7012  skip 0.47  lr 1.96e-04  depth_std 12.0380
2026-08-20 08:50:45,465 step 3850  loss 1.3670  skip 0.48  lr 1.93e-04  depth_std 14.9634
2026-08-20 08:51:20,601 step 3900  loss 2.0638  skip 0.49  lr 1.90e-04  depth_std 16.3536
2026-08-20 08:51:55,559 step 3950  loss 1.8382  skip 0.49  lr 1.87e-04  depth_std 25.3146
2026-08-20 08:52:30,361 step 4000  loss 1.2442  skip 0.50  lr 1.83e-04  depth_std 2.7169
2026-08-20 08:53:04,969 step 4050  loss 1.9981  skip 0.50  lr 1.80e-04  depth_std 27.2841
2026-08-20 08:53:39,513 step 4100  loss 2.5054  skip 0.50  lr 1.77e-04  depth_std 5.4637
2026-08-20 08:54:14,108 step 4150  loss 1.8432  skip 0.50  lr 1.73e-04  depth_std 31.1883
2026-08-20 08:54:48,856 step 4200  loss 1.5348  skip 0.50  lr 1.70e-04  depth_std 16.0083
2026-08-20 08:55:23,481 step 4250  loss 1.6524  skip 0.50  lr 1.67e-04  depth_std 12.6349
2026-08-20 08:55:58,156 step 4300  loss 1.2608  skip 0.50  lr 1.63e-04  depth_std 6.7495
2026-08-20 08:56:32,723 step 4350  loss 1.5651  skip 0.50  lr 1.60e-04  depth_std 17.5873
2026-08-20 08:57:07,398 step 4400  loss 1.8641  skip 0.50  lr 1.57e-04  depth_std 4.3210
2026-08-20 08:57:41,999 step 4450  loss 2.4191  skip 0.50  lr 1.53e-04  depth_std 3.5598
2026-08-20 08:58:16,769 step 4500  loss 2.3825  skip 0.50  lr 1.50e-04  depth_std 13.5663
2026-08-20 08:58:51,411 step 4550  loss 2.1272  skip 0.50  lr 1.47e-04  depth_std 19.9530
2026-08-20 08:59:26,080 step 4600  loss 0.8974  skip 0.50  lr 1.43e-04  depth_std 0.6096
2026-08-20 09:00:00,702 step 4650  loss 3.1642  skip 0.50  lr 1.40e-04  depth_std 7.3676
2026-08-20 09:00:35,376 step 4700  loss 2.3120  skip 0.50  lr 1.37e-04  depth_std 37.9620
2026-08-20 09:01:09,990 step 4750  loss 1.9898  skip 0.50  lr 1.33e-04  depth_std 6.3962
2026-08-20 09:01:44,640 step 4800  loss 1.6004  skip 0.50  lr 1.30e-04  depth_std 9.2305
2026-08-20 09:02:19,205 step 4850  loss 1.6655  skip 0.50  lr 1.27e-04  depth_std 35.3415
2026-08-20 09:02:53,847 step 4900  loss 0.6565  skip 0.50  lr 1.23e-04  depth_std 1.7373
2026-08-20 09:03:28,476 step 4950  loss 1.6108  skip 0.50  lr 1.20e-04  depth_std 23.3853
2026-08-20 09:04:03,045 step 5000  loss 4.3037  skip 0.50  lr 1.17e-04  depth_std 6.1740
2026-08-20 09:04:37,538 step 5050  loss 3.1627  skip 0.50  lr 1.13e-04  depth_std 8.7541
2026-08-20 09:05:12,197 step 5100  loss 2.2350  skip 0.50  lr 1.10e-04  depth_std 11.3528
2026-08-20 09:05:46,691 step 5150  loss 1.4759  skip 0.50  lr 1.07e-04  depth_std 6.8403
2026-08-20 09:06:21,329 step 5200  loss 2.3913  skip 0.50  lr 1.04e-04  depth_std 21.1885
2026-08-20 09:06:55,944 step 5250  loss 1.2687  skip 0.50  lr 1.00e-04  depth_std 4.5059
2026-08-20 09:07:30,525 step 5300  loss 2.3333  skip 0.50  lr 9.73e-05  depth_std 39.5715
2026-08-20 09:08:05,183 step 5350  loss 1.5717  skip 0.50  lr 9.42e-05  depth_std 31.5718
2026-08-20 09:08:39,740 step 5400  loss 1.7017  skip 0.50  lr 9.10e-05  depth_std 13.1097
2026-08-20 09:09:14,383 step 5450  loss 0.7148  skip 0.50  lr 8.80e-05  depth_std 1.5927
2026-08-20 09:09:49,111 step 5500  loss 1.9083  skip 0.50  lr 8.49e-05  depth_std 4.2434
2026-08-20 09:10:23,729 step 5550  loss 2.9274  skip 0.50  lr 8.19e-05  depth_std 13.6278
2026-08-20 09:10:58,385 step 5600  loss 1.0000  skip 0.50  lr 7.89e-05  depth_std 3.2956
2026-08-20 09:11:33,129 step 5650  loss 1.5717  skip 0.50  lr 7.60e-05  depth_std 16.0390
2026-08-20 09:12:07,755 step 5700  loss 1.0652  skip 0.50  lr 7.31e-05  depth_std 1.6743
2026-08-20 09:12:42,423 step 5750  loss 1.8109  skip 0.50  lr 7.02e-05  depth_std 39.3959
2026-08-20 09:13:17,037 step 5800  loss 2.5994  skip 0.50  lr 6.74e-05  depth_std 39.0271
2026-08-20 09:13:51,741 step 5850  loss 2.5625  skip 0.50  lr 6.46e-05  depth_std 30.5740
2026-08-20 09:14:26,374 step 5900  loss 3.5156  skip 0.50  lr 6.18e-05  depth_std 8.3461
2026-08-20 09:15:00,977 step 5950  loss 0.7236  skip 0.50  lr 5.91e-05  depth_std 2.0726
2026-08-20 09:15:35,700 step 6000  loss 1.8820  skip 0.50  lr 5.65e-05  depth_std 3.0764
2026-08-20 09:16:10,263 step 6050  loss 2.9478  skip 0.50  lr 5.39e-05  depth_std 8.1414
2026-08-20 09:16:44,910 step 6100  loss 0.8874  skip 0.50  lr 5.13e-05  depth_std 1.2502
2026-08-20 09:17:19,515 step 6150  loss 5.9657  skip 0.50  lr 4.88e-05  depth_std 38.9659
2026-08-20 09:17:54,106 step 6200  loss 2.3516  skip 0.50  lr 4.63e-05  depth_std 28.8454
2026-08-20 09:18:28,766 step 6250  loss 3.6268  skip 0.50  lr 4.39e-05  depth_std 8.2466
2026-08-20 09:19:03,207 step 6300  loss 1.6972  skip 0.50  lr 4.16e-05  depth_std 42.1918
2026-08-20 09:19:37,907 step 6350  loss 2.3081  skip 0.50  lr 3.93e-05  depth_std 33.0638
2026-08-20 09:20:12,570 step 6400  loss 5.4168  skip 0.50  lr 3.70e-05  depth_std 40.2521
2026-08-20 09:20:47,198 step 6450  loss 2.4844  skip 0.50  lr 3.49e-05  depth_std 29.6458
2026-08-20 09:21:21,883 step 6500  loss 6.6533  skip 0.50  lr 3.27e-05  depth_std 37.2874
2026-08-20 09:21:56,471 step 6550  loss 0.9478  skip 0.50  lr 3.07e-05  depth_std 9.5318
2026-08-20 09:22:30,985 step 6600  loss 3.5329  skip 0.50  lr 2.86e-05  depth_std 30.2771
2026-08-20 09:23:05,606 step 6650  loss 4.8516  skip 0.50  lr 2.67e-05  depth_std 16.0026
2026-08-20 09:23:40,247 step 6700  loss 2.7036  skip 0.50  lr 2.48e-05  depth_std 8.2970
2026-08-20 09:24:14,786 step 6750  loss 1.9453  skip 0.50  lr 2.30e-05  depth_std 3.8746
2026-08-20 09:24:49,477 step 6800  loss 2.3015  skip 0.50  lr 2.12e-05  depth_std 38.3637
2026-08-20 09:25:24,007 step 6850  loss 2.1262  skip 0.50  lr 1.95e-05  depth_std 30.7826
2026-08-20 09:25:58,561 step 6900  loss 2.9150  skip 0.50  lr 1.79e-05  depth_std 38.2746
2026-08-20 09:26:33,247 step 6950  loss 1.3052  skip 0.50  lr 1.63e-05  depth_std 9.1815
2026-08-20 09:27:07,832 step 7000  loss 1.7990  skip 0.50  lr 1.49e-05  depth_std 43.6981
2026-08-20 09:27:42,528 step 7050  loss 6.4570  skip 0.50  lr 1.34e-05  depth_std 7.4796
2026-08-20 09:28:17,209 step 7100  loss 2.0455  skip 0.50  lr 1.21e-05  depth_std 5.4318
2026-08-20 09:28:51,922 step 7150  loss 1.7784  skip 0.50  lr 1.08e-05  depth_std 13.2343
2026-08-20 09:29:26,567 step 7200  loss 3.5508  skip 0.50  lr 9.56e-06  depth_std 4.0740
2026-08-20 09:30:01,251 step 7250  loss 3.2477  skip 0.50  lr 8.42e-06  depth_std 2.4377
2026-08-20 09:30:35,993 step 7300  loss 2.1582  skip 0.50  lr 7.34e-06  depth_std 8.5097
2026-08-20 09:31:10,580 step 7350  loss 2.6964  skip 0.50  lr 6.34e-06  depth_std 7.1499
2026-08-20 09:31:45,289 step 7400  loss 3.8118  skip 0.50  lr 5.41e-06  depth_std 29.3350
2026-08-20 09:32:19,916 step 7450  loss 2.9555  skip 0.50  lr 4.55e-06  depth_std 20.5722
2026-08-20 09:32:54,580 step 7500  loss 2.2592  skip 0.50  lr 3.76e-06  depth_std 10.0755
2026-08-20 09:33:29,267 step 7550  loss 3.3637  skip 0.50  lr 3.05e-06  depth_std 28.2723
2026-08-20 09:34:03,802 step 7600  loss 1.3667  skip 0.50  lr 2.41e-06  depth_std 8.4637
2026-08-20 09:34:38,407 step 7650  loss 6.4754  skip 0.50  lr 1.85e-06  depth_std 13.9242
2026-08-20 09:35:12,977 step 7700  loss 2.1170  skip 0.50  lr 1.36e-06  depth_std 26.6552
2026-08-20 09:35:47,643 step 7750  loss 1.2028  skip 0.50  lr 9.43e-07  depth_std 2.6632
2026-08-20 09:36:22,254 step 7800  loss 4.4082  skip 0.50  lr 6.04e-07  depth_std 9.5517
2026-08-20 09:36:56,847 step 7850  loss 3.1573  skip 0.50  lr 3.40e-07  depth_std 42.9589
2026-08-20 09:37:31,504 step 7900  loss 2.1819  skip 0.50  lr 1.51e-07  depth_std 35.7332
2026-08-20 09:38:06,178 step 7950  loss 0.9977  skip 0.50  lr 3.78e-08  depth_std 17.4147
2026-08-20 09:38:40,302 saved -> work_dirs/t5-spread0.5/latest.pt
