2026-08-29 04:42:57,089 work dir: work_dirs/d0-control-s0  seed 0  commit 1d4d01a6
2026-08-29 04:42:57,515 partial init from work_dirs/v11-longclip-spread-s0/latest.pt: 1 new tensors kept at init, 0 checkpoint tensors unused
2026-08-29 04:42:58,355 mixed dataset: 208720 clips from 5 sources (size 256)
2026-08-29 04:43:00,384 step    0  loss 2.5889  skip 0.00  lr 2.00e-07  depth_std 29.5725
2026-08-29 04:43:51,028 step   50  loss 1.9343  skip 0.01  lr 1.02e-05  depth_std 7.8347
2026-08-29 04:44:43,897 step  100  loss 2.6548  skip 0.03  lr 2.02e-05  depth_std 14.1643
2026-08-29 04:45:36,890 step  150  loss 1.4786  skip 0.04  lr 3.02e-05  depth_std 21.1006
2026-08-29 04:46:29,607 step  200  loss 1.2242  skip 0.05  lr 4.02e-05  depth_std 20.6535
2026-08-29 04:47:21,698 step  250  loss 2.4120  skip 0.06  lr 5.02e-05  depth_std 28.8496
2026-08-29 04:48:13,007 step  300  loss 2.7596  skip 0.07  lr 6.02e-05  depth_std 34.6217
2026-08-29 04:49:03,865 step  350  loss 0.5758  skip 0.09  lr 7.02e-05  depth_std 1.9065
2026-08-29 04:49:54,387 step  400  loss 2.9607  skip 0.10  lr 8.02e-05  depth_std 40.6028
2026-08-29 04:50:44,569 step  450  loss 0.6884  skip 0.11  lr 9.02e-05  depth_std 0.6265
2026-08-29 04:51:34,314 step  500  loss 2.1418  skip 0.12  lr 1.00e-04  depth_std 22.3970
2026-08-29 04:52:23,388 step  550  loss 3.3824  skip 0.14  lr 9.99e-05  depth_std 11.4202
2026-08-29 04:53:11,950 step  600  loss 2.2480  skip 0.15  lr 9.98e-05  depth_std 1.6164
2026-08-29 04:53:59,977 step  650  loss 2.2238  skip 0.16  lr 9.95e-05  depth_std 3.7452
2026-08-29 04:54:47,661 step  700  loss 2.3034  skip 0.17  lr 9.92e-05  depth_std 40.0881
2026-08-29 04:55:34,859 step  750  loss 1.3009  skip 0.19  lr 9.87e-05  depth_std 26.9306
2026-08-29 04:56:21,560 step  800  loss 2.6255  skip 0.20  lr 9.82e-05  depth_std 3.1872
2026-08-29 04:57:07,723 step  850  loss 1.6402  skip 0.21  lr 9.76e-05  depth_std 0.7854
2026-08-29 04:57:53,458 step  900  loss 1.8918  skip 0.23  lr 9.68e-05  depth_std 24.0244
2026-08-29 04:58:38,703 step  950  loss 1.6599  skip 0.24  lr 9.60e-05  depth_std 3.2428
2026-08-29 04:59:23,450 step 1000  loss 3.2123  skip 0.25  lr 9.50e-05  depth_std 30.9195
2026-08-29 05:00:07,735 step 1050  loss 1.4627  skip 0.26  lr 9.40e-05  depth_std 2.2917
2026-08-29 05:00:51,458 step 1100  loss 1.9363  skip 0.28  lr 9.29e-05  depth_std 39.3408
2026-08-29 05:01:34,712 step 1150  loss 1.4800  skip 0.29  lr 9.17e-05  depth_std 33.2641
2026-08-29 05:02:17,582 step 1200  loss 2.9415  skip 0.30  lr 9.05e-05  depth_std 32.5061
2026-08-29 05:02:59,882 step 1250  loss 2.3508  skip 0.31  lr 8.91e-05  depth_std 11.1252
2026-08-29 05:03:41,750 step 1300  loss 2.0178  skip 0.33  lr 8.77e-05  depth_std 7.5843
2026-08-29 05:04:22,996 step 1350  loss 1.4447  skip 0.34  lr 8.61e-05  depth_std 1.4627
2026-08-29 05:05:03,942 step 1400  loss 2.8622  skip 0.35  lr 8.46e-05  depth_std 28.6806
2026-08-29 05:05:44,463 step 1450  loss 2.1966  skip 0.36  lr 8.29e-05  depth_std 15.2095
2026-08-29 05:06:24,283 step 1500  loss 1.6356  skip 0.38  lr 8.12e-05  depth_std 29.0915
2026-08-29 05:07:03,811 step 1550  loss 2.9999  skip 0.39  lr 7.94e-05  depth_std 8.6290
2026-08-29 05:07:42,716 step 1600  loss 1.9141  skip 0.40  lr 7.75e-05  depth_std 11.4945
2026-08-29 05:08:21,129 step 1650  loss 3.9307  skip 0.41  lr 7.56e-05  depth_std 11.1615
2026-08-29 05:08:59,154 step 1700  loss 1.5405  skip 0.42  lr 7.37e-05  depth_std 5.0240
2026-08-29 05:09:36,575 step 1750  loss 2.6980  skip 0.44  lr 7.17e-05  depth_std 5.2232
2026-08-29 05:10:13,520 step 1800  loss 3.2621  skip 0.45  lr 6.97e-05  depth_std 26.1345
2026-08-29 05:10:49,930 step 1850  loss 2.0213  skip 0.46  lr 6.76e-05  depth_std 10.0914
2026-08-29 05:11:25,839 step 1900  loss 2.5182  skip 0.47  lr 6.55e-05  depth_std 28.7213
2026-08-29 05:12:01,273 step 1950  loss 4.0986  skip 0.49  lr 6.33e-05  depth_std 35.5463
2026-08-29 05:12:36,323 step 2000  loss 1.8957  skip 0.50  lr 6.11e-05  depth_std 24.7516
2026-08-29 05:13:11,053 step 2050  loss 3.1337  skip 0.50  lr 5.89e-05  depth_std 5.6723
2026-08-29 05:13:45,712 step 2100  loss 3.3363  skip 0.50  lr 5.67e-05  depth_std 53.8272
2026-08-29 05:14:20,554 step 2150  loss 2.3952  skip 0.50  lr 5.45e-05  depth_std 2.5276
2026-08-29 05:14:55,195 step 2200  loss 2.2578  skip 0.50  lr 5.22e-05  depth_std 8.9140
2026-08-29 05:15:29,859 step 2250  loss 1.9794  skip 0.50  lr 5.00e-05  depth_std 3.5852
2026-08-29 05:16:04,517 step 2300  loss 2.6167  skip 0.50  lr 4.78e-05  depth_std 29.3062
2026-08-29 05:16:39,190 step 2350  loss 4.2670  skip 0.50  lr 4.55e-05  depth_std 7.1364
2026-08-29 05:17:13,934 step 2400  loss 1.8239  skip 0.50  lr 4.33e-05  depth_std 1.8660
2026-08-29 05:17:48,614 step 2450  loss 1.4485  skip 0.50  lr 4.11e-05  depth_std 1.2310
2026-08-29 05:18:23,173 step 2500  loss 3.1153  skip 0.50  lr 3.89e-05  depth_std 37.9741
2026-08-29 05:18:57,813 step 2550  loss 0.6270  skip 0.50  lr 3.67e-05  depth_std 1.8222
2026-08-29 05:19:32,568 step 2600  loss 1.2270  skip 0.50  lr 3.45e-05  depth_std 1.6395
2026-08-29 05:20:07,260 step 2650  loss 2.3162  skip 0.50  lr 3.24e-05  depth_std 8.8553
2026-08-29 05:20:42,027 step 2700  loss 1.5888  skip 0.50  lr 3.03e-05  depth_std 17.6448
2026-08-29 05:21:16,767 step 2750  loss 2.1726  skip 0.50  lr 2.83e-05  depth_std 34.0109
2026-08-29 05:21:51,416 step 2800  loss 2.0802  skip 0.50  lr 2.63e-05  depth_std 1.8524
2026-08-29 05:22:26,155 step 2850  loss 0.9095  skip 0.50  lr 2.44e-05  depth_std 1.3202
2026-08-29 05:23:00,812 step 2900  loss 2.1799  skip 0.50  lr 2.25e-05  depth_std 5.8940
2026-08-29 05:23:35,561 step 2950  loss 3.1684  skip 0.50  lr 2.06e-05  depth_std 21.1674
2026-08-29 05:24:10,323 step 3000  loss 4.3398  skip 0.50  lr 1.88e-05  depth_std 5.3600
2026-08-29 05:24:45,011 step 3050  loss 2.0644  skip 0.50  lr 1.71e-05  depth_std 31.6042
2026-08-29 05:25:19,724 step 3100  loss 4.3938  skip 0.50  lr 1.54e-05  depth_std 2.1060
2026-08-29 05:25:54,374 step 3150  loss 2.4370  skip 0.50  lr 1.39e-05  depth_std 7.0652
2026-08-29 05:26:29,215 step 3200  loss 2.4797  skip 0.50  lr 1.23e-05  depth_std 9.9139
2026-08-29 05:27:03,901 step 3250  loss 0.7308  skip 0.50  lr 1.09e-05  depth_std 1.5824
2026-08-29 05:27:38,557 step 3300  loss 1.5304  skip 0.50  lr 9.55e-06  depth_std 24.0262
2026-08-29 05:28:13,246 step 3350  loss 0.7487  skip 0.50  lr 8.27e-06  depth_std 1.5396
2026-08-29 05:28:47,953 step 3400  loss 1.5624  skip 0.50  lr 7.08e-06  depth_std 28.1973
2026-08-29 05:29:22,821 step 3450  loss 1.6711  skip 0.50  lr 5.97e-06  depth_std 1.9890
2026-08-29 05:29:57,559 step 3500  loss 1.9394  skip 0.50  lr 4.95e-06  depth_std 30.0291
2026-08-29 05:30:32,151 step 3550  loss 0.6198  skip 0.50  lr 4.02e-06  depth_std 5.8503
2026-08-29 05:31:06,948 step 3600  loss 1.6894  skip 0.50  lr 3.19e-06  depth_std 33.1237
2026-08-29 05:31:41,611 step 3650  loss 1.9787  skip 0.50  lr 2.45e-06  depth_std 17.6136
2026-08-29 05:32:16,221 step 3700  loss 1.3547  skip 0.50  lr 1.80e-06  depth_std 33.0224
2026-08-29 05:32:51,004 step 3750  loss 4.6736  skip 0.50  lr 1.25e-06  depth_std 32.5245
2026-08-29 05:33:25,754 step 3800  loss 2.2490  skip 0.50  lr 8.04e-07  depth_std 12.1967
2026-08-29 05:34:00,398 step 3850  loss 1.3446  skip 0.50  lr 4.53e-07  depth_std 15.2600
2026-08-29 05:34:34,993 step 3900  loss 1.7738  skip 0.50  lr 2.01e-07  depth_std 13.9710
2026-08-29 05:35:09,653 step 3950  loss 1.5896  skip 0.50  lr 5.03e-08  depth_std 25.7565
2026-08-29 05:35:43,806 saved -> work_dirs/d0-control-s0/latest.pt
