2026-08-29 15:53:09,662 work dir: work_dirs/d1-boundary3-s0  seed 0  commit 1d4d01a6
2026-08-29 15:53:10,101 partial init from work_dirs/v11-longclip-spread-s0/latest.pt: 7 new tensors kept at init, 0 checkpoint tensors unused
2026-08-29 15:53:10,989 mixed dataset: 208720 clips from 5 sources (size 256)
2026-08-29 15:53:13,049 step    0  loss 3.5232  skip 0.00  lr 2.00e-07  depth_std 28.4354
2026-08-29 15:54:04,417 step   50  loss 2.9525  skip 0.01  lr 1.02e-05  depth_std 11.2673
2026-08-29 15:54:58,429 step  100  loss 3.3124  skip 0.03  lr 2.02e-05  depth_std 42.3612
2026-08-29 15:55:51,633 step  150  loss 5.8481  skip 0.04  lr 3.02e-05  depth_std 1.7212
2026-08-29 15:56:44,465 step  200  loss 8.4100  skip 0.05  lr 4.02e-05  depth_std 11.4392
2026-08-29 15:57:36,679 step  250  loss 4.9228  skip 0.06  lr 5.02e-05  depth_std 6.2384
2026-08-29 15:58:28,123 step  300  loss 2.2941  skip 0.07  lr 6.02e-05  depth_std 14.8544
2026-08-29 15:59:19,164 step  350  loss 2.6601  skip 0.09  lr 7.02e-05  depth_std 10.8237
2026-08-29 16:00:09,782 step  400  loss 5.3518  skip 0.10  lr 8.02e-05  depth_std 17.0117
2026-08-29 16:01:00,017 step  450  loss 3.3038  skip 0.11  lr 9.02e-05  depth_std 8.0607
2026-08-29 16:01:49,871 step  500  loss 4.5058  skip 0.12  lr 1.00e-04  depth_std 26.5252
2026-08-29 16:02:39,032 step  550  loss 3.3317  skip 0.14  lr 9.99e-05  depth_std 29.9262
2026-08-29 16:03:27,753 step  600  loss 3.5420  skip 0.15  lr 9.98e-05  depth_std 27.6235
2026-08-29 16:04:16,000 step  650  loss 5.7542  skip 0.16  lr 9.95e-05  depth_std 11.0572
2026-08-29 16:05:03,832 step  700  loss 2.8599  skip 0.17  lr 9.92e-05  depth_std 31.9964
2026-08-29 16:05:51,199 step  750  loss 3.1835  skip 0.19  lr 9.87e-05  depth_std 21.1735
2026-08-29 16:06:38,039 step  800  loss 2.5266  skip 0.20  lr 9.82e-05  depth_std 1.0116
2026-08-29 16:07:24,349 step  850  loss 1.9353  skip 0.21  lr 9.76e-05  depth_std 2.2179
2026-08-29 16:08:10,277 step  900  loss 1.6439  skip 0.23  lr 9.68e-05  depth_std 1.5138
2026-08-29 16:08:55,720 step  950  loss 5.2751  skip 0.24  lr 9.60e-05  depth_std 16.1345
2026-08-29 16:09:40,629 step 1000  loss 10.2340  skip 0.25  lr 9.50e-05  depth_std 31.9562
2026-08-29 16:10:25,065 step 1050  loss 3.4295  skip 0.26  lr 9.40e-05  depth_std 34.2768
2026-08-29 16:11:08,922 step 1100  loss 2.6597  skip 0.28  lr 9.29e-05  depth_std 21.4144
2026-08-29 16:11:52,196 step 1150  loss 3.5827  skip 0.29  lr 9.17e-05  depth_std 27.2091
2026-08-29 16:12:34,929 step 1200  loss 3.3572  skip 0.30  lr 9.05e-05  depth_std 9.0448
2026-08-29 16:13:17,360 step 1250  loss 4.1726  skip 0.31  lr 8.91e-05  depth_std 7.3872
2026-08-29 16:13:59,287 step 1300  loss 4.7505  skip 0.33  lr 8.77e-05  depth_std 14.8486
2026-08-29 16:14:40,740 step 1350  loss 2.4082  skip 0.34  lr 8.61e-05  depth_std 1.8387
2026-08-29 16:15:21,804 step 1400  loss 2.9829  skip 0.35  lr 8.46e-05  depth_std 16.5536
2026-08-29 16:16:02,394 step 1450  loss 3.9922  skip 0.36  lr 8.29e-05  depth_std 15.9406
2026-08-29 16:16:42,374 step 1500  loss 4.1251  skip 0.38  lr 8.12e-05  depth_std 2.0507
2026-08-29 16:17:21,988 step 1550  loss 4.6644  skip 0.39  lr 7.94e-05  depth_std 17.8226
2026-08-29 16:18:00,964 step 1600  loss 5.9183  skip 0.40  lr 7.75e-05  depth_std 17.8311
2026-08-29 16:18:39,510 step 1650  loss 2.0404  skip 0.41  lr 7.56e-05  depth_std 11.9837
2026-08-29 16:19:17,694 step 1700  loss 5.2799  skip 0.42  lr 7.37e-05  depth_std 7.8042
2026-08-29 16:19:55,202 step 1750  loss 5.2697  skip 0.44  lr 7.17e-05  depth_std 13.8167
2026-08-29 16:20:32,282 step 1800  loss 3.9068  skip 0.45  lr 6.97e-05  depth_std 26.7943
2026-08-29 16:21:08,777 step 1850  loss 4.2032  skip 0.46  lr 6.76e-05  depth_std 31.0218
2026-08-29 16:21:44,769 step 1900  loss 2.4150  skip 0.47  lr 6.55e-05  depth_std 1.8367
2026-08-29 16:22:20,359 step 1950  loss 3.0475  skip 0.49  lr 6.33e-05  depth_std 4.7097
2026-08-29 16:22:55,506 step 2000  loss 5.9559  skip 0.50  lr 6.11e-05  depth_std 17.8964
2026-08-29 16:23:30,411 step 2050  loss 2.7783  skip 0.50  lr 5.89e-05  depth_std 21.1587
2026-08-29 16:24:05,233 step 2100  loss 3.4327  skip 0.50  lr 5.67e-05  depth_std 18.6236
2026-08-29 16:24:40,249 step 2150  loss 2.0934  skip 0.50  lr 5.45e-05  depth_std 13.1814
2026-08-29 16:25:15,085 step 2200  loss 3.5564  skip 0.50  lr 5.22e-05  depth_std 38.1223
2026-08-29 16:25:50,008 step 2250  loss 2.1892  skip 0.50  lr 5.00e-05  depth_std 2.3328
2026-08-29 16:26:24,886 step 2300  loss 2.7740  skip 0.50  lr 4.78e-05  depth_std 37.0862
2026-08-29 16:26:59,748 step 2350  loss 3.6007  skip 0.50  lr 4.55e-05  depth_std 28.4056
2026-08-29 16:27:34,637 step 2400  loss 10.3787  skip 0.50  lr 4.33e-05  depth_std 32.7680
2026-08-29 16:28:09,463 step 2450  loss 7.5054  skip 0.50  lr 4.11e-05  depth_std 18.7852
2026-08-29 16:28:44,282 step 2500  loss 2.7821  skip 0.50  lr 3.89e-05  depth_std 11.2542
2026-08-29 16:29:19,122 step 2550  loss 2.1737  skip 0.50  lr 3.67e-05  depth_std 36.5122
2026-08-29 16:29:54,056 step 2600  loss 14.5762  skip 0.50  lr 3.45e-05  depth_std 2.3384
2026-08-29 16:30:28,957 step 2650  loss 3.0819  skip 0.50  lr 3.24e-05  depth_std 5.4803
2026-08-29 16:31:03,954 step 2700  loss 1.9396  skip 0.50  lr 3.03e-05  depth_std 3.5491
2026-08-29 16:31:38,849 step 2750  loss 1.9481  skip 0.50  lr 2.83e-05  depth_std 10.3444
2026-08-29 16:32:13,629 step 2800  loss 2.4899  skip 0.50  lr 2.63e-05  depth_std 13.2400
2026-08-29 16:32:48,588 step 2850  loss 4.7901  skip 0.50  lr 2.44e-05  depth_std 6.2773
2026-08-29 16:33:23,455 step 2900  loss 4.4851  skip 0.50  lr 2.25e-05  depth_std 13.0774
2026-08-29 16:33:58,326 step 2950  loss 4.1195  skip 0.50  lr 2.06e-05  depth_std 40.4422
2026-08-29 16:34:33,236 step 3000  loss 3.8966  skip 0.50  lr 1.88e-05  depth_std 0.9568
2026-08-29 16:35:08,243 step 3050  loss 3.5937  skip 0.50  lr 1.71e-05  depth_std 9.1785
2026-08-29 16:35:43,204 step 3100  loss 7.6617  skip 0.50  lr 1.54e-05  depth_std 36.8849
2026-08-29 16:36:17,902 step 3150  loss 3.3001  skip 0.50  lr 1.39e-05  depth_std 3.2494
2026-08-29 16:36:52,838 step 3200  loss 2.4706  skip 0.50  lr 1.23e-05  depth_std 3.9728
2026-08-29 16:37:27,699 step 3250  loss 3.2536  skip 0.50  lr 1.09e-05  depth_std 8.2458
2026-08-29 16:38:02,589 step 3300  loss 3.2250  skip 0.50  lr 9.55e-06  depth_std 30.0213
2026-08-29 16:38:37,419 step 3350  loss 3.0366  skip 0.50  lr 8.27e-06  depth_std 31.0741
2026-08-29 16:39:12,227 step 3400  loss 2.5575  skip 0.50  lr 7.08e-06  depth_std 16.2838
2026-08-29 16:39:47,109 step 3450  loss 1.5759  skip 0.50  lr 5.97e-06  depth_std 4.1977
2026-08-29 16:40:22,089 step 3500  loss 3.0373  skip 0.50  lr 4.95e-06  depth_std 1.5458
2026-08-29 16:40:56,894 step 3550  loss 5.9712  skip 0.50  lr 4.02e-06  depth_std 25.3383
2026-08-29 16:41:31,751 step 3600  loss 3.1810  skip 0.50  lr 3.19e-06  depth_std 37.0592
2026-08-29 16:42:06,578 step 3650  loss 4.6902  skip 0.50  lr 2.45e-06  depth_std 1.7382
2026-08-29 16:42:41,368 step 3700  loss 4.4391  skip 0.50  lr 1.80e-06  depth_std 27.1814
2026-08-29 16:43:16,288 step 3750  loss 3.7762  skip 0.50  lr 1.25e-06  depth_std 41.4729
2026-08-29 16:43:51,155 step 3800  loss 2.3426  skip 0.50  lr 8.04e-07  depth_std 2.7414
2026-08-29 16:44:25,970 step 3850  loss 2.4288  skip 0.50  lr 4.53e-07  depth_std 36.2336
2026-08-29 16:45:00,601 step 3900  loss 5.1349  skip 0.50  lr 2.01e-07  depth_std 16.6903
2026-08-29 16:45:35,454 step 3950  loss 4.7208  skip 0.50  lr 5.03e-08  depth_std 37.5760
2026-08-29 16:46:09,735 saved -> work_dirs/d1-boundary3-s0/latest.pt
