2026-09-03 17:06:31,631 work dir: work_dirs/m0-noleak-s0  seed 0  commit b751d365
2026-09-03 17:06:32,762 HTTP Request: HEAD https://huggingface.co/depth-anything/Depth-Anything-V2-Small-hf/resolve/main/config.json "HTTP/1.1 307 Temporary Redirect"
2026-09-03 17:06:32,763 Warning: You are sending unauthenticated requests to the HF Hub. Please set a HF_TOKEN to enable higher rate limits and faster downloads.
2026-09-03 17:06:32,769 HTTP Request: HEAD https://huggingface.co/api/resolve-cache/models/depth-anything/Depth-Anything-V2-Small-hf/5426e4f0f36572d16453bbda7a8389317b1bef99/config.json "HTTP/1.1 200 OK"
2026-09-03 17:06:33,103 Q teacher: work_dirs/q0-calib-s0/latest.pt (24.8M, frozen)
2026-09-03 17:06:33,971 mixed dataset: 208720 clips from 5 sources (size 256)
2026-09-03 17:06:37,276 step    0  loss 49.7859  skip 0.00  lr 6.00e-07  depth_std 0.0094
2026-09-03 17:08:19,222 step   50  loss 17.1500  skip 0.01  lr 3.06e-05  depth_std 0.2886
2026-09-03 17:10:01,055 step  100  loss 18.0640  skip 0.01  lr 6.06e-05  depth_std 1.1018
2026-09-03 17:11:42,959 step  150  loss 27.3488  skip 0.02  lr 9.06e-05  depth_std 1.0792
2026-09-03 17:13:24,935 step  200  loss 6.5475  skip 0.03  lr 1.21e-04  depth_std 1.8767
2026-09-03 17:15:06,238 step  250  loss 7.2775  skip 0.03  lr 1.51e-04  depth_std 1.4667
2026-09-03 17:16:47,660 step  300  loss 13.1196  skip 0.04  lr 1.81e-04  depth_std 1.7626
2026-09-03 17:18:28,804 step  350  loss 27.6793  skip 0.04  lr 2.11e-04  depth_std 1.3683
2026-09-03 17:20:09,406 step  400  loss 4.3280  skip 0.05  lr 2.41e-04  depth_std 0.6249
2026-09-03 17:21:49,626 step  450  loss 7.2548  skip 0.06  lr 2.71e-04  depth_std 2.1806
2026-09-03 17:23:29,104 step  500  loss 11.7637  skip 0.06  lr 3.00e-04  depth_std 0.4018
2026-09-03 17:25:08,229 step  550  loss 17.0725  skip 0.07  lr 3.00e-04  depth_std 0.5869
2026-09-03 17:26:46,640 step  600  loss 7.7565  skip 0.07  lr 3.00e-04  depth_std 1.7113
2026-09-03 17:28:24,542 step  650  loss 3.4444  skip 0.08  lr 3.00e-04  depth_std 1.0366
2026-09-03 17:30:01,839 step  700  loss 8.3818  skip 0.09  lr 2.99e-04  depth_std 0.9630
2026-09-03 17:31:38,757 step  750  loss 30.1522  skip 0.09  lr 2.99e-04  depth_std 1.2482
2026-09-03 17:33:15,544 step  800  loss 7.8459  skip 0.10  lr 2.99e-04  depth_std 1.2260
2026-09-03 17:34:51,873 step  850  loss 42.1854  skip 0.11  lr 2.98e-04  depth_std 2.0182
2026-09-03 17:36:27,732 step  900  loss 36.2190  skip 0.11  lr 2.98e-04  depth_std 0.5213
2026-09-03 17:38:03,293 step  950  loss 18.2056  skip 0.12  lr 2.97e-04  depth_std 1.4944
2026-09-03 17:39:38,301 step 1000  loss 6.6318  skip 0.12  lr 2.97e-04  depth_std 1.6333
2026-09-03 17:41:12,933 step 1050  loss 15.2161  skip 0.13  lr 2.96e-04  depth_std 1.4348
2026-09-03 17:42:46,991 step 1100  loss 21.2469  skip 0.14  lr 2.95e-04  depth_std 1.3924
2026-09-03 17:44:20,826 step 1150  loss 8.9936  skip 0.14  lr 2.94e-04  depth_std 0.6636
2026-09-03 17:45:54,055 step 1200  loss 3.6537  skip 0.15  lr 2.94e-04  depth_std 1.4016
2026-09-03 17:47:26,726 step 1250  loss 6.6080  skip 0.16  lr 2.93e-04  depth_std 1.4098
2026-09-03 17:48:59,102 step 1300  loss 69.9308  skip 0.16  lr 2.92e-04  depth_std 1.4681
2026-09-03 17:50:31,043 step 1350  loss 7.3216  skip 0.17  lr 2.91e-04  depth_std 1.2430
2026-09-03 17:52:02,751 step 1400  loss 11.5460  skip 0.17  lr 2.89e-04  depth_std 1.4210
2026-09-03 17:53:33,961 step 1450  loss 2.7601  skip 0.18  lr 2.88e-04  depth_std 1.2686
2026-09-03 17:55:04,693 step 1500  loss 18.5657  skip 0.19  lr 2.87e-04  depth_std 1.3542
2026-09-03 17:56:34,897 step 1550  loss 22.5590  skip 0.19  lr 2.86e-04  depth_std 0.8586
2026-09-03 17:58:04,931 step 1600  loss 4.7121  skip 0.20  lr 2.84e-04  depth_std 1.3534
2026-09-03 17:59:34,576 step 1650  loss 7.3134  skip 0.21  lr 2.83e-04  depth_std 1.2473
2026-09-03 18:01:03,834 step 1700  loss 8.7878  skip 0.21  lr 2.81e-04  depth_std 1.2475
2026-09-03 18:02:32,806 step 1750  loss 18.7176  skip 0.22  lr 2.80e-04  depth_std 1.1499
2026-09-03 18:04:01,292 step 1800  loss 13.4106  skip 0.23  lr 2.78e-04  depth_std 1.0842
2026-09-03 18:05:29,499 step 1850  loss 6.9897  skip 0.23  lr 2.77e-04  depth_std 1.6171
2026-09-03 18:06:57,142 step 1900  loss 12.8766  skip 0.24  lr 2.75e-04  depth_std 1.0259
2026-09-03 18:08:24,263 step 1950  loss 7.6607  skip 0.24  lr 2.73e-04  depth_std 0.6615
2026-09-03 18:09:51,568 step 2000  loss 15.5672  skip 0.25  lr 2.71e-04  depth_std 0.7915
2026-09-03 18:11:18,076 step 2050  loss 41.7260  skip 0.26  lr 2.69e-04  depth_std 1.4505
2026-09-03 18:12:44,070 step 2100  loss 4.6481  skip 0.26  lr 2.68e-04  depth_std 1.2686
2026-09-03 18:14:09,676 step 2150  loss 6.9871  skip 0.27  lr 2.66e-04  depth_std 1.0031
2026-09-03 18:15:34,973 step 2200  loss 11.7751  skip 0.28  lr 2.64e-04  depth_std 1.0321
2026-09-03 18:16:59,819 step 2250  loss 20.0672  skip 0.28  lr 2.61e-04  depth_std 0.6803
2026-09-03 18:18:24,309 step 2300  loss 5.4524  skip 0.29  lr 2.59e-04  depth_std 0.9813
2026-09-03 18:19:48,208 step 2350  loss 16.2400  skip 0.29  lr 2.57e-04  depth_std 0.5878
2026-09-03 18:21:11,775 step 2400  loss 37.9997  skip 0.30  lr 2.55e-04  depth_std 0.8446
2026-09-03 18:22:35,264 step 2450  loss 69.5851  skip 0.31  lr 2.53e-04  depth_std 0.7376
2026-09-03 18:23:58,342 step 2500  loss 9.6112  skip 0.31  lr 2.50e-04  depth_std 0.8093
2026-09-03 18:25:20,671 step 2550  loss 26.1101  skip 0.32  lr 2.48e-04  depth_std 0.7241
2026-09-03 18:26:42,890 step 2600  loss 11.6599  skip 0.33  lr 2.46e-04  depth_std 0.5186
2026-09-03 18:28:04,564 step 2650  loss 7.5641  skip 0.33  lr 2.43e-04  depth_std 0.5554
2026-09-03 18:29:26,113 step 2700  loss 27.1489  skip 0.34  lr 2.41e-04  depth_std 0.5680
2026-09-03 18:30:47,161 step 2750  loss 34.8732  skip 0.34  lr 2.38e-04  depth_std 0.5831
2026-09-03 18:32:07,823 step 2800  loss 8.4844  skip 0.35  lr 2.36e-04  depth_std 0.6522
2026-09-03 18:33:28,055 step 2850  loss 11.1574  skip 0.36  lr 2.33e-04  depth_std 0.6787
2026-09-03 18:34:48,078 step 2900  loss 8.7987  skip 0.36  lr 2.30e-04  depth_std 0.6465
2026-09-03 18:36:07,622 step 2950  loss 15.1354  skip 0.37  lr 2.28e-04  depth_std 0.5545
2026-09-03 18:37:26,915 step 3000  loss 10.2347  skip 0.38  lr 2.25e-04  depth_std 0.5885
2026-09-03 18:38:45,662 step 3050  loss 39.0146  skip 0.38  lr 2.22e-04  depth_std 0.5656
2026-09-03 18:40:04,151 step 3100  loss 5.5108  skip 0.39  lr 2.19e-04  depth_std 0.6954
2026-09-03 18:41:21,923 step 3150  loss 9.7935  skip 0.39  lr 2.17e-04  depth_std 0.7095
2026-09-03 18:42:39,559 step 3200  loss 8.4806  skip 0.40  lr 2.14e-04  depth_std 0.6695
2026-09-03 18:43:56,650 step 3250  loss 10.9605  skip 0.41  lr 2.11e-04  depth_std 0.8914
2026-09-03 18:45:13,508 step 3300  loss 10.2751  skip 0.41  lr 2.08e-04  depth_std 0.6920
2026-09-03 18:46:29,804 step 3350  loss 21.9984  skip 0.42  lr 2.05e-04  depth_std 0.8817
2026-09-03 18:47:45,857 step 3400  loss 7.3353  skip 0.42  lr 2.02e-04  depth_std 0.6241
2026-09-03 18:49:01,661 step 3450  loss 21.7532  skip 0.43  lr 1.99e-04  depth_std 0.6674
2026-09-03 18:50:17,128 step 3500  loss 4.8634  skip 0.44  lr 1.96e-04  depth_std 0.6558
2026-09-03 18:51:31,985 step 3550  loss 8.1407  skip 0.44  lr 1.93e-04  depth_std 0.5419
2026-09-03 18:52:46,610 step 3600  loss 8.7318  skip 0.45  lr 1.90e-04  depth_std 0.4761
2026-09-03 18:54:00,531 step 3650  loss 10.7388  skip 0.46  lr 1.87e-04  depth_std 0.5231
2026-09-03 18:55:13,782 step 3700  loss 10.2141  skip 0.46  lr 1.84e-04  depth_std 0.5510
2026-09-03 18:56:26,955 step 3750  loss 14.1311  skip 0.47  lr 1.81e-04  depth_std 0.6805
2026-09-03 18:57:39,576 step 3800  loss 24.2305  skip 0.47  lr 1.78e-04  depth_std 0.6773
2026-09-03 18:58:52,125 step 3850  loss 7.5827  skip 0.48  lr 1.75e-04  depth_std 0.6824
2026-09-03 19:00:04,025 step 3900  loss 10.3432  skip 0.49  lr 1.72e-04  depth_std 0.5528
2026-09-03 19:01:15,644 step 3950  loss 9.8698  skip 0.49  lr 1.69e-04  depth_std 0.7562
2026-09-03 19:02:27,005 step 4000  loss 4.5585  skip 0.50  lr 1.66e-04  depth_std 0.6338
2026-09-03 19:03:38,113 step 4050  loss 21.3346  skip 0.50  lr 1.63e-04  depth_std 0.6415
2026-09-03 19:04:48,993 step 4100  loss 13.7871  skip 0.50  lr 1.59e-04  depth_std 0.6236
2026-09-03 19:05:59,865 step 4150  loss 50.4185  skip 0.50  lr 1.56e-04  depth_std 0.5344
2026-09-03 19:07:11,128 step 4200  loss 8.0972  skip 0.50  lr 1.53e-04  depth_std 0.7399
2026-09-03 19:08:22,198 step 4250  loss 6.2476  skip 0.50  lr 1.50e-04  depth_std 0.6113
2026-09-03 19:09:33,357 step 4300  loss 7.3543  skip 0.50  lr 1.47e-04  depth_std 0.7396
2026-09-03 19:10:44,616 step 4350  loss 20.3074  skip 0.50  lr 1.44e-04  depth_std 1.0826
2026-09-03 19:11:55,802 step 4400  loss 8.5072  skip 0.50  lr 1.41e-04  depth_std 1.0596
2026-09-03 19:13:06,767 step 4450  loss 18.7040  skip 0.50  lr 1.37e-04  depth_std 1.1390
2026-09-03 19:14:18,236 step 4500  loss 8.6706  skip 0.50  lr 1.34e-04  depth_std 0.9653
2026-09-03 19:15:29,317 step 4550  loss 32.6201  skip 0.50  lr 1.31e-04  depth_std 0.8694
2026-09-03 19:16:40,521 step 4600  loss 10.2247  skip 0.50  lr 1.28e-04  depth_std 1.3267
2026-09-03 19:17:51,620 step 4650  loss 5.9809  skip 0.50  lr 1.25e-04  depth_std 1.2870
2026-09-03 19:19:02,984 step 4700  loss 5.1220  skip 0.50  lr 1.22e-04  depth_std 1.1046
2026-09-03 19:20:14,054 step 4750  loss 5.8459  skip 0.50  lr 1.19e-04  depth_std 1.1760
2026-09-03 19:21:25,205 step 4800  loss 10.0437  skip 0.50  lr 1.16e-04  depth_std 1.1006
2026-09-03 19:22:36,443 step 4850  loss 7.1839  skip 0.50  lr 1.13e-04  depth_std 1.4420
2026-09-03 19:23:47,682 step 4900  loss 8.2578  skip 0.50  lr 1.10e-04  depth_std 1.9499
2026-09-03 19:24:58,984 step 4950  loss 7.7705  skip 0.50  lr 1.07e-04  depth_std 2.2432
2026-09-03 19:26:10,044 step 5000  loss 5.0179  skip 0.50  lr 1.04e-04  depth_std 2.4035
2026-09-03 19:27:21,169 step 5050  loss 9.5080  skip 0.50  lr 1.01e-04  depth_std 1.1385
2026-09-03 19:28:32,238 step 5100  loss 18.3697  skip 0.50  lr 9.77e-05  depth_std 1.5530
2026-09-03 19:29:43,240 step 5150  loss 8.4566  skip 0.50  lr 9.48e-05  depth_std 2.0006
2026-09-03 19:30:54,483 step 5200  loss 21.0298  skip 0.50  lr 9.19e-05  depth_std 2.4699
2026-09-03 19:32:05,474 step 5250  loss 22.2647  skip 0.50  lr 8.90e-05  depth_std 0.6578
2026-09-03 19:33:16,622 step 5300  loss 17.9034  skip 0.50  lr 8.61e-05  depth_std 1.9346
2026-09-03 19:34:27,889 step 5350  loss 6.4053  skip 0.50  lr 8.33e-05  depth_std 2.3045
2026-09-03 19:35:38,945 step 5400  loss 6.8447  skip 0.50  lr 8.05e-05  depth_std 1.6493
2026-09-03 19:36:50,284 step 5450  loss 6.4443  skip 0.50  lr 7.77e-05  depth_std 3.5874
2026-09-03 19:38:01,376 step 5500  loss 7.2020  skip 0.50  lr 7.50e-05  depth_std 3.3233
2026-09-03 19:39:12,425 step 5550  loss 6.4519  skip 0.50  lr 7.23e-05  depth_std 1.5573
2026-09-03 19:40:23,635 step 5600  loss 7.4155  skip 0.50  lr 6.96e-05  depth_std 3.4003
2026-09-03 19:41:34,699 step 5650  loss 8.3590  skip 0.50  lr 6.70e-05  depth_std 4.1570
2026-09-03 19:42:45,840 step 5700  loss 9.1592  skip 0.50  lr 6.44e-05  depth_std 3.1195
2026-09-03 19:43:56,823 step 5750  loss 16.8027  skip 0.50  lr 6.18e-05  depth_std 4.2411
2026-09-03 19:45:07,917 step 5800  loss 8.3669  skip 0.50  lr 5.93e-05  depth_std 1.6307
2026-09-03 19:46:18,920 step 5850  loss 10.0108  skip 0.50  lr 5.68e-05  depth_std 5.6519
2026-09-03 19:47:30,064 step 5900  loss 6.4219  skip 0.50  lr 5.44e-05  depth_std 4.9293
2026-09-03 19:48:41,199 step 5950  loss 23.7398  skip 0.50  lr 5.20e-05  depth_std 3.4456
2026-09-03 19:49:52,477 step 6000  loss 32.2504  skip 0.50  lr 4.96e-05  depth_std 0.5367
2026-09-03 19:51:03,654 step 6050  loss 12.0654  skip 0.50  lr 4.73e-05  depth_std 2.8622
2026-09-03 19:52:14,745 step 6100  loss 2.5672  skip 0.50  lr 4.51e-05  depth_std 1.0517
2026-09-03 19:53:25,868 step 6150  loss 4.3070  skip 0.50  lr 4.28e-05  depth_std 3.5449
2026-09-03 19:54:36,800 step 6200  loss 4.9321  skip 0.50  lr 4.07e-05  depth_std 3.9379
2026-09-03 19:55:47,775 step 6250  loss 26.8079  skip 0.50  lr 3.85e-05  depth_std 4.6080
2026-09-03 19:56:58,738 step 6300  loss 7.0360  skip 0.50  lr 3.65e-05  depth_std 3.5902
2026-09-03 19:58:09,832 step 6350  loss 10.6124  skip 0.50  lr 3.44e-05  depth_std 3.1250
2026-09-03 19:59:20,838 step 6400  loss 6.6866  skip 0.50  lr 3.24e-05  depth_std 4.0285
2026-09-03 20:00:31,839 step 6450  loss 8.4324  skip 0.50  lr 3.05e-05  depth_std 4.7143
2026-09-03 20:01:43,061 step 6500  loss 4.8398  skip 0.50  lr 2.86e-05  depth_std 1.6456
2026-09-03 20:02:54,011 step 6550  loss 8.4110  skip 0.50  lr 2.68e-05  depth_std 1.5581
2026-09-03 20:04:04,894 step 6600  loss 5.9396  skip 0.50  lr 2.51e-05  depth_std 4.7937
2026-09-03 20:05:16,041 step 6650  loss 11.5096  skip 0.50  lr 2.34e-05  depth_std 1.6932
2026-09-03 20:06:27,351 step 6700  loss 27.9056  skip 0.50  lr 2.17e-05  depth_std 2.7321
2026-09-03 20:07:38,507 step 6750  loss 7.0108  skip 0.50  lr 2.01e-05  depth_std 3.6506
2026-09-03 20:08:49,593 step 6800  loss 20.2904  skip 0.50  lr 1.86e-05  depth_std 3.0906
2026-09-03 20:10:00,480 step 6850  loss 6.3337  skip 0.50  lr 1.71e-05  depth_std 3.8329
2026-09-03 20:11:11,394 step 6900  loss 18.6153  skip 0.50  lr 1.56e-05  depth_std 4.6449
2026-09-03 20:12:22,461 step 6950  loss 7.0937  skip 0.50  lr 1.43e-05  depth_std 3.9586
2026-09-03 20:13:33,483 step 7000  loss 8.8510  skip 0.50  lr 1.30e-05  depth_std 3.7990
2026-09-03 20:14:44,603 step 7050  loss 15.8146  skip 0.50  lr 1.17e-05  depth_std 1.5073
2026-09-03 20:15:55,969 step 7100  loss 7.6873  skip 0.50  lr 1.05e-05  depth_std 2.8224
2026-09-03 20:17:07,028 step 7150  loss 10.3946  skip 0.50  lr 9.41e-06  depth_std 4.1188
2026-09-03 20:18:17,995 step 7200  loss 5.1055  skip 0.50  lr 8.34e-06  depth_std 1.0332
2026-09-03 20:19:29,017 step 7250  loss 12.6284  skip 0.50  lr 7.34e-06  depth_std 4.9003
2026-09-03 20:20:40,393 step 7300  loss 7.1778  skip 0.50  lr 6.40e-06  depth_std 4.6200
2026-09-03 20:21:51,411 step 7350  loss 6.4391  skip 0.50  lr 5.53e-06  depth_std 1.5834
2026-09-03 20:23:02,453 step 7400  loss 4.7176  skip 0.50  lr 4.71e-06  depth_std 4.4496
2026-09-03 20:24:13,615 step 7450  loss 8.3561  skip 0.50  lr 3.96e-06  depth_std 3.4593
2026-09-03 20:25:24,705 step 7500  loss 6.3411  skip 0.50  lr 3.28e-06  depth_std 3.7187
2026-09-03 20:26:35,854 step 7550  loss 80.9054  skip 0.50  lr 2.66e-06  depth_std 3.9339
2026-09-03 20:27:46,831 step 7600  loss 5.3693  skip 0.50  lr 2.10e-06  depth_std 1.7130
2026-09-03 20:28:57,642 step 7650  loss 5.4905  skip 0.50  lr 1.61e-06  depth_std 3.6403
2026-09-03 20:30:08,548 step 7700  loss 7.7979  skip 0.50  lr 1.18e-06  depth_std 1.9256
2026-09-03 20:31:19,704 step 7750  loss 103.4630  skip 0.50  lr 8.22e-07  depth_std 1.6127
2026-09-03 20:32:30,734 step 7800  loss 13.9819  skip 0.50  lr 5.26e-07  depth_std 3.3448
2026-09-03 20:33:41,773 step 7850  loss 5.0631  skip 0.50  lr 2.96e-07  depth_std 1.8182
2026-09-03 20:34:53,096 step 7900  loss 12.1663  skip 0.50  lr 1.32e-07  depth_std 3.0401
2026-09-03 20:36:04,243 step 7950  loss 10.2460  skip 0.50  lr 3.29e-08  depth_std 1.9412
2026-09-03 20:37:14,303 saved -> work_dirs/m0-noleak-s0/latest.pt
