2026-07-13 09:11:12,886 work dir: work_dirs/main
2026-07-13 09:11:14,297 mixed dataset: 160973 clips from 3 sources
2026-07-13 09:11:15,570 step    0  loss 1.2548  skip 0.00
2026-07-13 09:11:37,860 step   50  loss 1.7722  skip 0.00
2026-07-13 09:11:59,760 step  100  loss 0.9636  skip 0.00
2026-07-13 09:12:20,340 step  150  loss 0.9554  skip 0.00
2026-07-13 09:12:42,887 step  200  loss 1.4807  skip 0.00
2026-07-13 09:13:05,474 step  250  loss 4.9887  skip 0.00
2026-07-13 09:13:15,747 work dir: work_dirs/main
2026-07-13 09:13:16,284 resumed from work_dirs/main/latest.pt (legacy format, step 0)
2026-07-13 09:13:16,903 mixed dataset: 160973 clips from 3 sources
2026-07-13 09:13:18,604 step    0  loss 1.0542  skip 0.00
2026-07-13 09:13:38,912 step   50  loss 0.9638  skip 0.00
2026-07-13 09:13:57,766 step  100  loss 0.3892  skip 0.00
2026-07-13 09:14:19,036 step  150  loss 1.6583  skip 0.00
2026-07-13 09:14:40,058 step  200  loss 2.0237  skip 0.00
2026-07-13 09:15:01,432 step  250  loss 3.6441  skip 0.00
2026-07-13 09:15:22,645 step  300  loss 1.0474  skip 0.00
2026-07-13 09:15:41,203 step  350  loss 0.6126  skip 0.00
2026-07-13 09:16:04,386 step  400  loss 1.5238  skip 0.00
2026-07-13 09:16:24,248 step  450  loss 0.3521  skip 0.00
2026-07-13 09:16:46,730 step  500  loss 0.3119  skip 0.01
2026-07-13 09:17:11,179 step  550  loss 1.2138  skip 0.01
2026-07-13 09:17:30,739 step  600  loss 1.7930  skip 0.01
2026-07-13 09:17:52,629 step  650  loss 0.5079  skip 0.01
2026-07-13 09:18:10,334 step  700  loss 0.6575  skip 0.01
2026-07-13 09:18:35,249 step  750  loss 0.3062  skip 0.01
2026-07-13 09:18:53,700 step  800  loss 0.9395  skip 0.01
2026-07-13 09:19:17,437 step  850  loss 0.4497  skip 0.01
2026-07-13 09:19:39,446 step  900  loss 0.4355  skip 0.01
2026-07-13 09:19:57,090 step  950  loss 0.3198  skip 0.01
2026-07-13 09:20:21,866 step 1000  loss 3.2592  skip 0.01
2026-07-13 09:20:45,042 step 1050  loss 2.8883  skip 0.01
2026-07-13 09:21:04,080 step 1100  loss 0.3427  skip 0.01
2026-07-13 09:21:27,028 step 1150  loss 2.4582  skip 0.01
2026-07-13 09:21:45,135 step 1200  loss 0.6260  skip 0.01
2026-07-13 09:22:09,028 step 1250  loss 1.1455  skip 0.01
2026-07-13 09:22:28,134 step 1300  loss 1.4672  skip 0.01
2026-07-13 09:22:48,609 step 1350  loss 1.1491  skip 0.01
2026-07-13 09:23:10,679 step 1400  loss 0.5831  skip 0.01
2026-07-13 09:23:28,889 step 1450  loss 0.2171  skip 0.01
2026-07-13 09:23:52,270 step 1500  loss 0.2078  skip 0.01
2026-07-13 09:24:15,098 step 1550  loss 1.3898  skip 0.02
2026-07-13 09:24:34,764 step 1600  loss 1.9332  skip 0.02
2026-07-13 09:24:56,973 step 1650  loss 3.7089  skip 0.02
2026-07-13 09:25:14,888 step 1700  loss 1.0710  skip 0.02
2026-07-13 09:25:34,948 step 1750  loss 0.4985  skip 0.02
2026-07-13 09:25:54,217 step 1800  loss 1.0830  skip 0.02
2026-07-13 09:26:19,351 step 1850  loss 1.0631  skip 0.02
2026-07-13 09:26:40,705 step 1900  loss 1.9103  skip 0.02
2026-07-13 09:26:58,342 step 1950  loss 0.6018  skip 0.02
2026-07-13 09:27:20,814 step 2000  loss 0.3508  skip 0.02
2026-07-13 09:27:37,813 step 2050  loss 2.3045  skip 0.02
2026-07-13 09:27:59,681 step 2100  loss 0.2525  skip 0.02
2026-07-13 09:28:19,738 step 2150  loss 2.1866  skip 0.02
2026-07-13 09:28:38,355 step 2200  loss 1.6379  skip 0.02
2026-07-13 09:28:54,623 step 2250  loss 1.0877  skip 0.02
2026-07-13 09:29:18,672 step 2300  loss 0.7095  skip 0.02
2026-07-13 09:29:39,044 step 2350  loss 1.3185  skip 0.02
2026-07-13 09:29:55,158 step 2400  loss 0.4158  skip 0.02
2026-07-13 09:30:18,743 step 2450  loss 5.4273  skip 0.02
2026-07-13 09:30:34,733 step 2500  loss 0.9997  skip 0.03
2026-07-13 09:30:56,335 step 2550  loss 1.2407  skip 0.03
2026-07-13 09:31:14,839 step 2600  loss 0.4223  skip 0.03
2026-07-13 09:31:35,475 step 2650  loss 2.8219  skip 0.03
2026-07-13 09:31:52,108 step 2700  loss 1.0697  skip 0.03
2026-07-13 09:32:10,418 step 2750  loss 1.6744  skip 0.03
2026-07-13 09:32:31,453 step 2800  loss 2.6079  skip 0.03
2026-07-13 09:32:47,898 step 2850  loss 0.4407  skip 0.03
2026-07-13 09:33:09,224 step 2900  loss 0.5904  skip 0.03
2026-07-13 09:33:25,698 step 2950  loss 0.6059  skip 0.03
2026-07-13 09:33:45,607 step 3000  loss 0.7941  skip 0.03
2026-07-13 09:34:00,232 step 3050  loss 0.9037  skip 0.03
2026-07-13 09:34:21,900 step 3100  loss 0.9219  skip 0.03
2026-07-13 09:34:38,165 step 3150  loss 0.6650  skip 0.03
2026-07-13 09:34:59,962 step 3200  loss 1.4658  skip 0.03
2026-07-13 09:35:16,784 step 3250  loss 3.1784  skip 0.03
2026-07-13 09:35:37,326 step 3300  loss 0.9803  skip 0.03
2026-07-13 09:35:54,572 step 3350  loss 5.2838  skip 0.03
2026-07-13 09:36:17,191 step 3400  loss 0.9424  skip 0.03
2026-07-13 09:36:35,178 step 3450  loss 2.9616  skip 0.03
2026-07-13 09:36:53,752 step 3500  loss 0.9129  skip 0.04
2026-07-13 09:37:15,409 step 3550  loss 0.3901  skip 0.04
2026-07-13 09:37:33,873 step 3600  loss 0.9744  skip 0.04
2026-07-13 09:37:52,621 step 3650  loss 0.4873  skip 0.04
2026-07-13 09:38:09,684 step 3700  loss 1.4965  skip 0.04
2026-07-13 09:38:32,357 step 3750  loss 0.5067  skip 0.04
2026-07-13 09:38:48,442 step 3800  loss 0.7671  skip 0.04
2026-07-13 09:39:04,455 step 3850  loss 0.5999  skip 0.04
2026-07-14 15:13:51,425 work dir: work_dirs/main
2026-07-14 15:13:51,976 resumed from work_dirs/main/latest.pt at step 2000
2026-07-14 15:13:52,589 mixed dataset: 160973 clips from 3 sources
2026-07-14 15:13:55,841 step 2000  loss 1.6867  skip 0.02
2026-07-14 15:14:09,490 step 2050  loss 0.6006  skip 0.02
2026-07-14 15:14:24,264 step 2100  loss 1.3800  skip 0.02
2026-07-14 15:14:39,619 step 2150  loss 0.4989  skip 0.02
2026-07-14 15:14:53,655 step 2200  loss 0.3337  skip 0.02
2026-07-14 15:15:10,912 step 2250  loss 1.8351  skip 0.02
2026-07-14 15:15:26,616 step 2300  loss 2.0446  skip 0.02
2026-07-14 15:15:41,856 step 2350  loss 3.2399  skip 0.02
2026-07-14 15:15:56,597 step 2400  loss 3.4367  skip 0.02
2026-07-14 15:16:10,758 step 2450  loss 0.6844  skip 0.02
2026-07-14 15:16:26,840 step 2500  loss 0.7566  skip 0.03
2026-07-14 15:16:41,575 step 2550  loss 0.5512  skip 0.03
2026-07-14 15:16:58,434 step 2600  loss 3.3482  skip 0.03
2026-07-14 15:17:11,514 step 2650  loss 3.1564  skip 0.03
2026-07-14 15:17:26,916 step 2700  loss 6.3850  skip 0.03
2026-07-14 15:17:44,045 step 2750  loss 3.0909  skip 0.03
2026-07-14 15:17:57,677 step 2800  loss 0.7472  skip 0.03
2026-07-14 15:18:16,280 step 2850  loss 3.2575  skip 0.03
2026-07-14 15:18:30,381 step 2900  loss 2.2706  skip 0.03
2026-07-14 15:18:50,283 step 2950  loss 0.5678  skip 0.03
2026-07-14 15:19:02,753 step 3000  loss 2.1004  skip 0.03
2026-07-14 15:19:25,027 step 3050  loss 0.9001  skip 0.03
2026-07-14 15:19:38,176 step 3100  loss 2.3071  skip 0.03
2026-07-14 15:19:54,250 step 3150  loss 3.9617  skip 0.03
2026-07-14 15:20:10,976 step 3200  loss 0.6185  skip 0.03
2026-07-14 15:20:25,263 step 3250  loss 1.5699  skip 0.03
2026-07-14 15:20:43,178 step 3300  loss 1.0382  skip 0.03
2026-07-14 15:20:59,630 step 3350  loss 0.7812  skip 0.03
2026-07-14 15:21:18,302 step 3400  loss 4.1267  skip 0.03
2026-07-14 15:21:32,287 step 3450  loss 0.4528  skip 0.03
2026-07-14 15:21:50,259 step 3500  loss 1.0186  skip 0.04
2026-07-14 15:22:03,696 step 3550  loss 0.8957  skip 0.04
2026-07-14 15:22:24,912 step 3600  loss 0.9988  skip 0.04
2026-07-14 15:22:38,916 step 3650  loss 1.8196  skip 0.04
2026-07-14 15:22:55,877 step 3700  loss 1.4019  skip 0.04
2026-07-14 15:23:09,094 step 3750  loss 1.4391  skip 0.04
2026-07-14 15:23:27,584 step 3800  loss 1.0575  skip 0.04
2026-07-14 15:23:43,455 step 3850  loss 2.1825  skip 0.04
2026-07-14 15:23:56,954 step 3900  loss 0.6453  skip 0.04
2026-07-14 15:24:10,449 step 3950  loss 0.8496  skip 0.04
2026-07-14 15:24:25,936 step 4000  loss 0.3106  skip 0.04
2026-07-14 15:24:49,043 step 4050  loss 0.6359  skip 0.04
2026-07-14 15:25:03,255 step 4100  loss 3.4564  skip 0.04
2026-07-14 15:25:23,098 step 4150  loss 0.4044  skip 0.04
2026-07-14 15:25:37,269 step 4200  loss 0.8695  skip 0.04
2026-07-14 15:25:56,630 step 4250  loss 2.0918  skip 0.04
2026-07-14 15:26:09,861 step 4300  loss 0.6812  skip 0.04
2026-07-14 15:26:26,109 step 4350  loss 1.1660  skip 0.04
2026-07-14 15:26:38,687 step 4400  loss 0.5481  skip 0.04
2026-07-14 15:26:54,025 step 4450  loss 1.8402  skip 0.04
2026-07-14 15:27:10,821 step 4500  loss 3.0102  skip 0.04
2026-07-14 15:27:23,668 step 4550  loss 0.9969  skip 0.05
2026-07-14 15:27:42,164 step 4600  loss 1.0909  skip 0.05
2026-07-14 15:27:55,433 step 4650  loss 1.0168  skip 0.05
2026-07-14 15:28:13,982 step 4700  loss 0.2258  skip 0.05
2026-07-14 15:28:26,605 step 4750  loss 0.6465  skip 0.05
2026-07-14 15:28:43,287 step 4800  loss 3.6383  skip 0.05
2026-07-14 15:28:58,909 step 4850  loss 0.6897  skip 0.05
2026-07-14 15:29:14,035 step 4900  loss 0.8514  skip 0.05
2026-07-14 15:29:30,711 step 4950  loss 0.6710  skip 0.05
2026-07-14 15:29:43,615 step 5000  loss 0.6822  skip 0.05
2026-07-14 15:30:02,271 step 5050  loss 6.4385  skip 0.05
2026-07-14 15:30:14,922 step 5100  loss 1.2402  skip 0.05
2026-07-14 15:30:32,007 step 5150  loss 1.8190  skip 0.05
2026-07-14 15:30:46,658 step 5200  loss 0.2912  skip 0.05
2026-07-14 15:30:59,169 step 5250  loss 1.4305  skip 0.05
2026-07-14 15:31:16,593 step 5300  loss 0.7417  skip 0.05
2026-07-14 15:31:29,064 step 5350  loss 1.0701  skip 0.05
2026-07-14 15:31:47,745 step 5400  loss 0.2689  skip 0.05
2026-07-14 15:32:01,706 step 5450  loss 1.1702  skip 0.05
2026-07-14 15:32:19,236 step 5500  loss 0.2398  skip 0.06
2026-07-14 15:32:33,699 step 5550  loss 0.9984  skip 0.06
2026-07-14 15:32:47,417 step 5600  loss 3.1266  skip 0.06
2026-07-14 15:33:03,582 step 5650  loss 0.7846  skip 0.06
2026-07-14 15:33:17,192 step 5700  loss 1.6069  skip 0.06
2026-07-14 15:33:36,456 step 5750  loss 0.3106  skip 0.06
2026-07-14 15:33:51,225 step 5800  loss 1.8309  skip 0.06
2026-07-14 15:34:04,164 step 5850  loss 0.3261  skip 0.06
2026-07-14 15:34:17,277 step 5900  loss 0.2258  skip 0.06
2026-07-14 15:34:35,827 step 5950  loss 0.4772  skip 0.06
2026-07-14 15:34:48,568 step 6000  loss 4.8836  skip 0.06
2026-07-14 15:35:05,324 step 6050  loss 1.6564  skip 0.06
2026-07-14 15:35:19,752 step 6100  loss 3.1253  skip 0.06
2026-07-14 15:35:33,832 step 6150  loss 1.5686  skip 0.06
2026-07-14 15:35:53,155 step 6200  loss 0.4193  skip 0.06
2026-07-14 15:36:06,208 step 6250  loss 1.1410  skip 0.06
2026-07-14 15:36:18,725 step 6300  loss 0.6669  skip 0.06
2026-07-14 15:36:35,065 step 6350  loss 0.3102  skip 0.06
2026-07-14 15:36:47,593 step 6400  loss 2.3517  skip 0.06
2026-07-14 15:37:03,956 step 6450  loss 0.4320  skip 0.06
2026-07-14 15:37:19,110 step 6500  loss 1.4019  skip 0.07
2026-07-14 15:37:31,627 step 6550  loss 0.8221  skip 0.07
2026-07-14 15:37:50,005 step 6600  loss 0.2807  skip 0.07
2026-07-14 15:38:02,786 step 6650  loss 2.2500  skip 0.07
2026-07-14 15:38:22,113 step 6700  loss 0.2222  skip 0.07
2026-07-14 15:38:35,432 step 6750  loss 1.2269  skip 0.07
2026-07-14 15:38:53,415 step 6800  loss 1.3156  skip 0.07
2026-07-14 15:39:06,605 step 6850  loss 0.6422  skip 0.07
2026-07-14 15:39:21,160 step 6900  loss 1.0740  skip 0.07
2026-07-14 15:39:36,300 step 6950  loss 1.5452  skip 0.07
2026-07-14 15:39:49,460 step 7000  loss 0.7496  skip 0.07
2026-07-14 15:40:07,203 step 7050  loss 3.6961  skip 0.07
2026-07-14 15:40:19,723 step 7100  loss 1.4077  skip 0.07
2026-07-14 15:40:34,872 step 7150  loss 1.1327  skip 0.07
2026-07-14 15:40:50,579 step 7200  loss 0.6766  skip 0.07
2026-07-14 15:41:03,051 step 7250  loss 1.2874  skip 0.07
2026-07-14 15:41:19,871 step 7300  loss 0.6049  skip 0.07
2026-07-14 15:41:32,526 step 7350  loss 0.6784  skip 0.07
2026-07-14 15:41:47,333 step 7400  loss 0.8610  skip 0.07
2026-07-14 15:42:02,383 step 7450  loss 1.3924  skip 0.07
2026-07-14 15:42:15,281 step 7500  loss 1.2202  skip 0.07
