2026-07-10 04:25:06,673 work dir: work_dirs/main
2026-07-10 04:25:07,826 mixed dataset: 160973 clips from 3 sources
2026-07-10 04:25:12,982 step    0  loss 4.7275  skip 0.00
2026-07-10 04:25:36,020 step   50  loss 1.5761  skip 0.00
2026-07-10 04:26:18,174 step  100  loss 1.5921  skip 0.00
2026-07-10 04:26:52,423 step  150  loss 3.8138  skip 0.00
2026-07-10 04:27:27,072 step  200  loss 2.0608  skip 0.00
2026-07-10 04:27:55,677 step  250  loss 2.3435  skip 0.00
2026-07-10 04:28:31,986 step  300  loss 1.0981  skip 0.00
2026-07-10 04:29:14,726 step  350  loss 2.8184  skip 0.00
2026-07-10 04:29:49,831 step  400  loss 2.0152  skip 0.00
2026-07-10 04:30:21,486 step  450  loss 2.0499  skip 0.00
2026-07-10 04:31:11,428 step  500  loss 1.0258  skip 0.01
2026-07-10 04:31:55,882 step  550  loss 2.2038  skip 0.01
2026-07-10 04:32:31,220 step  600  loss 1.2330  skip 0.01
2026-07-10 04:32:58,634 step  650  loss 1.2070  skip 0.01
2026-07-10 04:33:44,307 step  700  loss 0.9146  skip 0.01
2026-07-10 04:34:27,851 step  750  loss 5.1890  skip 0.01
2026-07-10 04:35:14,176 step  800  loss 1.1271  skip 0.01
2026-07-10 04:35:37,821 step  850  loss 2.1360  skip 0.01
2026-07-10 04:36:10,941 step  900  loss 3.0153  skip 0.01
2026-07-10 04:36:30,658 step  950  loss 3.4201  skip 0.01
2026-07-10 04:37:08,471 step 1000  loss 1.1874  skip 0.01
2026-07-10 04:37:30,256 step 1050  loss 1.3884  skip 0.01
2026-07-10 04:38:06,299 step 1100  loss 1.0036  skip 0.01
2026-07-10 04:38:39,032 step 1150  loss 2.9452  skip 0.01
2026-07-10 04:39:01,544 step 1200  loss 0.5797  skip 0.01
2026-07-10 04:39:38,202 step 1250  loss 3.7262  skip 0.01
2026-07-10 04:40:19,375 step 1300  loss 0.9380  skip 0.01
2026-07-10 04:40:49,963 step 1350  loss 0.9682  skip 0.01
2026-07-10 04:41:19,122 step 1400  loss 0.9078  skip 0.01
2026-07-10 04:41:57,601 step 1450  loss 1.5394  skip 0.01
2026-07-10 04:42:16,123 step 1500  loss 1.2218  skip 0.01
2026-07-10 04:42:41,085 step 1550  loss 4.8049  skip 0.02
2026-07-10 04:43:12,844 step 1600  loss 6.2284  skip 0.02
2026-07-10 04:43:59,879 step 1650  loss 0.8146  skip 0.02
2026-07-10 04:44:37,693 step 1700  loss 0.9511  skip 0.02
2026-07-10 04:45:17,398 step 1750  loss 0.8975  skip 0.02
2026-07-10 04:45:41,268 step 1800  loss 2.3656  skip 0.02
2026-07-10 04:46:05,579 step 1850  loss 2.8278  skip 0.02
2026-07-10 04:46:32,594 step 1900  loss 1.6760  skip 0.02
2026-07-10 04:47:12,160 step 1950  loss 1.0699  skip 0.02
2026-07-10 04:47:49,635 step 2000  loss 0.8785  skip 0.02
2026-07-10 04:48:06,925 step 2050  loss 3.4133  skip 0.02
2026-07-10 04:48:58,385 step 2100  loss 0.9445  skip 0.02
2026-07-10 04:49:35,998 step 2150  loss 3.3071  skip 0.02
2026-07-10 04:50:02,593 step 2200  loss 1.7297  skip 0.02
2026-07-10 04:50:30,047 step 2250  loss 1.8863  skip 0.02
2026-07-10 04:50:59,695 step 2300  loss 3.6375  skip 0.02
2026-07-10 04:51:36,974 step 2350  loss 2.8636  skip 0.02
2026-07-10 04:52:01,409 step 2400  loss 0.7795  skip 0.02
2026-07-10 04:52:35,751 step 2450  loss 1.9911  skip 0.02
2026-07-10 04:52:55,891 step 2500  loss 2.5504  skip 0.03
2026-07-10 04:53:22,321 step 2550  loss 0.8875  skip 0.03
2026-07-10 04:53:40,056 step 2600  loss 1.6245  skip 0.03
2026-07-10 04:54:18,267 step 2650  loss 1.2137  skip 0.03
2026-07-10 04:54:55,856 step 2700  loss 2.1345  skip 0.03
2026-07-10 04:55:24,025 step 2750  loss 1.6792  skip 0.03
2026-07-10 04:55:55,555 step 2800  loss 0.6146  skip 0.03
2026-07-10 04:56:21,090 step 2850  loss 1.9241  skip 0.03
2026-07-10 04:56:56,616 step 2900  loss 1.6850  skip 0.03
2026-07-10 04:57:19,401 step 2950  loss 0.8179  skip 0.03
2026-07-10 04:57:57,028 step 3000  loss 0.5531  skip 0.03
2026-07-10 04:58:40,842 step 3050  loss 2.8539  skip 0.03
2026-07-10 04:59:20,885 step 3100  loss 2.8249  skip 0.03
2026-07-10 04:59:42,219 step 3150  loss 0.8712  skip 0.03
2026-07-10 05:00:15,342 step 3200  loss 1.1116  skip 0.03
2026-07-10 05:00:55,179 step 3250  loss 2.2463  skip 0.03
2026-07-10 05:01:33,830 step 3300  loss 2.9686  skip 0.03
2026-07-10 05:01:59,377 step 3350  loss 0.4814  skip 0.03
2026-07-10 05:02:17,655 step 3400  loss 1.3812  skip 0.03
2026-07-10 05:02:51,238 step 3450  loss 1.3098  skip 0.03
2026-07-10 05:03:28,636 step 3500  loss 1.3269  skip 0.04
2026-07-10 05:03:55,628 step 3550  loss 0.7296  skip 0.04
2026-07-10 05:04:27,117 step 3600  loss 1.0734  skip 0.04
2026-07-10 05:04:54,523 step 3650  loss 0.8178  skip 0.04
2026-07-10 05:05:19,529 step 3700  loss 2.4497  skip 0.04
2026-07-10 05:05:52,746 step 3750  loss 1.1628  skip 0.04
2026-07-10 05:06:36,803 step 3800  loss 0.7571  skip 0.04
2026-07-10 05:07:13,452 step 3850  loss 1.0231  skip 0.04
2026-07-10 05:07:38,271 step 3900  loss 1.1207  skip 0.04
2026-07-10 05:08:21,612 step 3950  loss 2.4990  skip 0.04
2026-07-10 05:08:45,065 step 4000  loss 0.4826  skip 0.04
2026-07-10 05:09:13,545 step 4050  loss 0.4662  skip 0.04
2026-07-10 05:09:45,501 step 4100  loss 1.5914  skip 0.04
2026-07-10 05:10:19,452 step 4150  loss 2.4120  skip 0.04
2026-07-10 05:10:52,540 step 4200  loss 0.8566  skip 0.04
2026-07-10 05:11:12,122 step 4250  loss 1.6048  skip 0.04
2026-07-10 05:11:41,056 step 4300  loss 1.0764  skip 0.04
2026-07-10 05:12:09,217 step 4350  loss 1.2694  skip 0.04
2026-07-10 05:12:33,130 step 4400  loss 3.2098  skip 0.04
2026-07-10 05:13:03,796 step 4450  loss 1.2219  skip 0.04
2026-07-10 05:13:31,891 step 4500  loss 1.4078  skip 0.04
2026-07-10 05:14:02,001 step 4550  loss 1.0458  skip 0.05
2026-07-10 05:14:30,044 step 4600  loss 2.1123  skip 0.05
2026-07-10 05:14:54,363 step 4650  loss 0.6277  skip 0.05
2026-07-10 05:15:13,240 step 4700  loss 2.3088  skip 0.05
2026-07-10 05:15:42,107 step 4750  loss 4.1765  skip 0.05
2026-07-10 05:16:18,323 step 4800  loss 1.9388  skip 0.05
2026-07-10 05:16:51,907 step 4850  loss 0.5150  skip 0.05
2026-07-10 05:17:16,919 step 4900  loss 1.8487  skip 0.05
2026-07-10 05:17:55,806 step 4950  loss 0.7757  skip 0.05
2026-07-10 05:18:35,434 step 5000  loss 4.2125  skip 0.05
2026-07-10 05:18:56,555 step 5050  loss 2.6443  skip 0.05
2026-07-10 05:19:31,822 step 5100  loss 2.8314  skip 0.05
2026-07-10 05:19:54,274 step 5150  loss 1.5025  skip 0.05
2026-07-10 05:20:27,759 step 5200  loss 0.6542  skip 0.05
2026-07-10 05:21:05,453 step 5250  loss 1.7176  skip 0.05
2026-07-10 05:21:29,490 step 5300  loss 1.1971  skip 0.05
2026-07-10 05:22:05,030 step 5350  loss 2.2429  skip 0.05
2026-07-10 05:22:31,236 step 5400  loss 0.8360  skip 0.05
2026-07-10 05:23:02,131 step 5450  loss 2.7444  skip 0.05
2026-07-10 05:23:36,458 step 5500  loss 0.6181  skip 0.06
2026-07-10 05:23:52,461 step 5550  loss 1.8307  skip 0.06
2026-07-10 05:24:27,536 step 5600  loss 2.4664  skip 0.06
2026-07-10 05:24:54,575 step 5650  loss 0.9310  skip 0.06
2026-07-10 05:25:24,715 step 5700  loss 6.0340  skip 0.06
2026-07-10 05:25:54,210 step 5750  loss 0.8180  skip 0.06
2026-07-10 05:26:19,386 step 5800  loss 1.5676  skip 0.06
2026-07-10 05:26:37,241 step 5850  loss 1.1795  skip 0.06
2026-07-10 05:27:03,403 step 5900  loss 2.8764  skip 0.06
2026-07-10 05:27:23,843 step 5950  loss 0.9127  skip 0.06
2026-07-10 05:27:57,432 step 6000  loss 1.2187  skip 0.06
2026-07-10 05:28:20,729 step 6050  loss 2.0477  skip 0.06
2026-07-10 05:28:38,499 step 6100  loss 1.1614  skip 0.06
2026-07-10 05:29:09,819 step 6150  loss 0.5297  skip 0.06
2026-07-10 05:29:37,943 step 6200  loss 2.2768  skip 0.06
2026-07-10 05:30:01,931 step 6250  loss 0.9641  skip 0.06
2026-07-10 05:30:20,167 step 6300  loss 5.3578  skip 0.06
2026-07-10 05:30:54,883 step 6350  loss 0.4137  skip 0.06
2026-07-10 05:31:15,036 step 6400  loss 1.0114  skip 0.06
2026-07-10 05:31:29,374 step 6450  loss 0.7569  skip 0.06
2026-07-10 05:31:56,334 step 6500  loss 1.0645  skip 0.07
2026-07-10 05:32:40,714 step 6550  loss 5.2183  skip 0.07
2026-07-10 05:33:00,952 step 6600  loss 0.9597  skip 0.07
2026-07-10 05:33:35,715 step 6650  loss 3.0480  skip 0.07
2026-07-10 05:34:01,766 step 6700  loss 2.3346  skip 0.07
2026-07-10 05:34:33,753 step 6750  loss 0.7915  skip 0.07
2026-07-10 05:34:58,701 step 6800  loss 2.4196  skip 0.07
2026-07-10 05:35:35,862 step 6850  loss 1.1235  skip 0.07
2026-07-10 05:36:04,720 step 6900  loss 2.6870  skip 0.07
2026-07-10 05:36:33,627 step 6950  loss 1.0792  skip 0.07
2026-07-10 05:37:01,291 step 7000  loss 0.5167  skip 0.07
2026-07-10 05:37:24,504 step 7050  loss 0.9422  skip 0.07
2026-07-10 05:37:42,597 step 7100  loss 0.9137  skip 0.07
2026-07-10 05:38:05,606 step 7150  loss 0.5118  skip 0.07
2026-07-10 05:38:27,373 step 7200  loss 0.6606  skip 0.07
2026-07-10 05:38:43,656 step 7250  loss 1.0955  skip 0.07
2026-07-10 05:39:12,596 step 7300  loss 1.9344  skip 0.07
2026-07-10 05:39:38,559 step 7350  loss 0.7185  skip 0.07
2026-07-10 05:40:08,455 step 7400  loss 0.7742  skip 0.07
2026-07-10 05:40:33,779 step 7450  loss 1.0207  skip 0.07
2026-07-10 05:41:16,345 step 7500  loss 1.9299  skip 0.07
2026-07-10 05:41:41,481 step 7550  loss 3.9856  skip 0.08
2026-07-10 05:41:58,139 step 7600  loss 0.7064  skip 0.08
2026-07-10 05:42:25,607 step 7650  loss 3.1049  skip 0.08
2026-07-10 05:42:44,039 step 7700  loss 2.0431  skip 0.08
2026-07-10 05:42:59,938 step 7750  loss 0.7903  skip 0.08
2026-07-10 05:43:29,314 step 7800  loss 1.9388  skip 0.08
2026-07-10 05:43:47,596 step 7850  loss 1.3267  skip 0.08
2026-07-10 05:44:04,840 step 7900  loss 3.3110  skip 0.08
2026-07-10 05:44:36,522 step 7950  loss 0.3327  skip 0.08
2026-07-10 05:45:01,086 step 8000  loss 1.0709  skip 0.08
2026-07-10 05:45:29,750 step 8050  loss 0.7886  skip 0.08
2026-07-10 05:45:45,790 step 8100  loss 0.8331  skip 0.08
2026-07-10 05:45:59,587 step 8150  loss 1.1190  skip 0.08
2026-07-10 05:46:32,019 step 8200  loss 3.4772  skip 0.08
2026-07-10 05:46:51,927 step 8250  loss 0.9075  skip 0.08
2026-07-10 05:47:14,887 step 8300  loss 1.5778  skip 0.08
2026-07-10 05:47:43,500 step 8350  loss 0.8973  skip 0.08
2026-07-10 05:48:20,387 step 8400  loss 0.4385  skip 0.08
2026-07-10 05:48:42,175 step 8450  loss 1.1201  skip 0.08
2026-07-10 05:49:11,151 step 8500  loss 3.3633  skip 0.09
2026-07-10 05:49:35,264 step 8550  loss 1.6272  skip 0.09
2026-07-10 05:49:49,365 step 8600  loss 0.9645  skip 0.09
2026-07-10 05:50:07,609 step 8650  loss 0.8758  skip 0.09
2026-07-10 05:50:36,302 step 8700  loss 1.5879  skip 0.09
2026-07-10 05:51:02,507 step 8750  loss 0.8173  skip 0.09
2026-07-10 05:51:30,706 step 8800  loss 0.6732  skip 0.09
2026-07-10 05:52:05,579 step 8850  loss 2.4379  skip 0.09
2026-07-10 05:52:25,447 step 8900  loss 0.7409  skip 0.09
2026-07-10 05:52:49,830 step 8950  loss 1.2000  skip 0.09
2026-07-10 05:53:24,416 step 9000  loss 0.8661  skip 0.09
2026-07-10 05:53:37,673 step 9050  loss 0.4606  skip 0.09
2026-07-10 05:53:53,881 step 9100  loss 1.1475  skip 0.09
2026-07-10 05:54:29,572 step 9150  loss 1.0337  skip 0.09
2026-07-10 05:54:54,226 step 9200  loss 1.4079  skip 0.09
2026-07-10 05:55:10,410 step 9250  loss 0.4581  skip 0.09
2026-07-10 05:55:37,720 step 9300  loss 1.5553  skip 0.09
2026-07-10 05:56:01,226 step 9350  loss 0.9046  skip 0.09
2026-07-10 05:56:23,237 step 9400  loss 3.5436  skip 0.09
2026-07-10 05:56:47,761 step 9450  loss 0.8453  skip 0.09
2026-07-10 05:57:12,215 step 9500  loss 0.4605  skip 0.10
2026-07-10 05:57:38,904 step 9550  loss 1.0793  skip 0.10
2026-07-10 05:57:55,644 step 9600  loss 2.8622  skip 0.10
2026-07-10 05:58:11,112 step 9650  loss 0.8437  skip 0.10
2026-07-10 05:58:48,618 step 9700  loss 0.2610  skip 0.10
2026-07-10 05:59:11,149 step 9750  loss 0.8431  skip 0.10
2026-07-10 05:59:26,901 step 9800  loss 0.3853  skip 0.10
2026-07-10 05:59:52,211 step 9850  loss 1.8702  skip 0.10
2026-07-10 06:00:28,407 step 9900  loss 1.1417  skip 0.10
2026-07-10 06:00:47,774 step 9950  loss 0.7300  skip 0.10
2026-07-10 06:01:14,601 step 10000  loss 2.2920  skip 0.10
2026-07-10 06:01:31,412 step 10050  loss 0.7899  skip 0.10
2026-07-10 06:02:01,523 step 10100  loss 0.8253  skip 0.10
2026-07-10 06:02:27,327 step 10150  loss 3.1823  skip 0.10
2026-07-10 06:02:39,990 step 10200  loss 1.7119  skip 0.10
2026-07-10 06:03:09,686 step 10250  loss 0.7580  skip 0.10
2026-07-10 06:03:23,431 step 10300  loss 1.0154  skip 0.10
2026-07-10 06:03:49,930 step 10350  loss 1.3084  skip 0.10
2026-07-10 06:04:14,742 step 10400  loss 1.8603  skip 0.10
2026-07-10 06:04:35,687 step 10450  loss 1.6386  skip 0.10
2026-07-10 06:04:55,615 step 10500  loss 3.8823  skip 0.10
2026-07-10 06:05:19,356 step 10550  loss 1.8049  skip 0.11
2026-07-10 06:05:42,279 step 10600  loss 1.1407  skip 0.11
2026-07-10 06:06:02,355 step 10650  loss 4.2248  skip 0.11
2026-07-10 06:06:27,621 step 10700  loss 1.3081  skip 0.11
2026-07-10 06:06:53,042 step 10750  loss 0.7189  skip 0.11
2026-07-10 06:07:09,276 step 10800  loss 1.5756  skip 0.11
2026-07-10 06:07:23,488 step 10850  loss 0.9502  skip 0.11
2026-07-10 06:07:51,770 step 10900  loss 1.3124  skip 0.11
2026-07-10 06:08:20,967 step 10950  loss 0.7872  skip 0.11
2026-07-10 06:08:35,803 step 11000  loss 0.5910  skip 0.11
2026-07-10 06:09:05,073 step 11050  loss 0.8994  skip 0.11
2026-07-10 06:09:29,341 step 11100  loss 2.9555  skip 0.11
2026-07-10 06:09:58,417 step 11150  loss 4.2950  skip 0.11
2026-07-10 06:10:18,905 step 11200  loss 1.4880  skip 0.11
2026-07-10 06:10:45,735 step 11250  loss 0.9861  skip 0.11
2026-07-10 06:11:13,978 step 11300  loss 2.0961  skip 0.11
2026-07-10 06:11:34,982 step 11350  loss 2.4609  skip 0.11
2026-07-10 06:11:59,808 step 11400  loss 0.5408  skip 0.11
2026-07-10 06:12:16,735 step 11450  loss 4.7432  skip 0.11
2026-07-10 06:12:45,589 step 11500  loss 0.8867  skip 0.12
2026-07-10 06:13:09,136 step 11550  loss 2.4951  skip 0.12
2026-07-10 06:13:24,738 step 11600  loss 1.5999  skip 0.12
2026-07-10 06:13:53,378 step 11650  loss 0.5372  skip 0.12
2026-07-10 06:14:35,747 step 11700  loss 2.7592  skip 0.12
2026-07-10 06:15:07,227 step 11750  loss 0.6477  skip 0.12
2026-07-10 06:15:25,273 step 11800  loss 0.4948  skip 0.12
2026-07-10 06:15:51,706 step 11850  loss 6.3501  skip 0.12
2026-07-10 06:16:14,879 step 11900  loss 2.0636  skip 0.12
2026-07-10 06:16:48,692 step 11950  loss 0.7549  skip 0.12
2026-07-10 06:17:06,857 step 12000  loss 1.4683  skip 0.12
2026-07-10 06:17:30,689 step 12050  loss 4.7960  skip 0.12
2026-07-10 06:17:54,829 step 12100  loss 3.0333  skip 0.12
2026-07-10 06:18:17,115 step 12150  loss 1.1601  skip 0.12
2026-07-10 06:18:48,457 step 12200  loss 0.9790  skip 0.12
2026-07-10 06:19:11,054 step 12250  loss 0.5272  skip 0.12
2026-07-10 06:19:32,917 step 12300  loss 1.7600  skip 0.12
2026-07-10 06:19:58,059 step 12350  loss 1.3504  skip 0.12
2026-07-10 06:20:16,331 step 12400  loss 1.3739  skip 0.12
2026-07-10 06:20:46,578 step 12450  loss 4.4182  skip 0.12
2026-07-10 06:21:03,594 step 12500  loss 1.4545  skip 0.12
2026-07-10 06:21:24,551 step 12550  loss 0.9646  skip 0.13
2026-07-10 06:21:50,468 step 12600  loss 4.2738  skip 0.13
2026-07-10 06:22:07,063 step 12650  loss 0.9433  skip 0.13
2026-07-10 06:22:26,457 step 12700  loss 1.0954  skip 0.13
2026-07-10 06:22:45,952 step 12750  loss 1.8629  skip 0.13
2026-07-10 06:23:09,259 step 12800  loss 2.0716  skip 0.13
2026-07-10 06:23:31,550 step 12850  loss 2.7699  skip 0.13
2026-07-10 06:23:59,249 step 12900  loss 3.5470  skip 0.13
2026-07-10 06:24:20,600 step 12950  loss 1.0801  skip 0.13
2026-07-10 06:24:47,113 step 13000  loss 1.6844  skip 0.13
2026-07-10 06:25:09,961 step 13050  loss 0.9727  skip 0.13
2026-07-10 06:25:24,126 step 13100  loss 0.8210  skip 0.13
2026-07-10 06:25:46,395 step 13150  loss 6.8475  skip 0.13
2026-07-10 06:26:06,828 step 13200  loss 0.8474  skip 0.13
2026-07-10 06:26:30,655 step 13250  loss 2.8687  skip 0.13
2026-07-10 06:26:48,582 step 13300  loss 0.9692  skip 0.13
2026-07-10 06:27:06,645 step 13350  loss 0.7178  skip 0.13
2026-07-10 06:27:23,486 step 13400  loss 0.3639  skip 0.13
2026-07-10 06:27:45,720 step 13450  loss 0.5900  skip 0.13
2026-07-10 06:28:11,822 step 13500  loss 4.0528  skip 0.14
2026-07-10 06:28:34,404 step 13550  loss 2.8297  skip 0.14
2026-07-10 06:28:51,822 step 13600  loss 1.4348  skip 0.14
2026-07-10 06:29:20,580 step 13650  loss 1.8014  skip 0.14
2026-07-10 06:29:40,157 step 13700  loss 0.5798  skip 0.14
2026-07-10 06:29:56,412 step 13750  loss 0.4552  skip 0.14
2026-07-10 06:30:22,199 step 13800  loss 1.7398  skip 0.14
2026-07-10 06:30:51,480 step 13850  loss 4.0352  skip 0.14
2026-07-10 06:31:07,033 step 13900  loss 0.5278  skip 0.14
2026-07-10 06:31:29,071 step 13950  loss 1.4137  skip 0.14
2026-07-10 06:31:43,722 step 14000  loss 0.8553  skip 0.14
2026-07-10 06:32:06,446 step 14050  loss 0.4941  skip 0.14
2026-07-10 06:32:45,961 step 14100  loss 0.2460  skip 0.14
2026-07-10 06:33:03,515 step 14150  loss 0.9853  skip 0.14
2026-07-10 06:33:24,970 step 14200  loss 0.3452  skip 0.14
2026-07-10 06:33:40,209 step 14250  loss 0.8678  skip 0.14
2026-07-10 06:34:10,689 step 14300  loss 2.5388  skip 0.14
2026-07-10 06:34:28,165 step 14350  loss 1.1276  skip 0.14
2026-07-10 06:34:52,753 step 14400  loss 2.3447  skip 0.14
2026-07-10 06:35:08,320 step 14450  loss 1.8175  skip 0.14
2026-07-10 06:35:34,132 step 14500  loss 0.3472  skip 0.14
2026-07-10 06:35:48,207 step 14550  loss 0.5757  skip 0.15
2026-07-10 06:36:16,882 step 14600  loss 1.3219  skip 0.15
2026-07-10 06:36:43,602 step 14650  loss 0.5813  skip 0.15
2026-07-10 06:37:01,228 step 14700  loss 1.5064  skip 0.15
2026-07-10 06:37:23,555 step 14750  loss 1.6086  skip 0.15
2026-07-10 06:37:45,841 step 14800  loss 2.8020  skip 0.15
2026-07-10 06:38:14,093 step 14850  loss 1.1161  skip 0.15
2026-07-10 06:38:35,271 step 14900  loss 0.3412  skip 0.15
2026-07-10 06:38:59,986 step 14950  loss 0.7530  skip 0.15
2026-07-10 06:39:13,294 step 15000  loss 1.0486  skip 0.15
2026-07-10 06:39:42,388 step 15050  loss 1.0930  skip 0.15
2026-07-10 06:40:09,364 step 15100  loss 0.3799  skip 0.15
2026-07-10 06:40:23,720 step 15150  loss 4.2107  skip 0.15
2026-07-10 06:40:40,850 step 15200  loss 0.9925  skip 0.15
2026-07-10 06:41:04,723 step 15250  loss 1.2270  skip 0.15
2026-07-10 06:41:29,376 step 15300  loss 0.8740  skip 0.15
2026-07-10 06:41:43,204 step 15350  loss 1.1658  skip 0.15
2026-07-10 06:42:06,345 step 15400  loss 0.4952  skip 0.15
2026-07-10 06:42:21,344 step 15450  loss 2.0791  skip 0.15
2026-07-10 06:42:47,531 step 15500  loss 0.4878  skip 0.15
2026-07-10 06:43:07,302 step 15550  loss 1.1083  skip 0.16
2026-07-10 06:43:33,415 step 15600  loss 3.3208  skip 0.16
2026-07-10 06:43:48,412 step 15650  loss 1.3613  skip 0.16
2026-07-10 06:44:14,655 step 15700  loss 0.5851  skip 0.16
2026-07-10 06:44:32,718 step 15750  loss 1.3769  skip 0.16
2026-07-10 06:44:47,048 step 15800  loss 4.8799  skip 0.16
2026-07-10 06:45:14,427 step 15850  loss 3.1951  skip 0.16
2026-07-10 06:45:49,211 step 15900  loss 0.8039  skip 0.16
2026-07-10 06:46:06,721 step 15950  loss 0.7337  skip 0.16
2026-07-10 06:46:29,769 step 16000  loss 5.1462  skip 0.16
2026-07-10 06:46:56,576 step 16050  loss 1.0791  skip 0.16
2026-07-10 06:47:20,230 step 16100  loss 0.8699  skip 0.16
2026-07-10 06:47:53,615 step 16150  loss 0.7505  skip 0.16
2026-07-10 06:48:17,780 step 16200  loss 0.7388  skip 0.16
2026-07-10 06:48:40,171 step 16250  loss 3.5031  skip 0.16
2026-07-10 06:49:14,928 step 16300  loss 0.8722  skip 0.16
2026-07-10 06:50:04,110 step 16350  loss 1.0807  skip 0.16
2026-07-10 06:50:36,887 step 16400  loss 2.3725  skip 0.16
2026-07-10 06:51:09,039 step 16450  loss 0.5494  skip 0.16
2026-07-10 06:51:53,919 step 16500  loss 1.4318  skip 0.17
2026-07-10 06:52:21,077 step 16550  loss 0.7889  skip 0.17
2026-07-10 06:52:49,830 step 16600  loss 1.9810  skip 0.17
2026-07-10 06:53:07,161 step 16650  loss 0.6280  skip 0.17
2026-07-10 06:53:31,278 step 16700  loss 0.3524  skip 0.17
2026-07-10 06:53:44,525 step 16750  loss 1.0969  skip 0.17
2026-07-10 06:54:06,553 step 16800  loss 1.3038  skip 0.17
2026-07-10 06:54:21,928 step 16850  loss 0.2307  skip 0.17
2026-07-10 06:54:52,020 step 16900  loss 0.2830  skip 0.17
2026-07-10 06:55:12,460 step 16950  loss 1.1193  skip 0.17
2026-07-10 06:55:33,954 step 17000  loss 1.8598  skip 0.17
2026-07-10 06:56:01,718 step 17050  loss 0.9761  skip 0.17
2026-07-10 06:56:24,167 step 17100  loss 1.6358  skip 0.17
2026-07-10 06:56:48,335 step 17150  loss 0.8504  skip 0.17
2026-07-10 06:57:02,208 step 17200  loss 0.4435  skip 0.17
2026-07-10 06:57:24,999 step 17250  loss 3.8187  skip 0.17
2026-07-10 06:57:45,363 step 17300  loss 1.1238  skip 0.17
2026-07-10 06:58:17,981 step 17350  loss 1.5328  skip 0.17
2026-07-10 06:58:43,030 step 17400  loss 1.0052  skip 0.17
2026-07-10 06:59:19,331 step 17450  loss 0.8003  skip 0.17
2026-07-10 06:59:42,603 step 17500  loss 1.8626  skip 0.17
2026-07-10 06:59:58,744 step 17550  loss 1.5025  skip 0.18
2026-07-10 07:00:21,038 step 17600  loss 2.9582  skip 0.18
2026-07-10 07:00:48,243 step 17650  loss 2.1715  skip 0.18
2026-07-10 07:01:04,168 step 17700  loss 1.3601  skip 0.18
2026-07-10 07:01:28,064 step 17750  loss 0.3374  skip 0.18
2026-07-10 07:02:03,313 step 17800  loss 2.0340  skip 0.18
2026-07-10 07:02:28,401 step 17850  loss 1.9364  skip 0.18
2026-07-10 07:02:52,735 step 17900  loss 0.7300  skip 0.18
2026-07-10 07:03:23,370 step 17950  loss 0.4923  skip 0.18
2026-07-10 07:03:46,473 step 18000  loss 1.4578  skip 0.18
2026-07-10 07:04:13,501 step 18050  loss 0.3929  skip 0.18
2026-07-10 07:04:51,975 step 18100  loss 5.3172  skip 0.18
2026-07-10 07:05:38,497 step 18150  loss 0.6106  skip 0.18
2026-07-10 07:06:22,961 step 18200  loss 0.8175  skip 0.18
2026-07-10 07:06:55,753 step 18250  loss 1.7255  skip 0.18
2026-07-10 07:07:15,781 step 18300  loss 1.2161  skip 0.18
2026-07-10 07:07:32,193 step 18350  loss 1.4695  skip 0.18
2026-07-10 07:07:46,860 step 18400  loss 1.8546  skip 0.18
2026-07-10 07:08:02,746 step 18450  loss 0.6094  skip 0.18
2026-07-10 07:08:30,555 step 18500  loss 0.6525  skip 0.18
2026-07-10 07:08:50,780 step 18550  loss 1.1068  skip 0.19
2026-07-10 07:09:17,935 step 18600  loss 0.9912  skip 0.19
2026-07-10 07:09:32,629 step 18650  loss 0.7573  skip 0.19
2026-07-10 07:09:57,361 step 18700  loss 1.1447  skip 0.19
2026-07-10 07:10:16,118 step 18750  loss 0.4336  skip 0.19
2026-07-10 07:10:43,272 step 18800  loss 1.0911  skip 0.19
2026-07-10 07:11:06,293 step 18850  loss 0.5379  skip 0.19
2026-07-10 07:11:43,093 step 18900  loss 2.5479  skip 0.19
2026-07-10 07:12:08,381 step 18950  loss 1.6421  skip 0.19
2026-07-10 07:12:42,515 step 19000  loss 0.5260  skip 0.19
2026-07-10 07:13:26,442 step 19050  loss 2.7604  skip 0.19
2026-07-10 07:14:04,881 step 19100  loss 0.3355  skip 0.19
2026-07-10 07:14:47,503 step 19150  loss 2.8229  skip 0.19
2026-07-10 07:15:37,190 step 19200  loss 3.0135  skip 0.19
2026-07-10 07:16:37,394 step 19250  loss 3.7755  skip 0.19
2026-07-10 07:17:16,162 step 19300  loss 0.5050  skip 0.19
2026-07-10 07:17:40,578 step 19350  loss 3.9765  skip 0.19
2026-07-10 07:17:56,221 step 19400  loss 1.8133  skip 0.19
2026-07-10 07:18:13,164 step 19450  loss 0.9395  skip 0.19
2026-07-10 07:18:36,380 step 19500  loss 0.8386  skip 0.20
2026-07-10 07:18:50,076 step 19550  loss 3.4073  skip 0.20
2026-07-10 07:19:07,364 step 19600  loss 3.2141  skip 0.20
2026-07-10 07:19:34,417 step 19650  loss 3.8403  skip 0.20
2026-07-10 07:19:53,748 step 19700  loss 0.4523  skip 0.20
2026-07-10 07:20:10,221 step 19750  loss 2.0809  skip 0.20
2026-07-10 07:20:41,902 step 19800  loss 1.3501  skip 0.20
2026-07-10 07:20:56,123 step 19850  loss 3.6567  skip 0.20
2026-07-10 07:21:24,864 step 19900  loss 1.0442  skip 0.20
2026-07-10 07:21:41,634 step 19950  loss 0.7677  skip 0.20
2026-07-10 07:22:02,081 step 20000  loss 0.3302  skip 0.20
2026-07-10 07:22:26,310 step 20050  loss 1.1377  skip 0.20
2026-07-10 07:22:47,721 step 20100  loss 0.7465  skip 0.20
2026-07-10 07:23:07,888 step 20150  loss 1.6060  skip 0.20
2026-07-10 07:23:30,693 step 20200  loss 0.6638  skip 0.20
2026-07-10 07:23:53,878 step 20250  loss 1.5595  skip 0.20
2026-07-10 07:24:11,248 step 20300  loss 3.2670  skip 0.20
2026-07-10 07:24:38,021 step 20350  loss 0.7861  skip 0.20
2026-07-10 07:24:58,661 step 20400  loss 0.9831  skip 0.20
2026-07-10 07:25:16,531 step 20450  loss 1.4762  skip 0.20
2026-07-10 07:25:42,022 step 20500  loss 0.8422  skip 0.20
2026-07-10 07:26:15,818 step 20550  loss 0.4152  skip 0.21
2026-07-10 07:27:11,922 step 20600  loss 0.3860  skip 0.21
2026-07-10 07:27:54,934 step 20650  loss 1.4856  skip 0.21
2026-07-10 07:28:47,843 step 20700  loss 0.6935  skip 0.21
2026-07-10 07:29:32,248 step 20750  loss 1.1880  skip 0.21
2026-07-10 07:30:05,826 step 20800  loss 0.6732  skip 0.21
2026-07-10 07:30:47,196 step 20850  loss 0.5977  skip 0.21
2026-07-10 07:31:43,963 step 20900  loss 0.7324  skip 0.21
2026-07-10 07:32:49,398 step 20950  loss 3.0821  skip 0.21
2026-07-10 07:33:51,585 step 21000  loss 0.5317  skip 0.21
2026-07-10 07:34:48,388 step 21050  loss 0.5676  skip 0.21
2026-07-10 07:35:43,996 step 21100  loss 0.5324  skip 0.21
2026-07-10 07:36:31,702 step 21150  loss 1.8922  skip 0.21
2026-07-10 07:37:19,513 step 21200  loss 3.0941  skip 0.21
2026-07-10 07:38:12,338 step 21250  loss 1.1034  skip 0.21
2026-07-10 07:39:03,403 step 21300  loss 0.5431  skip 0.21
2026-07-10 07:40:02,230 step 21350  loss 2.6489  skip 0.21
2026-07-10 07:40:52,882 step 21400  loss 0.3354  skip 0.21
2026-07-10 07:42:03,200 step 21450  loss 0.3222  skip 0.21
2026-07-10 07:43:39,000 step 21500  loss 4.2977  skip 0.21
2026-07-10 07:45:06,180 step 21550  loss 0.5940  skip 0.22
2026-07-10 07:46:01,062 step 21600  loss 1.1837  skip 0.22
2026-07-10 07:46:51,690 step 21650  loss 0.2775  skip 0.22
2026-07-10 07:47:38,743 step 21700  loss 0.4895  skip 0.22
2026-07-10 07:48:13,867 step 21750  loss 1.1395  skip 0.22
2026-07-10 07:48:48,210 step 21800  loss 0.3662  skip 0.22
2026-07-10 07:49:45,441 step 21850  loss 0.7287  skip 0.22
2026-07-10 07:50:50,101 step 21900  loss 0.6234  skip 0.22
2026-07-10 07:51:26,565 step 21950  loss 0.4198  skip 0.22
2026-07-10 07:51:51,977 step 22000  loss 3.7519  skip 0.22
2026-07-10 07:52:07,801 step 22050  loss 1.3618  skip 0.22
2026-07-10 07:52:26,838 step 22100  loss 2.1712  skip 0.22
2026-07-10 07:52:43,871 step 22150  loss 0.8032  skip 0.22
2026-07-10 07:53:13,958 step 22200  loss 1.6387  skip 0.22
2026-07-10 07:53:40,288 step 22250  loss 4.9042  skip 0.22
2026-07-10 07:53:59,131 step 22300  loss 0.8146  skip 0.22
2026-07-10 07:54:14,544 step 22350  loss 4.0390  skip 0.22
2026-07-10 07:54:37,100 step 22400  loss 0.3611  skip 0.22
2026-07-10 07:54:54,490 step 22450  loss 0.8895  skip 0.22
2026-07-10 07:55:11,604 step 22500  loss 1.2504  skip 0.23
2026-07-10 07:55:24,898 step 22550  loss 0.4313  skip 0.23
2026-07-10 07:55:48,322 step 22600  loss 0.5162  skip 0.23
2026-07-10 07:56:04,601 step 22650  loss 1.2484  skip 0.23
2026-07-10 07:56:31,333 step 22700  loss 1.1330  skip 0.23
2026-07-10 07:56:45,653 step 22750  loss 1.0518  skip 0.23
2026-07-10 07:57:13,566 step 22800  loss 1.1124  skip 0.23
2026-07-10 07:57:34,112 step 22850  loss 4.1141  skip 0.23
2026-07-10 07:57:50,224 step 22900  loss 1.1776  skip 0.23
2026-07-10 07:58:10,480 step 22950  loss 2.6241  skip 0.23
2026-07-10 07:58:41,375 step 23000  loss 0.6173  skip 0.23
2026-07-10 07:59:10,038 step 23050  loss 0.8532  skip 0.23
2026-07-10 07:59:32,660 step 23100  loss 5.2415  skip 0.23
2026-07-10 07:59:50,140 step 23150  loss 0.6334  skip 0.23
2026-07-10 08:00:07,133 step 23200  loss 2.0291  skip 0.23
2026-07-10 08:00:26,330 step 23250  loss 1.0977  skip 0.23
2026-07-10 08:00:40,850 step 23300  loss 0.6406  skip 0.23
2026-07-10 08:01:07,896 step 23350  loss 0.9262  skip 0.23
2026-07-10 08:01:21,493 step 23400  loss 0.4198  skip 0.23
2026-07-10 08:01:43,080 step 23450  loss 0.2639  skip 0.23
2026-07-10 08:01:58,339 step 23500  loss 0.8494  skip 0.23
2026-07-10 08:02:25,015 step 23550  loss 0.6485  skip 0.24
2026-07-10 08:02:48,986 step 23600  loss 0.4292  skip 0.24
2026-07-10 08:03:13,330 step 23650  loss 2.5984  skip 0.24
2026-07-10 08:03:44,244 step 23700  loss 2.6075  skip 0.24
2026-07-10 08:04:05,008 step 23750  loss 4.3991  skip 0.24
2026-07-10 08:04:25,891 step 23800  loss 0.4148  skip 0.24
2026-07-10 08:04:55,260 step 23850  loss 1.3141  skip 0.24
2026-07-10 08:05:25,043 step 23900  loss 2.8081  skip 0.24
2026-07-10 08:05:38,329 step 23950  loss 0.6919  skip 0.24
2026-07-10 08:05:57,375 step 24000  loss 2.3502  skip 0.24
2026-07-10 08:06:11,270 step 24050  loss 1.1424  skip 0.24
2026-07-10 08:06:31,249 step 24100  loss 0.7146  skip 0.24
2026-07-10 08:06:49,041 step 24150  loss 1.0806  skip 0.24
2026-07-10 08:07:06,801 step 24200  loss 0.3547  skip 0.24
2026-07-10 08:07:20,652 step 24250  loss 1.0308  skip 0.24
2026-07-10 08:07:36,288 step 24300  loss 1.1386  skip 0.24
2026-07-10 08:08:02,402 step 24350  loss 1.5328  skip 0.24
2026-07-10 08:08:17,583 step 24400  loss 0.4118  skip 0.24
2026-07-10 08:08:46,942 step 24450  loss 0.3287  skip 0.24
2026-07-10 08:09:08,765 step 24500  loss 1.8787  skip 0.24
2026-07-10 08:09:29,925 step 24550  loss 0.6882  skip 0.25
2026-07-10 08:09:52,706 step 24600  loss 0.1886  skip 0.25
2026-07-10 08:10:13,613 step 24650  loss 4.9892  skip 0.25
2026-07-10 08:10:27,092 step 24700  loss 1.2058  skip 0.25
2026-07-10 08:10:42,296 step 24750  loss 0.8796  skip 0.25
2026-07-10 08:11:10,951 step 24800  loss 0.4539  skip 0.25
2026-07-10 08:11:30,912 step 24850  loss 0.8774  skip 0.25
2026-07-10 08:11:51,224 step 24900  loss 0.8216  skip 0.25
2026-07-10 08:12:06,409 step 24950  loss 1.8908  skip 0.25
2026-07-10 08:12:36,691 step 25000  loss 0.4461  skip 0.25
2026-07-10 08:12:50,597 step 25050  loss 0.9732  skip 0.25
2026-07-10 08:13:11,035 step 25100  loss 0.5052  skip 0.25
2026-07-10 08:13:26,756 step 25150  loss 1.0535  skip 0.25
2026-07-10 08:13:41,090 step 25200  loss 1.8585  skip 0.25
2026-07-10 08:14:01,114 step 25250  loss 0.6446  skip 0.25
2026-07-10 08:14:14,384 step 25300  loss 0.4688  skip 0.25
2026-07-10 08:14:35,760 step 25350  loss 3.0969  skip 0.25
2026-07-10 08:14:49,514 step 25400  loss 0.6399  skip 0.25
2026-07-13 09:11:12,886 work dir: work_dirs/main
2026-07-13 09:11:14,297 mixed dataset: 160973 clips from 3 sources
2026-07-13 09:11:15,570 step    0  loss 1.2548  skip 0.00
2026-07-13 09:11:37,860 step   50  loss 1.7722  skip 0.00
2026-07-13 09:11:59,760 step  100  loss 0.9636  skip 0.00
2026-07-13 09:12:20,340 step  150  loss 0.9554  skip 0.00
2026-07-13 09:12:42,887 step  200  loss 1.4807  skip 0.00
2026-07-13 09:13:05,474 step  250  loss 4.9887  skip 0.00
2026-07-13 09:13:15,747 work dir: work_dirs/main
2026-07-13 09:13:16,284 resumed from work_dirs/main/latest.pt (legacy format, step 0)
2026-07-13 09:13:16,903 mixed dataset: 160973 clips from 3 sources
2026-07-13 09:13:18,604 step    0  loss 1.0542  skip 0.00
2026-07-13 09:13:38,912 step   50  loss 0.9638  skip 0.00
2026-07-13 09:13:57,766 step  100  loss 0.3892  skip 0.00
2026-07-13 09:14:19,036 step  150  loss 1.6583  skip 0.00
2026-07-13 09:14:40,058 step  200  loss 2.0237  skip 0.00
2026-07-13 09:15:01,432 step  250  loss 3.6441  skip 0.00
2026-07-13 09:15:22,645 step  300  loss 1.0474  skip 0.00
2026-07-13 09:15:41,203 step  350  loss 0.6126  skip 0.00
2026-07-13 09:16:04,386 step  400  loss 1.5238  skip 0.00
2026-07-13 09:16:24,248 step  450  loss 0.3521  skip 0.00
2026-07-13 09:16:46,730 step  500  loss 0.3119  skip 0.01
2026-07-13 09:17:11,179 step  550  loss 1.2138  skip 0.01
2026-07-13 09:17:30,739 step  600  loss 1.7930  skip 0.01
2026-07-13 09:17:52,629 step  650  loss 0.5079  skip 0.01
2026-07-13 09:18:10,334 step  700  loss 0.6575  skip 0.01
2026-07-13 09:18:35,249 step  750  loss 0.3062  skip 0.01
2026-07-13 09:18:53,700 step  800  loss 0.9395  skip 0.01
2026-07-13 09:19:17,437 step  850  loss 0.4497  skip 0.01
2026-07-13 09:19:39,446 step  900  loss 0.4355  skip 0.01
2026-07-13 09:19:57,090 step  950  loss 0.3198  skip 0.01
2026-07-13 09:20:21,866 step 1000  loss 3.2592  skip 0.01
2026-07-13 09:20:45,042 step 1050  loss 2.8883  skip 0.01
2026-07-13 09:21:04,080 step 1100  loss 0.3427  skip 0.01
2026-07-13 09:21:27,028 step 1150  loss 2.4582  skip 0.01
2026-07-13 09:21:45,135 step 1200  loss 0.6260  skip 0.01
2026-07-13 09:22:09,028 step 1250  loss 1.1455  skip 0.01
2026-07-13 09:22:28,134 step 1300  loss 1.4672  skip 0.01
2026-07-13 09:22:48,609 step 1350  loss 1.1491  skip 0.01
2026-07-13 09:23:10,679 step 1400  loss 0.5831  skip 0.01
2026-07-13 09:23:28,889 step 1450  loss 0.2171  skip 0.01
2026-07-13 09:23:52,270 step 1500  loss 0.2078  skip 0.01
2026-07-13 09:24:15,098 step 1550  loss 1.3898  skip 0.02
2026-07-13 09:24:34,764 step 1600  loss 1.9332  skip 0.02
2026-07-13 09:24:56,973 step 1650  loss 3.7089  skip 0.02
2026-07-13 09:25:14,888 step 1700  loss 1.0710  skip 0.02
2026-07-13 09:25:34,948 step 1750  loss 0.4985  skip 0.02
2026-07-13 09:25:54,217 step 1800  loss 1.0830  skip 0.02
2026-07-13 09:26:19,351 step 1850  loss 1.0631  skip 0.02
2026-07-13 09:26:40,705 step 1900  loss 1.9103  skip 0.02
2026-07-13 09:26:58,342 step 1950  loss 0.6018  skip 0.02
2026-07-13 09:27:20,814 step 2000  loss 0.3508  skip 0.02
2026-07-13 09:27:37,813 step 2050  loss 2.3045  skip 0.02
2026-07-13 09:27:59,681 step 2100  loss 0.2525  skip 0.02
2026-07-13 09:28:19,738 step 2150  loss 2.1866  skip 0.02
2026-07-13 09:28:38,355 step 2200  loss 1.6379  skip 0.02
2026-07-13 09:28:54,623 step 2250  loss 1.0877  skip 0.02
2026-07-13 09:29:18,672 step 2300  loss 0.7095  skip 0.02
2026-07-13 09:29:39,044 step 2350  loss 1.3185  skip 0.02
2026-07-13 09:29:55,158 step 2400  loss 0.4158  skip 0.02
2026-07-13 09:30:18,743 step 2450  loss 5.4273  skip 0.02
2026-07-13 09:30:34,733 step 2500  loss 0.9997  skip 0.03
2026-07-13 09:30:56,335 step 2550  loss 1.2407  skip 0.03
2026-07-13 09:31:14,839 step 2600  loss 0.4223  skip 0.03
2026-07-13 09:31:35,475 step 2650  loss 2.8219  skip 0.03
2026-07-13 09:31:52,108 step 2700  loss 1.0697  skip 0.03
2026-07-13 09:32:10,418 step 2750  loss 1.6744  skip 0.03
2026-07-13 09:32:31,453 step 2800  loss 2.6079  skip 0.03
2026-07-13 09:32:47,898 step 2850  loss 0.4407  skip 0.03
2026-07-13 09:33:09,224 step 2900  loss 0.5904  skip 0.03
2026-07-13 09:33:25,698 step 2950  loss 0.6059  skip 0.03
2026-07-13 09:33:45,607 step 3000  loss 0.7941  skip 0.03
2026-07-13 09:34:00,232 step 3050  loss 0.9037  skip 0.03
2026-07-13 09:34:21,900 step 3100  loss 0.9219  skip 0.03
2026-07-13 09:34:38,165 step 3150  loss 0.6650  skip 0.03
2026-07-13 09:34:59,962 step 3200  loss 1.4658  skip 0.03
2026-07-13 09:35:16,784 step 3250  loss 3.1784  skip 0.03
2026-07-13 09:35:37,326 step 3300  loss 0.9803  skip 0.03
2026-07-13 09:35:54,572 step 3350  loss 5.2838  skip 0.03
2026-07-13 09:36:17,191 step 3400  loss 0.9424  skip 0.03
2026-07-13 09:36:35,178 step 3450  loss 2.9616  skip 0.03
2026-07-13 09:36:53,752 step 3500  loss 0.9129  skip 0.04
2026-07-13 09:37:15,409 step 3550  loss 0.3901  skip 0.04
2026-07-13 09:37:33,873 step 3600  loss 0.9744  skip 0.04
2026-07-13 09:37:52,621 step 3650  loss 0.4873  skip 0.04
2026-07-13 09:38:09,684 step 3700  loss 1.4965  skip 0.04
2026-07-13 09:38:32,357 step 3750  loss 0.5067  skip 0.04
2026-07-13 09:38:48,442 step 3800  loss 0.7671  skip 0.04
2026-07-13 09:39:04,455 step 3850  loss 0.5999  skip 0.04
2026-07-14 15:13:51,425 work dir: work_dirs/main
2026-07-14 15:13:51,976 resumed from work_dirs/main/latest.pt at step 2000
2026-07-14 15:13:52,589 mixed dataset: 160973 clips from 3 sources
2026-07-14 15:13:55,841 step 2000  loss 1.6867  skip 0.02
2026-07-14 15:14:09,490 step 2050  loss 0.6006  skip 0.02
2026-07-14 15:14:24,264 step 2100  loss 1.3800  skip 0.02
2026-07-14 15:14:39,619 step 2150  loss 0.4989  skip 0.02
2026-07-14 15:14:53,655 step 2200  loss 0.3337  skip 0.02
2026-07-14 15:15:10,912 step 2250  loss 1.8351  skip 0.02
2026-07-14 15:15:26,616 step 2300  loss 2.0446  skip 0.02
2026-07-14 15:15:41,856 step 2350  loss 3.2399  skip 0.02
2026-07-14 15:15:56,597 step 2400  loss 3.4367  skip 0.02
2026-07-14 15:16:10,758 step 2450  loss 0.6844  skip 0.02
2026-07-14 15:16:26,840 step 2500  loss 0.7566  skip 0.03
2026-07-14 15:16:41,575 step 2550  loss 0.5512  skip 0.03
2026-07-14 15:16:58,434 step 2600  loss 3.3482  skip 0.03
2026-07-14 15:17:11,514 step 2650  loss 3.1564  skip 0.03
2026-07-14 15:17:26,916 step 2700  loss 6.3850  skip 0.03
2026-07-14 15:17:44,045 step 2750  loss 3.0909  skip 0.03
2026-07-14 15:17:57,677 step 2800  loss 0.7472  skip 0.03
2026-07-14 15:18:16,280 step 2850  loss 3.2575  skip 0.03
2026-07-14 15:18:30,381 step 2900  loss 2.2706  skip 0.03
2026-07-14 15:18:50,283 step 2950  loss 0.5678  skip 0.03
2026-07-14 15:19:02,753 step 3000  loss 2.1004  skip 0.03
2026-07-14 15:19:25,027 step 3050  loss 0.9001  skip 0.03
2026-07-14 15:19:38,176 step 3100  loss 2.3071  skip 0.03
2026-07-14 15:19:54,250 step 3150  loss 3.9617  skip 0.03
2026-07-14 15:20:10,976 step 3200  loss 0.6185  skip 0.03
2026-07-14 15:20:25,263 step 3250  loss 1.5699  skip 0.03
2026-07-14 15:20:43,178 step 3300  loss 1.0382  skip 0.03
2026-07-14 15:20:59,630 step 3350  loss 0.7812  skip 0.03
2026-07-14 15:21:18,302 step 3400  loss 4.1267  skip 0.03
2026-07-14 15:21:32,287 step 3450  loss 0.4528  skip 0.03
2026-07-14 15:21:50,259 step 3500  loss 1.0186  skip 0.04
2026-07-14 15:22:03,696 step 3550  loss 0.8957  skip 0.04
2026-07-14 15:22:24,912 step 3600  loss 0.9988  skip 0.04
2026-07-14 15:22:38,916 step 3650  loss 1.8196  skip 0.04
2026-07-14 15:22:55,877 step 3700  loss 1.4019  skip 0.04
2026-07-14 15:23:09,094 step 3750  loss 1.4391  skip 0.04
2026-07-14 15:23:27,584 step 3800  loss 1.0575  skip 0.04
2026-07-14 15:23:43,455 step 3850  loss 2.1825  skip 0.04
2026-07-14 15:23:56,954 step 3900  loss 0.6453  skip 0.04
2026-07-14 15:24:10,449 step 3950  loss 0.8496  skip 0.04
2026-07-14 15:24:25,936 step 4000  loss 0.3106  skip 0.04
2026-07-14 15:24:49,043 step 4050  loss 0.6359  skip 0.04
2026-07-14 15:25:03,255 step 4100  loss 3.4564  skip 0.04
2026-07-14 15:25:23,098 step 4150  loss 0.4044  skip 0.04
2026-07-14 15:25:37,269 step 4200  loss 0.8695  skip 0.04
2026-07-14 15:25:56,630 step 4250  loss 2.0918  skip 0.04
2026-07-14 15:26:09,861 step 4300  loss 0.6812  skip 0.04
2026-07-14 15:26:26,109 step 4350  loss 1.1660  skip 0.04
2026-07-14 15:26:38,687 step 4400  loss 0.5481  skip 0.04
2026-07-14 15:26:54,025 step 4450  loss 1.8402  skip 0.04
2026-07-14 15:27:10,821 step 4500  loss 3.0102  skip 0.04
2026-07-14 15:27:23,668 step 4550  loss 0.9969  skip 0.05
2026-07-14 15:27:42,164 step 4600  loss 1.0909  skip 0.05
2026-07-14 15:27:55,433 step 4650  loss 1.0168  skip 0.05
2026-07-14 15:28:13,982 step 4700  loss 0.2258  skip 0.05
2026-07-14 15:28:26,605 step 4750  loss 0.6465  skip 0.05
2026-07-14 15:28:43,287 step 4800  loss 3.6383  skip 0.05
2026-07-14 15:28:58,909 step 4850  loss 0.6897  skip 0.05
2026-07-14 15:29:14,035 step 4900  loss 0.8514  skip 0.05
2026-07-14 15:29:30,711 step 4950  loss 0.6710  skip 0.05
2026-07-14 15:29:43,615 step 5000  loss 0.6822  skip 0.05
2026-07-14 15:30:02,271 step 5050  loss 6.4385  skip 0.05
2026-07-14 15:30:14,922 step 5100  loss 1.2402  skip 0.05
2026-07-14 15:30:32,007 step 5150  loss 1.8190  skip 0.05
2026-07-14 15:30:46,658 step 5200  loss 0.2912  skip 0.05
2026-07-14 15:30:59,169 step 5250  loss 1.4305  skip 0.05
2026-07-14 15:31:16,593 step 5300  loss 0.7417  skip 0.05
2026-07-14 15:31:29,064 step 5350  loss 1.0701  skip 0.05
2026-07-14 15:31:47,745 step 5400  loss 0.2689  skip 0.05
2026-07-14 15:32:01,706 step 5450  loss 1.1702  skip 0.05
2026-07-14 15:32:19,236 step 5500  loss 0.2398  skip 0.06
2026-07-14 15:32:33,699 step 5550  loss 0.9984  skip 0.06
2026-07-14 15:32:47,417 step 5600  loss 3.1266  skip 0.06
2026-07-14 15:33:03,582 step 5650  loss 0.7846  skip 0.06
2026-07-14 15:33:17,192 step 5700  loss 1.6069  skip 0.06
2026-07-14 15:33:36,456 step 5750  loss 0.3106  skip 0.06
2026-07-14 15:33:51,225 step 5800  loss 1.8309  skip 0.06
2026-07-14 15:34:04,164 step 5850  loss 0.3261  skip 0.06
2026-07-14 15:34:17,277 step 5900  loss 0.2258  skip 0.06
2026-07-14 15:34:35,827 step 5950  loss 0.4772  skip 0.06
2026-07-14 15:34:48,568 step 6000  loss 4.8836  skip 0.06
2026-07-14 15:35:05,324 step 6050  loss 1.6564  skip 0.06
2026-07-14 15:35:19,752 step 6100  loss 3.1253  skip 0.06
2026-07-14 15:35:33,832 step 6150  loss 1.5686  skip 0.06
2026-07-14 15:35:53,155 step 6200  loss 0.4193  skip 0.06
2026-07-14 15:36:06,208 step 6250  loss 1.1410  skip 0.06
2026-07-14 15:36:18,725 step 6300  loss 0.6669  skip 0.06
2026-07-14 15:36:35,065 step 6350  loss 0.3102  skip 0.06
2026-07-14 15:36:47,593 step 6400  loss 2.3517  skip 0.06
2026-07-14 15:37:03,956 step 6450  loss 0.4320  skip 0.06
2026-07-14 15:37:19,110 step 6500  loss 1.4019  skip 0.07
2026-07-14 15:37:31,627 step 6550  loss 0.8221  skip 0.07
2026-07-14 15:37:50,005 step 6600  loss 0.2807  skip 0.07
2026-07-14 15:38:02,786 step 6650  loss 2.2500  skip 0.07
2026-07-14 15:38:22,113 step 6700  loss 0.2222  skip 0.07
2026-07-14 15:38:35,432 step 6750  loss 1.2269  skip 0.07
2026-07-14 15:38:53,415 step 6800  loss 1.3156  skip 0.07
2026-07-14 15:39:06,605 step 6850  loss 0.6422  skip 0.07
2026-07-14 15:39:21,160 step 6900  loss 1.0740  skip 0.07
2026-07-14 15:39:36,300 step 6950  loss 1.5452  skip 0.07
2026-07-14 15:39:49,460 step 7000  loss 0.7496  skip 0.07
2026-07-14 15:40:07,203 step 7050  loss 3.6961  skip 0.07
2026-07-14 15:40:19,723 step 7100  loss 1.4077  skip 0.07
2026-07-14 15:40:34,872 step 7150  loss 1.1327  skip 0.07
2026-07-14 15:40:50,579 step 7200  loss 0.6766  skip 0.07
2026-07-14 15:41:03,051 step 7250  loss 1.2874  skip 0.07
2026-07-14 15:41:19,871 step 7300  loss 0.6049  skip 0.07
2026-07-14 15:41:32,526 step 7350  loss 0.6784  skip 0.07
2026-07-14 15:41:47,333 step 7400  loss 0.8610  skip 0.07
2026-07-14 15:42:02,383 step 7450  loss 1.3924  skip 0.07
2026-07-14 15:42:15,281 step 7500  loss 1.2202  skip 0.07
2026-07-24 06:35:52,582 work dir: work_dirs/main
2026-07-24 06:35:53,078 resumed from work_dirs/main/latest.pt at step 6000
2026-07-24 06:36:03,511 mixed dataset: 160973 clips from 3 sources
2026-07-24 06:36:06,610 step 6000  loss 0.2679  skip 0.06
2026-07-24 06:36:41,613 step 6050  loss 0.3863  skip 0.06
2026-07-24 06:37:15,184 step 6100  loss 0.4318  skip 0.06
2026-07-24 06:37:49,906 step 6150  loss 1.9992  skip 0.06
2026-07-24 06:38:18,954 step 6200  loss 4.8057  skip 0.06
2026-07-24 06:38:55,260 step 6250  loss 0.6322  skip 0.06
2026-07-24 06:39:28,173 step 6300  loss 0.5825  skip 0.06
2026-07-24 06:40:01,854 step 6350  loss 2.8730  skip 0.06
2026-07-24 06:40:35,183 step 6400  loss 0.5527  skip 0.06
2026-07-24 06:41:07,526 step 6450  loss 0.8131  skip 0.06
2026-07-24 06:41:41,186 step 6500  loss 1.3906  skip 0.07
2026-07-24 06:42:14,756 step 6550  loss 2.2487  skip 0.07
2026-07-24 06:42:52,398 step 6600  loss 0.8037  skip 0.07
2026-07-24 06:43:24,440 step 6650  loss 4.6154  skip 0.07
2026-07-24 06:43:54,273 step 6700  loss 0.3284  skip 0.07
2026-07-24 06:44:27,807 step 6750  loss 0.3754  skip 0.07
2026-07-24 06:45:04,599 step 6800  loss 0.4202  skip 0.07
2026-07-24 06:45:36,301 step 6850  loss 0.4600  skip 0.07
2026-07-24 06:46:11,723 step 6900  loss 0.7374  skip 0.07
2026-07-24 06:46:45,886 step 6950  loss 1.2467  skip 0.07
2026-07-24 06:47:19,358 step 7000  loss 0.8944  skip 0.07
2026-07-24 06:47:52,429 step 7050  loss 0.2926  skip 0.07
2026-07-24 06:48:26,828 step 7100  loss 0.9662  skip 0.07
2026-07-24 06:48:57,673 step 7150  loss 1.0320  skip 0.07
2026-07-24 06:49:31,640 step 7200  loss 0.4783  skip 0.07
2026-07-24 06:50:04,082 step 7250  loss 3.1529  skip 0.07
2026-07-24 06:50:36,645 step 7300  loss 1.4687  skip 0.07
2026-07-24 06:51:08,370 step 7350  loss 1.6078  skip 0.07
2026-07-24 06:51:44,298 step 7400  loss 0.9246  skip 0.07
2026-07-24 06:52:12,879 step 7450  loss 2.1054  skip 0.07
2026-07-24 06:52:44,161 step 7500  loss 0.4524  skip 0.07
2026-07-24 06:53:16,813 step 7550  loss 2.9255  skip 0.08
2026-07-24 06:53:49,509 step 7600  loss 0.3009  skip 0.08
2026-07-24 06:54:19,760 step 7650  loss 0.7009  skip 0.08
2026-07-24 06:54:51,396 step 7700  loss 1.7921  skip 0.08
