2026-07-27 07:58:49,553 work dir: work_dirs/probe-p2-dpt
2026-07-27 07:58:50,845 mixed dataset: 208720 clips from 5 sources (size 128)
2026-07-27 07:58:52,256 step    0  loss 2.4264  skip 0.00  lr 6.00e-07  depth_std 0.0043
2026-07-27 07:58:59,147 step   50  loss 2.5470  skip 0.00  lr 3.06e-05  depth_std 0.0414
2026-07-27 07:59:05,925 step  100  loss 1.6098  skip 0.01  lr 6.06e-05  depth_std 1.6609
2026-07-27 07:59:12,727 step  150  loss 1.9360  skip 0.01  lr 9.06e-05  depth_std 0.9002
2026-07-27 07:59:19,514 step  200  loss 2.1266  skip 0.01  lr 1.21e-04  depth_std 12.5188
2026-07-27 07:59:26,351 step  250  loss 2.0526  skip 0.02  lr 1.51e-04  depth_std 6.8579
2026-07-27 07:59:33,192 step  300  loss 4.0311  skip 0.02  lr 1.81e-04  depth_std 6.6656
2026-07-27 07:59:40,028 step  350  loss 0.6984  skip 0.02  lr 2.11e-04  depth_std 0.7591
2026-07-27 07:59:46,819 step  400  loss 0.8977  skip 0.03  lr 2.41e-04  depth_std 5.7542
2026-07-27 07:59:53,661 step  450  loss 0.4903  skip 0.03  lr 2.71e-04  depth_std 2.4526
2026-07-27 08:00:00,499 step  500  loss 1.8382  skip 0.03  lr 3.00e-04  depth_std 7.2629
2026-07-27 08:00:07,341 step  550  loss 0.5999  skip 0.04  lr 3.00e-04  depth_std 0.8324
2026-07-27 08:00:14,199 step  600  loss 2.5619  skip 0.04  lr 3.00e-04  depth_std 3.4965
2026-07-27 08:00:20,995 step  650  loss 1.0930  skip 0.04  lr 3.00e-04  depth_std 6.3643
2026-07-27 08:00:27,819 step  700  loss 2.1703  skip 0.05  lr 3.00e-04  depth_std 8.5737
2026-07-27 08:00:34,633 step  750  loss 1.7119  skip 0.05  lr 3.00e-04  depth_std 1.7046
2026-07-27 08:00:41,461 step  800  loss 1.0514  skip 0.05  lr 3.00e-04  depth_std 7.0140
2026-07-27 08:00:48,296 step  850  loss 2.7057  skip 0.06  lr 3.00e-04  depth_std 6.7784
2026-07-27 08:00:55,127 step  900  loss 1.8159  skip 0.06  lr 2.99e-04  depth_std 3.7146
2026-07-27 08:01:01,928 step  950  loss 2.4089  skip 0.06  lr 2.99e-04  depth_std 1.2567
2026-07-27 08:01:08,776 step 1000  loss 2.5752  skip 0.07  lr 2.99e-04  depth_std 18.2550
2026-07-27 08:01:15,599 step 1050  loss 0.9398  skip 0.07  lr 2.99e-04  depth_std 2.8035
2026-07-27 08:01:22,438 step 1100  loss 1.0552  skip 0.07  lr 2.99e-04  depth_std 1.7890
2026-07-27 08:01:29,248 step 1150  loss 1.6987  skip 0.08  lr 2.99e-04  depth_std 9.0538
2026-07-27 08:01:36,107 step 1200  loss 1.2109  skip 0.08  lr 2.98e-04  depth_std 1.1166
2026-07-27 08:01:42,936 step 1250  loss 2.3631  skip 0.08  lr 2.98e-04  depth_std 2.8804
2026-07-27 08:01:49,736 step 1300  loss 2.1743  skip 0.09  lr 2.98e-04  depth_std 6.1308
2026-07-27 08:01:56,562 step 1350  loss 2.7384  skip 0.09  lr 2.97e-04  depth_std 3.9600
2026-07-27 08:02:03,403 step 1400  loss 1.4717  skip 0.09  lr 2.97e-04  depth_std 3.1749
2026-07-27 08:02:10,244 step 1450  loss 1.5427  skip 0.10  lr 2.97e-04  depth_std 11.2527
2026-07-27 08:02:17,063 step 1500  loss 2.2818  skip 0.10  lr 2.96e-04  depth_std 4.0687
2026-07-27 08:02:23,912 step 1550  loss 1.4986  skip 0.10  lr 2.96e-04  depth_std 0.9837
2026-07-27 08:02:30,791 step 1600  loss 0.9834  skip 0.11  lr 2.96e-04  depth_std 4.6323
2026-07-27 08:02:37,632 step 1650  loss 3.4286  skip 0.11  lr 2.95e-04  depth_std 7.5782
2026-07-27 08:02:44,433 step 1700  loss 2.3465  skip 0.11  lr 2.95e-04  depth_std 0.4686
2026-07-27 08:02:51,273 step 1750  loss 1.2988  skip 0.12  lr 2.95e-04  depth_std 4.1464
2026-07-27 08:02:58,065 step 1800  loss 2.1824  skip 0.12  lr 2.94e-04  depth_std 5.6680
2026-07-27 08:03:04,910 step 1850  loss 2.3908  skip 0.12  lr 2.94e-04  depth_std 4.5668
2026-07-27 08:03:11,751 step 1900  loss 0.9212  skip 0.13  lr 2.93e-04  depth_std 4.3684
2026-07-27 08:03:18,598 step 1950  loss 2.6351  skip 0.13  lr 2.93e-04  depth_std 4.2800
2026-07-27 08:03:25,428 step 2000  loss 1.2308  skip 0.13  lr 2.92e-04  depth_std 11.4419
2026-07-27 08:03:32,268 step 2050  loss 1.5226  skip 0.14  lr 2.92e-04  depth_std 0.8078
2026-07-27 08:03:39,125 step 2100  loss 1.9923  skip 0.14  lr 2.91e-04  depth_std 11.7885
2026-07-27 08:03:45,955 step 2150  loss 3.9107  skip 0.14  lr 2.91e-04  depth_std 12.7478
2026-07-27 08:03:52,812 step 2200  loss 0.6538  skip 0.15  lr 2.90e-04  depth_std 8.5356
2026-07-27 08:03:59,624 step 2250  loss 1.5037  skip 0.15  lr 2.89e-04  depth_std 4.2023
2026-07-27 08:04:06,493 step 2300  loss 1.2041  skip 0.15  lr 2.89e-04  depth_std 2.4097
2026-07-27 08:04:13,304 step 2350  loss 1.2480  skip 0.16  lr 2.88e-04  depth_std 3.1971
2026-07-27 08:04:20,154 step 2400  loss 1.2437  skip 0.16  lr 2.87e-04  depth_std 4.2439
2026-07-27 08:04:27,008 step 2450  loss 0.8752  skip 0.16  lr 2.87e-04  depth_std 12.9154
2026-07-27 08:04:33,853 step 2500  loss 2.2434  skip 0.17  lr 2.86e-04  depth_std 3.4194
2026-07-27 08:04:40,661 step 2550  loss 0.7844  skip 0.17  lr 2.85e-04  depth_std 0.9658
2026-07-27 08:04:47,523 step 2600  loss 0.9324  skip 0.17  lr 2.85e-04  depth_std 3.9002
2026-07-27 08:04:54,368 step 2650  loss 1.2112  skip 0.18  lr 2.84e-04  depth_std 13.7127
2026-07-27 08:05:01,172 step 2700  loss 2.0279  skip 0.18  lr 2.83e-04  depth_std 5.0935
2026-07-27 08:05:08,049 step 2750  loss 4.2989  skip 0.18  lr 2.83e-04  depth_std 3.2543
2026-07-27 08:05:14,929 step 2800  loss 1.2383  skip 0.19  lr 2.82e-04  depth_std 15.0138
2026-07-27 08:05:21,796 step 2850  loss 3.0243  skip 0.19  lr 2.81e-04  depth_std 6.2074
2026-07-27 08:05:28,616 step 2900  loss 0.9796  skip 0.19  lr 2.80e-04  depth_std 1.1330
2026-07-27 08:05:35,477 step 2950  loss 1.5076  skip 0.20  lr 2.79e-04  depth_std 0.2338
2026-07-27 08:05:42,329 step 3000  loss 2.0213  skip 0.20  lr 2.79e-04  depth_std 7.7183
2026-07-27 08:05:49,194 step 3050  loss 1.2391  skip 0.20  lr 2.78e-04  depth_std 7.0120
2026-07-27 08:05:56,000 step 3100  loss 1.0727  skip 0.21  lr 2.77e-04  depth_std 3.4767
2026-07-27 08:06:02,873 step 3150  loss 0.9130  skip 0.21  lr 2.76e-04  depth_std 4.4715
2026-07-27 08:06:09,733 step 3200  loss 0.8877  skip 0.21  lr 2.75e-04  depth_std 15.8125
2026-07-27 08:06:16,544 step 3250  loss 2.6593  skip 0.22  lr 2.74e-04  depth_std 3.8908
2026-07-27 08:06:23,385 step 3300  loss 1.4692  skip 0.22  lr 2.73e-04  depth_std 6.9239
2026-07-27 08:06:30,282 step 3350  loss 2.0495  skip 0.22  lr 2.72e-04  depth_std 8.3233
2026-07-27 08:06:37,091 step 3400  loss 2.0926  skip 0.23  lr 2.71e-04  depth_std 11.0042
2026-07-27 08:06:43,970 step 3450  loss 1.2084  skip 0.23  lr 2.70e-04  depth_std 9.6950
2026-07-27 08:06:50,854 step 3500  loss 1.2783  skip 0.23  lr 2.69e-04  depth_std 7.9488
2026-07-27 08:06:57,699 step 3550  loss 2.0487  skip 0.24  lr 2.68e-04  depth_std 4.7431
2026-07-27 08:07:04,581 step 3600  loss 1.2098  skip 0.24  lr 2.67e-04  depth_std 5.1748
2026-07-27 08:07:11,414 step 3650  loss 1.3050  skip 0.24  lr 2.66e-04  depth_std 2.2671
2026-07-27 08:07:18,279 step 3700  loss 1.6790  skip 0.25  lr 2.65e-04  depth_std 1.2604
2026-07-27 08:07:25,082 step 3750  loss 0.8147  skip 0.25  lr 2.64e-04  depth_std 11.9764
2026-07-27 08:07:31,911 step 3800  loss 1.4120  skip 0.25  lr 2.63e-04  depth_std 3.1138
2026-07-27 08:07:38,745 step 3850  loss 3.6561  skip 0.26  lr 2.62e-04  depth_std 5.1024
2026-07-27 08:07:45,603 step 3900  loss 1.5179  skip 0.26  lr 2.61e-04  depth_std 17.1481
2026-07-27 08:07:52,408 step 3950  loss 1.5879  skip 0.26  lr 2.60e-04  depth_std 1.6593
2026-07-27 08:07:59,306 step 4000  loss 0.3991  skip 0.27  lr 2.59e-04  depth_std 1.8693
2026-07-27 08:08:06,171 step 4050  loss 6.3750  skip 0.27  lr 2.58e-04  depth_std 8.2417
2026-07-27 08:08:13,024 step 4100  loss 0.4494  skip 0.27  lr 2.57e-04  depth_std 3.5346
2026-07-27 08:08:19,900 step 4150  loss 1.0635  skip 0.28  lr 2.55e-04  depth_std 10.9578
2026-07-27 08:08:26,721 step 4200  loss 4.3834  skip 0.28  lr 2.54e-04  depth_std 3.7772
2026-07-27 08:08:33,565 step 4250  loss 0.6388  skip 0.28  lr 2.53e-04  depth_std 5.1164
2026-07-27 08:08:40,447 step 4300  loss 0.8441  skip 0.29  lr 2.52e-04  depth_std 7.4219
2026-07-27 08:08:47,322 step 4350  loss 1.3166  skip 0.29  lr 2.51e-04  depth_std 10.5723
2026-07-27 08:08:54,149 step 4400  loss 1.7414  skip 0.29  lr 2.50e-04  depth_std 1.0437
2026-07-27 08:09:01,005 step 4450  loss 1.2369  skip 0.30  lr 2.48e-04  depth_std 4.2727
2026-07-27 08:09:07,834 step 4500  loss 1.6308  skip 0.30  lr 2.47e-04  depth_std 15.9059
2026-07-27 08:09:14,699 step 4550  loss 0.6525  skip 0.30  lr 2.46e-04  depth_std 9.6685
2026-07-27 08:09:21,555 step 4600  loss 1.6510  skip 0.31  lr 2.45e-04  depth_std 0.5806
2026-07-27 08:09:28,424 step 4650  loss 1.5736  skip 0.31  lr 2.43e-04  depth_std 12.7953
2026-07-27 08:09:35,261 step 4700  loss 1.0420  skip 0.31  lr 2.42e-04  depth_std 9.6409
2026-07-27 08:09:42,134 step 4750  loss 0.8697  skip 0.32  lr 2.41e-04  depth_std 11.2943
2026-07-27 08:09:48,979 step 4800  loss 1.2726  skip 0.32  lr 2.39e-04  depth_std 4.7022
2026-07-27 08:09:55,820 step 4850  loss 3.5141  skip 0.32  lr 2.38e-04  depth_std 2.1017
2026-07-27 08:10:02,622 step 4900  loss 1.3919  skip 0.33  lr 2.37e-04  depth_std 4.0480
2026-07-27 08:10:09,493 step 4950  loss 0.9089  skip 0.33  lr 2.36e-04  depth_std 6.8024
2026-07-27 08:10:16,344 step 5000  loss 1.9043  skip 0.33  lr 2.34e-04  depth_std 12.6155
2026-07-27 08:10:23,147 step 5050  loss 1.8098  skip 0.34  lr 2.33e-04  depth_std 13.0523
2026-07-27 08:10:29,990 step 5100  loss 2.0072  skip 0.34  lr 2.31e-04  depth_std 4.7209
2026-07-27 08:10:36,820 step 5150  loss 2.3329  skip 0.34  lr 2.30e-04  depth_std 8.4653
2026-07-27 08:10:43,686 step 5200  loss 2.6271  skip 0.35  lr 2.29e-04  depth_std 17.7144
2026-07-27 08:10:50,488 step 5250  loss 1.9611  skip 0.35  lr 2.27e-04  depth_std 0.7434
2026-07-27 08:10:57,345 step 5300  loss 1.1941  skip 0.35  lr 2.26e-04  depth_std 4.5635
2026-07-27 08:11:04,219 step 5350  loss 2.8184  skip 0.36  lr 2.25e-04  depth_std 7.9314
2026-07-27 08:11:11,037 step 5400  loss 2.5839  skip 0.36  lr 2.23e-04  depth_std 4.5048
2026-07-27 08:11:17,890 step 5450  loss 1.4203  skip 0.36  lr 2.22e-04  depth_std 4.4100
2026-07-27 08:11:24,776 step 5500  loss 1.6701  skip 0.37  lr 2.20e-04  depth_std 5.9649
2026-07-27 08:11:31,605 step 5550  loss 2.5631  skip 0.37  lr 2.19e-04  depth_std 14.5259
2026-07-27 08:11:38,471 step 5600  loss 0.7293  skip 0.37  lr 2.17e-04  depth_std 8.0043
2026-07-27 08:11:45,308 step 5650  loss 1.0055  skip 0.38  lr 2.16e-04  depth_std 5.6076
2026-07-27 08:11:52,188 step 5700  loss 2.0025  skip 0.38  lr 2.14e-04  depth_std 25.9686
2026-07-27 08:11:59,033 step 5750  loss 1.4388  skip 0.38  lr 2.13e-04  depth_std 6.0453
2026-07-27 08:12:05,831 step 5800  loss 1.2765  skip 0.39  lr 2.12e-04  depth_std 9.1348
2026-07-27 08:12:12,688 step 5850  loss 1.9461  skip 0.39  lr 2.10e-04  depth_std 4.1495
2026-07-27 08:12:19,521 step 5900  loss 0.9268  skip 0.39  lr 2.09e-04  depth_std 11.9472
2026-07-27 08:12:26,376 step 5950  loss 3.3936  skip 0.40  lr 2.07e-04  depth_std 5.9558
2026-07-27 08:12:33,219 step 6000  loss 0.7715  skip 0.40  lr 2.06e-04  depth_std 6.3786
2026-07-27 08:12:40,061 step 6050  loss 1.0448  skip 0.40  lr 2.04e-04  depth_std 9.3309
2026-07-27 08:12:46,855 step 6100  loss 2.3193  skip 0.41  lr 2.02e-04  depth_std 1.1734
2026-07-27 08:12:53,736 step 6150  loss 1.4025  skip 0.41  lr 2.01e-04  depth_std 17.3157
2026-07-27 08:13:00,573 step 6200  loss 1.4103  skip 0.41  lr 1.99e-04  depth_std 3.7111
2026-07-27 08:13:07,369 step 6250  loss 0.8354  skip 0.42  lr 1.98e-04  depth_std 8.5276
2026-07-27 08:13:14,213 step 6300  loss 0.8062  skip 0.42  lr 1.96e-04  depth_std 3.4242
2026-07-27 08:13:21,059 step 6350  loss 0.7779  skip 0.42  lr 1.95e-04  depth_std 3.3672
2026-07-27 08:13:27,933 step 6400  loss 1.9995  skip 0.43  lr 1.93e-04  depth_std 20.3836
2026-07-27 08:13:34,777 step 6450  loss 1.2477  skip 0.43  lr 1.92e-04  depth_std 5.6345
2026-07-27 08:13:41,569 step 6500  loss 1.1300  skip 0.43  lr 1.90e-04  depth_std 18.4489
2026-07-27 08:13:48,418 step 6550  loss 4.3883  skip 0.44  lr 1.89e-04  depth_std 14.5374
2026-07-27 08:13:55,234 step 6600  loss 0.7277  skip 0.44  lr 1.87e-04  depth_std 3.2974
2026-07-27 08:14:02,133 step 6650  loss 0.8790  skip 0.44  lr 1.85e-04  depth_std 11.4281
2026-07-27 08:14:08,996 step 6700  loss 2.2779  skip 0.45  lr 1.84e-04  depth_std 17.5898
2026-07-27 08:14:15,846 step 6750  loss 1.0716  skip 0.45  lr 1.82e-04  depth_std 38.9886
2026-07-27 08:14:22,671 step 6800  loss 2.0634  skip 0.45  lr 1.81e-04  depth_std 7.9848
2026-07-27 08:14:29,545 step 6850  loss 4.1728  skip 0.46  lr 1.79e-04  depth_std 13.8659
2026-07-27 08:14:36,401 step 6900  loss 2.4437  skip 0.46  lr 1.77e-04  depth_std 16.6492
2026-07-27 08:14:43,275 step 6950  loss 1.5442  skip 0.46  lr 1.76e-04  depth_std 3.6257
2026-07-27 08:14:50,132 step 7000  loss 2.2760  skip 0.47  lr 1.74e-04  depth_std 12.7410
2026-07-27 08:14:56,950 step 7050  loss 1.0444  skip 0.47  lr 1.73e-04  depth_std 7.8695
2026-07-27 08:15:03,860 step 7100  loss 1.3361  skip 0.47  lr 1.71e-04  depth_std 14.2016
2026-07-27 08:15:10,684 step 7150  loss 1.0666  skip 0.48  lr 1.69e-04  depth_std 20.3480
2026-07-27 08:15:17,532 step 7200  loss 0.9767  skip 0.48  lr 1.68e-04  depth_std 3.7124
2026-07-27 08:15:24,415 step 7250  loss 2.3300  skip 0.48  lr 1.66e-04  depth_std 14.4464
2026-07-27 08:15:31,300 step 7300  loss 0.7375  skip 0.49  lr 1.65e-04  depth_std 10.2698
2026-07-27 08:15:38,114 step 7350  loss 1.6323  skip 0.49  lr 1.63e-04  depth_std 14.1709
2026-07-27 08:15:44,974 step 7400  loss 1.5242  skip 0.49  lr 1.61e-04  depth_std 4.4637
2026-07-27 08:15:51,832 step 7450  loss 0.5834  skip 0.50  lr 1.60e-04  depth_std 14.3465
2026-07-27 08:15:58,653 step 7500  loss 2.1586  skip 0.50  lr 1.58e-04  depth_std 9.7264
2026-07-27 08:16:05,510 step 7550  loss 0.5886  skip 0.50  lr 1.56e-04  depth_std 4.7191
2026-07-27 08:16:12,359 step 7600  loss 2.1665  skip 0.50  lr 1.55e-04  depth_std 10.8787
2026-07-27 08:16:19,207 step 7650  loss 0.9140  skip 0.50  lr 1.53e-04  depth_std 8.2438
2026-07-27 08:16:26,030 step 7700  loss 0.4312  skip 0.50  lr 1.52e-04  depth_std 0.5184
2026-07-27 08:16:32,881 step 7750  loss 1.0612  skip 0.50  lr 1.50e-04  depth_std 14.7805
2026-07-27 08:16:39,747 step 7800  loss 0.3974  skip 0.50  lr 1.48e-04  depth_std 8.3256
2026-07-27 08:16:46,635 step 7850  loss 0.7792  skip 0.50  lr 1.47e-04  depth_std 16.8227
2026-07-27 08:16:53,440 step 7900  loss 1.2324  skip 0.50  lr 1.45e-04  depth_std 13.7970
2026-07-27 08:17:00,310 step 7950  loss 1.5294  skip 0.50  lr 1.44e-04  depth_std 12.5612
2026-07-27 08:17:07,192 step 8000  loss 1.1863  skip 0.50  lr 1.42e-04  depth_std 5.7349
2026-07-27 08:17:13,984 step 8050  loss 0.9968  skip 0.50  lr 1.40e-04  depth_std 10.9581
2026-07-27 08:17:20,826 step 8100  loss 1.7677  skip 0.50  lr 1.39e-04  depth_std 8.2435
2026-07-27 08:17:27,702 step 8150  loss 1.0963  skip 0.50  lr 1.37e-04  depth_std 21.2939
2026-07-27 08:17:34,520 step 8200  loss 0.8341  skip 0.50  lr 1.35e-04  depth_std 2.5546
2026-07-27 08:17:41,395 step 8250  loss 0.8661  skip 0.50  lr 1.34e-04  depth_std 8.8036
2026-07-27 08:17:48,286 step 8300  loss 0.6200  skip 0.50  lr 1.32e-04  depth_std 0.4717
2026-07-27 08:17:55,130 step 8350  loss 1.5497  skip 0.50  lr 1.31e-04  depth_std 16.3051
2026-07-27 08:18:01,985 step 8400  loss 0.6333  skip 0.50  lr 1.29e-04  depth_std 6.4328
2026-07-27 08:18:08,806 step 8450  loss 0.9413  skip 0.50  lr 1.27e-04  depth_std 10.3042
2026-07-27 08:18:15,689 step 8500  loss 3.0251  skip 0.50  lr 1.26e-04  depth_std 14.9763
2026-07-27 08:18:22,503 step 8550  loss 2.1915  skip 0.50  lr 1.24e-04  depth_std 7.2338
2026-07-27 08:18:29,341 step 8600  loss 0.2403  skip 0.50  lr 1.23e-04  depth_std 1.8126
2026-07-27 08:18:36,200 step 8650  loss 1.1859  skip 0.50  lr 1.21e-04  depth_std 11.9826
2026-07-27 08:18:43,061 step 8700  loss 2.7851  skip 0.50  lr 1.19e-04  depth_std 9.8196
2026-07-27 08:18:49,890 step 8750  loss 2.1073  skip 0.50  lr 1.18e-04  depth_std 16.2038
2026-07-27 08:18:56,729 step 8800  loss 1.6949  skip 0.50  lr 1.16e-04  depth_std 8.0783
2026-07-27 08:19:03,566 step 8850  loss 0.8922  skip 0.50  lr 1.15e-04  depth_std 1.9445
2026-07-27 08:19:10,438 step 8900  loss 1.4017  skip 0.50  lr 1.13e-04  depth_std 5.0167
2026-07-27 08:19:17,345 step 8950  loss 1.2086  skip 0.50  lr 1.11e-04  depth_std 11.3430
2026-07-27 08:19:24,162 step 9000  loss 1.9633  skip 0.50  lr 1.10e-04  depth_std 18.6069
2026-07-27 08:19:31,047 step 9050  loss 1.0085  skip 0.50  lr 1.08e-04  depth_std 15.3177
2026-07-27 08:19:37,879 step 9100  loss 0.6877  skip 0.50  lr 1.07e-04  depth_std 6.8675
2026-07-27 08:19:44,745 step 9150  loss 1.3465  skip 0.50  lr 1.05e-04  depth_std 10.2751
2026-07-27 08:19:51,601 step 9200  loss 2.3923  skip 0.50  lr 1.04e-04  depth_std 8.4860
2026-07-27 08:19:58,450 step 9250  loss 1.4571  skip 0.50  lr 1.02e-04  depth_std 15.7758
2026-07-27 08:20:05,262 step 9300  loss 1.1199  skip 0.50  lr 1.01e-04  depth_std 16.0762
2026-07-27 08:20:12,131 step 9350  loss 2.6058  skip 0.50  lr 9.90e-05  depth_std 5.5183
2026-07-27 08:20:18,975 step 9400  loss 2.2967  skip 0.50  lr 9.75e-05  depth_std 20.7141
2026-07-27 08:20:25,820 step 9450  loss 0.5632  skip 0.50  lr 9.60e-05  depth_std 16.9460
2026-07-27 08:20:32,651 step 9500  loss 0.5798  skip 0.50  lr 9.45e-05  depth_std 9.0363
2026-07-27 08:20:39,537 step 9550  loss 1.1756  skip 0.50  lr 9.30e-05  depth_std 19.8478
2026-07-27 08:20:46,360 step 9600  loss 0.7887  skip 0.50  lr 9.15e-05  depth_std 8.0130
2026-07-27 08:20:53,214 step 9650  loss 0.9160  skip 0.50  lr 9.00e-05  depth_std 2.0644
2026-07-27 08:21:00,047 step 9700  loss 1.5274  skip 0.50  lr 8.85e-05  depth_std 17.3823
2026-07-27 08:21:06,896 step 9750  loss 0.9663  skip 0.50  lr 8.70e-05  depth_std 20.3850
2026-07-27 08:21:13,723 step 9800  loss 1.7435  skip 0.50  lr 8.55e-05  depth_std 11.0133
2026-07-27 08:21:20,581 step 9850  loss 1.9118  skip 0.50  lr 8.41e-05  depth_std 14.9743
2026-07-27 08:21:27,444 step 9900  loss 1.3391  skip 0.50  lr 8.26e-05  depth_std 18.9599
2026-07-27 08:21:34,309 step 9950  loss 0.8862  skip 0.50  lr 8.12e-05  depth_std 21.5142
2026-07-27 08:21:41,231 step 10000  loss 1.1904  skip 0.50  lr 7.97e-05  depth_std 2.8780
2026-07-27 08:21:48,035 step 10050  loss 0.3819  skip 0.50  lr 7.83e-05  depth_std 1.8136
2026-07-27 08:21:54,919 step 10100  loss 0.2780  skip 0.50  lr 7.69e-05  depth_std 4.3887
2026-07-27 08:22:01,760 step 10150  loss 0.4891  skip 0.50  lr 7.55e-05  depth_std 0.8426
2026-07-27 08:22:08,629 step 10200  loss 0.5039  skip 0.50  lr 7.41e-05  depth_std 3.3335
2026-07-27 08:22:15,465 step 10250  loss 1.2567  skip 0.50  lr 7.27e-05  depth_std 17.8344
2026-07-27 08:22:22,309 step 10300  loss 0.4373  skip 0.50  lr 7.13e-05  depth_std 11.8955
2026-07-27 08:22:29,107 step 10350  loss 0.4432  skip 0.50  lr 6.99e-05  depth_std 12.1820
2026-07-27 08:22:35,971 step 10400  loss 1.4834  skip 0.50  lr 6.85e-05  depth_std 16.0609
2026-07-27 08:22:42,811 step 10450  loss 1.2515  skip 0.50  lr 6.72e-05  depth_std 18.9339
2026-07-27 08:22:49,637 step 10500  loss 1.1369  skip 0.50  lr 6.58e-05  depth_std 10.0478
2026-07-27 08:22:56,494 step 10550  loss 0.7581  skip 0.50  lr 6.45e-05  depth_std 17.8648
2026-07-27 08:23:03,347 step 10600  loss 0.6789  skip 0.50  lr 6.32e-05  depth_std 2.6067
2026-07-27 08:23:10,179 step 10650  loss 2.3591  skip 0.50  lr 6.18e-05  depth_std 19.9703
2026-07-27 08:23:16,993 step 10700  loss 0.4482  skip 0.50  lr 6.05e-05  depth_std 2.8357
2026-07-27 08:23:23,851 step 10750  loss 1.2064  skip 0.50  lr 5.92e-05  depth_std 11.0017
2026-07-27 08:23:30,686 step 10800  loss 1.8271  skip 0.50  lr 5.79e-05  depth_std 9.8739
2026-07-27 08:23:37,552 step 10850  loss 1.8043  skip 0.50  lr 5.67e-05  depth_std 3.3577
2026-07-27 08:23:44,383 step 10900  loss 0.5176  skip 0.50  lr 5.54e-05  depth_std 1.1411
2026-07-27 08:23:51,261 step 10950  loss 0.3180  skip 0.50  lr 5.41e-05  depth_std 2.5370
2026-07-27 08:23:58,103 step 11000  loss 0.5586  skip 0.50  lr 5.29e-05  depth_std 0.8861
2026-07-27 08:24:04,975 step 11050  loss 1.2992  skip 0.50  lr 5.17e-05  depth_std 19.4929
2026-07-27 08:24:11,804 step 11100  loss 3.0245  skip 0.50  lr 5.04e-05  depth_std 6.0456
2026-07-27 08:24:18,668 step 11150  loss 0.8886  skip 0.50  lr 4.92e-05  depth_std 5.5550
2026-07-27 08:24:25,489 step 11200  loss 0.5684  skip 0.50  lr 4.80e-05  depth_std 10.5123
2026-07-27 08:24:32,367 step 11250  loss 2.0676  skip 0.50  lr 4.68e-05  depth_std 14.8467
2026-07-27 08:24:39,230 step 11300  loss 2.2876  skip 0.50  lr 4.57e-05  depth_std 5.1519
2026-07-27 08:24:46,081 step 11350  loss 1.6279  skip 0.50  lr 4.45e-05  depth_std 10.1749
2026-07-27 08:24:52,921 step 11400  loss 0.4419  skip 0.50  lr 4.34e-05  depth_std 14.3534
2026-07-27 08:24:59,762 step 11450  loss 3.7811  skip 0.50  lr 4.22e-05  depth_std 18.9161
2026-07-27 08:25:06,597 step 11500  loss 2.0954  skip 0.50  lr 4.11e-05  depth_std 16.1094
2026-07-27 08:25:13,427 step 11550  loss 2.1050  skip 0.50  lr 4.00e-05  depth_std 6.1197
2026-07-27 08:25:20,307 step 11600  loss 0.6345  skip 0.50  lr 3.89e-05  depth_std 8.9926
2026-07-27 08:25:27,192 step 11650  loss 1.0483  skip 0.50  lr 3.78e-05  depth_std 3.8188
2026-07-27 08:25:34,050 step 11700  loss 1.0503  skip 0.50  lr 3.67e-05  depth_std 19.3841
2026-07-27 08:25:40,874 step 11750  loss 1.4488  skip 0.50  lr 3.57e-05  depth_std 20.5796
2026-07-27 08:25:47,756 step 11800  loss 1.1867  skip 0.50  lr 3.46e-05  depth_std 12.9216
2026-07-27 08:25:54,603 step 11850  loss 0.4322  skip 0.50  lr 3.36e-05  depth_std 5.9226
2026-07-27 08:26:01,474 step 11900  loss 1.2490  skip 0.50  lr 3.26e-05  depth_std 5.5392
2026-07-27 08:26:08,323 step 11950  loss 0.9952  skip 0.50  lr 3.16e-05  depth_std 1.9531
2026-07-27 08:26:15,219 step 12000  loss 0.6489  skip 0.50  lr 3.06e-05  depth_std 14.7751
2026-07-27 08:26:22,085 step 12050  loss 3.2065  skip 0.50  lr 2.96e-05  depth_std 8.7818
2026-07-27 08:26:28,909 step 12100  loss 1.1135  skip 0.50  lr 2.86e-05  depth_std 14.4613
2026-07-27 08:26:35,793 step 12150  loss 0.9711  skip 0.50  lr 2.77e-05  depth_std 11.9047
2026-07-27 08:26:42,705 step 12200  loss 1.0888  skip 0.50  lr 2.68e-05  depth_std 16.8890
2026-07-27 08:26:49,524 step 12250  loss 1.9993  skip 0.50  lr 2.58e-05  depth_std 19.2188
2026-07-27 08:26:56,370 step 12300  loss 1.4965  skip 0.50  lr 2.49e-05  depth_std 14.6662
2026-07-27 08:27:03,199 step 12350  loss 0.7754  skip 0.50  lr 2.41e-05  depth_std 19.3325
2026-07-27 08:27:10,078 step 12400  loss 2.9445  skip 0.50  lr 2.32e-05  depth_std 10.2960
2026-07-27 08:27:16,951 step 12450  loss 1.4614  skip 0.50  lr 2.23e-05  depth_std 8.1289
2026-07-27 08:27:23,756 step 12500  loss 0.2500  skip 0.50  lr 2.15e-05  depth_std 1.6736
2026-07-27 08:27:30,654 step 12550  loss 1.5178  skip 0.50  lr 2.06e-05  depth_std 7.8493
2026-07-27 08:27:37,490 step 12600  loss 0.9770  skip 0.50  lr 1.98e-05  depth_std 15.1879
2026-07-27 08:27:44,377 step 12650  loss 1.0885  skip 0.50  lr 1.90e-05  depth_std 17.7321
2026-07-27 08:27:51,210 step 12700  loss 1.4836  skip 0.50  lr 1.82e-05  depth_std 17.2303
2026-07-27 08:27:58,066 step 12750  loss 0.7040  skip 0.50  lr 1.75e-05  depth_std 6.1595
2026-07-27 08:28:04,897 step 12800  loss 3.4531  skip 0.50  lr 1.67e-05  depth_std 4.3346
2026-07-27 08:28:11,776 step 12850  loss 0.7930  skip 0.50  lr 1.60e-05  depth_std 17.5425
2026-07-27 08:28:18,642 step 12900  loss 2.4446  skip 0.50  lr 1.53e-05  depth_std 8.4925
2026-07-27 08:28:25,513 step 12950  loss 1.3623  skip 0.50  lr 1.46e-05  depth_std 12.1469
2026-07-27 08:28:32,389 step 13000  loss 1.5188  skip 0.50  lr 1.39e-05  depth_std 2.4118
2026-07-27 08:28:39,212 step 13050  loss 2.3845  skip 0.50  lr 1.32e-05  depth_std 7.4308
2026-07-27 08:28:46,087 step 13100  loss 3.5110  skip 0.50  lr 1.25e-05  depth_std 3.3269
2026-07-27 08:28:52,925 step 13150  loss 0.5340  skip 0.50  lr 1.19e-05  depth_std 5.9770
2026-07-27 08:28:59,749 step 13200  loss 0.3839  skip 0.50  lr 1.13e-05  depth_std 5.1339
2026-07-27 08:29:06,586 step 13250  loss 2.8009  skip 0.50  lr 1.07e-05  depth_std 12.8281
2026-07-27 08:29:13,474 step 13300  loss 0.4084  skip 0.50  lr 1.01e-05  depth_std 4.9141
2026-07-27 08:29:20,293 step 13350  loss 0.3826  skip 0.50  lr 9.48e-06  depth_std 9.6776
2026-07-27 08:29:27,188 step 13400  loss 0.4009  skip 0.50  lr 8.92e-06  depth_std 5.3001
2026-07-27 08:29:34,040 step 13450  loss 1.3349  skip 0.50  lr 8.38e-06  depth_std 24.5326
2026-07-27 08:29:40,877 step 13500  loss 1.6364  skip 0.50  lr 7.85e-06  depth_std 11.6942
2026-07-27 08:29:47,748 step 13550  loss 1.0003  skip 0.50  lr 7.34e-06  depth_std 17.6901
2026-07-27 08:29:54,571 step 13600  loss 0.7039  skip 0.50  lr 6.85e-06  depth_std 17.5815
2026-07-27 08:30:01,407 step 13650  loss 1.7325  skip 0.50  lr 6.37e-06  depth_std 15.9366
2026-07-27 08:30:08,211 step 13700  loss 1.4918  skip 0.50  lr 5.91e-06  depth_std 9.2721
2026-07-27 08:30:15,118 step 13750  loss 0.5553  skip 0.50  lr 5.47e-06  depth_std 13.5823
2026-07-27 08:30:21,979 step 13800  loss 2.0361  skip 0.50  lr 5.04e-06  depth_std 17.9259
2026-07-27 08:30:28,829 step 13850  loss 0.8981  skip 0.50  lr 4.63e-06  depth_std 11.2201
2026-07-27 08:30:35,662 step 13900  loss 0.9871  skip 0.50  lr 4.24e-06  depth_std 7.0063
2026-07-27 08:30:42,535 step 13950  loss 0.3976  skip 0.50  lr 3.86e-06  depth_std 6.2494
2026-07-27 08:30:49,446 step 14000  loss 3.3677  skip 0.50  lr 3.51e-06  depth_std 6.1919
2026-07-27 08:30:56,276 step 14050  loss 5.8651  skip 0.50  lr 3.17e-06  depth_std 10.9948
2026-07-27 08:31:03,130 step 14100  loss 1.0042  skip 0.50  lr 2.84e-06  depth_std 16.3834
2026-07-27 08:31:09,998 step 14150  loss 0.5288  skip 0.50  lr 2.54e-06  depth_std 14.1921
2026-07-27 08:31:16,870 step 14200  loss 0.5342  skip 0.50  lr 2.25e-06  depth_std 1.0609
2026-07-27 08:31:23,710 step 14250  loss 0.6055  skip 0.50  lr 1.98e-06  depth_std 14.1128
2026-07-27 08:31:30,594 step 14300  loss 1.1183  skip 0.50  lr 1.72e-06  depth_std 14.6974
2026-07-27 08:31:37,465 step 14350  loss 0.7285  skip 0.50  lr 1.49e-06  depth_std 7.7766
2026-07-27 08:31:44,333 step 14400  loss 0.8271  skip 0.50  lr 1.27e-06  depth_std 9.2203
2026-07-27 08:31:51,165 step 14450  loss 1.1275  skip 0.50  lr 1.06e-06  depth_std 4.5199
2026-07-27 08:31:58,005 step 14500  loss 1.9951  skip 0.50  lr 8.79e-07  depth_std 7.7081
2026-07-27 08:32:04,856 step 14550  loss 1.0325  skip 0.50  lr 7.12e-07  depth_std 14.3481
2026-07-27 08:32:11,678 step 14600  loss 0.9196  skip 0.50  lr 5.63e-07  depth_std 7.6629
2026-07-27 08:32:18,520 step 14650  loss 0.7853  skip 0.50  lr 4.31e-07  depth_std 12.2026
2026-07-27 08:32:25,406 step 14700  loss 1.0920  skip 0.50  lr 3.17e-07  depth_std 13.0297
2026-07-27 08:32:32,240 step 14750  loss 0.4747  skip 0.50  lr 2.20e-07  depth_std 3.8754
2026-07-27 08:32:39,070 step 14800  loss 0.5590  skip 0.50  lr 1.41e-07  depth_std 1.1534
2026-07-27 08:32:45,906 step 14850  loss 0.5151  skip 0.50  lr 7.92e-08  depth_std 10.0631
2026-07-27 08:32:52,733 step 14900  loss 0.6183  skip 0.50  lr 3.52e-08  depth_std 10.6026
2026-07-27 08:32:59,599 step 14950  loss 1.4823  skip 0.50  lr 8.80e-09  depth_std 18.9407
2026-07-27 08:33:06,320 saved -> work_dirs/probe-p2-dpt/latest.pt
