2026-08-23 13:34:30,648 work dir: work_dirs/v11-warp8.0  seed 0  commit fb3b8a23
2026-08-23 13:34:31,092 partial init from work_dirs/v10-longclip/latest.pt: 1 new tensors kept at init, 0 checkpoint tensors unused
2026-08-23 13:34:32,774 mixed dataset: 205650 clips from 5 sources (size 256)
2026-08-23 13:34:38,551 step    0  loss 4.6648  skip 0.00  lr 3.00e-07  depth_std 37.5223
2026-08-23 13:37:20,330 step   50  loss 1.9272  skip 0.01  lr 1.53e-05  depth_std 32.1296
2026-08-23 13:40:28,845 step  100  loss 2.4389  skip 0.01  lr 3.03e-05  depth_std 11.9635
2026-08-23 13:43:39,503 step  150  loss 2.3281  skip 0.02  lr 4.53e-05  depth_std 42.3942
2026-08-23 13:46:50,482 step  200  loss 5.8910  skip 0.03  lr 6.03e-05  depth_std 27.6520
2026-08-23 13:50:01,417 step  250  loss 5.3094  skip 0.03  lr 7.53e-05  depth_std 31.3089
2026-08-23 13:53:12,749 step  300  loss 1.8965  skip 0.04  lr 9.03e-05  depth_std 22.7292
2026-08-23 13:56:23,685 step  350  loss 0.6140  skip 0.04  lr 1.05e-04  depth_std 2.2278
2026-08-23 13:59:34,166 step  400  loss 1.2329  skip 0.05  lr 1.20e-04  depth_std 40.7273
2026-08-23 14:02:43,199 step  450  loss 4.6610  skip 0.06  lr 1.35e-04  depth_std 10.5431
2026-08-23 14:05:50,999 step  500  loss 2.8392  skip 0.06  lr 1.50e-04  depth_std 38.6525
2026-08-23 14:08:56,868 step  550  loss 2.1622  skip 0.07  lr 1.65e-04  depth_std 1.2527
2026-08-23 14:12:01,704 step  600  loss 2.5597  skip 0.07  lr 1.80e-04  depth_std 20.8886
2026-08-23 14:15:05,515 step  650  loss 1.8819  skip 0.08  lr 1.95e-04  depth_std 20.1379
2026-08-23 14:18:08,691 step  700  loss 0.6855  skip 0.09  lr 2.10e-04  depth_std 1.8629
2026-08-23 14:21:11,172 step  750  loss 2.1995  skip 0.09  lr 2.25e-04  depth_std 1.4610
2026-08-23 14:24:13,110 step  800  loss 0.7691  skip 0.10  lr 2.40e-04  depth_std 0.4281
2026-08-23 14:27:14,120 step  850  loss 2.0971  skip 0.11  lr 2.55e-04  depth_std 1.3614
2026-08-23 14:30:14,618 step  900  loss 0.9099  skip 0.11  lr 2.70e-04  depth_std 0.9792
2026-08-23 14:33:13,821 step  950  loss 5.2603  skip 0.12  lr 2.85e-04  depth_std 9.5047
2026-08-23 14:36:11,850 step 1000  loss 2.2261  skip 0.12  lr 3.00e-04  depth_std 15.4814
2026-08-23 14:39:08,556 step 1050  loss 1.9677  skip 0.13  lr 3.00e-04  depth_std 5.1679
2026-08-23 14:42:03,683 step 1100  loss 1.5964  skip 0.14  lr 3.00e-04  depth_std 10.4526
2026-08-23 14:44:58,624 step 1150  loss 1.6878  skip 0.14  lr 3.00e-04  depth_std 14.9716
2026-08-23 14:47:52,753 step 1200  loss 4.0516  skip 0.15  lr 2.99e-04  depth_std 7.4082
2026-08-23 14:50:46,120 step 1250  loss 3.0530  skip 0.16  lr 2.99e-04  depth_std 40.4670
2026-08-23 14:53:37,946 step 1300  loss 2.2027  skip 0.16  lr 2.99e-04  depth_std 5.7781
2026-08-23 14:56:29,041 step 1350  loss 0.9340  skip 0.17  lr 2.98e-04  depth_std 0.5816
2026-08-23 14:59:19,382 step 1400  loss 2.3052  skip 0.17  lr 2.98e-04  depth_std 5.2235
2026-08-23 15:02:08,753 step 1450  loss 3.0070  skip 0.18  lr 2.97e-04  depth_std 41.3899
2026-08-23 15:04:56,883 step 1500  loss 1.6035  skip 0.19  lr 2.96e-04  depth_std 33.8880
2026-08-23 15:07:44,062 step 1550  loss 2.9169  skip 0.19  lr 2.95e-04  depth_std 3.1595
2026-08-23 15:10:30,504 step 1600  loss 2.2714  skip 0.20  lr 2.95e-04  depth_std 1.7640
2026-08-23 15:13:15,500 step 1650  loss 1.1398  skip 0.21  lr 2.94e-04  depth_std 2.2824
2026-08-23 15:15:59,755 step 1700  loss 3.3791  skip 0.21  lr 2.93e-04  depth_std 0.4031
2026-08-23 15:18:43,418 step 1750  loss 8.6896  skip 0.22  lr 2.92e-04  depth_std 8.4835
2026-08-23 15:21:26,000 step 1800  loss 1.8648  skip 0.23  lr 2.90e-04  depth_std 1.2714
2026-08-23 15:24:07,455 step 1850  loss 0.8496  skip 0.23  lr 2.89e-04  depth_std 0.8413
2026-08-23 15:26:48,192 step 1900  loss 1.8658  skip 0.24  lr 2.88e-04  depth_std 3.5205
2026-08-23 15:29:27,916 step 1950  loss 0.8088  skip 0.24  lr 2.87e-04  depth_std 5.3320
2026-08-23 15:32:06,697 step 2000  loss 6.1831  skip 0.25  lr 2.85e-04  depth_std 35.2700
2026-08-23 15:34:44,243 step 2050  loss 4.2763  skip 0.26  lr 2.84e-04  depth_std 30.2792
2026-08-23 15:37:20,923 step 2100  loss 1.8868  skip 0.26  lr 2.82e-04  depth_std 3.1223
2026-08-23 15:39:56,491 step 2150  loss 2.8292  skip 0.27  lr 2.80e-04  depth_std 6.9636
2026-08-23 15:42:30,811 step 2200  loss 0.6517  skip 0.28  lr 2.79e-04  depth_std 2.2811
2026-08-23 15:45:04,438 step 2250  loss 1.0197  skip 0.28  lr 2.77e-04  depth_std 1.2726
2026-08-23 15:47:37,073 step 2300  loss 0.6743  skip 0.29  lr 2.75e-04  depth_std 0.9833
2026-08-23 15:50:08,556 step 2350  loss 1.4026  skip 0.29  lr 2.73e-04  depth_std 0.7332
2026-08-23 15:52:39,085 step 2400  loss 2.4748  skip 0.30  lr 2.71e-04  depth_std 2.9571
2026-08-23 15:55:08,796 step 2450  loss 4.0576  skip 0.31  lr 2.69e-04  depth_std 9.4299
2026-08-23 15:57:37,445 step 2500  loss 3.3965  skip 0.31  lr 2.67e-04  depth_std 8.4704
2026-08-23 16:00:05,124 step 2550  loss 6.3947  skip 0.32  lr 2.65e-04  depth_std 7.6055
2026-08-23 16:02:31,880 step 2600  loss 2.8601  skip 0.33  lr 2.63e-04  depth_std 0.5734
2026-08-23 16:04:57,207 step 2650  loss 1.5755  skip 0.33  lr 2.61e-04  depth_std 24.2147
2026-08-23 16:07:21,558 step 2700  loss 0.7317  skip 0.34  lr 2.58e-04  depth_std 1.0683
2026-08-23 16:09:44,956 step 2750  loss 3.2941  skip 0.34  lr 2.56e-04  depth_std 3.2382
2026-08-23 16:12:09,010 step 2800  loss 1.6134  skip 0.35  lr 2.54e-04  depth_std 23.9311
2026-08-23 16:14:30,613 step 2850  loss 1.4815  skip 0.36  lr 2.51e-04  depth_std 1.0570
2026-08-23 16:16:50,823 step 2900  loss 1.3219  skip 0.36  lr 2.49e-04  depth_std 11.2446
2026-08-23 16:19:10,160 step 2950  loss 2.1738  skip 0.37  lr 2.46e-04  depth_std 16.9177
2026-08-23 16:21:28,445 step 3000  loss 0.5914  skip 0.38  lr 2.44e-04  depth_std 0.4627
2026-08-23 16:23:45,578 step 3050  loss 0.7953  skip 0.38  lr 2.41e-04  depth_std 1.2795
2026-08-23 16:26:01,830 step 3100  loss 3.8207  skip 0.39  lr 2.38e-04  depth_std 1.3348
2026-08-23 16:28:16,988 step 3150  loss 3.9074  skip 0.39  lr 2.35e-04  depth_std 4.2363
2026-08-23 16:30:31,240 step 3200  loss 1.8459  skip 0.40  lr 2.33e-04  depth_std 15.8715
2026-08-23 16:32:44,015 step 3250  loss 2.1602  skip 0.41  lr 2.30e-04  depth_std 0.8083
2026-08-23 16:34:55,197 step 3300  loss 5.9900  skip 0.41  lr 2.27e-04  depth_std 13.6672
2026-08-23 16:37:05,356 step 3350  loss 3.2083  skip 0.42  lr 2.24e-04  depth_std 1.3662
2026-08-23 16:39:14,943 step 3400  loss 2.0490  skip 0.42  lr 2.21e-04  depth_std 4.3651
2026-08-23 16:41:23,447 step 3450  loss 9.6414  skip 0.43  lr 2.18e-04  depth_std 15.7653
2026-08-23 16:43:30,856 step 3500  loss 2.4713  skip 0.44  lr 2.15e-04  depth_std 1.7727
2026-08-23 16:45:36,790 step 3550  loss 1.1192  skip 0.44  lr 2.12e-04  depth_std 1.7699
2026-08-23 16:47:41,997 step 3600  loss 5.2252  skip 0.45  lr 2.09e-04  depth_std 17.4409
2026-08-23 16:49:46,214 step 3650  loss 0.7884  skip 0.46  lr 2.06e-04  depth_std 0.5316
2026-08-23 16:51:49,424 step 3700  loss 4.2328  skip 0.46  lr 2.03e-04  depth_std 6.4319
2026-08-23 16:53:51,952 step 3750  loss 0.6557  skip 0.47  lr 2.00e-04  depth_std 0.5512
2026-08-23 16:55:53,066 step 3800  loss 3.4170  skip 0.47  lr 1.96e-04  depth_std 26.8082
2026-08-23 16:57:53,100 step 3850  loss 1.9292  skip 0.48  lr 1.93e-04  depth_std 16.9746
2026-08-23 16:59:52,368 step 3900  loss 1.7140  skip 0.49  lr 1.90e-04  depth_std 44.4204
2026-08-23 17:01:50,233 step 3950  loss 2.6570  skip 0.49  lr 1.87e-04  depth_std 9.1852
2026-08-23 17:03:47,273 step 4000  loss 1.6337  skip 0.50  lr 1.83e-04  depth_std 27.0490
2026-08-23 17:05:44,117 step 4050  loss 2.3234  skip 0.50  lr 1.80e-04  depth_std 4.8623
2026-08-23 17:07:40,535 step 4100  loss 3.3273  skip 0.50  lr 1.77e-04  depth_std 2.3679
2026-08-23 17:09:37,409 step 4150  loss 2.2296  skip 0.50  lr 1.73e-04  depth_std 2.2738
2026-08-23 17:11:33,965 step 4200  loss 1.1935  skip 0.50  lr 1.70e-04  depth_std 17.7257
2026-08-23 17:13:30,646 step 4250  loss 1.0816  skip 0.50  lr 1.67e-04  depth_std 15.1601
2026-08-23 17:15:27,569 step 4300  loss 3.9859  skip 0.50  lr 1.63e-04  depth_std 7.3735
2026-08-23 17:17:24,461 step 4350  loss 2.4298  skip 0.50  lr 1.60e-04  depth_std 0.6518
2026-08-23 17:19:21,162 step 4400  loss 3.2217  skip 0.50  lr 1.57e-04  depth_std 15.9332
2026-08-23 17:21:17,348 step 4450  loss 5.0188  skip 0.50  lr 1.53e-04  depth_std 48.9251
2026-08-23 17:23:14,233 step 4500  loss 1.4939  skip 0.50  lr 1.50e-04  depth_std 2.3636
2026-08-23 17:25:11,059 step 4550  loss 1.0563  skip 0.50  lr 1.47e-04  depth_std 1.6099
2026-08-23 17:27:07,792 step 4600  loss 2.8500  skip 0.50  lr 1.43e-04  depth_std 51.0758
2026-08-23 17:29:04,606 step 4650  loss 1.9612  skip 0.50  lr 1.40e-04  depth_std 2.0585
2026-08-23 17:31:01,524 step 4700  loss 7.1959  skip 0.50  lr 1.37e-04  depth_std 11.8047
2026-08-23 17:32:58,217 step 4750  loss 3.8606  skip 0.50  lr 1.33e-04  depth_std 47.9893
2026-08-23 17:34:55,264 step 4800  loss 0.9101  skip 0.50  lr 1.30e-04  depth_std 1.7320
2026-08-23 17:36:52,146 step 4850  loss 1.6159  skip 0.50  lr 1.27e-04  depth_std 28.3937
2026-08-23 17:38:49,048 step 4900  loss 2.2143  skip 0.50  lr 1.23e-04  depth_std 0.4618
2026-08-23 17:40:45,839 step 4950  loss 3.2419  skip 0.50  lr 1.20e-04  depth_std 1.9097
2026-08-23 17:42:42,712 step 5000  loss 5.1471  skip 0.50  lr 1.17e-04  depth_std 12.7868
2026-08-23 17:44:39,156 step 5050  loss 1.2307  skip 0.50  lr 1.13e-04  depth_std 4.1953
2026-08-23 17:46:35,914 step 5100  loss 0.6499  skip 0.50  lr 1.10e-04  depth_std 0.5850
2026-08-23 17:48:32,808 step 5150  loss 4.1305  skip 0.50  lr 1.07e-04  depth_std 2.3425
2026-08-23 17:50:29,479 step 5200  loss 3.2045  skip 0.50  lr 1.04e-04  depth_std 0.5325
2026-08-23 17:52:26,309 step 5250  loss 4.8503  skip 0.50  lr 1.00e-04  depth_std 7.5940
2026-08-23 17:54:23,097 step 5300  loss 2.4205  skip 0.50  lr 9.73e-05  depth_std 5.2284
2026-08-23 17:56:19,911 step 5350  loss 3.6500  skip 0.50  lr 9.42e-05  depth_std 13.7848
2026-08-23 17:58:16,630 step 5400  loss 1.9541  skip 0.50  lr 9.10e-05  depth_std 1.7163
2026-08-23 18:00:13,103 step 5450  loss 0.9860  skip 0.50  lr 8.80e-05  depth_std 1.1436
2026-08-23 18:02:09,975 step 5500  loss 3.1266  skip 0.50  lr 8.49e-05  depth_std 32.8724
2026-08-23 18:04:06,624 step 5550  loss 1.9075  skip 0.50  lr 8.19e-05  depth_std 22.2492
2026-08-23 18:06:03,702 step 5600  loss 3.2515  skip 0.50  lr 7.89e-05  depth_std 2.1044
2026-08-23 18:08:00,608 step 5650  loss 1.6684  skip 0.50  lr 7.60e-05  depth_std 32.9915
2026-08-23 18:09:57,490 step 5700  loss 0.5671  skip 0.50  lr 7.31e-05  depth_std 2.0874
2026-08-23 18:11:54,228 step 5750  loss 3.5411  skip 0.50  lr 7.02e-05  depth_std 34.6379
2026-08-23 18:13:50,638 step 5800  loss 2.6794  skip 0.50  lr 6.74e-05  depth_std 3.6395
2026-08-23 18:15:47,286 step 5850  loss 1.5065  skip 0.50  lr 6.46e-05  depth_std 3.5805
2026-08-23 18:17:43,851 step 5900  loss 5.4533  skip 0.50  lr 6.18e-05  depth_std 10.2372
2026-08-23 18:19:40,658 step 5950  loss 0.9264  skip 0.50  lr 5.91e-05  depth_std 0.6752
2026-08-23 18:21:37,621 step 6000  loss 1.4356  skip 0.50  lr 5.65e-05  depth_std 8.9859
2026-08-23 18:23:34,053 step 6050  loss 1.0487  skip 0.50  lr 5.39e-05  depth_std 1.3463
2026-08-23 18:25:30,781 step 6100  loss 2.1557  skip 0.50  lr 5.13e-05  depth_std 17.2875
2026-08-23 18:27:27,482 step 6150  loss 1.1730  skip 0.50  lr 4.88e-05  depth_std 0.5358
2026-08-23 18:29:23,843 step 6200  loss 1.5940  skip 0.50  lr 4.63e-05  depth_std 0.7874
2026-08-23 18:31:20,262 step 6250  loss 2.1664  skip 0.50  lr 4.39e-05  depth_std 5.3872
2026-08-23 18:33:16,844 step 6300  loss 0.9498  skip 0.50  lr 4.16e-05  depth_std 2.0714
2026-08-23 18:35:13,765 step 6350  loss 0.9673  skip 0.50  lr 3.93e-05  depth_std 0.9629
2026-08-23 18:37:10,659 step 6400  loss 2.5654  skip 0.50  lr 3.70e-05  depth_std 13.7145
2026-08-23 18:39:07,355 step 6450  loss 1.8177  skip 0.50  lr 3.49e-05  depth_std 1.9556
2026-08-23 18:41:04,307 step 6500  loss 0.6977  skip 0.50  lr 3.27e-05  depth_std 0.4305
2026-08-23 18:43:01,015 step 6550  loss 3.2786  skip 0.50  lr 3.07e-05  depth_std 45.2268
2026-08-23 18:44:57,776 step 6600  loss 3.7848  skip 0.50  lr 2.86e-05  depth_std 17.1572
2026-08-23 18:46:54,636 step 6650  loss 2.1417  skip 0.50  lr 2.67e-05  depth_std 1.0218
2026-08-23 18:48:51,499 step 6700  loss 0.8935  skip 0.50  lr 2.48e-05  depth_std 1.7538
2026-08-23 18:50:48,472 step 6750  loss 1.6587  skip 0.50  lr 2.30e-05  depth_std 6.9844
2026-08-23 18:52:45,413 step 6800  loss 0.5855  skip 0.50  lr 2.12e-05  depth_std 0.3767
2026-08-23 18:54:42,051 step 6850  loss 1.2261  skip 0.50  lr 1.95e-05  depth_std 0.8377
2026-08-23 18:56:38,919 step 6900  loss 2.9661  skip 0.50  lr 1.79e-05  depth_std 2.2956
2026-08-23 18:58:35,696 step 6950  loss 2.1127  skip 0.50  lr 1.63e-05  depth_std 7.3815
2026-08-23 19:00:32,478 step 7000  loss 3.4691  skip 0.50  lr 1.49e-05  depth_std 36.1470
2026-08-23 19:02:28,999 step 7050  loss 0.6732  skip 0.50  lr 1.34e-05  depth_std 1.4892
2026-08-23 19:04:25,582 step 7100  loss 0.6957  skip 0.50  lr 1.21e-05  depth_std 1.6588
2026-08-23 19:06:22,196 step 7150  loss 2.4539  skip 0.50  lr 1.08e-05  depth_std 53.3160
2026-08-23 19:08:19,293 step 7200  loss 2.6137  skip 0.50  lr 9.56e-06  depth_std 40.0188
2026-08-23 19:10:16,216 step 7250  loss 0.8124  skip 0.50  lr 8.42e-06  depth_std 2.2032
2026-08-23 19:12:13,075 step 7300  loss 1.4657  skip 0.50  lr 7.34e-06  depth_std 1.1352
2026-08-23 19:14:09,424 step 7350  loss 2.5115  skip 0.50  lr 6.34e-06  depth_std 5.7827
2026-08-23 19:16:06,283 step 7400  loss 1.6150  skip 0.50  lr 5.41e-06  depth_std 14.6756
2026-08-23 19:18:02,995 step 7450  loss 7.3385  skip 0.50  lr 4.55e-06  depth_std 24.5906
2026-08-23 19:19:59,791 step 7500  loss 8.0314  skip 0.50  lr 3.76e-06  depth_std 37.4719
2026-08-23 19:21:56,884 step 7550  loss 4.1787  skip 0.50  lr 3.05e-06  depth_std 43.7542
2026-08-23 19:23:53,651 step 7600  loss 2.7385  skip 0.50  lr 2.41e-06  depth_std 6.0517
2026-08-23 19:25:50,477 step 7650  loss 5.1849  skip 0.50  lr 1.85e-06  depth_std 15.2135
2026-08-23 19:27:47,206 step 7700  loss 2.1929  skip 0.50  lr 1.36e-06  depth_std 33.4081
2026-08-23 19:29:43,854 step 7750  loss 2.1452  skip 0.50  lr 9.43e-07  depth_std 18.6485
2026-08-23 19:31:40,559 step 7800  loss 2.3377  skip 0.50  lr 6.04e-07  depth_std 14.0050
2026-08-23 19:33:37,206 step 7850  loss 0.5745  skip 0.50  lr 3.40e-07  depth_std 1.3678
2026-08-23 19:35:33,886 step 7900  loss 1.1436  skip 0.50  lr 1.51e-07  depth_std 7.8576
2026-08-23 19:37:30,722 step 7950  loss 3.9085  skip 0.50  lr 3.78e-08  depth_std 34.4106
2026-08-23 19:39:25,304 saved -> work_dirs/v11-warp8.0/latest.pt
