2026-08-30 00:09:34,665 work dir: work_dirs/s5-fusenorm-s0  seed 0  commit 1d4d01a6
2026-08-30 00:09:35,092 partial init from work_dirs/v11-longclip-spread-s0/latest.pt: 19 new tensors kept at init, 0 checkpoint tensors unused
2026-08-30 00:09:35,931 mixed dataset: 208720 clips from 5 sources (size 256)
2026-08-30 00:09:38,278 step    0  loss 9.3914  skip 0.00  lr 2.00e-07  depth_std 2.2045
2026-08-30 00:10:29,996 step   50  loss 4.3452  skip 0.01  lr 1.02e-05  depth_std 1.6213
2026-08-30 00:11:23,277 step  100  loss 8.6887  skip 0.03  lr 2.02e-05  depth_std 1.5974
2026-08-30 00:12:16,739 step  150  loss 5.9675  skip 0.04  lr 3.02e-05  depth_std 1.6056
2026-08-30 00:13:09,891 step  200  loss 8.3952  skip 0.05  lr 4.02e-05  depth_std 2.9965
2026-08-30 00:14:02,466 step  250  loss 4.2656  skip 0.06  lr 5.02e-05  depth_std 3.4080
2026-08-30 00:14:54,282 step  300  loss 3.3019  skip 0.07  lr 6.02e-05  depth_std 4.9874
2026-08-30 00:15:45,654 step  350  loss 2.7436  skip 0.09  lr 7.02e-05  depth_std 4.7963
2026-08-30 00:16:36,754 step  400  loss 4.4433  skip 0.10  lr 8.02e-05  depth_std 6.8217
2026-08-30 00:17:27,507 step  450  loss 2.5347  skip 0.11  lr 9.02e-05  depth_std 7.3780
2026-08-30 00:18:17,849 step  500  loss 4.4525  skip 0.12  lr 1.00e-04  depth_std 12.2657
2026-08-30 00:19:07,384 step  550  loss 3.8307  skip 0.14  lr 9.99e-05  depth_std 11.1204
2026-08-30 00:19:56,451 step  600  loss 2.9544  skip 0.15  lr 9.98e-05  depth_std 15.4581
2026-08-30 00:20:45,046 step  650  loss 4.2127  skip 0.16  lr 9.95e-05  depth_std 11.0918
2026-08-30 00:21:33,255 step  700  loss 2.9577  skip 0.17  lr 9.92e-05  depth_std 15.3355
2026-08-30 00:22:20,962 step  750  loss 2.7000  skip 0.19  lr 9.87e-05  depth_std 14.0035
2026-08-30 00:23:08,211 step  800  loss 2.3784  skip 0.20  lr 9.82e-05  depth_std 0.8319
2026-08-30 00:23:54,878 step  850  loss 1.6194  skip 0.21  lr 9.76e-05  depth_std 2.2275
2026-08-30 00:24:41,037 step  900  loss 1.2354  skip 0.23  lr 9.68e-05  depth_std 1.6721
2026-08-30 00:25:26,847 step  950  loss 4.2482  skip 0.24  lr 9.60e-05  depth_std 16.2252
2026-08-30 00:26:12,008 step 1000  loss 8.8370  skip 0.25  lr 9.50e-05  depth_std 23.5705
2026-08-30 00:26:56,723 step 1050  loss 2.9134  skip 0.26  lr 9.40e-05  depth_std 20.3498
2026-08-30 00:27:40,998 step 1100  loss 2.4066  skip 0.28  lr 9.29e-05  depth_std 18.4343
2026-08-30 00:28:24,762 step 1150  loss 3.0225  skip 0.29  lr 9.17e-05  depth_std 19.0559
2026-08-30 00:29:07,963 step 1200  loss 2.6626  skip 0.30  lr 9.05e-05  depth_std 10.2542
2026-08-30 00:29:50,782 step 1250  loss 2.7162  skip 0.31  lr 8.91e-05  depth_std 7.6119
2026-08-30 00:30:33,091 step 1300  loss 3.7567  skip 0.33  lr 8.77e-05  depth_std 15.9843
2026-08-30 00:31:14,818 step 1350  loss 1.9054  skip 0.34  lr 8.61e-05  depth_std 1.8317
2026-08-30 00:31:56,178 step 1400  loss 2.9034  skip 0.35  lr 8.46e-05  depth_std 13.9382
2026-08-30 00:32:37,067 step 1450  loss 3.4130  skip 0.36  lr 8.29e-05  depth_std 16.8959
2026-08-30 00:33:17,399 step 1500  loss 3.2705  skip 0.38  lr 8.12e-05  depth_std 2.1105
2026-08-30 00:33:57,311 step 1550  loss 3.7156  skip 0.39  lr 7.94e-05  depth_std 17.9323
2026-08-30 00:34:36,591 step 1600  loss 4.4267  skip 0.40  lr 7.75e-05  depth_std 23.8189
2026-08-30 00:35:15,345 step 1650  loss 1.8090  skip 0.41  lr 7.56e-05  depth_std 12.1791
2026-08-30 00:35:53,725 step 1700  loss 3.5798  skip 0.42  lr 7.37e-05  depth_std 8.1839
2026-08-30 00:36:31,468 step 1750  loss 4.0929  skip 0.44  lr 7.17e-05  depth_std 14.1776
2026-08-30 00:37:08,692 step 1800  loss 3.5940  skip 0.45  lr 6.97e-05  depth_std 24.9551
2026-08-30 00:37:45,454 step 1850  loss 3.4673  skip 0.46  lr 6.76e-05  depth_std 22.5232
2026-08-30 00:38:21,691 step 1900  loss 1.8790  skip 0.47  lr 6.55e-05  depth_std 2.0316
2026-08-30 00:38:57,493 step 1950  loss 2.8626  skip 0.49  lr 6.33e-05  depth_std 4.4111
2026-08-30 00:39:32,905 step 2000  loss 4.3540  skip 0.50  lr 6.11e-05  depth_std 17.5613
2026-08-30 00:40:07,980 step 2050  loss 2.2090  skip 0.50  lr 5.89e-05  depth_std 19.8881
2026-08-30 00:40:43,114 step 2100  loss 2.8234  skip 0.50  lr 5.67e-05  depth_std 19.6615
2026-08-30 00:41:18,314 step 2150  loss 1.6912  skip 0.50  lr 5.45e-05  depth_std 12.6302
2026-08-30 00:41:53,374 step 2200  loss 3.2408  skip 0.50  lr 5.22e-05  depth_std 28.5741
2026-08-30 00:42:28,486 step 2250  loss 1.6163  skip 0.50  lr 5.00e-05  depth_std 2.2163
2026-08-30 00:43:03,544 step 2300  loss 2.4402  skip 0.50  lr 4.78e-05  depth_std 27.2802
2026-08-30 00:43:38,563 step 2350  loss 2.9578  skip 0.50  lr 4.55e-05  depth_std 23.9000
2026-08-30 00:44:13,686 step 2400  loss 8.3352  skip 0.50  lr 4.33e-05  depth_std 33.3056
2026-08-30 00:44:48,838 step 2450  loss 5.9493  skip 0.50  lr 4.11e-05  depth_std 20.1278
2026-08-30 00:45:23,782 step 2500  loss 2.5432  skip 0.50  lr 3.89e-05  depth_std 10.5828
2026-08-30 00:45:58,831 step 2550  loss 1.9357  skip 0.50  lr 3.67e-05  depth_std 27.8391
2026-08-30 00:46:33,959 step 2600  loss 7.6306  skip 0.50  lr 3.45e-05  depth_std 2.5936
2026-08-30 00:47:09,042 step 2650  loss 2.4403  skip 0.50  lr 3.24e-05  depth_std 6.1555
2026-08-30 00:47:44,229 step 2700  loss 1.4401  skip 0.50  lr 3.03e-05  depth_std 4.0811
2026-08-30 00:48:19,407 step 2750  loss 1.4451  skip 0.50  lr 2.83e-05  depth_std 8.5564
2026-08-30 00:48:54,405 step 2800  loss 1.9640  skip 0.50  lr 2.63e-05  depth_std 12.3141
2026-08-30 00:49:29,594 step 2850  loss 3.7703  skip 0.50  lr 2.44e-05  depth_std 6.0860
2026-08-30 00:50:04,661 step 2900  loss 3.3689  skip 0.50  lr 2.25e-05  depth_std 11.7047
2026-08-30 00:50:39,737 step 2950  loss 3.9648  skip 0.50  lr 2.06e-05  depth_std 33.5391
2026-08-30 00:51:14,876 step 3000  loss 3.4419  skip 0.50  lr 1.88e-05  depth_std 1.1092
2026-08-30 00:51:49,964 step 3050  loss 2.9910  skip 0.50  lr 1.71e-05  depth_std 8.9625
2026-08-30 00:52:25,110 step 3100  loss 6.0849  skip 0.50  lr 1.54e-05  depth_std 31.1986
2026-08-30 00:53:00,036 step 3150  loss 2.9146  skip 0.50  lr 1.39e-05  depth_std 3.7977
2026-08-30 00:53:35,228 step 3200  loss 2.1010  skip 0.50  lr 1.23e-05  depth_std 4.7134
2026-08-30 00:54:10,352 step 3250  loss 2.3520  skip 0.50  lr 1.09e-05  depth_std 7.8953
2026-08-30 00:54:45,373 step 3300  loss 2.8349  skip 0.50  lr 9.55e-06  depth_std 24.8278
2026-08-30 00:55:20,371 step 3350  loss 2.6127  skip 0.50  lr 8.27e-06  depth_std 22.9327
2026-08-30 00:55:55,478 step 3400  loss 2.1009  skip 0.50  lr 7.08e-06  depth_std 16.0770
2026-08-30 00:56:30,663 step 3450  loss 1.2786  skip 0.50  lr 5.97e-06  depth_std 4.2629
2026-08-30 00:57:05,858 step 3500  loss 2.6711  skip 0.50  lr 4.95e-06  depth_std 1.1978
2026-08-30 00:57:40,863 step 3550  loss 5.2855  skip 0.50  lr 4.02e-06  depth_std 23.3113
2026-08-30 00:58:16,036 step 3600  loss 2.4297  skip 0.50  lr 3.19e-06  depth_std 29.8084
2026-08-30 00:58:51,118 step 3650  loss 2.9885  skip 0.50  lr 2.45e-06  depth_std 1.8182
2026-08-30 00:59:26,207 step 3700  loss 3.3157  skip 0.50  lr 1.80e-06  depth_std 23.4993
2026-08-30 01:00:01,357 step 3750  loss 3.3997  skip 0.50  lr 1.25e-06  depth_std 32.1539
2026-08-30 01:00:36,509 step 3800  loss 1.7826  skip 0.50  lr 8.04e-07  depth_std 2.4975
2026-08-30 01:01:11,605 step 3850  loss 2.0771  skip 0.50  lr 4.53e-07  depth_std 26.3375
2026-08-30 01:01:46,634 step 3900  loss 3.9359  skip 0.50  lr 2.01e-07  depth_std 15.0180
2026-08-30 01:02:21,619 step 3950  loss 3.4914  skip 0.50  lr 5.03e-08  depth_std 30.3207
2026-08-30 01:02:56,112 saved -> work_dirs/s5-fusenorm-s0/latest.pt
