/home/hyunsu/miniforge3/envs/mambavision/lib/python3.13/site-packages/timm/models/registry.py:4: FutureWarning: Importing from timm.models.registry is deprecated, please import via timm.models
  warnings.warn(f"Importing from {__name__} is deprecated, please import via timm.models", FutureWarning)
/home/hyunsu/miniforge3/envs/mambavision/lib/python3.13/site-packages/timm/models/layers/__init__.py:48: FutureWarning: Importing from timm.models.layers is deprecated, please import via timm.layers
  warnings.warn(f"Importing from {__name__} is deprecated, please import via timm.layers", FutureWarning)
step 1 loss 1.2816 lr 2.00e-08/2.00e-07 depth_std 1.869 elapsed 1s mem 9.5GiB
step 50 loss 3.6554 lr 1.00e-06/1.00e-05 depth_std 32.858 elapsed 13s mem 9.6GiB
step 100 loss 3.8564 lr 2.00e-06/2.00e-05 depth_std 33.911 elapsed 26s mem 9.6GiB
step 150 loss 2.6372 lr 3.00e-06/3.00e-05 depth_std 22.225 elapsed 38s mem 9.6GiB
step 200 loss 9.1219 lr 4.00e-06/4.00e-05 depth_std 1.825 elapsed 50s mem 9.6GiB
step 250 loss 3.7235 lr 5.00e-06/5.00e-05 depth_std 17.319 elapsed 63s mem 9.6GiB
step 300 loss 3.3874 lr 6.00e-06/6.00e-05 depth_std 13.603 elapsed 75s mem 9.6GiB
step 350 loss 25.9745 lr 7.00e-06/7.00e-05 depth_std 2.798 elapsed 88s mem 9.6GiB
step 400 loss 3.4433 lr 8.00e-06/8.00e-05 depth_std 7.934 elapsed 100s mem 9.6GiB
step 450 loss 10.1312 lr 9.00e-06/9.00e-05 depth_std 9.336 elapsed 112s mem 9.6GiB
step 500 loss 1.7194 lr 1.00e-05/1.00e-04 depth_std 1.559 elapsed 125s mem 9.6GiB
step 550 loss 13.8538 lr 1.00e-05/1.00e-04 depth_std 41.098 elapsed 137s mem 9.6GiB
step 600 loss 17.6769 lr 9.98e-06/9.98e-05 depth_std 5.521 elapsed 149s mem 9.6GiB
step 650 loss 5.7929 lr 9.96e-06/9.96e-05 depth_std 37.482 elapsed 162s mem 9.6GiB
step 700 loss 8.7841 lr 9.92e-06/9.92e-05 depth_std 8.093 elapsed 174s mem 9.6GiB
step 750 loss 1.1179 lr 9.88e-06/9.88e-05 depth_std 1.517 elapsed 186s mem 9.6GiB
step 800 loss 4.5216 lr 9.82e-06/9.82e-05 depth_std 28.436 elapsed 199s mem 9.6GiB
step 850 loss 3.9333 lr 9.76e-06/9.76e-05 depth_std 30.760 elapsed 211s mem 9.6GiB
step 900 loss 2.7786 lr 9.68e-06/9.68e-05 depth_std 31.742 elapsed 223s mem 9.6GiB
step 950 loss 2.6288 lr 9.60e-06/9.60e-05 depth_std 22.530 elapsed 236s mem 9.6GiB
step 1000 loss 2.4488 lr 9.51e-06/9.51e-05 depth_std 41.819 elapsed 248s mem 9.6GiB
step 1050 loss 3.6123 lr 9.41e-06/9.41e-05 depth_std 25.708 elapsed 260s mem 9.6GiB
step 1100 loss 7.2396 lr 9.29e-06/9.29e-05 depth_std 6.885 elapsed 273s mem 9.6GiB
step 1150 loss 4.9574 lr 9.18e-06/9.18e-05 depth_std 24.691 elapsed 285s mem 9.6GiB
step 1200 loss 2.9071 lr 9.05e-06/9.05e-05 depth_std 18.076 elapsed 298s mem 9.6GiB
step 1250 loss 1.7875 lr 8.91e-06/8.91e-05 depth_std 2.107 elapsed 310s mem 9.6GiB
step 1300 loss 14.8657 lr 8.77e-06/8.77e-05 depth_std 27.815 elapsed 322s mem 9.6GiB
step 1350 loss 4.1959 lr 8.62e-06/8.62e-05 depth_std 36.501 elapsed 335s mem 9.6GiB
step 1400 loss 3.8926 lr 8.46e-06/8.46e-05 depth_std 6.263 elapsed 347s mem 9.6GiB
step 1450 loss 9.9334 lr 8.29e-06/8.29e-05 depth_std 31.990 elapsed 359s mem 9.6GiB
step 1500 loss 13.0400 lr 8.12e-06/8.12e-05 depth_std 30.228 elapsed 372s mem 9.6GiB
step 1550 loss 3.6768 lr 7.94e-06/7.94e-05 depth_std 32.851 elapsed 384s mem 9.6GiB
step 1600 loss 4.5712 lr 7.76e-06/7.76e-05 depth_std 38.973 elapsed 396s mem 9.6GiB
step 1650 loss 3.1705 lr 7.57e-06/7.57e-05 depth_std 11.904 elapsed 409s mem 9.6GiB
step 1700 loss 0.9890 lr 7.37e-06/7.37e-05 depth_std 1.843 elapsed 421s mem 9.6GiB
step 1750 loss 1.9889 lr 7.17e-06/7.17e-05 depth_std 32.414 elapsed 434s mem 9.6GiB
step 1800 loss 7.0093 lr 6.97e-06/6.97e-05 depth_std 23.379 elapsed 446s mem 9.6GiB
step 1850 loss 1.0634 lr 6.76e-06/6.76e-05 depth_std 1.961 elapsed 458s mem 9.6GiB
step 1900 loss 2.9744 lr 6.55e-06/6.55e-05 depth_std 1.840 elapsed 471s mem 9.6GiB
step 1950 loss 2.5851 lr 6.33e-06/6.33e-05 depth_std 28.631 elapsed 483s mem 9.6GiB
step 2000 loss 20.3402 lr 6.12e-06/6.12e-05 depth_std 10.195 elapsed 495s mem 9.6GiB
step 2050 loss 3.4010 lr 5.90e-06/5.90e-05 depth_std 26.101 elapsed 508s mem 9.6GiB
step 2100 loss 2.7649 lr 5.68e-06/5.68e-05 depth_std 34.863 elapsed 520s mem 9.6GiB
step 2150 loss 2.8784 lr 5.45e-06/5.45e-05 depth_std 26.548 elapsed 532s mem 9.6GiB
step 2200 loss 2.1009 lr 5.23e-06/5.23e-05 depth_std 8.326 elapsed 545s mem 9.6GiB
step 2250 loss 2.2175 lr 5.00e-06/5.00e-05 depth_std 2.345 elapsed 557s mem 9.6GiB
step 2300 loss 3.9449 lr 4.78e-06/4.78e-05 depth_std 4.986 elapsed 569s mem 9.6GiB
step 2350 loss 1.9178 lr 4.56e-06/4.56e-05 depth_std 14.144 elapsed 582s mem 9.6GiB
step 2400 loss 8.2852 lr 4.33e-06/4.33e-05 depth_std 35.320 elapsed 594s mem 9.6GiB
step 2450 loss 2.2822 lr 4.11e-06/4.11e-05 depth_std 6.366 elapsed 607s mem 9.6GiB
step 2500 loss 1.7178 lr 3.89e-06/3.89e-05 depth_std 16.878 elapsed 619s mem 9.6GiB
step 2550 loss 2.9111 lr 3.67e-06/3.67e-05 depth_std 33.507 elapsed 631s mem 9.6GiB
step 2600 loss 4.8231 lr 3.46e-06/3.46e-05 depth_std 13.480 elapsed 644s mem 9.6GiB
step 2650 loss 5.1207 lr 3.25e-06/3.25e-05 depth_std 29.189 elapsed 656s mem 9.6GiB
step 2700 loss 4.6288 lr 3.04e-06/3.04e-05 depth_std 1.916 elapsed 668s mem 9.6GiB
step 2750 loss 1.3436 lr 2.83e-06/2.83e-05 depth_std 2.459 elapsed 681s mem 9.6GiB
step 2800 loss 7.7456 lr 2.63e-06/2.63e-05 depth_std 4.452 elapsed 693s mem 9.6GiB
step 2850 loss 2.6613 lr 2.44e-06/2.44e-05 depth_std 17.739 elapsed 706s mem 9.6GiB
step 2900 loss 11.0737 lr 2.25e-06/2.25e-05 depth_std 10.177 elapsed 718s mem 9.6GiB
step 2950 loss 9.4488 lr 2.06e-06/2.06e-05 depth_std 2.895 elapsed 730s mem 9.6GiB
step 3000 loss 53.4251 lr 1.89e-06/1.89e-05 depth_std 25.187 elapsed 743s mem 9.6GiB
step 3050 loss 4.4957 lr 1.71e-06/1.71e-05 depth_std 18.155 elapsed 755s mem 9.6GiB
step 3100 loss 1.2287 lr 1.55e-06/1.55e-05 depth_std 3.636 elapsed 767s mem 9.6GiB
step 3150 loss 1.7902 lr 1.39e-06/1.39e-05 depth_std 18.583 elapsed 780s mem 9.6GiB
step 3200 loss 3.9961 lr 1.24e-06/1.24e-05 depth_std 42.391 elapsed 792s mem 9.6GiB
step 3250 loss 7.2708 lr 1.09e-06/1.09e-05 depth_std 50.204 elapsed 804s mem 9.6GiB
step 3300 loss 1.0349 lr 9.58e-07/9.58e-06 depth_std 1.399 elapsed 817s mem 9.6GiB
step 3350 loss 6.6057 lr 8.30e-07/8.30e-06 depth_std 28.161 elapsed 829s mem 9.6GiB
step 3400 loss 3.0233 lr 7.10e-07/7.10e-06 depth_std 27.281 elapsed 842s mem 9.6GiB
step 3450 loss 3.0068 lr 5.99e-07/5.99e-06 depth_std 8.083 elapsed 854s mem 9.6GiB
step 3500 loss 4.7664 lr 4.97e-07/4.97e-06 depth_std 38.446 elapsed 866s mem 9.6GiB
step 3550 loss 1.3491 lr 4.04e-07/4.04e-06 depth_std 1.780 elapsed 879s mem 9.6GiB
step 3600 loss 3.3852 lr 3.20e-07/3.20e-06 depth_std 1.725 elapsed 891s mem 9.6GiB
step 3650 loss 20.5311 lr 2.46e-07/2.46e-06 depth_std 39.653 elapsed 903s mem 9.6GiB
step 3700 loss 8.1523 lr 1.81e-07/1.81e-06 depth_std 11.275 elapsed 916s mem 9.6GiB
step 3750 loss 4.8278 lr 1.26e-07/1.26e-06 depth_std 2.854 elapsed 928s mem 9.6GiB
step 3800 loss 18.9820 lr 8.12e-08/8.12e-07 depth_std 13.368 elapsed 941s mem 9.6GiB
step 3850 loss 2.6188 lr 4.59e-08/4.59e-07 depth_std 19.129 elapsed 953s mem 9.6GiB
step 3900 loss 2.8046 lr 2.05e-08/2.05e-07 depth_std 49.188 elapsed 965s mem 9.6GiB
step 3950 loss 2.6837 lr 5.24e-09/5.24e-08 depth_std 3.187 elapsed 978s mem 9.6GiB
step 4000 loss 10.2868 lr 2.01e-12/2.01e-11 depth_std 2.241 elapsed 990s mem 9.6GiB
FINETUNE_DONE mambavision_da2_hr_ft 4000
