2026-08-30 22:15:13,606 work dir: work_dirs/q1c-slow-s0  commit 1d4d01a6
2026-08-30 22:15:15,048 HTTP Request: HEAD https://huggingface.co/depth-anything/Depth-Anything-V2-Small-hf/resolve/main/config.json "HTTP/1.1 307 Temporary Redirect"
2026-08-30 22:15:15,049 Warning: You are sending unauthenticated requests to the HF Hub. Please set a HF_TOKEN to enable higher rate limits and faster downloads.
2026-08-30 22:15:15,227 HTTP Request: HEAD https://huggingface.co/api/resolve-cache/models/depth-anything/Depth-Anything-V2-Small-hf/5426e4f0f36572d16453bbda7a8389317b1bef99/config.json "HTTP/1.1 200 OK"
2026-08-30 22:15:15,920 HTTP Request: HEAD https://huggingface.co/depth-anything/Depth-Anything-V2-Small-hf/resolve/main/config.json "HTTP/1.1 307 Temporary Redirect"
2026-08-30 22:15:16,100 HTTP Request: HEAD https://huggingface.co/api/resolve-cache/models/depth-anything/Depth-Anything-V2-Small-hf/5426e4f0f36572d16453bbda7a8389317b1bef99/config.json "HTTP/1.1 200 OK"
2026-08-30 22:15:16,177 trainable 24.811M of 24.81M  (shape lr 3e-06)
2026-08-30 22:15:16,266 mixed dataset: 13245 clips from 2 sources
2026-08-30 22:15:17,027 step      0  loss 3.7464  median 3.33 m
2026-08-30 22:15:26,289 step     50  loss 5.0470  median 3.31 m
2026-08-30 22:15:35,549 step    100  loss 2.0106  median 3.18 m
2026-08-30 22:15:44,813 step    150  loss 2.4849  median 2.81 m
2026-08-30 22:15:54,082 step    200  loss 3.7834  median 2.30 m
2026-08-30 22:16:03,355 step    250  loss 0.7878  median 1.98 m
2026-08-30 22:16:12,627 step    300  loss 2.8128  median 1.74 m
2026-08-30 22:16:21,898 step    350  loss 1.0199  median 2.23 m
2026-08-30 22:16:31,179 step    400  loss 1.3388  median 1.78 m
2026-08-30 22:16:40,452 step    450  loss 0.9270  median 1.85 m
2026-08-30 22:16:49,730 step    500  loss 0.6975  median 2.11 m
2026-08-30 22:16:59,003 step    550  loss 0.7376  median 2.37 m
2026-08-30 22:17:08,278 step    600  loss 0.4265  median 2.71 m
2026-08-30 22:17:17,552 step    650  loss 0.6343  median 2.04 m
2026-08-30 22:17:26,830 step    700  loss 0.6255  median 2.09 m
2026-08-30 22:17:36,109 step    750  loss 0.6499  median 2.12 m
2026-08-30 22:17:45,384 step    800  loss 1.0421  median 2.02 m
2026-08-30 22:17:54,661 step    850  loss 1.6622  median 2.61 m
2026-08-30 22:18:03,939 step    900  loss 1.1553  median 2.06 m
2026-08-30 22:18:13,215 step    950  loss 0.9913  median 1.95 m
2026-08-30 22:18:22,486 step   1000  loss 1.1465  median 2.71 m
2026-08-30 22:18:31,759 step   1050  loss 0.4459  median 2.05 m
2026-08-30 22:18:41,036 step   1100  loss 0.8138  median 2.11 m
2026-08-30 22:18:50,311 step   1150  loss 0.5314  median 2.60 m
2026-08-30 22:18:59,588 step   1200  loss 1.0830  median 2.23 m
2026-08-30 22:19:08,865 step   1250  loss 1.4861  median 2.20 m
2026-08-30 22:19:18,140 step   1300  loss 0.7983  median 2.70 m
2026-08-30 22:19:27,412 step   1350  loss 1.5704  median 2.48 m
2026-08-30 22:19:36,693 step   1400  loss 0.5046  median 2.22 m
2026-08-30 22:19:45,967 step   1450  loss 0.5690  median 2.04 m
2026-08-30 22:19:55,245 step   1500  loss 0.6708  median 2.58 m
2026-08-30 22:20:04,518 step   1550  loss 0.5899  median 2.03 m
2026-08-30 22:20:13,792 step   1600  loss 1.5166  median 2.12 m
2026-08-30 22:20:23,065 step   1650  loss 0.9736  median 1.76 m
2026-08-30 22:20:32,341 step   1700  loss 0.5384  median 2.17 m
2026-08-30 22:20:41,620 step   1750  loss 1.0241  median 2.11 m
2026-08-30 22:20:50,894 step   1800  loss 0.7928  median 2.91 m
2026-08-30 22:21:00,169 step   1850  loss 0.9338  median 2.46 m
2026-08-30 22:21:09,438 step   1900  loss 1.0534  median 2.64 m
2026-08-30 22:21:18,715 step   1950  loss 0.5443  median 1.97 m
2026-08-30 22:21:27,991 step   2000  loss 0.4923  median 2.16 m
2026-08-30 22:21:37,262 step   2050  loss 1.1329  median 2.45 m
2026-08-30 22:21:46,532 step   2100  loss 0.8458  median 2.22 m
2026-08-30 22:21:55,809 step   2150  loss 0.6829  median 2.13 m
2026-08-30 22:22:05,088 step   2200  loss 1.3159  median 2.72 m
2026-08-30 22:22:14,366 step   2250  loss 0.9926  median 2.27 m
2026-08-30 22:22:23,647 step   2300  loss 0.8447  median 1.83 m
2026-08-30 22:22:32,922 step   2350  loss 0.5686  median 2.13 m
2026-08-30 22:22:42,195 step   2400  loss 1.1958  median 2.08 m
2026-08-30 22:22:51,474 step   2450  loss 0.7761  median 2.06 m
2026-08-30 22:23:00,746 step   2500  loss 0.6132  median 3.02 m
2026-08-30 22:23:10,021 step   2550  loss 0.6309  median 2.30 m
2026-08-30 22:23:19,300 step   2600  loss 1.4447  median 3.16 m
2026-08-30 22:23:28,580 step   2650  loss 0.8583  median 1.79 m
2026-08-30 22:23:37,852 step   2700  loss 0.8686  median 2.89 m
2026-08-30 22:23:47,125 step   2750  loss 0.9710  median 2.43 m
2026-08-30 22:23:56,397 step   2800  loss 1.3808  median 2.11 m
2026-08-30 22:24:05,673 step   2850  loss 0.9497  median 3.03 m
2026-08-30 22:24:14,945 step   2900  loss 0.5666  median 2.15 m
2026-08-30 22:24:24,224 step   2950  loss 0.6922  median 2.72 m
2026-08-30 22:24:33,498 step   3000  loss 1.4256  median 2.03 m
2026-08-30 22:24:42,775 step   3050  loss 1.4080  median 2.41 m
2026-08-30 22:24:52,047 step   3100  loss 0.5393  median 2.36 m
2026-08-30 22:25:01,325 step   3150  loss 1.2234  median 2.42 m
2026-08-30 22:25:10,602 step   3200  loss 0.4688  median 2.93 m
2026-08-30 22:25:19,874 step   3250  loss 1.0677  median 2.47 m
2026-08-30 22:25:29,149 step   3300  loss 1.0712  median 2.31 m
2026-08-30 22:25:38,421 step   3350  loss 0.7580  median 2.35 m
2026-08-30 22:25:47,694 step   3400  loss 0.8466  median 1.84 m
2026-08-30 22:25:56,967 step   3450  loss 0.6896  median 2.35 m
2026-08-30 22:26:06,241 step   3500  loss 0.4389  median 2.40 m
2026-08-30 22:26:15,516 step   3550  loss 0.8462  median 2.56 m
2026-08-30 22:26:24,791 step   3600  loss 0.9888  median 2.11 m
2026-08-30 22:26:34,068 step   3650  loss 0.6625  median 2.36 m
2026-08-30 22:26:43,344 step   3700  loss 0.9063  median 2.48 m
2026-08-30 22:26:52,619 step   3750  loss 0.9370  median 2.27 m
2026-08-30 22:27:01,897 step   3800  loss 1.1468  median 2.32 m
2026-08-30 22:27:11,180 step   3850  loss 0.6174  median 2.06 m
2026-08-30 22:27:20,459 step   3900  loss 0.8275  median 2.02 m
2026-08-30 22:27:29,737 step   3950  loss 0.7262  median 2.60 m
2026-08-30 22:27:38,890 saved -> work_dirs/q1c-slow-s0/latest.pt
