2026-08-29 01:40:47,989 work dir: work_dirs/probe-cur-s0  seed 0  commit 1d4d01a6
2026-08-29 01:40:48,489 mixed dataset: 256 clips from 2 sources (size 256)
2026-08-29 01:40:50,217 step    0  loss 21.4143  skip 0.00  lr 3.00e-07  depth_std 0.0027
2026-08-29 01:41:16,738 step   50  loss 17.3823  skip 0.00  lr 1.53e-05  depth_std 0.0069
2026-08-29 01:41:43,787 step  100  loss 4.0974  skip 0.00  lr 3.03e-05  depth_std 1.0491
2026-08-29 01:42:10,675 step  150  loss 2.4700  skip 0.00  lr 4.53e-05  depth_std 0.5450
2026-08-29 01:42:37,866 step  200  loss 1.9028  skip 0.00  lr 6.03e-05  depth_std 0.8044
2026-08-29 01:43:04,498 step  250  loss 1.7326  skip 0.00  lr 7.53e-05  depth_std 0.8224
2026-08-29 01:43:31,753 step  300  loss 1.5307  skip 0.00  lr 9.03e-05  depth_std 0.8440
2026-08-29 01:43:58,813 step  350  loss 1.5185  skip 0.00  lr 1.05e-04  depth_std 0.7638
2026-08-29 01:44:25,833 step  400  loss 1.5573  skip 0.00  lr 1.20e-04  depth_std 0.6796
2026-08-29 01:44:52,804 step  450  loss 1.9172  skip 0.00  lr 1.35e-04  depth_std 0.7949
2026-08-29 01:45:19,384 step  500  loss 1.2661  skip 0.00  lr 1.50e-04  depth_std 0.7892
2026-08-29 01:45:46,724 step  550  loss 1.4724  skip 0.00  lr 1.65e-04  depth_std 0.7291
2026-08-29 01:46:13,671 step  600  loss 2.0923  skip 0.00  lr 1.80e-04  depth_std 0.8912
2026-08-29 01:46:40,730 step  650  loss 1.4191  skip 0.00  lr 1.95e-04  depth_std 0.6973
2026-08-29 01:47:07,310 step  700  loss 1.4291  skip 0.00  lr 2.10e-04  depth_std 1.2891
2026-08-29 01:47:34,355 step  750  loss 2.0888  skip 0.00  lr 2.25e-04  depth_std 0.7216
2026-08-29 01:48:01,391 step  800  loss 1.8225  skip 0.00  lr 2.40e-04  depth_std 1.1546
2026-08-29 01:48:28,366 step  850  loss 1.2162  skip 0.00  lr 2.55e-04  depth_std 1.2027
2026-08-29 01:48:55,460 step  900  loss 1.3716  skip 0.00  lr 2.70e-04  depth_std 0.9275
2026-08-29 01:49:22,087 step  950  loss 1.7567  skip 0.00  lr 2.85e-04  depth_std 1.1406
2026-08-29 01:49:49,193 step 1000  loss 2.1886  skip 0.00  lr 3.00e-04  depth_std 0.9831
2026-08-29 01:50:16,844 step 1050  loss 1.2213  skip 0.00  lr 3.00e-04  depth_std 0.7244
2026-08-29 01:50:45,590 step 1100  loss 1.1479  skip 0.00  lr 2.98e-04  depth_std 1.1555
2026-08-29 01:51:15,453 step 1150  loss 1.5110  skip 0.00  lr 2.96e-04  depth_std 1.3270
2026-08-29 01:51:45,611 step 1200  loss 1.0935  skip 0.00  lr 2.93e-04  depth_std 1.0781
2026-08-29 01:52:16,389 step 1250  loss 1.1355  skip 0.00  lr 2.89e-04  depth_std 1.6119
2026-08-29 01:52:47,254 step 1300  loss 1.4325  skip 0.00  lr 2.84e-04  depth_std 1.1466
2026-08-29 01:53:19,401 step 1350  loss 1.0988  skip 0.00  lr 2.78e-04  depth_std 1.1231
2026-08-29 01:53:49,291 step 1400  loss 0.8467  skip 0.00  lr 2.71e-04  depth_std 1.0320
2026-08-29 01:54:19,795 step 1450  loss 0.8451  skip 0.00  lr 2.64e-04  depth_std 0.9364
2026-08-29 01:54:50,898 step 1500  loss 0.9124  skip 0.00  lr 2.56e-04  depth_std 1.1091
2026-08-29 01:55:24,369 step 1550  loss 0.6939  skip 0.00  lr 2.47e-04  depth_std 0.5623
2026-08-29 01:55:55,371 step 1600  loss 0.9718  skip 0.00  lr 2.38e-04  depth_std 1.8037
2026-08-29 01:56:25,676 step 1650  loss 0.9727  skip 0.00  lr 2.28e-04  depth_std 0.8848
2026-08-29 01:56:56,660 step 1700  loss 1.0287  skip 0.00  lr 2.18e-04  depth_std 1.1011
2026-08-29 01:57:25,796 step 1750  loss 0.7207  skip 0.00  lr 2.07e-04  depth_std 0.8981
2026-08-29 01:57:53,650 step 1800  loss 0.9030  skip 0.00  lr 1.96e-04  depth_std 1.7374
2026-08-29 01:58:20,536 step 1850  loss 0.7001  skip 0.00  lr 1.85e-04  depth_std 1.1485
2026-08-29 01:58:48,319 step 1900  loss 0.7296  skip 0.00  lr 1.73e-04  depth_std 1.0011
2026-08-29 01:59:15,550 step 1950  loss 0.9789  skip 0.00  lr 1.62e-04  depth_std 1.6886
2026-08-29 01:59:42,897 step 2000  loss 0.7799  skip 0.00  lr 1.50e-04  depth_std 1.0956
2026-08-29 02:00:09,974 step 2050  loss 0.7413  skip 0.00  lr 1.38e-04  depth_std 0.7414
2026-08-29 02:00:36,547 step 2100  loss 0.5680  skip 0.00  lr 1.27e-04  depth_std 0.8855
2026-08-29 02:01:03,553 step 2150  loss 0.6635  skip 0.00  lr 1.15e-04  depth_std 0.5104
2026-08-29 02:01:30,753 step 2200  loss 0.5803  skip 0.00  lr 1.04e-04  depth_std 1.0430
2026-08-29 02:01:58,031 step 2250  loss 0.7559  skip 0.00  lr 9.26e-05  depth_std 0.7668
2026-08-29 02:02:24,591 step 2300  loss 0.5643  skip 0.00  lr 8.19e-05  depth_std 0.9646
2026-08-29 02:02:51,590 step 2350  loss 0.5302  skip 0.00  lr 7.16e-05  depth_std 0.8559
2026-08-29 02:03:18,625 step 2400  loss 0.8488  skip 0.00  lr 6.18e-05  depth_std 1.5088
2026-08-29 02:03:45,829 step 2450  loss 0.7512  skip 0.00  lr 5.26e-05  depth_std 1.4712
2026-08-29 02:04:13,090 step 2500  loss 0.7477  skip 0.00  lr 4.39e-05  depth_std 1.6671
2026-08-29 02:04:39,598 step 2550  loss 0.5667  skip 0.00  lr 3.59e-05  depth_std 0.7546
2026-08-29 02:05:06,922 step 2600  loss 0.5994  skip 0.00  lr 2.86e-05  depth_std 1.0356
2026-08-29 02:05:34,270 step 2650  loss 0.5877  skip 0.00  lr 2.21e-05  depth_std 1.2392
2026-08-29 02:06:01,287 step 2700  loss 0.4874  skip 0.00  lr 1.63e-05  depth_std 0.6546
2026-08-29 02:06:27,848 step 2750  loss 0.5795  skip 0.00  lr 1.14e-05  depth_std 1.3404
2026-08-29 02:06:55,258 step 2800  loss 0.5811  skip 0.00  lr 7.34e-06  depth_std 1.2731
2026-08-29 02:07:22,744 step 2850  loss 0.6108  skip 0.00  lr 4.14e-06  depth_std 1.1367
2026-08-29 02:07:50,239 step 2900  loss 0.5118  skip 0.00  lr 1.85e-06  depth_std 1.1060
2026-08-29 02:08:17,308 step 2950  loss 0.5807  skip 0.00  lr 4.62e-07  depth_std 1.2321
2026-08-29 02:08:43,380 saved -> work_dirs/probe-cur-s0/latest.pt
