2026-08-30 22:06:30,986 work dir: work_dirs/q1b-head-s0  commit 1d4d01a6
2026-08-30 22:06:32,112 HTTP Request: HEAD https://huggingface.co/depth-anything/Depth-Anything-V2-Small-hf/resolve/main/config.json "HTTP/1.1 307 Temporary Redirect"
2026-08-30 22:06:32,113 Warning: You are sending unauthenticated requests to the HF Hub. Please set a HF_TOKEN to enable higher rate limits and faster downloads.
2026-08-30 22:06:32,186 HTTP Request: HEAD https://huggingface.co/api/resolve-cache/models/depth-anything/Depth-Anything-V2-Small-hf/5426e4f0f36572d16453bbda7a8389317b1bef99/config.json "HTTP/1.1 200 OK"
2026-08-30 22:06:32,784 HTTP Request: HEAD https://huggingface.co/depth-anything/Depth-Anything-V2-Small-hf/resolve/main/config.json "HTTP/1.1 307 Temporary Redirect"
2026-08-30 22:06:32,856 HTTP Request: HEAD https://huggingface.co/api/resolve-cache/models/depth-anything/Depth-Anything-V2-Small-hf/5426e4f0f36572d16453bbda7a8389317b1bef99/config.json "HTTP/1.1 200 OK"
2026-08-30 22:06:32,939 trainable 2.754M of 24.81M  (shape lr 1e-05, head only)
2026-08-30 22:06:33,026 mixed dataset: 13245 clips from 2 sources
2026-08-30 22:06:33,662 step      0  loss 3.1968  median 3.33 m
2026-08-30 22:06:38,920 step     50  loss 3.5815  median 3.30 m
2026-08-30 22:06:44,185 step    100  loss 1.3581  median 3.11 m
2026-08-30 22:06:49,444 step    150  loss 1.3641  median 2.67 m
2026-08-30 22:06:54,707 step    200  loss 2.2557  median 2.15 m
2026-08-30 22:06:59,968 step    250  loss 0.3337  median 1.97 m
2026-08-30 22:07:05,228 step    300  loss 1.4950  median 1.83 m
2026-08-30 22:07:10,491 step    350  loss 0.3801  median 2.13 m
2026-08-30 22:07:15,744 step    400  loss 0.7426  median 1.91 m
2026-08-30 22:07:20,991 step    450  loss 0.6186  median 1.96 m
2026-08-30 22:07:26,240 step    500  loss 0.4402  median 2.18 m
2026-08-30 22:07:31,493 step    550  loss 0.4157  median 2.56 m
2026-08-30 22:07:36,741 step    600  loss 0.2692  median 2.79 m
2026-08-30 22:07:41,994 step    650  loss 0.4459  median 2.24 m
2026-08-30 22:07:47,254 step    700  loss 0.3451  median 2.25 m
2026-08-30 22:07:52,504 step    750  loss 0.2833  median 2.30 m
2026-08-30 22:07:57,764 step    800  loss 0.7173  median 2.02 m
2026-08-30 22:08:03,011 step    850  loss 0.7815  median 2.61 m
2026-08-30 22:08:08,261 step    900  loss 0.6459  median 2.32 m
2026-08-30 22:08:13,508 step    950  loss 0.5423  median 2.11 m
2026-08-30 22:08:18,757 step   1000  loss 0.5546  median 2.86 m
2026-08-30 22:08:24,005 step   1050  loss 0.2184  median 2.05 m
2026-08-30 22:08:29,254 step   1100  loss 0.2869  median 2.15 m
2026-08-30 22:08:34,503 step   1150  loss 0.2788  median 2.37 m
2026-08-30 22:08:39,751 step   1200  loss 0.6834  median 2.21 m
2026-08-30 22:08:45,001 step   1250  loss 0.4222  median 2.52 m
2026-08-30 22:08:50,265 step   1300  loss 0.4893  median 2.72 m
2026-08-30 22:08:55,533 step   1350  loss 0.7784  median 2.68 m
2026-08-30 22:09:00,786 step   1400  loss 0.2532  median 2.18 m
2026-08-30 22:09:06,046 step   1450  loss 0.1893  median 2.01 m
2026-08-30 22:09:11,310 step   1500  loss 0.6555  median 2.75 m
2026-08-30 22:09:16,562 step   1550  loss 0.4825  median 2.10 m
2026-08-30 22:09:21,808 step   1600  loss 0.9313  median 2.20 m
2026-08-30 22:09:27,066 step   1650  loss 0.4995  median 1.94 m
2026-08-30 22:09:32,331 step   1700  loss 0.2859  median 2.03 m
2026-08-30 22:09:37,589 step   1750  loss 0.5433  median 2.08 m
2026-08-30 22:09:42,843 step   1800  loss 0.4296  median 2.79 m
2026-08-30 22:09:48,095 step   1850  loss 0.2605  median 2.39 m
2026-08-30 22:09:53,354 step   1900  loss 0.7681  median 2.38 m
2026-08-30 22:09:58,617 step   1950  loss 0.1779  median 2.30 m
2026-08-30 22:10:03,867 step   2000  loss 0.1295  median 2.71 m
2026-08-30 22:10:09,114 step   2050  loss 0.3806  median 2.15 m
2026-08-30 22:10:14,363 step   2100  loss 0.5064  median 2.20 m
2026-08-30 22:10:19,616 step   2150  loss 0.2906  median 2.08 m
2026-08-30 22:10:24,874 step   2200  loss 0.4006  median 2.42 m
2026-08-30 22:10:30,135 step   2250  loss 0.4365  median 2.53 m
2026-08-30 22:10:35,392 step   2300  loss 0.2864  median 1.99 m
2026-08-30 22:10:40,640 step   2350  loss 0.2117  median 2.37 m
2026-08-30 22:10:45,899 step   2400  loss 0.6465  median 2.08 m
2026-08-30 22:10:51,158 step   2450  loss 0.2786  median 2.09 m
2026-08-30 22:10:56,419 step   2500  loss 0.4770  median 2.77 m
2026-08-30 22:11:01,668 step   2550  loss 0.2353  median 2.31 m
2026-08-30 22:11:06,918 step   2600  loss 0.3055  median 2.99 m
2026-08-30 22:11:12,170 step   2650  loss 1.0546  median 2.17 m
2026-08-30 22:11:17,421 step   2700  loss 0.1907  median 2.61 m
2026-08-30 22:11:22,679 step   2750  loss 0.6595  median 2.60 m
2026-08-30 22:11:27,940 step   2800  loss 0.4957  median 2.29 m
2026-08-30 22:11:33,193 step   2850  loss 0.4287  median 2.21 m
2026-08-30 22:11:38,443 step   2900  loss 0.5335  median 1.96 m
2026-08-30 22:11:43,690 step   2950  loss 0.3795  median 2.75 m
2026-08-30 22:11:48,939 step   3000  loss 0.7813  median 2.09 m
2026-08-30 22:11:54,188 step   3050  loss 0.3157  median 2.38 m
2026-08-30 22:11:59,436 step   3100  loss 0.2831  median 2.52 m
2026-08-30 22:12:04,684 step   3150  loss 0.3693  median 2.52 m
2026-08-30 22:12:09,932 step   3200  loss 0.4566  median 2.83 m
2026-08-30 22:12:15,180 step   3250  loss 0.6023  median 2.49 m
2026-08-30 22:12:20,431 step   3300  loss 0.5611  median 2.09 m
2026-08-30 22:12:25,677 step   3350  loss 0.5996  median 2.18 m
2026-08-30 22:12:30,927 step   3400  loss 0.5773  median 2.17 m
2026-08-30 22:12:36,173 step   3450  loss 0.2613  median 2.66 m
2026-08-30 22:12:41,424 step   3500  loss 0.2240  median 2.16 m
2026-08-30 22:12:46,671 step   3550  loss 0.5374  median 2.79 m
2026-08-30 22:12:51,924 step   3600  loss 0.2297  median 2.11 m
2026-08-30 22:12:57,183 step   3650  loss 0.3223  median 2.11 m
2026-08-30 22:13:02,446 step   3700  loss 0.2069  median 2.41 m
2026-08-30 22:13:07,700 step   3750  loss 0.5818  median 2.16 m
2026-08-30 22:13:12,948 step   3800  loss 0.5259  median 2.37 m
2026-08-30 22:13:18,195 step   3850  loss 0.5645  median 2.21 m
2026-08-30 22:13:23,445 step   3900  loss 0.2788  median 2.18 m
2026-08-30 22:13:28,694 step   3950  loss 0.1784  median 2.99 m
2026-08-30 22:13:33,906 saved -> work_dirs/q1b-head-s0/latest.pt
