2026-07-31 00:03:41,563 work dir: work_dirs/t1-warp2.0  seed 0  commit 684cb7b7
2026-07-31 00:03:42,024 partial init from work_dirs/main_v8/latest.pt: 1 new tensors kept at init, 0 checkpoint tensors unused
2026-07-31 00:03:42,856 mixed dataset: 208720 clips from 5 sources (size 256)
2026-07-31 00:03:45,005 step    0  loss 2.4940  skip 0.00  lr 3.00e-07  depth_std 25.3118
2026-07-31 00:04:33,502 step   50  loss 1.6251  skip 0.01  lr 1.53e-05  depth_std 6.1435
2026-07-31 00:05:26,613 step  100  loss 2.1830  skip 0.01  lr 3.03e-05  depth_std 10.1729
2026-07-31 00:06:19,781 step  150  loss 0.9413  skip 0.02  lr 4.53e-05  depth_std 15.6988
2026-07-31 00:07:13,018 step  200  loss 1.0775  skip 0.03  lr 6.03e-05  depth_std 13.8603
2026-07-31 00:08:06,050 step  250  loss 1.4858  skip 0.03  lr 7.53e-05  depth_std 13.1091
2026-07-31 00:08:59,241 step  300  loss 2.3280  skip 0.04  lr 9.03e-05  depth_std 16.5147
2026-07-31 00:09:52,254 step  350  loss 0.5672  skip 0.04  lr 1.05e-04  depth_std 2.2167
2026-07-31 00:10:44,993 step  400  loss 2.1496  skip 0.05  lr 1.20e-04  depth_std 23.3832
2026-07-31 00:11:37,406 step  450  loss 0.5765  skip 0.06  lr 1.35e-04  depth_std 0.4442
2026-07-31 00:12:29,536 step  500  loss 1.3421  skip 0.06  lr 1.50e-04  depth_std 19.6197
2026-07-31 00:13:21,269 step  550  loss 1.7323  skip 0.07  lr 1.65e-04  depth_std 10.4651
2026-07-31 00:14:12,588 step  600  loss 1.1845  skip 0.07  lr 1.80e-04  depth_std 1.5218
2026-07-31 00:15:03,637 step  650  loss 1.2076  skip 0.08  lr 1.95e-04  depth_std 6.0963
2026-07-31 00:15:54,546 step  700  loss 1.8426  skip 0.09  lr 2.10e-04  depth_std 25.0348
2026-07-31 00:16:45,228 step  750  loss 0.8744  skip 0.09  lr 2.25e-04  depth_std 23.7254
2026-07-31 00:17:35,783 step  800  loss 1.2341  skip 0.10  lr 2.40e-04  depth_std 2.0559
2026-07-31 00:18:26,150 step  850  loss 1.0172  skip 0.11  lr 2.55e-04  depth_std 0.5327
2026-07-31 00:19:16,242 step  900  loss 1.3461  skip 0.11  lr 2.70e-04  depth_std 17.3656
2026-07-31 00:20:06,089 step  950  loss 1.0045  skip 0.12  lr 2.85e-04  depth_std 2.9301
2026-07-31 00:20:55,565 step 1000  loss 2.1091  skip 0.12  lr 3.00e-04  depth_std 21.8125
2026-07-31 00:21:44,796 step 1050  loss 0.7976  skip 0.13  lr 3.00e-04  depth_std 2.2521
2026-07-31 00:22:33,802 step 1100  loss 1.4279  skip 0.14  lr 3.00e-04  depth_std 24.9028
2026-07-31 00:23:22,441 step 1150  loss 1.1007  skip 0.14  lr 3.00e-04  depth_std 23.1952
2026-07-31 00:24:10,970 step 1200  loss 4.3861  skip 0.15  lr 2.99e-04  depth_std 25.5139
2026-07-31 00:24:59,292 step 1250  loss 1.7198  skip 0.16  lr 2.99e-04  depth_std 5.2235
2026-07-31 00:25:47,485 step 1300  loss 1.0022  skip 0.16  lr 2.99e-04  depth_std 2.5939
2026-07-31 00:26:35,446 step 1350  loss 0.6908  skip 0.17  lr 2.98e-04  depth_std 1.4160
2026-07-31 00:27:23,116 step 1400  loss 1.8395  skip 0.17  lr 2.98e-04  depth_std 24.3541
2026-07-31 00:28:10,606 step 1450  loss 1.3303  skip 0.18  lr 2.97e-04  depth_std 14.7525
2026-07-31 00:28:57,824 step 1500  loss 1.3049  skip 0.19  lr 2.96e-04  depth_std 22.9904
2026-07-31 00:29:44,717 step 1550  loss 1.4887  skip 0.19  lr 2.95e-04  depth_std 3.7757
2026-07-31 00:30:31,373 step 1600  loss 1.0560  skip 0.20  lr 2.95e-04  depth_std 8.2016
2026-07-31 00:31:17,827 step 1650  loss 2.2552  skip 0.21  lr 2.94e-04  depth_std 8.5840
2026-07-31 00:32:04,096 step 1700  loss 0.6841  skip 0.21  lr 2.93e-04  depth_std 4.6453
2026-07-31 00:32:50,220 step 1750  loss 1.3287  skip 0.22  lr 2.92e-04  depth_std 4.2438
2026-07-31 00:33:35,935 step 1800  loss 2.0292  skip 0.23  lr 2.90e-04  depth_std 22.1550
2026-07-31 00:34:21,528 step 1850  loss 1.2294  skip 0.23  lr 2.89e-04  depth_std 9.2056
2026-07-31 00:35:06,721 step 1900  loss 1.6295  skip 0.24  lr 2.88e-04  depth_std 14.0377
2026-07-31 00:35:51,627 step 1950  loss 2.7141  skip 0.24  lr 2.87e-04  depth_std 35.2877
2026-07-31 00:36:36,555 step 2000  loss 1.1722  skip 0.25  lr 2.85e-04  depth_std 18.8444
2026-07-31 00:37:21,093 step 2050  loss 1.9182  skip 0.26  lr 2.84e-04  depth_std 2.6174
2026-07-31 00:38:05,259 step 2100  loss 2.3964  skip 0.26  lr 2.82e-04  depth_std 31.5650
2026-07-31 00:38:49,172 step 2150  loss 1.1288  skip 0.27  lr 2.80e-04  depth_std 1.8567
2026-07-31 00:39:32,927 step 2200  loss 1.3417  skip 0.28  lr 2.79e-04  depth_std 7.9028
2026-07-31 00:40:16,432 step 2250  loss 1.1423  skip 0.28  lr 2.77e-04  depth_std 2.5396
2026-07-31 00:40:59,551 step 2300  loss 1.6450  skip 0.29  lr 2.75e-04  depth_std 22.5535
2026-07-31 00:41:42,543 step 2350  loss 2.1578  skip 0.29  lr 2.73e-04  depth_std 5.6911
2026-07-31 00:42:25,184 step 2400  loss 0.8275  skip 0.30  lr 2.71e-04  depth_std 1.4772
2026-07-31 00:43:07,486 step 2450  loss 0.8305  skip 0.31  lr 2.69e-04  depth_std 1.1171
2026-07-31 00:43:49,802 step 2500  loss 1.7663  skip 0.31  lr 2.67e-04  depth_std 25.0412
2026-07-31 00:44:31,635 step 2550  loss 0.4372  skip 0.32  lr 2.65e-04  depth_std 1.5883
2026-07-31 00:45:13,430 step 2600  loss 0.6249  skip 0.33  lr 2.63e-04  depth_std 1.4627
2026-07-31 00:45:54,927 step 2650  loss 1.0731  skip 0.33  lr 2.61e-04  depth_std 8.6057
2026-07-31 00:46:36,255 step 2700  loss 0.8141  skip 0.34  lr 2.58e-04  depth_std 10.1618
2026-07-31 00:47:17,380 step 2750  loss 1.2588  skip 0.34  lr 2.56e-04  depth_std 26.2162
2026-07-31 00:47:58,066 step 2800  loss 0.9218  skip 0.35  lr 2.54e-04  depth_std 0.9408
2026-07-31 00:48:38,699 step 2850  loss 0.5588  skip 0.36  lr 2.51e-04  depth_std 1.1159
2026-07-31 00:49:18,924 step 2900  loss 0.9981  skip 0.36  lr 2.49e-04  depth_std 3.3458
2026-07-31 00:49:59,031 step 2950  loss 2.0932  skip 0.37  lr 2.46e-04  depth_std 21.9874
2026-07-31 00:50:38,989 step 3000  loss 2.5821  skip 0.38  lr 2.44e-04  depth_std 3.8980
2026-07-31 00:51:18,583 step 3050  loss 1.2886  skip 0.38  lr 2.41e-04  depth_std 34.2074
2026-07-31 00:51:57,953 step 3100  loss 1.9188  skip 0.39  lr 2.38e-04  depth_std 1.6115
2026-07-31 00:52:36,948 step 3150  loss 1.2272  skip 0.39  lr 2.35e-04  depth_std 6.5754
2026-07-31 00:53:15,903 step 3200  loss 1.3535  skip 0.40  lr 2.33e-04  depth_std 8.6402
2026-07-31 00:53:54,572 step 3250  loss 0.5161  skip 0.41  lr 2.30e-04  depth_std 1.3945
2026-07-31 00:54:32,855 step 3300  loss 1.2599  skip 0.41  lr 2.27e-04  depth_std 16.3633
2026-07-31 00:55:10,898 step 3350  loss 0.4997  skip 0.42  lr 2.24e-04  depth_std 1.4908
2026-07-31 00:55:48,694 step 3400  loss 0.9826  skip 0.42  lr 2.21e-04  depth_std 23.0476
2026-07-31 00:56:26,332 step 3450  loss 0.6887  skip 0.43  lr 2.18e-04  depth_std 1.4005
2026-07-31 00:57:03,776 step 3500  loss 1.1599  skip 0.44  lr 2.15e-04  depth_std 25.5401
2026-07-31 00:57:40,763 step 3550  loss 0.4405  skip 0.44  lr 2.12e-04  depth_std 5.0616
2026-07-31 00:58:17,629 step 3600  loss 1.0859  skip 0.45  lr 2.09e-04  depth_std 26.4737
2026-07-31 00:58:54,056 step 3650  loss 1.1010  skip 0.46  lr 2.06e-04  depth_std 15.4678
2026-07-31 00:59:30,330 step 3700  loss 0.9630  skip 0.46  lr 2.03e-04  depth_std 29.6399
2026-07-31 01:00:06,488 step 3750  loss 2.7764  skip 0.47  lr 2.00e-04  depth_std 28.5348
2026-07-31 01:00:42,394 step 3800  loss 1.4891  skip 0.47  lr 1.96e-04  depth_std 10.2108
2026-07-31 01:01:18,006 step 3850  loss 0.9179  skip 0.48  lr 1.93e-04  depth_std 12.7000
2026-07-31 01:01:53,268 step 3900  loss 1.2096  skip 0.49  lr 1.90e-04  depth_std 14.5025
2026-07-31 01:02:28,365 step 3950  loss 0.9642  skip 0.49  lr 1.87e-04  depth_std 15.1092
2026-07-31 01:03:03,384 step 4000  loss 0.6260  skip 0.50  lr 1.83e-04  depth_std 1.5072
2026-07-31 01:03:38,108 step 4050  loss 1.3285  skip 0.50  lr 1.80e-04  depth_std 20.8122
2026-07-31 01:04:12,694 step 4100  loss 1.1417  skip 0.50  lr 1.77e-04  depth_std 2.7129
2026-07-31 01:04:47,408 step 4150  loss 1.3769  skip 0.50  lr 1.73e-04  depth_std 37.9600
2026-07-31 01:05:22,233 step 4200  loss 1.0028  skip 0.50  lr 1.70e-04  depth_std 14.0984
2026-07-31 01:05:56,962 step 4250  loss 0.8815  skip 0.50  lr 1.67e-04  depth_std 13.1197
2026-07-31 01:06:31,711 step 4300  loss 0.5647  skip 0.50  lr 1.63e-04  depth_std 6.0468
2026-07-31 01:07:06,367 step 4350  loss 0.7358  skip 0.50  lr 1.60e-04  depth_std 15.7391
2026-07-31 01:07:41,196 step 4400  loss 0.7630  skip 0.50  lr 1.57e-04  depth_std 3.4022
2026-07-31 01:08:15,866 step 4450  loss 1.2313  skip 0.50  lr 1.53e-04  depth_std 2.3837
2026-07-31 01:08:50,855 step 4500  loss 1.4007  skip 0.50  lr 1.50e-04  depth_std 12.6983
2026-07-31 01:09:25,642 step 4550  loss 1.1747  skip 0.50  lr 1.47e-04  depth_std 16.3453
2026-07-31 01:10:00,391 step 4600  loss 0.4876  skip 0.50  lr 1.43e-04  depth_std 0.5192
2026-07-31 01:10:35,197 step 4650  loss 1.8126  skip 0.50  lr 1.40e-04  depth_std 3.8086
2026-07-31 01:11:09,968 step 4700  loss 0.9472  skip 0.50  lr 1.37e-04  depth_std 27.6288
2026-07-31 01:11:44,736 step 4750  loss 1.1679  skip 0.50  lr 1.33e-04  depth_std 3.7840
2026-07-31 01:12:19,488 step 4800  loss 0.8094  skip 0.50  lr 1.30e-04  depth_std 8.4389
2026-07-31 01:12:54,233 step 4850  loss 1.2020  skip 0.50  lr 1.27e-04  depth_std 25.6631
2026-07-31 01:13:29,028 step 4900  loss 0.4782  skip 0.50  lr 1.23e-04  depth_std 1.6687
2026-07-31 01:14:03,851 step 4950  loss 0.8550  skip 0.50  lr 1.20e-04  depth_std 20.7821
2026-07-31 01:14:38,646 step 5000  loss 2.2533  skip 0.50  lr 1.17e-04  depth_std 4.6133
2026-07-31 01:15:13,326 step 5050  loss 1.3161  skip 0.50  lr 1.13e-04  depth_std 6.2513
2026-07-31 01:15:48,144 step 5100  loss 1.1979  skip 0.50  lr 1.10e-04  depth_std 10.2490
2026-07-31 01:16:22,867 step 5150  loss 1.1137  skip 0.50  lr 1.07e-04  depth_std 3.7671
2026-07-31 01:16:57,675 step 5200  loss 1.4528  skip 0.50  lr 1.04e-04  depth_std 18.6940
2026-07-31 01:17:32,351 step 5250  loss 0.5766  skip 0.50  lr 1.00e-04  depth_std 4.1315
2026-07-31 01:18:07,031 step 5300  loss 1.7284  skip 0.50  lr 9.73e-05  depth_std 33.8183
2026-07-31 01:18:41,850 step 5350  loss 0.9819  skip 0.50  lr 9.42e-05  depth_std 23.6569
2026-07-31 01:19:16,572 step 5400  loss 0.7927  skip 0.50  lr 9.10e-05  depth_std 11.4734
2026-07-31 01:19:51,342 step 5450  loss 0.8141  skip 0.50  lr 8.80e-05  depth_std 0.9314
2026-07-31 01:20:26,178 step 5500  loss 0.6908  skip 0.50  lr 8.49e-05  depth_std 2.3781
2026-07-31 01:21:00,848 step 5550  loss 1.4118  skip 0.50  lr 8.19e-05  depth_std 9.2366
2026-07-31 01:21:35,614 step 5600  loss 0.4808  skip 0.50  lr 7.89e-05  depth_std 2.7996
2026-07-31 01:22:10,456 step 5650  loss 0.9451  skip 0.50  lr 7.60e-05  depth_std 14.0603
2026-07-31 01:22:45,207 step 5700  loss 0.7573  skip 0.50  lr 7.31e-05  depth_std 1.7263
2026-07-31 01:23:19,957 step 5750  loss 1.0557  skip 0.50  lr 7.02e-05  depth_std 27.9371
2026-07-31 01:23:54,678 step 5800  loss 1.6817  skip 0.50  lr 6.74e-05  depth_std 29.4580
2026-07-31 01:24:29,460 step 5850  loss 1.5466  skip 0.50  lr 6.46e-05  depth_std 22.5413
2026-07-31 01:25:04,183 step 5900  loss 1.9765  skip 0.50  lr 6.18e-05  depth_std 4.0049
2026-07-31 01:25:38,961 step 5950  loss 0.4816  skip 0.50  lr 5.91e-05  depth_std 1.7690
2026-07-31 01:26:13,802 step 6000  loss 0.8760  skip 0.50  lr 5.65e-05  depth_std 1.7844
2026-07-31 01:26:48,569 step 6050  loss 1.3047  skip 0.50  lr 5.39e-05  depth_std 5.8502
2026-07-31 01:27:23,412 step 6100  loss 0.5810  skip 0.50  lr 5.13e-05  depth_std 1.2428
2026-07-31 01:27:58,215 step 6150  loss 3.9849  skip 0.50  lr 4.88e-05  depth_std 31.2602
2026-07-31 01:28:32,864 step 6200  loss 1.5414  skip 0.50  lr 4.63e-05  depth_std 24.4310
2026-07-31 01:29:07,657 step 6250  loss 2.3265  skip 0.50  lr 4.39e-05  depth_std 5.4194
2026-07-31 01:29:42,326 step 6300  loss 0.9962  skip 0.50  lr 4.16e-05  depth_std 31.8399
2026-07-31 01:30:17,108 step 6350  loss 1.3933  skip 0.50  lr 3.93e-05  depth_std 21.2862
2026-07-31 01:30:51,958 step 6400  loss 3.9803  skip 0.50  lr 3.70e-05  depth_std 31.2556
2026-07-31 01:31:26,691 step 6450  loss 1.8516  skip 0.50  lr 3.49e-05  depth_std 28.5208
2026-07-31 01:32:01,473 step 6500  loss 4.6403  skip 0.50  lr 3.27e-05  depth_std 26.5121
2026-07-31 01:32:36,204 step 6550  loss 0.6173  skip 0.50  lr 3.07e-05  depth_std 8.0255
2026-07-31 01:33:10,889 step 6600  loss 1.8275  skip 0.50  lr 2.86e-05  depth_std 16.1657
2026-07-31 01:33:45,736 step 6650  loss 2.9362  skip 0.50  lr 2.67e-05  depth_std 16.2968
2026-07-31 01:34:20,568 step 6700  loss 1.3408  skip 0.50  lr 2.48e-05  depth_std 6.9351
2026-07-31 01:34:55,372 step 6750  loss 0.8590  skip 0.50  lr 2.30e-05  depth_std 3.0636
2026-07-31 01:35:30,183 step 6800  loss 1.3719  skip 0.50  lr 2.12e-05  depth_std 31.7456
2026-07-31 01:36:04,808 step 6850  loss 1.1726  skip 0.50  lr 1.95e-05  depth_std 25.8866
2026-07-31 01:36:39,513 step 6900  loss 1.8703  skip 0.50  lr 1.79e-05  depth_std 29.7998
2026-07-31 01:37:14,251 step 6950  loss 0.8497  skip 0.50  lr 1.63e-05  depth_std 9.5548
2026-07-31 01:37:48,943 step 7000  loss 1.0162  skip 0.50  lr 1.49e-05  depth_std 30.5350
2026-07-31 01:38:23,753 step 7050  loss 4.2054  skip 0.50  lr 1.34e-05  depth_std 4.4747
2026-07-31 01:38:58,465 step 7100  loss 0.9033  skip 0.50  lr 1.21e-05  depth_std 5.1648
2026-07-31 01:39:33,220 step 7150  loss 1.0349  skip 0.50  lr 1.08e-05  depth_std 11.1687
2026-07-31 01:40:08,023 step 7200  loss 1.7017  skip 0.50  lr 9.56e-06  depth_std 3.3755
2026-07-31 01:40:42,784 step 7250  loss 1.5747  skip 0.50  lr 8.42e-06  depth_std 2.3328
2026-07-31 01:41:17,676 step 7300  loss 0.9050  skip 0.50  lr 7.34e-06  depth_std 7.6714
2026-07-31 01:41:52,347 step 7350  loss 1.3965  skip 0.50  lr 6.34e-06  depth_std 5.1557
2026-07-31 01:42:27,142 step 7400  loss 2.5334  skip 0.50  lr 5.41e-06  depth_std 25.1676
2026-07-31 01:43:01,912 step 7450  loss 2.1129  skip 0.50  lr 4.55e-06  depth_std 14.7444
2026-07-31 01:43:36,687 step 7500  loss 0.9093  skip 0.50  lr 3.76e-06  depth_std 9.0180
2026-07-31 01:44:11,463 step 7550  loss 1.8974  skip 0.50  lr 3.05e-06  depth_std 20.8842
2026-07-31 01:44:46,145 step 7600  loss 0.7986  skip 0.50  lr 2.41e-06  depth_std 8.0922
2026-07-31 01:45:20,816 step 7650  loss 4.0486  skip 0.50  lr 1.85e-06  depth_std 8.4285
2026-07-31 01:45:55,560 step 7700  loss 1.3140  skip 0.50  lr 1.36e-06  depth_std 23.7469
2026-07-31 01:46:30,347 step 7750  loss 0.5656  skip 0.50  lr 9.43e-07  depth_std 2.7875
2026-07-31 01:47:05,147 step 7800  loss 2.6045  skip 0.50  lr 6.04e-07  depth_std 7.5681
2026-07-31 01:47:39,902 step 7850  loss 2.1091  skip 0.50  lr 3.40e-07  depth_std 30.0093
2026-07-31 01:48:14,721 step 7900  loss 1.3108  skip 0.50  lr 1.51e-07  depth_std 26.5608
2026-07-31 01:48:49,464 step 7950  loss 0.5794  skip 0.50  lr 3.78e-08  depth_std 16.2176
2026-07-31 01:49:23,792 saved -> work_dirs/t1-warp2.0/latest.pt
