2026-09-05 18:39:10,292 work dir: work_dirs/m0-dense-s0  seed 0  commit b751d365
2026-09-05 18:39:11,626 HTTP Request: HEAD https://huggingface.co/depth-anything/Depth-Anything-V2-Small-hf/resolve/main/config.json "HTTP/1.1 307 Temporary Redirect"
2026-09-05 18:39:11,627 Warning: You are sending unauthenticated requests to the HF Hub. Please set a HF_TOKEN to enable higher rate limits and faster downloads.
2026-09-05 18:39:11,698 HTTP Request: HEAD https://huggingface.co/api/resolve-cache/models/depth-anything/Depth-Anything-V2-Small-hf/5426e4f0f36572d16453bbda7a8389317b1bef99/config.json "HTTP/1.1 200 OK"
2026-09-05 18:39:12,039 Q teacher: work_dirs/q0-calib-s0/latest.pt (24.8M, frozen)
2026-09-05 18:39:12,915 mixed dataset: 208720 clips from 5 sources (size 256)
2026-09-05 18:39:16,128 step    0  loss 49.7859  skip 0.00  lr 6.00e-07  depth_std 0.0094
2026-09-05 18:41:00,313 step   50  loss 17.5257  skip 0.00  lr 3.06e-05  depth_std 0.2586
2026-09-05 18:42:44,594 step  100  loss 17.2150  skip 0.00  lr 6.06e-05  depth_std 1.3971
2026-09-05 18:44:28,802 step  150  loss 27.0505  skip 0.00  lr 9.06e-05  depth_std 1.5581
2026-09-05 18:46:13,040 step  200  loss 6.3781  skip 0.00  lr 1.21e-04  depth_std 1.9622
2026-09-05 18:47:57,213 step  250  loss 7.0295  skip 0.00  lr 1.51e-04  depth_std 2.0840
2026-09-05 18:49:41,479 step  300  loss 11.9931  skip 0.00  lr 1.81e-04  depth_std 1.8259
2026-09-05 18:51:25,715 step  350  loss 28.1495  skip 0.00  lr 2.11e-04  depth_std 1.0242
2026-09-05 18:53:10,010 step  400  loss 4.0816  skip 0.00  lr 2.41e-04  depth_std 1.1066
2026-09-05 18:54:54,260 step  450  loss 6.3192  skip 0.00  lr 2.71e-04  depth_std 1.2796
2026-09-05 18:56:38,524 step  500  loss 10.3723  skip 0.00  lr 3.00e-04  depth_std 1.1779
2026-09-05 18:58:22,759 step  550  loss 15.9647  skip 0.00  lr 3.00e-04  depth_std 1.3246
2026-09-05 19:00:06,926 step  600  loss 7.7490  skip 0.00  lr 3.00e-04  depth_std 1.4852
2026-09-05 19:01:51,172 step  650  loss 3.1621  skip 0.00  lr 3.00e-04  depth_std 1.0939
2026-09-05 19:03:35,407 step  700  loss 8.5438  skip 0.00  lr 2.99e-04  depth_std 1.2580
2026-09-05 19:05:19,677 step  750  loss 31.3479  skip 0.00  lr 2.99e-04  depth_std 1.3984
2026-09-05 19:07:04,013 step  800  loss 7.7405  skip 0.00  lr 2.99e-04  depth_std 1.5088
2026-09-05 19:08:48,291 step  850  loss 35.3263  skip 0.00  lr 2.98e-04  depth_std 1.1231
2026-09-05 19:10:32,475 step  900  loss 33.1171  skip 0.00  lr 2.98e-04  depth_std 1.1066
2026-09-05 19:12:16,744 step  950  loss 19.5228  skip 0.00  lr 2.97e-04  depth_std 0.9231
2026-09-05 19:14:00,975 step 1000  loss 13.4761  skip 0.00  lr 2.97e-04  depth_std 4.8687
2026-09-05 19:15:45,208 step 1050  loss 15.3590  skip 0.00  lr 2.96e-04  depth_std 1.5199
2026-09-05 19:17:29,471 step 1100  loss 21.1716  skip 0.00  lr 2.95e-04  depth_std 1.3200
2026-09-05 19:19:13,777 step 1150  loss 6.7621  skip 0.00  lr 2.94e-04  depth_std 1.2732
2026-09-05 19:20:58,026 step 1200  loss 3.4956  skip 0.00  lr 2.94e-04  depth_std 1.2150
2026-09-05 19:22:42,281 step 1250  loss 6.6481  skip 0.00  lr 2.93e-04  depth_std 1.4463
2026-09-05 19:24:26,583 step 1300  loss 59.0986  skip 0.00  lr 2.92e-04  depth_std 1.3440
2026-09-05 19:26:10,901 step 1350  loss 6.8333  skip 0.00  lr 2.91e-04  depth_std 1.8486
2026-09-05 19:27:55,224 step 1400  loss 11.4359  skip 0.00  lr 2.89e-04  depth_std 1.5572
2026-09-05 19:29:39,403 step 1450  loss 2.9835  skip 0.00  lr 2.88e-04  depth_std 1.3620
2026-09-05 19:31:23,674 step 1500  loss 18.3666  skip 0.00  lr 2.87e-04  depth_std 1.1743
2026-09-05 19:33:07,942 step 1550  loss 24.4906  skip 0.00  lr 2.86e-04  depth_std 1.6912
2026-09-05 19:34:52,239 step 1600  loss 4.9535  skip 0.00  lr 2.84e-04  depth_std 1.5017
2026-09-05 19:36:36,521 step 1650  loss 8.5835  skip 0.00  lr 2.83e-04  depth_std 1.1983
2026-09-05 19:38:20,801 step 1700  loss 11.4755  skip 0.00  lr 2.81e-04  depth_std 1.0432
2026-09-05 19:40:05,108 step 1750  loss 17.1857  skip 0.00  lr 2.80e-04  depth_std 1.2921
2026-09-05 19:41:49,387 step 1800  loss 12.9517  skip 0.00  lr 2.78e-04  depth_std 1.1160
2026-09-05 19:43:33,620 step 1850  loss 6.7725  skip 0.00  lr 2.77e-04  depth_std 1.5688
2026-09-05 19:45:17,898 step 1900  loss 11.9411  skip 0.00  lr 2.75e-04  depth_std 1.1447
2026-09-05 19:47:02,204 step 1950  loss 5.7858  skip 0.00  lr 2.73e-04  depth_std 1.3995
2026-09-05 19:48:46,632 step 2000  loss 13.1833  skip 0.00  lr 2.71e-04  depth_std 1.8264
2026-09-05 19:50:30,908 step 2050  loss 47.4940  skip 0.00  lr 2.69e-04  depth_std 1.4545
2026-09-05 19:52:15,192 step 2100  loss 4.2406  skip 0.00  lr 2.68e-04  depth_std 1.0788
2026-09-05 19:53:59,490 step 2150  loss 6.1536  skip 0.00  lr 2.66e-04  depth_std 1.8744
2026-09-05 19:55:43,704 step 2200  loss 9.1794  skip 0.00  lr 2.64e-04  depth_std 1.5096
2026-09-05 19:57:27,978 step 2250  loss 11.7387  skip 0.00  lr 2.61e-04  depth_std 1.3779
2026-09-05 19:59:12,212 step 2300  loss 4.1653  skip 0.00  lr 2.59e-04  depth_std 0.7567
2026-09-05 20:00:56,475 step 2350  loss 12.0582  skip 0.00  lr 2.57e-04  depth_std 2.3686
2026-09-05 20:02:40,777 step 2400  loss 31.3448  skip 0.00  lr 2.55e-04  depth_std 1.4404
2026-09-05 20:04:25,083 step 2450  loss 62.6832  skip 0.00  lr 2.53e-04  depth_std 0.8524
2026-09-05 20:06:09,371 step 2500  loss 8.6052  skip 0.00  lr 2.50e-04  depth_std 2.0069
2026-09-05 20:07:53,601 step 2550  loss 18.9120  skip 0.00  lr 2.48e-04  depth_std 2.7816
2026-09-05 20:09:37,805 step 2600  loss 8.3599  skip 0.00  lr 2.46e-04  depth_std 2.1549
2026-09-05 20:11:22,065 step 2650  loss 5.9489  skip 0.00  lr 2.43e-04  depth_std 2.0585
2026-09-05 20:13:06,325 step 2700  loss 28.9445  skip 0.00  lr 2.41e-04  depth_std 1.4776
2026-09-05 20:14:50,533 step 2750  loss 38.3877  skip 0.00  lr 2.38e-04  depth_std 2.1822
2026-09-05 20:16:34,802 step 2800  loss 5.7177  skip 0.00  lr 2.36e-04  depth_std 1.5381
2026-09-05 20:18:19,056 step 2850  loss 6.8452  skip 0.00  lr 2.33e-04  depth_std 2.3809
2026-09-05 20:20:03,356 step 2900  loss 6.4901  skip 0.00  lr 2.30e-04  depth_std 2.4133
2026-09-05 20:21:47,635 step 2950  loss 12.0358  skip 0.00  lr 2.28e-04  depth_std 1.5757
2026-09-05 20:23:31,914 step 3000  loss 8.6631  skip 0.00  lr 2.25e-04  depth_std 2.3083
2026-09-05 20:25:16,130 step 3050  loss 40.7831  skip 0.00  lr 2.22e-04  depth_std 2.2014
2026-09-05 20:27:00,426 step 3100  loss 5.7976  skip 0.00  lr 2.19e-04  depth_std 1.7878
2026-09-05 20:28:44,717 step 3150  loss 9.1950  skip 0.00  lr 2.17e-04  depth_std 2.1449
2026-09-05 20:30:28,979 step 3200  loss 7.7536  skip 0.00  lr 2.14e-04  depth_std 1.0385
2026-09-05 20:32:13,268 step 3250  loss 9.4970  skip 0.00  lr 2.11e-04  depth_std 1.5353
2026-09-05 20:33:57,546 step 3300  loss 9.6042  skip 0.00  lr 2.08e-04  depth_std 1.2150
2026-09-05 20:35:41,784 step 3350  loss 27.4124  skip 0.00  lr 2.05e-04  depth_std 1.2714
2026-09-05 20:37:26,006 step 3400  loss 5.2503  skip 0.00  lr 2.02e-04  depth_std 1.2345
2026-09-05 20:39:10,263 step 3450  loss 21.4163  skip 0.00  lr 1.99e-04  depth_std 0.9821
2026-09-05 20:40:54,555 step 3500  loss 3.0531  skip 0.00  lr 1.96e-04  depth_std 0.9776
2026-09-05 20:42:38,820 step 3550  loss 6.3076  skip 0.00  lr 1.93e-04  depth_std 1.5838
2026-09-05 20:44:23,070 step 3600  loss 6.8200  skip 0.00  lr 1.90e-04  depth_std 3.6393
2026-09-05 20:46:07,275 step 3650  loss 11.4854  skip 0.00  lr 1.87e-04  depth_std 1.4098
2026-09-05 20:47:51,488 step 3700  loss 9.7894  skip 0.00  lr 1.84e-04  depth_std 2.4178
2026-09-05 20:49:35,760 step 3750  loss 13.2801  skip 0.00  lr 1.81e-04  depth_std 1.0959
2026-09-05 20:51:19,983 step 3800  loss 16.3926  skip 0.00  lr 1.78e-04  depth_std 4.5812
2026-09-05 20:53:04,262 step 3850  loss 5.6554  skip 0.00  lr 1.75e-04  depth_std 1.1107
2026-09-05 20:54:48,514 step 3900  loss 8.6197  skip 0.00  lr 1.72e-04  depth_std 2.8687
2026-09-05 20:56:32,768 step 3950  loss 9.2095  skip 0.00  lr 1.69e-04  depth_std 2.1432
2026-09-05 20:58:17,190 step 4000  loss 3.4311  skip 0.00  lr 1.66e-04  depth_std 0.6556
2026-09-05 21:00:01,465 step 4050  loss 18.4576  skip 0.00  lr 1.63e-04  depth_std 2.0368
2026-09-05 21:01:45,702 step 4100  loss 15.3005  skip 0.00  lr 1.59e-04  depth_std 1.4025
2026-09-05 21:03:29,920 step 4150  loss 47.6046  skip 0.00  lr 1.56e-04  depth_std 3.2998
2026-09-05 21:05:14,164 step 4200  loss 3.7622  skip 0.00  lr 1.53e-04  depth_std 0.9359
2026-09-05 21:06:58,417 step 4250  loss 3.5775  skip 0.00  lr 1.50e-04  depth_std 2.1620
2026-09-05 21:08:42,657 step 4300  loss 5.2934  skip 0.00  lr 1.47e-04  depth_std 3.3771
2026-09-05 21:10:26,936 step 4350  loss 17.2776  skip 0.00  lr 1.44e-04  depth_std 2.9395
2026-09-05 21:12:11,157 step 4400  loss 7.9890  skip 0.00  lr 1.41e-04  depth_std 2.2528
2026-09-05 21:13:55,431 step 4450  loss 17.9738  skip 0.00  lr 1.37e-04  depth_std 2.1297
2026-09-05 21:15:39,727 step 4500  loss 7.2087  skip 0.00  lr 1.34e-04  depth_std 2.6455
2026-09-05 21:17:23,994 step 4550  loss 26.8517  skip 0.00  lr 1.31e-04  depth_std 3.1811
2026-09-05 21:19:08,214 step 4600  loss 8.0343  skip 0.00  lr 1.28e-04  depth_std 4.6947
2026-09-05 21:20:52,524 step 4650  loss 6.4360  skip 0.00  lr 1.25e-04  depth_std 1.3243
2026-09-05 21:22:36,760 step 4700  loss 4.7893  skip 0.00  lr 1.22e-04  depth_std 3.8282
2026-09-05 21:24:21,064 step 4750  loss 5.2933  skip 0.00  lr 1.19e-04  depth_std 0.8384
2026-09-05 21:26:05,324 step 4800  loss 9.8117  skip 0.00  lr 1.16e-04  depth_std 1.3253
2026-09-05 21:27:49,652 step 4850  loss 6.3640  skip 0.00  lr 1.13e-04  depth_std 3.8955
2026-09-05 21:29:33,902 step 4900  loss 7.6839  skip 0.00  lr 1.10e-04  depth_std 2.4115
2026-09-05 21:31:18,194 step 4950  loss 6.7622  skip 0.00  lr 1.07e-04  depth_std 3.4402
2026-09-05 21:33:02,417 step 5000  loss 5.0175  skip 0.00  lr 1.04e-04  depth_std 3.8605
2026-09-05 21:34:46,688 step 5050  loss 8.8357  skip 0.00  lr 1.01e-04  depth_std 1.4465
2026-09-05 21:36:30,951 step 5100  loss 17.7883  skip 0.00  lr 9.77e-05  depth_std 2.5824
2026-09-05 21:38:15,250 step 5150  loss 8.3657  skip 0.00  lr 9.48e-05  depth_std 2.1375
2026-09-05 21:39:59,524 step 5200  loss 20.9893  skip 0.00  lr 9.19e-05  depth_std 1.7062
2026-09-05 21:41:43,732 step 5250  loss 16.8819  skip 0.00  lr 8.90e-05  depth_std 0.9790
2026-09-05 21:43:28,031 step 5300  loss 22.0391  skip 0.00  lr 8.61e-05  depth_std 1.7143
2026-09-05 21:45:12,255 step 5350  loss 5.7077  skip 0.00  lr 8.33e-05  depth_std 2.6993
2026-09-05 21:46:56,552 step 5400  loss 6.2375  skip 0.00  lr 8.05e-05  depth_std 2.6062
2026-09-05 21:48:40,786 step 5450  loss 6.2264  skip 0.00  lr 7.77e-05  depth_std 3.8206
2026-09-05 21:50:25,067 step 5500  loss 5.9785  skip 0.00  lr 7.50e-05  depth_std 4.2803
2026-09-05 21:52:09,358 step 5550  loss 7.1568  skip 0.00  lr 7.23e-05  depth_std 1.5218
2026-09-05 21:53:53,597 step 5600  loss 6.2056  skip 0.00  lr 6.96e-05  depth_std 4.1690
2026-09-05 21:55:37,836 step 5650  loss 7.4508  skip 0.00  lr 6.70e-05  depth_std 5.7195
2026-09-05 21:57:22,058 step 5700  loss 9.0203  skip 0.00  lr 6.44e-05  depth_std 2.9224
2026-09-05 21:59:06,306 step 5750  loss 13.7074  skip 0.00  lr 6.18e-05  depth_std 5.9489
2026-09-05 22:00:50,561 step 5800  loss 8.3953  skip 0.00  lr 5.93e-05  depth_std 1.3149
2026-09-05 22:02:34,732 step 5850  loss 9.4596  skip 0.00  lr 5.68e-05  depth_std 6.9363
2026-09-05 22:04:18,973 step 5900  loss 6.6960  skip 0.00  lr 5.44e-05  depth_std 5.9084
2026-09-05 22:06:03,240 step 5950  loss 22.2902  skip 0.00  lr 5.20e-05  depth_std 2.7148
2026-09-05 22:07:47,607 step 6000  loss 30.3137  skip 0.00  lr 4.96e-05  depth_std 0.7480
2026-09-05 22:09:31,860 step 6050  loss 11.7374  skip 0.00  lr 4.73e-05  depth_std 4.9909
2026-09-05 22:11:16,038 step 6100  loss 2.5456  skip 0.00  lr 4.51e-05  depth_std 0.9692
2026-09-05 22:13:00,310 step 6150  loss 4.8181  skip 0.00  lr 4.28e-05  depth_std 2.9987
2026-09-05 22:14:44,522 step 6200  loss 4.9789  skip 0.00  lr 4.07e-05  depth_std 6.5427
2026-09-05 22:16:28,806 step 6250  loss 26.0819  skip 0.00  lr 3.85e-05  depth_std 7.8489
2026-09-05 22:18:13,041 step 6300  loss 7.5268  skip 0.00  lr 3.65e-05  depth_std 3.5903
2026-09-05 22:19:57,305 step 6350  loss 9.9340  skip 0.00  lr 3.44e-05  depth_std 2.4992
2026-09-05 22:21:41,611 step 6400  loss 6.9067  skip 0.00  lr 3.24e-05  depth_std 4.7084
