2026-08-23 01:19:18,277 work dir: work_dirs/v11-warp4.0  seed 0  commit ded788e9
2026-08-23 01:19:18,710 partial init from work_dirs/v10-longclip/latest.pt: 1 new tensors kept at init, 0 checkpoint tensors unused
2026-08-23 01:19:19,566 mixed dataset: 205650 clips from 5 sources (size 256)
2026-08-23 01:19:25,617 step    0  loss 4.3053  skip 0.00  lr 3.00e-07  depth_std 37.5223
2026-08-23 01:22:07,131 step   50  loss 1.8263  skip 0.01  lr 1.53e-05  depth_std 32.2166
2026-08-23 01:25:14,629 step  100  loss 2.2262  skip 0.01  lr 3.03e-05  depth_std 12.0742
2026-08-23 01:28:24,209 step  150  loss 2.2146  skip 0.02  lr 4.53e-05  depth_std 42.4765
2026-08-23 01:31:34,022 step  200  loss 5.3975  skip 0.03  lr 6.03e-05  depth_std 27.7679
2026-08-23 01:34:43,845 step  250  loss 4.9588  skip 0.03  lr 7.53e-05  depth_std 31.1125
2026-08-23 01:37:53,647 step  300  loss 1.7805  skip 0.04  lr 9.03e-05  depth_std 23.0667
2026-08-23 01:41:03,188 step  350  loss 0.5571  skip 0.04  lr 1.05e-04  depth_std 2.2279
2026-08-23 01:44:11,688 step  400  loss 1.1835  skip 0.05  lr 1.20e-04  depth_std 40.7224
2026-08-23 01:47:19,858 step  450  loss 4.3728  skip 0.06  lr 1.35e-04  depth_std 10.6904
2026-08-23 01:50:25,630 step  500  loss 2.6378  skip 0.06  lr 1.50e-04  depth_std 38.7795
2026-08-23 01:53:29,703 step  550  loss 1.9424  skip 0.07  lr 1.65e-04  depth_std 1.2748
2026-08-23 01:56:32,418 step  600  loss 2.3728  skip 0.07  lr 1.80e-04  depth_std 20.7914
2026-08-23 01:59:34,201 step  650  loss 1.7435  skip 0.08  lr 1.95e-04  depth_std 21.1078
2026-08-23 02:02:35,255 step  700  loss 0.6324  skip 0.09  lr 2.10e-04  depth_std 1.8626
2026-08-23 02:05:35,764 step  750  loss 2.0302  skip 0.09  lr 2.25e-04  depth_std 1.5010
2026-08-23 02:08:35,696 step  800  loss 0.6929  skip 0.10  lr 2.40e-04  depth_std 0.4431
2026-08-23 02:11:35,069 step  850  loss 2.1138  skip 0.11  lr 2.55e-04  depth_std 1.4682
2026-08-23 02:14:33,414 step  900  loss 0.8403  skip 0.11  lr 2.70e-04  depth_std 0.9770
2026-08-23 02:17:30,502 step  950  loss 4.6270  skip 0.12  lr 2.85e-04  depth_std 9.7563
2026-08-23 02:20:26,417 step 1000  loss 2.1373  skip 0.12  lr 3.00e-04  depth_std 15.2972
2026-08-23 02:23:20,861 step 1050  loss 1.8132  skip 0.13  lr 3.00e-04  depth_std 5.6232
2026-08-23 02:26:14,369 step 1100  loss 1.4945  skip 0.14  lr 3.00e-04  depth_std 8.3167
2026-08-23 02:29:06,825 step 1150  loss 1.5191  skip 0.14  lr 3.00e-04  depth_std 15.4720
2026-08-23 02:31:58,353 step 1200  loss 3.5358  skip 0.15  lr 2.99e-04  depth_std 8.1030
2026-08-23 02:34:49,089 step 1250  loss 2.8746  skip 0.16  lr 2.99e-04  depth_std 41.6662
2026-08-23 02:37:38,975 step 1300  loss 2.0031  skip 0.16  lr 2.99e-04  depth_std 5.2480
2026-08-23 02:40:28,223 step 1350  loss 0.7069  skip 0.17  lr 2.98e-04  depth_std 0.6395
2026-08-23 02:43:16,355 step 1400  loss 2.2164  skip 0.17  lr 2.98e-04  depth_std 5.0848
2026-08-23 02:46:03,558 step 1450  loss 2.8200  skip 0.18  lr 2.97e-04  depth_std 41.0597
2026-08-23 02:48:49,780 step 1500  loss 1.4786  skip 0.19  lr 2.96e-04  depth_std 37.2363
2026-08-23 02:51:35,034 step 1550  loss 2.6270  skip 0.19  lr 2.95e-04  depth_std 2.8317
2026-08-23 02:54:18,963 step 1600  loss 2.5600  skip 0.20  lr 2.95e-04  depth_std 1.5790
2026-08-23 02:57:01,955 step 1650  loss 1.0722  skip 0.21  lr 2.94e-04  depth_std 2.0793
2026-08-23 02:59:44,231 step 1700  loss 3.6347  skip 0.21  lr 2.93e-04  depth_std 0.2603
2026-08-23 03:02:26,036 step 1750  loss 7.5643  skip 0.22  lr 2.92e-04  depth_std 6.9351
2026-08-23 03:05:06,665 step 1800  loss 2.0922  skip 0.23  lr 2.90e-04  depth_std 1.0326
2026-08-23 03:07:46,321 step 1850  loss 0.8369  skip 0.23  lr 2.89e-04  depth_std 0.7696
2026-08-23 03:10:24,702 step 1900  loss 1.7747  skip 0.24  lr 2.88e-04  depth_std 3.2715
2026-08-23 03:13:01,668 step 1950  loss 0.7608  skip 0.24  lr 2.87e-04  depth_std 5.4149
2026-08-23 03:15:37,899 step 2000  loss 5.9459  skip 0.25  lr 2.85e-04  depth_std 34.5512
2026-08-23 03:18:12,960 step 2050  loss 3.7920  skip 0.26  lr 2.84e-04  depth_std 24.2414
2026-08-23 03:20:47,109 step 2100  loss 1.7331  skip 0.26  lr 2.82e-04  depth_std 3.2924
2026-08-23 03:23:20,372 step 2150  loss 2.0249  skip 0.27  lr 2.80e-04  depth_std 4.9935
2026-08-23 03:25:52,477 step 2200  loss 0.5899  skip 0.28  lr 2.79e-04  depth_std 2.2870
2026-08-23 03:28:23,725 step 2250  loss 0.9116  skip 0.28  lr 2.77e-04  depth_std 1.2944
2026-08-23 03:30:53,940 step 2300  loss 0.6547  skip 0.29  lr 2.75e-04  depth_std 0.9817
2026-08-23 03:33:23,275 step 2350  loss 1.5186  skip 0.29  lr 2.73e-04  depth_std 0.9125
2026-08-23 03:35:51,619 step 2400  loss 2.2852  skip 0.30  lr 2.71e-04  depth_std 2.8140
2026-08-23 03:38:18,844 step 2450  loss 3.8132  skip 0.31  lr 2.69e-04  depth_std 9.7218
2026-08-23 03:40:45,052 step 2500  loss 2.8994  skip 0.31  lr 2.67e-04  depth_std 6.6500
2026-08-23 03:43:09,930 step 2550  loss 5.5474  skip 0.32  lr 2.65e-04  depth_std 6.6639
2026-08-23 03:45:34,229 step 2600  loss 3.0648  skip 0.33  lr 2.63e-04  depth_std 1.0651
2026-08-23 03:47:57,236 step 2650  loss 1.5452  skip 0.33  lr 2.61e-04  depth_std 26.6196
2026-08-23 03:50:19,389 step 2700  loss 0.7015  skip 0.34  lr 2.58e-04  depth_std 1.0567
2026-08-23 03:52:40,567 step 2750  loss 3.2550  skip 0.34  lr 2.56e-04  depth_std 3.2847
2026-08-23 03:55:00,699 step 2800  loss 1.4535  skip 0.35  lr 2.54e-04  depth_std 26.2678
2026-08-23 03:57:19,821 step 2850  loss 1.2505  skip 0.36  lr 2.51e-04  depth_std 1.0197
2026-08-23 03:59:38,287 step 2900  loss 1.3234  skip 0.36  lr 2.49e-04  depth_std 8.9522
2026-08-23 04:01:55,535 step 2950  loss 1.9067  skip 0.37  lr 2.46e-04  depth_std 16.5368
2026-08-23 04:04:11,944 step 3000  loss 0.5466  skip 0.38  lr 2.44e-04  depth_std 0.4490
2026-08-23 04:06:27,961 step 3050  loss 0.6956  skip 0.38  lr 2.41e-04  depth_std 1.2809
2026-08-23 04:08:42,697 step 3100  loss 3.2331  skip 0.39  lr 2.38e-04  depth_std 1.4400
2026-08-23 04:10:56,540 step 3150  loss 3.7103  skip 0.39  lr 2.35e-04  depth_std 6.2862
2026-08-23 04:13:09,773 step 3200  loss 1.8006  skip 0.40  lr 2.33e-04  depth_std 17.5034
2026-08-23 04:15:21,626 step 3250  loss 1.9036  skip 0.41  lr 2.30e-04  depth_std 0.9150
2026-08-23 04:17:32,895 step 3300  loss 5.6905  skip 0.41  lr 2.27e-04  depth_std 15.3609
2026-08-23 04:19:42,129 step 3350  loss 3.4276  skip 0.42  lr 2.24e-04  depth_std 1.2937
2026-08-23 04:21:51,136 step 3400  loss 1.7904  skip 0.42  lr 2.21e-04  depth_std 5.2972
2026-08-23 04:23:58,648 step 3450  loss 9.2171  skip 0.43  lr 2.18e-04  depth_std 21.1485
2026-08-23 04:26:05,250 step 3500  loss 2.2365  skip 0.44  lr 2.15e-04  depth_std 1.8240
2026-08-23 04:28:11,050 step 3550  loss 1.1225  skip 0.44  lr 2.12e-04  depth_std 1.7376
2026-08-23 04:30:15,640 step 3600  loss 4.7722  skip 0.45  lr 2.09e-04  depth_std 18.1187
2026-08-23 04:32:19,265 step 3650  loss 0.6874  skip 0.46  lr 2.06e-04  depth_std 0.5353
2026-08-23 04:34:21,783 step 3700  loss 4.8923  skip 0.46  lr 2.03e-04  depth_std 6.3180
2026-08-23 04:36:23,923 step 3750  loss 0.6349  skip 0.47  lr 2.00e-04  depth_std 0.5237
2026-08-23 04:38:24,663 step 3800  loss 3.0602  skip 0.47  lr 1.96e-04  depth_std 30.0953
2026-08-23 04:40:23,791 step 3850  loss 1.7291  skip 0.48  lr 1.93e-04  depth_std 18.1834
2026-08-23 04:42:22,434 step 3900  loss 1.6879  skip 0.49  lr 1.90e-04  depth_std 46.1108
2026-08-23 04:44:19,542 step 3950  loss 2.9780  skip 0.49  lr 1.87e-04  depth_std 9.1392
2026-08-23 04:46:16,216 step 4000  loss 1.6581  skip 0.50  lr 1.83e-04  depth_std 25.4296
2026-08-23 04:48:13,205 step 4050  loss 1.9084  skip 0.50  lr 1.80e-04  depth_std 5.0337
2026-08-23 04:50:09,178 step 4100  loss 2.9697  skip 0.50  lr 1.77e-04  depth_std 2.2891
2026-08-23 04:52:04,274 step 4150  loss 2.0623  skip 0.50  lr 1.73e-04  depth_std 2.3047
2026-08-23 04:54:00,369 step 4200  loss 1.0343  skip 0.50  lr 1.70e-04  depth_std 14.5038
2026-08-23 04:55:56,268 step 4250  loss 0.9877  skip 0.50  lr 1.67e-04  depth_std 15.0533
2026-08-23 04:57:52,797 step 4300  loss 3.5871  skip 0.50  lr 1.63e-04  depth_std 6.4291
2026-08-23 04:59:48,721 step 4350  loss 1.9213  skip 0.50  lr 1.60e-04  depth_std 0.7329
2026-08-23 05:01:45,812 step 4400  loss 3.0506  skip 0.50  lr 1.57e-04  depth_std 15.5989
2026-08-23 05:03:41,649 step 4450  loss 4.5067  skip 0.50  lr 1.53e-04  depth_std 45.1809
2026-08-23 05:05:38,680 step 4500  loss 1.4294  skip 0.50  lr 1.50e-04  depth_std 2.1362
2026-08-23 05:07:36,060 step 4550  loss 1.0072  skip 0.50  lr 1.47e-04  depth_std 1.6030
2026-08-23 05:09:32,630 step 4600  loss 2.5690  skip 0.50  lr 1.43e-04  depth_std 50.5523
2026-08-23 05:11:28,988 step 4650  loss 1.8769  skip 0.50  lr 1.40e-04  depth_std 1.8868
2026-08-23 05:13:24,988 step 4700  loss 6.5677  skip 0.50  lr 1.37e-04  depth_std 12.9512
2026-08-23 05:15:21,142 step 4750  loss 3.3326  skip 0.50  lr 1.33e-04  depth_std 47.4942
2026-08-23 05:17:17,530 step 4800  loss 0.7977  skip 0.50  lr 1.30e-04  depth_std 1.7381
2026-08-23 05:19:13,412 step 4850  loss 1.6178  skip 0.50  lr 1.27e-04  depth_std 37.4193
2026-08-23 05:21:09,627 step 4900  loss 1.9658  skip 0.50  lr 1.23e-04  depth_std 0.4709
2026-08-23 05:23:05,475 step 4950  loss 2.7896  skip 0.50  lr 1.20e-04  depth_std 2.0232
2026-08-23 05:25:01,528 step 5000  loss 4.8608  skip 0.50  lr 1.17e-04  depth_std 12.3744
2026-08-23 05:26:57,128 step 5050  loss 1.1957  skip 0.50  lr 1.13e-04  depth_std 3.9522
2026-08-23 05:28:53,786 step 5100  loss 0.5798  skip 0.50  lr 1.10e-04  depth_std 0.5962
2026-08-23 05:30:49,478 step 5150  loss 3.7978  skip 0.50  lr 1.07e-04  depth_std 2.3400
2026-08-23 05:32:45,950 step 5200  loss 2.7204  skip 0.50  lr 1.04e-04  depth_std 0.7728
2026-08-23 05:34:42,583 step 5250  loss 4.3977  skip 0.50  lr 1.00e-04  depth_std 8.4395
2026-08-23 05:36:39,464 step 5300  loss 2.1387  skip 0.50  lr 9.73e-05  depth_std 5.2148
2026-08-23 05:38:36,414 step 5350  loss 3.4540  skip 0.50  lr 9.42e-05  depth_std 14.0523
2026-08-23 05:40:32,192 step 5400  loss 1.6749  skip 0.50  lr 9.10e-05  depth_std 1.6962
2026-08-23 05:42:28,570 step 5450  loss 0.8750  skip 0.50  lr 8.80e-05  depth_std 1.2138
2026-08-23 05:44:25,225 step 5500  loss 2.8958  skip 0.50  lr 8.49e-05  depth_std 33.1430
2026-08-23 05:46:21,886 step 5550  loss 1.7247  skip 0.50  lr 8.19e-05  depth_std 23.3236
2026-08-23 05:48:18,390 step 5600  loss 2.8237  skip 0.50  lr 7.89e-05  depth_std 2.3382
2026-08-23 05:50:14,775 step 5650  loss 1.5825  skip 0.50  lr 7.60e-05  depth_std 32.4471
2026-08-23 05:52:11,564 step 5700  loss 0.5239  skip 0.50  lr 7.31e-05  depth_std 2.0902
2026-08-23 05:54:08,546 step 5750  loss 3.4704  skip 0.50  lr 7.02e-05  depth_std 34.3288
2026-08-23 05:56:04,280 step 5800  loss 2.4279  skip 0.50  lr 6.74e-05  depth_std 5.2415
2026-08-23 05:58:00,835 step 5850  loss 1.3664  skip 0.50  lr 6.46e-05  depth_std 4.2286
2026-08-23 05:59:57,614 step 5900  loss 4.6645  skip 0.50  lr 6.18e-05  depth_std 10.1431
2026-08-23 06:01:53,978 step 5950  loss 0.9329  skip 0.50  lr 5.91e-05  depth_std 0.6958
2026-08-23 06:03:50,331 step 6000  loss 1.3559  skip 0.50  lr 5.65e-05  depth_std 8.1495
2026-08-23 06:05:47,502 step 6050  loss 0.9793  skip 0.50  lr 5.39e-05  depth_std 1.4692
2026-08-23 06:07:42,515 step 6100  loss 2.0808  skip 0.50  lr 5.13e-05  depth_std 17.3041
2026-08-23 06:09:39,054 step 6150  loss 1.1135  skip 0.50  lr 4.88e-05  depth_std 0.5664
2026-08-23 06:11:34,700 step 6200  loss 1.4463  skip 0.50  lr 4.63e-05  depth_std 0.8158
2026-08-23 06:13:30,607 step 6250  loss 2.0254  skip 0.50  lr 4.39e-05  depth_std 5.2623
2026-08-23 06:15:26,735 step 6300  loss 0.8711  skip 0.50  lr 4.16e-05  depth_std 2.0882
2026-08-23 06:17:23,295 step 6350  loss 0.9164  skip 0.50  lr 3.93e-05  depth_std 0.9913
2026-08-23 06:19:20,323 step 6400  loss 2.2686  skip 0.50  lr 3.70e-05  depth_std 13.2797
2026-08-23 06:21:16,713 step 6450  loss 1.6632  skip 0.50  lr 3.49e-05  depth_std 1.9196
2026-08-23 06:23:12,237 step 6500  loss 0.6524  skip 0.50  lr 3.27e-05  depth_std 0.4409
2026-08-23 06:25:08,450 step 6550  loss 3.1349  skip 0.50  lr 3.07e-05  depth_std 45.6488
2026-08-23 06:27:05,516 step 6600  loss 3.5402  skip 0.50  lr 2.86e-05  depth_std 18.1122
2026-08-23 06:29:02,051 step 6650  loss 1.7847  skip 0.50  lr 2.67e-05  depth_std 1.0096
2026-08-23 06:30:58,832 step 6700  loss 0.8527  skip 0.50  lr 2.48e-05  depth_std 1.7624
2026-08-23 06:32:55,242 step 6750  loss 1.4415  skip 0.50  lr 2.30e-05  depth_std 6.9373
2026-08-23 06:34:52,140 step 6800  loss 0.5512  skip 0.50  lr 2.12e-05  depth_std 0.3879
2026-08-23 06:36:49,757 step 6850  loss 1.0917  skip 0.50  lr 1.95e-05  depth_std 0.8384
2026-08-23 06:38:45,806 step 6900  loss 2.6663  skip 0.50  lr 1.79e-05  depth_std 2.3726
2026-08-23 06:40:42,437 step 6950  loss 1.9619  skip 0.50  lr 1.63e-05  depth_std 7.3810
2026-08-23 06:42:38,682 step 7000  loss 3.2824  skip 0.50  lr 1.49e-05  depth_std 36.9782
2026-08-23 06:44:36,433 step 7050  loss 0.6087  skip 0.50  lr 1.34e-05  depth_std 1.4859
2026-08-23 06:46:32,989 step 7100  loss 0.6202  skip 0.50  lr 1.21e-05  depth_std 1.6558
2026-08-23 06:48:30,057 step 7150  loss 2.3396  skip 0.50  lr 1.08e-05  depth_std 54.7592
2026-08-23 06:50:26,639 step 7200  loss 2.5501  skip 0.50  lr 9.56e-06  depth_std 40.0795
2026-08-23 06:52:22,469 step 7250  loss 0.7642  skip 0.50  lr 8.42e-06  depth_std 2.2151
2026-08-23 06:54:20,496 step 7300  loss 1.0569  skip 0.50  lr 7.34e-06  depth_std 1.1849
2026-08-23 06:56:17,197 step 7350  loss 2.2049  skip 0.50  lr 6.34e-06  depth_std 6.3107
2026-08-23 06:58:13,791 step 7400  loss 1.5077  skip 0.50  lr 5.41e-06  depth_std 14.9343
2026-08-23 07:00:10,639 step 7450  loss 6.8939  skip 0.50  lr 4.55e-06  depth_std 26.1527
2026-08-23 07:02:06,681 step 7500  loss 7.4140  skip 0.50  lr 3.76e-06  depth_std 38.5186
2026-08-23 07:04:03,317 step 7550  loss 3.9758  skip 0.50  lr 3.05e-06  depth_std 44.0005
2026-08-23 07:06:00,448 step 7600  loss 2.4816  skip 0.50  lr 2.41e-06  depth_std 5.6488
2026-08-23 07:07:56,961 step 7650  loss 4.7768  skip 0.50  lr 1.85e-06  depth_std 15.3301
2026-08-23 07:09:53,854 step 7700  loss 2.0696  skip 0.50  lr 1.36e-06  depth_std 32.4078
2026-08-23 07:11:50,377 step 7750  loss 1.9701  skip 0.50  lr 9.43e-07  depth_std 19.3400
2026-08-23 07:13:47,130 step 7800  loss 2.2298  skip 0.50  lr 6.04e-07  depth_std 13.8102
2026-08-23 07:15:43,527 step 7850  loss 0.5199  skip 0.50  lr 3.40e-07  depth_std 1.3677
2026-08-23 07:17:39,986 step 7900  loss 1.1073  skip 0.50  lr 1.51e-07  depth_std 8.2771
2026-08-23 07:19:35,008 step 7950  loss 3.7000  skip 0.50  lr 3.78e-08  depth_std 34.6788
2026-08-23 07:21:29,577 saved -> work_dirs/v11-warp4.0/latest.pt
