2026-07-30 03:51:21,313 work dir: work_dirs/t0-seed0-bin0.2  seed 0  commit 396d5514
2026-07-30 03:51:21,802 partial init from work_dirs/main_v8/latest.pt: 0 new tensors kept at init, 0 checkpoint tensors unused
2026-07-30 03:51:22,650 mixed dataset: 208720 clips from 5 sources (size 256)
2026-07-30 03:51:24,642 step    0  loss 2.4080  skip 0.00  lr 3.00e-07  depth_std 25.3118
2026-07-30 03:52:11,203 step   50  loss 1.5120  skip 0.01  lr 1.53e-05  depth_std 6.2104
2026-07-30 03:53:02,051 step  100  loss 2.0378  skip 0.01  lr 3.03e-05  depth_std 10.4305
2026-07-30 03:53:53,252 step  150  loss 0.8811  skip 0.02  lr 4.53e-05  depth_std 15.8934
2026-07-30 03:54:44,401 step  200  loss 1.0445  skip 0.03  lr 6.03e-05  depth_std 13.9586
2026-07-30 03:55:35,620 step  250  loss 1.4515  skip 0.03  lr 7.53e-05  depth_std 13.3372
2026-07-30 03:56:26,825 step  300  loss 2.2351  skip 0.04  lr 9.03e-05  depth_std 17.2171
2026-07-30 03:57:17,955 step  350  loss 0.5256  skip 0.04  lr 1.05e-04  depth_std 2.2855
2026-07-30 03:58:08,795 step  400  loss 2.0641  skip 0.05  lr 1.20e-04  depth_std 23.4105
2026-07-30 03:58:59,272 step  450  loss 0.5353  skip 0.06  lr 1.35e-04  depth_std 0.5023
2026-07-30 03:59:49,304 step  500  loss 1.1176  skip 0.06  lr 1.50e-04  depth_std 20.7169
2026-07-30 04:00:39,141 step  550  loss 1.6036  skip 0.07  lr 1.65e-04  depth_std 10.9551
2026-07-30 04:01:28,733 step  600  loss 1.0053  skip 0.07  lr 1.80e-04  depth_std 1.5851
2026-07-30 04:02:18,079 step  650  loss 1.0471  skip 0.08  lr 1.95e-04  depth_std 6.5934
2026-07-30 04:03:07,482 step  700  loss 1.7952  skip 0.09  lr 2.10e-04  depth_std 24.6877
2026-07-30 04:03:57,140 step  750  loss 0.8453  skip 0.09  lr 2.25e-04  depth_std 23.4909
2026-07-30 04:04:47,104 step  800  loss 1.0653  skip 0.10  lr 2.40e-04  depth_std 2.0780
2026-07-30 04:05:36,087 step  850  loss 1.0459  skip 0.11  lr 2.55e-04  depth_std 0.6791
2026-07-30 04:06:24,862 step  900  loss 1.2087  skip 0.11  lr 2.70e-04  depth_std 18.3919
2026-07-30 04:07:13,741 step  950  loss 0.8679  skip 0.12  lr 2.85e-04  depth_std 3.0485
2026-07-30 04:08:02,725 step 1000  loss 2.0005  skip 0.12  lr 3.00e-04  depth_std 23.8762
2026-07-30 04:08:54,637 step 1050  loss 0.6727  skip 0.13  lr 3.00e-04  depth_std 2.2014
2026-07-30 04:09:44,878 step 1100  loss 1.4314  skip 0.14  lr 3.00e-04  depth_std 24.7874
2026-07-30 04:10:36,010 step 1150  loss 1.0595  skip 0.14  lr 3.00e-04  depth_std 22.2529
2026-07-30 04:11:35,185 step 1200  loss 4.3973  skip 0.15  lr 2.99e-04  depth_std 26.5980
2026-07-30 04:12:33,699 step 1250  loss 1.3710  skip 0.16  lr 2.99e-04  depth_std 7.8296
2026-07-30 04:13:33,775 step 1300  loss 0.9528  skip 0.16  lr 2.99e-04  depth_std 3.4590
2026-07-30 04:14:32,021 step 1350  loss 0.5931  skip 0.17  lr 2.98e-04  depth_std 1.4944
2026-07-30 04:15:31,478 step 1400  loss 1.7498  skip 0.17  lr 2.98e-04  depth_std 21.6611
2026-07-30 04:16:29,579 step 1450  loss 1.1707  skip 0.18  lr 2.97e-04  depth_std 14.3168
2026-07-30 04:17:27,776 step 1500  loss 1.1930  skip 0.19  lr 2.96e-04  depth_std 26.9510
2026-07-30 04:18:24,764 step 1550  loss 1.1248  skip 0.19  lr 2.95e-04  depth_std 5.6635
2026-07-30 04:19:22,540 step 1600  loss 0.9420  skip 0.20  lr 2.95e-04  depth_std 6.1442
2026-07-30 04:20:18,713 step 1650  loss 2.0341  skip 0.21  lr 2.94e-04  depth_std 10.5936
2026-07-30 04:21:15,613 step 1700  loss 0.6538  skip 0.21  lr 2.93e-04  depth_std 5.1981
2026-07-30 04:22:13,642 step 1750  loss 1.2605  skip 0.22  lr 2.92e-04  depth_std 4.1821
2026-07-30 04:23:09,263 step 1800  loss 1.8784  skip 0.23  lr 2.90e-04  depth_std 21.8146
2026-07-30 04:24:05,401 step 1850  loss 1.1154  skip 0.23  lr 2.89e-04  depth_std 9.1621
2026-07-30 04:25:01,410 step 1900  loss 1.3554  skip 0.24  lr 2.88e-04  depth_std 14.7877
2026-07-30 04:25:56,012 step 1950  loss 2.5556  skip 0.24  lr 2.87e-04  depth_std 39.1376
2026-07-30 04:26:50,640 step 2000  loss 1.1445  skip 0.25  lr 2.85e-04  depth_std 18.9613
2026-07-30 04:27:45,128 step 2050  loss 1.6688  skip 0.26  lr 2.84e-04  depth_std 3.6434
2026-07-30 04:28:38,294 step 2100  loss 2.2923  skip 0.26  lr 2.82e-04  depth_std 35.0445
2026-07-30 04:29:30,805 step 2150  loss 0.9254  skip 0.27  lr 2.80e-04  depth_std 1.9058
2026-07-30 04:30:24,977 step 2200  loss 1.2886  skip 0.28  lr 2.79e-04  depth_std 8.3936
2026-07-30 04:31:17,554 step 2250  loss 1.0162  skip 0.28  lr 2.77e-04  depth_std 2.8311
2026-07-30 04:32:09,726 step 2300  loss 1.5580  skip 0.29  lr 2.75e-04  depth_std 21.7898
2026-07-30 04:33:02,750 step 2350  loss 1.9428  skip 0.29  lr 2.73e-04  depth_std 5.4038
2026-07-30 04:33:55,110 step 2400  loss 0.7275  skip 0.30  lr 2.71e-04  depth_std 1.5752
2026-07-30 04:34:46,680 step 2450  loss 0.7914  skip 0.31  lr 2.69e-04  depth_std 1.1404
2026-07-30 04:35:38,681 step 2500  loss 1.6375  skip 0.31  lr 2.67e-04  depth_std 24.5724
2026-07-30 04:36:31,609 step 2550  loss 0.3803  skip 0.32  lr 2.65e-04  depth_std 1.6202
2026-07-30 04:37:21,878 step 2600  loss 0.5126  skip 0.33  lr 2.63e-04  depth_std 1.5400
2026-07-30 04:38:13,007 step 2650  loss 0.9593  skip 0.33  lr 2.61e-04  depth_std 8.7101
2026-07-30 04:39:03,311 step 2700  loss 0.6808  skip 0.34  lr 2.58e-04  depth_std 11.0857
2026-07-30 04:39:54,034 step 2750  loss 1.0355  skip 0.34  lr 2.56e-04  depth_std 26.3077
2026-07-30 04:40:44,490 step 2800  loss 0.8269  skip 0.35  lr 2.54e-04  depth_std 0.9001
2026-07-30 04:41:33,271 step 2850  loss 0.4982  skip 0.36  lr 2.51e-04  depth_std 1.2240
2026-07-30 04:42:24,032 step 2900  loss 0.9580  skip 0.36  lr 2.49e-04  depth_std 3.3965
2026-07-30 04:43:12,991 step 2950  loss 1.7483  skip 0.37  lr 2.46e-04  depth_std 23.5317
2026-07-30 04:44:02,129 step 3000  loss 2.1334  skip 0.38  lr 2.44e-04  depth_std 4.6533
2026-07-30 04:44:51,101 step 3050  loss 1.1595  skip 0.38  lr 2.41e-04  depth_std 33.6231
2026-07-30 04:45:38,717 step 3100  loss 1.9112  skip 0.39  lr 2.38e-04  depth_std 1.8457
2026-07-30 04:46:26,762 step 3150  loss 1.1168  skip 0.39  lr 2.35e-04  depth_std 5.4979
2026-07-30 04:47:14,443 step 3200  loss 1.2056  skip 0.40  lr 2.33e-04  depth_std 10.3578
2026-07-30 04:48:02,172 step 3250  loss 0.4740  skip 0.41  lr 2.30e-04  depth_std 1.4381
2026-07-30 04:48:49,331 step 3300  loss 1.2459  skip 0.41  lr 2.27e-04  depth_std 18.4826
2026-07-30 04:49:35,453 step 3350  loss 0.4723  skip 0.42  lr 2.24e-04  depth_std 1.3882
2026-07-30 04:50:22,419 step 3400  loss 0.9244  skip 0.42  lr 2.21e-04  depth_std 20.5435
2026-07-30 04:51:06,119 step 3450  loss 0.6562  skip 0.43  lr 2.18e-04  depth_std 1.2733
2026-07-30 04:51:47,067 step 3500  loss 1.0901  skip 0.44  lr 2.15e-04  depth_std 27.9299
2026-07-30 04:52:24,526 step 3550  loss 0.4045  skip 0.44  lr 2.12e-04  depth_std 4.8038
2026-07-30 04:52:59,750 step 3600  loss 1.0423  skip 0.45  lr 2.09e-04  depth_std 27.8258
2026-07-30 04:53:35,195 step 3650  loss 1.0458  skip 0.46  lr 2.06e-04  depth_std 15.7752
2026-07-30 04:54:09,819 step 3700  loss 0.9039  skip 0.46  lr 2.03e-04  depth_std 29.8146
2026-07-30 04:54:44,260 step 3750  loss 2.5467  skip 0.47  lr 2.00e-04  depth_std 28.4069
2026-07-30 04:55:18,476 step 3800  loss 1.4687  skip 0.47  lr 1.96e-04  depth_std 7.9817
2026-07-30 04:55:52,348 step 3850  loss 0.8625  skip 0.48  lr 1.93e-04  depth_std 12.8096
2026-07-30 04:56:25,857 step 3900  loss 1.0072  skip 0.49  lr 1.90e-04  depth_std 13.9616
2026-07-30 04:56:59,261 step 3950  loss 0.8769  skip 0.49  lr 1.87e-04  depth_std 14.7847
2026-07-30 04:57:32,476 step 4000  loss 0.5338  skip 0.50  lr 1.83e-04  depth_std 1.6764
2026-07-30 04:58:05,540 step 4050  loss 1.2824  skip 0.50  lr 1.80e-04  depth_std 20.0998
2026-07-30 04:58:38,657 step 4100  loss 1.0768  skip 0.50  lr 1.77e-04  depth_std 3.0437
2026-07-30 04:59:12,358 step 4150  loss 1.2371  skip 0.50  lr 1.73e-04  depth_std 34.6732
2026-07-30 04:59:45,817 step 4200  loss 0.9463  skip 0.50  lr 1.70e-04  depth_std 13.2670
2026-07-30 05:00:19,356 step 4250  loss 0.8289  skip 0.50  lr 1.67e-04  depth_std 12.6140
2026-07-30 05:00:54,909 step 4300  loss 0.5351  skip 0.50  lr 1.63e-04  depth_std 6.8974
2026-07-30 05:01:29,116 step 4350  loss 0.6555  skip 0.50  lr 1.60e-04  depth_std 17.7283
2026-07-30 05:02:04,446 step 4400  loss 0.6583  skip 0.50  lr 1.57e-04  depth_std 3.6709
2026-07-30 05:02:38,678 step 4450  loss 0.9722  skip 0.50  lr 1.53e-04  depth_std 2.6857
2026-07-30 05:03:21,356 step 4500  loss 1.2689  skip 0.50  lr 1.50e-04  depth_std 12.4505
2026-07-30 05:03:57,898 step 4550  loss 1.1151  skip 0.50  lr 1.47e-04  depth_std 15.7329
2026-07-30 05:04:40,594 step 4600  loss 0.4305  skip 0.50  lr 1.43e-04  depth_std 0.5708
2026-07-30 05:05:16,652 step 4650  loss 1.6004  skip 0.50  lr 1.40e-04  depth_std 4.8065
2026-07-30 05:05:52,651 step 4700  loss 0.8962  skip 0.50  lr 1.37e-04  depth_std 26.7345
2026-07-30 05:06:27,564 step 4750  loss 1.0984  skip 0.50  lr 1.33e-04  depth_std 3.8156
2026-07-30 05:07:01,426 step 4800  loss 0.6892  skip 0.50  lr 1.30e-04  depth_std 8.2181
2026-07-30 05:07:35,288 step 4850  loss 1.1606  skip 0.50  lr 1.27e-04  depth_std 25.4778
2026-07-30 05:08:09,061 step 4900  loss 0.4221  skip 0.50  lr 1.23e-04  depth_std 1.7523
2026-07-30 05:08:42,870 step 4950  loss 0.7459  skip 0.50  lr 1.20e-04  depth_std 20.0243
2026-07-30 05:09:17,065 step 5000  loss 2.0809  skip 0.50  lr 1.17e-04  depth_std 4.7231
2026-07-30 05:09:51,901 step 5050  loss 1.1314  skip 0.50  lr 1.13e-04  depth_std 8.1819
2026-07-30 05:10:26,678 step 5100  loss 1.0277  skip 0.50  lr 1.10e-04  depth_std 9.7518
2026-07-30 05:11:00,936 step 5150  loss 0.6797  skip 0.50  lr 1.07e-04  depth_std 5.1067
2026-07-30 05:11:34,719 step 5200  loss 1.2999  skip 0.50  lr 1.04e-04  depth_std 19.2549
2026-07-30 05:12:08,816 step 5250  loss 0.5357  skip 0.50  lr 1.00e-04  depth_std 4.3347
2026-07-30 05:12:43,753 step 5300  loss 1.5892  skip 0.50  lr 9.73e-05  depth_std 33.2917
2026-07-30 05:13:19,830 step 5350  loss 0.9220  skip 0.50  lr 9.42e-05  depth_std 24.6326
2026-07-30 05:13:57,722 step 5400  loss 0.7821  skip 0.50  lr 9.10e-05  depth_std 10.4436
2026-07-30 05:14:33,048 step 5450  loss 0.6029  skip 0.50  lr 8.80e-05  depth_std 1.3157
2026-07-30 05:15:08,390 step 5500  loss 0.6309  skip 0.50  lr 8.49e-05  depth_std 2.7186
2026-07-30 05:15:43,438 step 5550  loss 1.2779  skip 0.50  lr 8.19e-05  depth_std 9.6878
2026-07-30 05:16:18,611 step 5600  loss 0.4734  skip 0.50  lr 7.89e-05  depth_std 2.8523
2026-07-30 05:16:53,912 step 5650  loss 0.8586  skip 0.50  lr 7.60e-05  depth_std 13.7343
2026-07-30 05:17:27,349 step 5700  loss 0.6915  skip 0.50  lr 7.31e-05  depth_std 1.8242
2026-07-30 05:18:00,466 step 5750  loss 1.0054  skip 0.50  lr 7.02e-05  depth_std 26.8592
2026-07-30 05:18:33,564 step 5800  loss 1.5782  skip 0.50  lr 6.74e-05  depth_std 30.1392
2026-07-30 05:19:06,653 step 5850  loss 1.4664  skip 0.50  lr 6.46e-05  depth_std 22.5994
2026-07-30 05:19:39,916 step 5900  loss 1.7753  skip 0.50  lr 6.18e-05  depth_std 4.2623
2026-07-30 05:20:13,018 step 5950  loss 0.4171  skip 0.50  lr 5.91e-05  depth_std 1.9390
2026-07-30 05:20:46,174 step 6000  loss 0.7742  skip 0.50  lr 5.65e-05  depth_std 2.3394
2026-07-30 05:21:19,197 step 6050  loss 1.1803  skip 0.50  lr 5.39e-05  depth_std 5.6105
2026-07-30 05:21:52,228 step 6100  loss 0.5780  skip 0.50  lr 5.13e-05  depth_std 1.3382
2026-07-30 05:22:25,225 step 6150  loss 3.7827  skip 0.50  lr 4.88e-05  depth_std 30.2987
2026-07-30 05:22:58,059 step 6200  loss 1.4859  skip 0.50  lr 4.63e-05  depth_std 22.8935
2026-07-30 05:23:31,083 step 6250  loss 2.0889  skip 0.50  lr 4.39e-05  depth_std 5.5028
2026-07-30 05:24:04,155 step 6300  loss 0.8283  skip 0.50  lr 4.16e-05  depth_std 32.5839
2026-07-30 05:24:37,293 step 6350  loss 1.2894  skip 0.50  lr 3.93e-05  depth_std 22.1340
2026-07-30 05:25:10,407 step 6400  loss 3.8460  skip 0.50  lr 3.70e-05  depth_std 32.0047
2026-07-30 05:25:43,525 step 6450  loss 1.7424  skip 0.50  lr 3.49e-05  depth_std 28.6809
2026-07-30 05:26:16,557 step 6500  loss 4.2763  skip 0.50  lr 3.27e-05  depth_std 26.8824
2026-07-30 05:26:49,573 step 6550  loss 0.5828  skip 0.50  lr 3.07e-05  depth_std 8.4574
2026-07-30 05:27:22,545 step 6600  loss 1.6666  skip 0.50  lr 2.86e-05  depth_std 17.6852
2026-07-30 05:27:55,561 step 6650  loss 2.6636  skip 0.50  lr 2.67e-05  depth_std 15.9970
2026-07-30 05:28:28,622 step 6700  loss 1.1896  skip 0.50  lr 2.48e-05  depth_std 7.0994
2026-07-30 05:29:01,668 step 6750  loss 0.7590  skip 0.50  lr 2.30e-05  depth_std 3.1712
2026-07-30 05:29:34,765 step 6800  loss 1.1944  skip 0.50  lr 2.12e-05  depth_std 31.3430
2026-07-30 05:30:07,759 step 6850  loss 1.0454  skip 0.50  lr 1.95e-05  depth_std 25.2072
2026-07-30 05:30:40,749 step 6900  loss 1.7528  skip 0.50  lr 1.79e-05  depth_std 29.6286
2026-07-30 05:31:13,854 step 6950  loss 0.7584  skip 0.50  lr 1.63e-05  depth_std 9.1301
2026-07-30 05:31:46,789 step 7000  loss 0.9237  skip 0.50  lr 1.49e-05  depth_std 30.2353
2026-07-30 05:32:19,870 step 7050  loss 3.9076  skip 0.50  lr 1.34e-05  depth_std 4.8433
2026-07-30 05:32:52,988 step 7100  loss 0.8090  skip 0.50  lr 1.21e-05  depth_std 5.3997
2026-07-30 05:33:26,101 step 7150  loss 0.9548  skip 0.50  lr 1.08e-05  depth_std 11.2019
2026-07-30 05:33:59,242 step 7200  loss 1.6606  skip 0.50  lr 9.56e-06  depth_std 3.5763
2026-07-30 05:34:32,328 step 7250  loss 1.3357  skip 0.50  lr 8.42e-06  depth_std 2.6283
2026-07-30 05:35:05,515 step 7300  loss 0.7151  skip 0.50  lr 7.34e-06  depth_std 7.6547
2026-07-30 05:35:38,520 step 7350  loss 1.3250  skip 0.50  lr 6.34e-06  depth_std 5.7827
2026-07-30 05:36:11,633 step 7400  loss 2.3338  skip 0.50  lr 5.41e-06  depth_std 25.1033
2026-07-30 05:36:44,628 step 7450  loss 2.0071  skip 0.50  lr 4.55e-06  depth_std 13.9646
2026-07-30 05:37:17,600 step 7500  loss 0.8125  skip 0.50  lr 3.76e-06  depth_std 9.1622
2026-07-30 05:37:50,715 step 7550  loss 1.7581  skip 0.50  lr 3.05e-06  depth_std 20.9001
2026-07-30 05:38:23,659 step 7600  loss 0.6848  skip 0.50  lr 2.41e-06  depth_std 8.2586
2026-07-30 05:38:56,662 step 7650  loss 3.7384  skip 0.50  lr 1.85e-06  depth_std 8.8120
2026-07-30 05:39:29,655 step 7700  loss 1.2521  skip 0.50  lr 1.36e-06  depth_std 24.1256
2026-07-30 05:40:02,723 step 7750  loss 0.5197  skip 0.50  lr 9.43e-07  depth_std 2.6559
2026-07-30 05:40:35,752 step 7800  loss 2.4510  skip 0.50  lr 6.04e-07  depth_std 7.2733
2026-07-30 05:41:08,725 step 7850  loss 2.0401  skip 0.50  lr 3.40e-07  depth_std 31.0594
2026-07-30 05:41:41,846 step 7900  loss 1.2544  skip 0.50  lr 1.51e-07  depth_std 27.0312
2026-07-30 05:42:14,866 step 7950  loss 0.5114  skip 0.50  lr 3.78e-08  depth_std 16.3983
2026-07-30 05:42:47,424 saved -> work_dirs/t0-seed0-bin0.2/latest.pt
