2026-07-30 18:48:06,442 work dir: work_dirs/t1-binrange  seed 0  commit 396d5514
2026-07-30 18:48:06,948 partial init from work_dirs/main_v8/latest.pt: 1 new tensors kept at init, 0 checkpoint tensors unused
2026-07-30 18:48:07,853 mixed dataset: 208720 clips from 5 sources (size 256)
2026-07-30 18:48:09,780 step    0  loss 2.3129  skip 0.00  lr 3.00e-07  depth_std 90.3520
2026-07-30 18:48:59,890 step   50  loss 1.6514  skip 0.01  lr 1.53e-05  depth_std 13.5530
2026-07-30 18:49:55,437 step  100  loss 2.1889  skip 0.01  lr 3.03e-05  depth_std 18.2832
2026-07-30 18:50:50,878 step  150  loss 0.9846  skip 0.02  lr 4.53e-05  depth_std 23.8370
2026-07-30 18:51:46,492 step  200  loss 1.0084  skip 0.03  lr 6.03e-05  depth_std 18.5456
2026-07-30 18:52:42,423 step  250  loss 1.3785  skip 0.03  lr 7.53e-05  depth_std 18.2620
2026-07-30 18:53:38,525 step  300  loss 2.1412  skip 0.04  lr 9.03e-05  depth_std 25.3904
2026-07-30 18:54:34,980 step  350  loss 0.4706  skip 0.04  lr 1.05e-04  depth_std 3.0329
2026-07-30 18:55:32,184 step  400  loss 2.0280  skip 0.05  lr 1.20e-04  depth_std 35.4147
2026-07-30 18:56:27,454 step  450  loss 0.5628  skip 0.06  lr 1.35e-04  depth_std 0.5123
2026-07-30 18:57:22,855 step  500  loss 1.1567  skip 0.06  lr 1.50e-04  depth_std 22.6777
2026-07-30 18:58:16,290 step  550  loss 1.5761  skip 0.07  lr 1.65e-04  depth_std 9.9148
2026-07-30 18:59:10,247 step  600  loss 1.0262  skip 0.07  lr 1.80e-04  depth_std 1.4530
2026-07-30 19:00:02,819 step  650  loss 1.0604  skip 0.08  lr 1.95e-04  depth_std 7.2845
2026-07-30 19:00:55,363 step  700  loss 1.7174  skip 0.09  lr 2.10e-04  depth_std 32.7386
2026-07-30 19:01:48,636 step  750  loss 0.7716  skip 0.09  lr 2.25e-04  depth_std 29.8130
2026-07-30 19:02:40,640 step  800  loss 1.0044  skip 0.10  lr 2.40e-04  depth_std 2.8235
2026-07-30 19:03:33,721 step  850  loss 0.9418  skip 0.11  lr 2.55e-04  depth_std 0.6616
2026-07-30 19:04:25,827 step  900  loss 1.1431  skip 0.11  lr 2.70e-04  depth_std 23.2084
2026-07-30 19:05:17,139 step  950  loss 1.6047  skip 0.12  lr 2.85e-04  depth_std 5.5974
2026-07-30 19:06:08,982 step 1000  loss 1.9811  skip 0.12  lr 3.00e-04  depth_std 25.4552
2026-07-30 19:06:59,897 step 1050  loss 0.6972  skip 0.13  lr 3.00e-04  depth_std 2.1591
2026-07-30 19:07:50,795 step 1100  loss 1.3778  skip 0.14  lr 3.00e-04  depth_std 23.7045
2026-07-30 19:08:41,261 step 1150  loss 1.1082  skip 0.14  lr 3.00e-04  depth_std 22.4435
2026-07-30 19:09:31,480 step 1200  loss 4.0240  skip 0.15  lr 2.99e-04  depth_std 27.5628
2026-07-30 19:10:21,976 step 1250  loss 1.3065  skip 0.16  lr 2.99e-04  depth_std 7.3115
2026-07-30 19:11:11,479 step 1300  loss 0.8987  skip 0.16  lr 2.99e-04  depth_std 2.9290
2026-07-30 19:12:01,691 step 1350  loss 0.5943  skip 0.17  lr 2.98e-04  depth_std 1.4569
2026-07-30 19:12:51,326 step 1400  loss 1.7026  skip 0.17  lr 2.98e-04  depth_std 23.9022
2026-07-30 19:13:40,530 step 1450  loss 1.1931  skip 0.18  lr 2.97e-04  depth_std 13.3757
2026-07-30 19:14:29,825 step 1500  loss 1.1628  skip 0.19  lr 2.96e-04  depth_std 25.6430
2026-07-30 19:15:18,689 step 1550  loss 1.1831  skip 0.19  lr 2.95e-04  depth_std 5.7162
2026-07-30 19:16:07,377 step 1600  loss 0.8907  skip 0.20  lr 2.95e-04  depth_std 9.4366
2026-07-30 19:16:56,099 step 1650  loss 2.0387  skip 0.21  lr 2.94e-04  depth_std 8.7720
2026-07-30 19:17:43,921 step 1700  loss 0.6369  skip 0.21  lr 2.93e-04  depth_std 5.0781
2026-07-30 19:18:32,139 step 1750  loss 1.3473  skip 0.22  lr 2.92e-04  depth_std 2.8323
2026-07-30 19:19:19,751 step 1800  loss 1.8780  skip 0.23  lr 2.90e-04  depth_std 23.8106
2026-07-30 19:20:07,297 step 1850  loss 0.9566  skip 0.23  lr 2.89e-04  depth_std 8.3643
2026-07-30 19:20:54,373 step 1900  loss 1.3127  skip 0.24  lr 2.88e-04  depth_std 15.7081
2026-07-30 19:21:41,398 step 1950  loss 2.6207  skip 0.24  lr 2.87e-04  depth_std 30.8708
2026-07-30 19:22:28,084 step 2000  loss 1.1178  skip 0.25  lr 2.85e-04  depth_std 18.0865
2026-07-30 19:23:14,259 step 2050  loss 1.6397  skip 0.26  lr 2.84e-04  depth_std 2.7884
2026-07-30 19:24:00,014 step 2100  loss 2.2913  skip 0.26  lr 2.82e-04  depth_std 36.9634
2026-07-30 19:24:45,734 step 2150  loss 0.9536  skip 0.27  lr 2.80e-04  depth_std 2.0889
2026-07-30 19:25:31,082 step 2200  loss 1.3040  skip 0.28  lr 2.79e-04  depth_std 9.0709
2026-07-30 19:26:16,447 step 2250  loss 0.9858  skip 0.28  lr 2.77e-04  depth_std 2.7989
2026-07-30 19:27:01,230 step 2300  loss 1.4081  skip 0.29  lr 2.75e-04  depth_std 22.3245
2026-07-30 19:27:46,012 step 2350  loss 2.1100  skip 0.29  lr 2.73e-04  depth_std 6.1218
2026-07-30 19:28:30,992 step 2400  loss 0.6768  skip 0.30  lr 2.71e-04  depth_std 1.5145
2026-07-30 19:29:12,654 step 2450  loss 0.7513  skip 0.31  lr 2.69e-04  depth_std 1.1337
2026-07-30 19:29:53,172 step 2500  loss 1.6117  skip 0.31  lr 2.67e-04  depth_std 22.6418
2026-07-30 19:30:33,340 step 2550  loss 0.3741  skip 0.32  lr 2.65e-04  depth_std 1.6605
2026-07-30 19:31:13,341 step 2600  loss 0.4614  skip 0.33  lr 2.63e-04  depth_std 1.5443
2026-07-30 19:31:53,025 step 2650  loss 0.9933  skip 0.33  lr 2.61e-04  depth_std 8.6083
2026-07-30 19:32:32,719 step 2700  loss 0.5805  skip 0.34  lr 2.58e-04  depth_std 10.3622
2026-07-30 19:33:12,105 step 2750  loss 0.9182  skip 0.34  lr 2.56e-04  depth_std 27.5344
2026-07-30 19:33:51,022 step 2800  loss 0.6949  skip 0.35  lr 2.54e-04  depth_std 1.2960
2026-07-30 19:34:29,796 step 2850  loss 0.4768  skip 0.36  lr 2.51e-04  depth_std 1.1952
2026-07-30 19:35:08,309 step 2900  loss 0.9865  skip 0.36  lr 2.49e-04  depth_std 3.2507
2026-07-30 19:35:46,675 step 2950  loss 1.6508  skip 0.37  lr 2.46e-04  depth_std 22.1726
2026-07-30 19:36:24,882 step 3000  loss 2.0933  skip 0.38  lr 2.44e-04  depth_std 3.9701
2026-07-30 19:37:02,676 step 3050  loss 1.1835  skip 0.38  lr 2.41e-04  depth_std 32.2373
2026-07-30 19:37:40,248 step 3100  loss 1.3631  skip 0.39  lr 2.38e-04  depth_std 1.6706
2026-07-30 19:38:17,507 step 3150  loss 1.0945  skip 0.39  lr 2.35e-04  depth_std 5.1283
2026-07-30 19:38:54,689 step 3200  loss 1.1488  skip 0.40  lr 2.33e-04  depth_std 9.4648
2026-07-30 19:39:31,556 step 3250  loss 0.4562  skip 0.41  lr 2.30e-04  depth_std 1.4548
2026-07-30 19:40:08,123 step 3300  loss 1.1961  skip 0.41  lr 2.27e-04  depth_std 14.5876
2026-07-30 19:40:44,434 step 3350  loss 0.4669  skip 0.42  lr 2.24e-04  depth_std 1.4032
2026-07-30 19:41:20,484 step 3400  loss 0.9346  skip 0.42  lr 2.21e-04  depth_std 19.7006
2026-07-30 19:41:56,437 step 3450  loss 0.6040  skip 0.43  lr 2.18e-04  depth_std 1.4676
2026-07-30 19:42:32,113 step 3500  loss 1.0695  skip 0.44  lr 2.15e-04  depth_std 25.2672
2026-07-30 19:43:07,370 step 3550  loss 0.3973  skip 0.44  lr 2.12e-04  depth_std 4.8980
2026-07-30 19:43:42,554 step 3600  loss 1.0381  skip 0.45  lr 2.09e-04  depth_std 28.6590
2026-07-30 19:44:17,306 step 3650  loss 1.0858  skip 0.46  lr 2.06e-04  depth_std 15.9688
2026-07-30 19:44:51,870 step 3700  loss 0.8960  skip 0.46  lr 2.03e-04  depth_std 29.2134
2026-07-30 19:45:26,255 step 3750  loss 2.5468  skip 0.47  lr 2.00e-04  depth_std 27.7703
2026-07-30 19:46:00,407 step 3800  loss 1.3946  skip 0.47  lr 1.96e-04  depth_std 9.2548
2026-07-30 19:46:34,318 step 3850  loss 0.8374  skip 0.48  lr 1.93e-04  depth_std 13.8178
2026-07-30 19:47:07,905 step 3900  loss 1.0268  skip 0.49  lr 1.90e-04  depth_std 13.4522
2026-07-30 19:47:41,231 step 3950  loss 0.8149  skip 0.49  lr 1.87e-04  depth_std 14.9513
2026-07-30 19:48:14,394 step 4000  loss 0.5260  skip 0.50  lr 1.83e-04  depth_std 1.6031
2026-07-30 19:48:47,463 step 4050  loss 1.2513  skip 0.50  lr 1.80e-04  depth_std 20.6495
2026-07-30 19:49:20,340 step 4100  loss 1.0624  skip 0.50  lr 1.77e-04  depth_std 3.0202
2026-07-30 19:49:53,324 step 4150  loss 1.1964  skip 0.50  lr 1.73e-04  depth_std 36.1893
2026-07-30 19:50:26,421 step 4200  loss 0.9126  skip 0.50  lr 1.70e-04  depth_std 13.8622
2026-07-30 19:50:59,448 step 4250  loss 0.7946  skip 0.50  lr 1.67e-04  depth_std 13.2612
2026-07-30 19:51:32,462 step 4300  loss 0.4741  skip 0.50  lr 1.63e-04  depth_std 4.9835
2026-07-30 19:52:05,371 step 4350  loss 0.6428  skip 0.50  lr 1.60e-04  depth_std 15.9835
2026-07-30 19:52:38,491 step 4400  loss 0.5773  skip 0.50  lr 1.57e-04  depth_std 3.2020
2026-07-30 19:53:11,449 step 4450  loss 0.8983  skip 0.50  lr 1.53e-04  depth_std 3.3060
2026-07-30 19:53:44,669 step 4500  loss 1.2058  skip 0.50  lr 1.50e-04  depth_std 13.7646
2026-07-30 19:54:17,665 step 4550  loss 1.0658  skip 0.50  lr 1.47e-04  depth_std 16.1257
2026-07-30 19:54:50,680 step 4600  loss 0.4664  skip 0.50  lr 1.43e-04  depth_std 0.5418
2026-07-30 19:55:23,706 step 4650  loss 1.5783  skip 0.50  lr 1.40e-04  depth_std 4.8096
2026-07-30 19:55:56,882 step 4700  loss 0.8570  skip 0.50  lr 1.37e-04  depth_std 29.4191
2026-07-30 19:56:29,886 step 4750  loss 1.0424  skip 0.50  lr 1.33e-04  depth_std 4.4924
2026-07-30 19:57:02,855 step 4800  loss 0.6858  skip 0.50  lr 1.30e-04  depth_std 8.4331
2026-07-30 19:57:35,856 step 4850  loss 1.1631  skip 0.50  lr 1.27e-04  depth_std 25.4679
2026-07-30 19:58:08,934 step 4900  loss 0.4080  skip 0.50  lr 1.23e-04  depth_std 1.6290
2026-07-30 19:58:41,999 step 4950  loss 0.7477  skip 0.50  lr 1.20e-04  depth_std 23.8534
2026-07-30 19:59:15,002 step 5000  loss 2.0358  skip 0.50  lr 1.17e-04  depth_std 4.9041
2026-07-30 19:59:47,943 step 5050  loss 1.1187  skip 0.50  lr 1.13e-04  depth_std 7.2032
2026-07-30 20:00:21,084 step 5100  loss 0.9995  skip 0.50  lr 1.10e-04  depth_std 9.6777
2026-07-30 20:00:54,104 step 5150  loss 0.7004  skip 0.50  lr 1.07e-04  depth_std 5.4032
2026-07-30 20:01:27,181 step 5200  loss 1.2751  skip 0.50  lr 1.04e-04  depth_std 20.1476
2026-07-30 20:02:00,206 step 5250  loss 0.5037  skip 0.50  lr 1.00e-04  depth_std 4.1972
2026-07-30 20:02:33,234 step 5300  loss 1.5933  skip 0.50  lr 9.73e-05  depth_std 33.5623
2026-07-30 20:03:06,469 step 5350  loss 0.9087  skip 0.50  lr 9.42e-05  depth_std 24.7865
2026-07-30 20:03:39,448 step 5400  loss 0.6623  skip 0.50  lr 9.10e-05  depth_std 11.0968
2026-07-30 20:04:12,562 step 5450  loss 0.6172  skip 0.50  lr 8.80e-05  depth_std 1.1399
2026-07-30 20:04:45,773 step 5500  loss 0.6154  skip 0.50  lr 8.49e-05  depth_std 2.9818
2026-07-30 20:05:18,728 step 5550  loss 1.2240  skip 0.50  lr 8.19e-05  depth_std 10.1128
2026-07-30 20:05:51,813 step 5600  loss 0.4182  skip 0.50  lr 7.89e-05  depth_std 2.7184
2026-07-30 20:06:24,972 step 5650  loss 0.8941  skip 0.50  lr 7.60e-05  depth_std 14.7117
2026-07-30 20:06:58,148 step 5700  loss 0.6553  skip 0.50  lr 7.31e-05  depth_std 1.6073
2026-07-30 20:07:31,214 step 5750  loss 0.9868  skip 0.50  lr 7.02e-05  depth_std 30.4953
2026-07-30 20:08:04,216 step 5800  loss 1.5194  skip 0.50  lr 6.74e-05  depth_std 30.0652
2026-07-30 20:08:37,373 step 5850  loss 1.4374  skip 0.50  lr 6.46e-05  depth_std 21.5592
2026-07-30 20:09:10,409 step 5900  loss 1.7331  skip 0.50  lr 6.18e-05  depth_std 5.0335
2026-07-30 20:09:43,477 step 5950  loss 0.4218  skip 0.50  lr 5.91e-05  depth_std 1.7229
2026-07-30 20:10:16,635 step 6000  loss 0.7338  skip 0.50  lr 5.65e-05  depth_std 1.9074
2026-07-30 20:10:49,695 step 6050  loss 1.1434  skip 0.50  lr 5.39e-05  depth_std 5.7442
2026-07-30 20:11:22,867 step 6100  loss 0.6021  skip 0.50  lr 5.13e-05  depth_std 1.2208
2026-07-30 20:11:55,919 step 6150  loss 3.7053  skip 0.50  lr 4.88e-05  depth_std 32.5251
2026-07-30 20:12:28,946 step 6200  loss 1.4530  skip 0.50  lr 4.63e-05  depth_std 25.5151
2026-07-30 20:13:02,114 step 6250  loss 2.1477  skip 0.50  lr 4.39e-05  depth_std 5.6639
2026-07-30 20:13:35,050 step 6300  loss 0.8373  skip 0.50  lr 4.16e-05  depth_std 33.2892
2026-07-30 20:14:08,213 step 6350  loss 1.3478  skip 0.50  lr 3.93e-05  depth_std 22.5002
2026-07-30 20:14:41,327 step 6400  loss 3.8056  skip 0.50  lr 3.70e-05  depth_std 32.0321
2026-07-30 20:15:14,310 step 6450  loss 1.6833  skip 0.50  lr 3.49e-05  depth_std 30.6653
2026-07-30 20:15:47,424 step 6500  loss 4.2370  skip 0.50  lr 3.27e-05  depth_std 27.4832
2026-07-30 20:16:20,425 step 6550  loss 0.5405  skip 0.50  lr 3.07e-05  depth_std 8.5749
2026-07-30 20:16:53,437 step 6600  loss 1.6496  skip 0.50  lr 2.86e-05  depth_std 16.6016
2026-07-30 20:17:26,503 step 6650  loss 2.6397  skip 0.50  lr 2.67e-05  depth_std 15.7414
2026-07-30 20:17:59,586 step 6700  loss 1.1446  skip 0.50  lr 2.48e-05  depth_std 6.9400
2026-07-30 20:18:32,680 step 6750  loss 0.7460  skip 0.50  lr 2.30e-05  depth_std 3.5596
2026-07-30 20:19:05,852 step 6800  loss 1.1919  skip 0.50  lr 2.12e-05  depth_std 30.3776
2026-07-30 20:19:38,759 step 6850  loss 1.0316  skip 0.50  lr 1.95e-05  depth_std 26.4302
2026-07-30 20:20:11,831 step 6900  loss 1.7125  skip 0.50  lr 1.79e-05  depth_std 30.8783
2026-07-30 20:20:44,922 step 6950  loss 0.7413  skip 0.50  lr 1.63e-05  depth_std 9.7842
2026-07-30 20:21:17,901 step 7000  loss 0.9113  skip 0.50  lr 1.49e-05  depth_std 33.1582
2026-07-30 20:21:51,039 step 7050  loss 3.7932  skip 0.50  lr 1.34e-05  depth_std 4.8767
2026-07-30 20:22:24,157 step 7100  loss 0.8183  skip 0.50  lr 1.21e-05  depth_std 6.1632
2026-07-30 20:22:57,267 step 7150  loss 0.9293  skip 0.50  lr 1.08e-05  depth_std 11.3348
2026-07-30 20:23:30,385 step 7200  loss 1.8457  skip 0.50  lr 9.56e-06  depth_std 3.7985
2026-07-30 20:24:03,446 step 7250  loss 1.2658  skip 0.50  lr 8.42e-06  depth_std 2.7461
2026-07-30 20:24:36,548 step 7300  loss 0.6942  skip 0.50  lr 7.34e-06  depth_std 7.4885
2026-07-30 20:25:09,582 step 7350  loss 1.2710  skip 0.50  lr 6.34e-06  depth_std 5.5406
2026-07-30 20:25:42,666 step 7400  loss 2.3177  skip 0.50  lr 5.41e-06  depth_std 24.9457
2026-07-30 20:26:15,711 step 7450  loss 1.9982  skip 0.50  lr 4.55e-06  depth_std 14.8237
2026-07-30 20:26:48,799 step 7500  loss 0.8054  skip 0.50  lr 3.76e-06  depth_std 9.4891
2026-07-30 20:27:21,845 step 7550  loss 1.7488  skip 0.50  lr 3.05e-06  depth_std 21.3829
2026-07-30 20:27:54,856 step 7600  loss 0.6638  skip 0.50  lr 2.41e-06  depth_std 8.3490
2026-07-30 20:28:27,871 step 7650  loss 3.6619  skip 0.50  lr 1.85e-06  depth_std 9.0614
2026-07-30 20:29:00,831 step 7700  loss 1.1386  skip 0.50  lr 1.36e-06  depth_std 25.0058
2026-07-30 20:29:33,837 step 7750  loss 0.4901  skip 0.50  lr 9.43e-07  depth_std 3.1985
2026-07-30 20:30:06,874 step 7800  loss 2.4096  skip 0.50  lr 6.04e-07  depth_std 7.4237
2026-07-30 20:30:39,923 step 7850  loss 2.0533  skip 0.50  lr 3.40e-07  depth_std 30.5412
2026-07-30 20:31:12,983 step 7900  loss 1.2445  skip 0.50  lr 1.51e-07  depth_std 27.8959
2026-07-30 20:31:46,080 step 7950  loss 0.4950  skip 0.50  lr 3.78e-08  depth_std 16.9666
2026-07-30 20:32:18,654 saved -> work_dirs/t1-binrange/latest.pt
