2026-08-29 02:08:57,644 work dir: work_dirs/probe-m0-s0  seed 0  commit 1d4d01a6
2026-08-29 02:08:58,141 mixed dataset: 256 clips from 2 sources (size 256)
2026-08-29 02:09:01,628 step    0  loss 20.3773  skip 0.00  lr 3.00e-07  depth_std 0.0091
2026-08-29 02:10:39,565 step   50  loss 11.4574  skip 0.00  lr 1.53e-05  depth_std 0.0464
2026-08-29 02:12:18,046 step  100  loss 4.2994  skip 0.00  lr 3.03e-05  depth_std 1.1276
2026-08-29 02:13:56,454 step  150  loss 4.7561  skip 0.00  lr 4.53e-05  depth_std 2.0880
2026-08-29 02:15:34,880 step  200  loss 3.0178  skip 0.00  lr 6.03e-05  depth_std 0.8206
2026-08-29 02:17:12,856 step  250  loss 1.7290  skip 0.00  lr 7.53e-05  depth_std 0.7064
2026-08-29 02:18:51,279 step  300  loss 1.6304  skip 0.00  lr 9.03e-05  depth_std 0.7963
2026-08-29 02:20:29,734 step  350  loss 1.4142  skip 0.00  lr 1.05e-04  depth_std 0.6844
2026-08-29 02:22:08,121 step  400  loss 1.7730  skip 0.00  lr 1.20e-04  depth_std 0.8556
2026-08-29 02:23:46,466 step  450  loss 1.4885  skip 0.00  lr 1.35e-04  depth_std 0.5077
2026-08-29 02:25:24,431 step  500  loss 1.2423  skip 0.00  lr 1.50e-04  depth_std 0.6819
2026-08-29 02:27:03,008 step  550  loss 1.2745  skip 0.00  lr 1.65e-04  depth_std 0.7457
2026-08-29 02:28:41,645 step  600  loss 1.4877  skip 0.00  lr 1.80e-04  depth_std 0.5333
2026-08-29 02:30:20,354 step  650  loss 2.3414  skip 0.00  lr 1.95e-04  depth_std 0.6081
2026-08-29 02:31:58,379 step  700  loss 1.3395  skip 0.00  lr 2.10e-04  depth_std 0.6904
2026-08-29 02:33:37,122 step  750  loss 1.1666  skip 0.00  lr 2.25e-04  depth_std 0.7168
2026-08-29 02:35:15,560 step  800  loss 1.6258  skip 0.00  lr 2.40e-04  depth_std 0.6499
2026-08-29 02:36:54,143 step  850  loss 1.1618  skip 0.00  lr 2.55e-04  depth_std 0.5891
2026-08-29 02:38:33,103 step  900  loss 1.2936  skip 0.00  lr 2.70e-04  depth_std 0.8201
2026-08-29 02:40:11,084 step  950  loss 1.6963  skip 0.00  lr 2.85e-04  depth_std 0.3874
2026-08-29 02:41:49,878 step 1000  loss 1.2646  skip 0.00  lr 3.00e-04  depth_std 0.8032
2026-08-29 02:43:28,612 step 1050  loss 1.3531  skip 0.00  lr 3.00e-04  depth_std 0.6024
2026-08-29 02:45:07,214 step 1100  loss 1.3969  skip 0.00  lr 2.98e-04  depth_std 0.7285
2026-08-29 02:46:45,290 step 1150  loss 1.4229  skip 0.00  lr 2.96e-04  depth_std 0.9696
2026-08-29 02:48:23,873 step 1200  loss 1.3521  skip 0.00  lr 2.93e-04  depth_std 0.6669
2026-08-29 02:50:02,522 step 1250  loss 1.0271  skip 0.00  lr 2.89e-04  depth_std 0.9613
2026-08-29 02:51:41,291 step 1300  loss 1.6719  skip 0.00  lr 2.84e-04  depth_std 0.9637
2026-08-29 02:53:19,965 step 1350  loss 1.0702  skip 0.00  lr 2.78e-04  depth_std 0.7469
2026-08-29 02:54:58,038 step 1400  loss 1.1120  skip 0.00  lr 2.71e-04  depth_std 0.5966
2026-08-29 02:56:36,844 step 1450  loss 1.3709  skip 0.00  lr 2.64e-04  depth_std 1.3388
2026-08-29 02:58:15,647 step 1500  loss 1.6571  skip 0.00  lr 2.56e-04  depth_std 0.8539
2026-08-29 02:59:54,346 step 1550  loss 1.4836  skip 0.00  lr 2.47e-04  depth_std 0.7881
2026-08-29 03:01:32,939 step 1600  loss 1.4361  skip 0.00  lr 2.38e-04  depth_std 0.7307
2026-08-29 03:03:10,962 step 1650  loss 1.3108  skip 0.00  lr 2.28e-04  depth_std 1.0109
2026-08-29 03:04:49,514 step 1700  loss 1.1653  skip 0.00  lr 2.18e-04  depth_std 1.7624
2026-08-29 03:06:27,775 step 1750  loss 0.9102  skip 0.00  lr 2.07e-04  depth_std 0.9250
2026-08-29 03:08:06,457 step 1800  loss 0.8128  skip 0.00  lr 1.96e-04  depth_std 1.2752
2026-08-29 03:09:44,503 step 1850  loss 0.8668  skip 0.00  lr 1.85e-04  depth_std 1.5125
2026-08-29 03:11:23,206 step 1900  loss 0.6632  skip 0.00  lr 1.73e-04  depth_std 1.3253
2026-08-29 03:13:01,869 step 1950  loss 0.8584  skip 0.00  lr 1.62e-04  depth_std 0.7138
2026-08-29 03:14:40,648 step 2000  loss 0.9811  skip 0.00  lr 1.50e-04  depth_std 1.1553
2026-08-29 03:16:18,940 step 2050  loss 0.7996  skip 0.00  lr 1.38e-04  depth_std 0.6527
2026-08-29 03:17:57,043 step 2100  loss 0.7642  skip 0.00  lr 1.27e-04  depth_std 1.8619
2026-08-29 03:19:35,522 step 2150  loss 0.8309  skip 0.00  lr 1.15e-04  depth_std 1.2168
2026-08-29 03:21:14,089 step 2200  loss 0.8277  skip 0.00  lr 1.04e-04  depth_std 1.3593
2026-08-29 03:22:53,052 step 2250  loss 0.7296  skip 0.00  lr 9.26e-05  depth_std 0.7929
2026-08-29 03:24:31,069 step 2300  loss 0.7434  skip 0.00  lr 8.19e-05  depth_std 1.3712
2026-08-29 03:26:09,810 step 2350  loss 0.6923  skip 0.00  lr 7.16e-05  depth_std 1.3538
2026-08-29 03:27:48,559 step 2400  loss 0.7330  skip 0.00  lr 6.18e-05  depth_std 1.3627
2026-08-29 03:29:27,157 step 2450  loss 0.7164  skip 0.00  lr 5.26e-05  depth_std 1.3194
2026-08-29 03:31:05,458 step 2500  loss 0.5971  skip 0.00  lr 4.39e-05  depth_std 0.8807
2026-08-29 03:32:43,515 step 2550  loss 0.6725  skip 0.00  lr 3.59e-05  depth_std 1.4377
2026-08-29 03:34:22,130 step 2600  loss 0.5834  skip 0.00  lr 2.86e-05  depth_std 1.4056
2026-08-29 03:36:00,805 step 2650  loss 0.5530  skip 0.00  lr 2.21e-05  depth_std 1.4224
2026-08-29 03:37:39,320 step 2700  loss 0.6309  skip 0.00  lr 1.63e-05  depth_std 0.9546
2026-08-29 03:39:17,403 step 2750  loss 0.5758  skip 0.00  lr 1.14e-05  depth_std 1.3164
2026-08-29 03:40:55,987 step 2800  loss 0.6144  skip 0.00  lr 7.34e-06  depth_std 1.3808
2026-08-29 03:42:34,915 step 2850  loss 0.5350  skip 0.00  lr 4.14e-06  depth_std 0.7612
2026-08-29 03:44:13,456 step 2900  loss 0.5299  skip 0.00  lr 1.85e-06  depth_std 0.8685
2026-08-29 03:45:52,305 step 2950  loss 0.5269  skip 0.00  lr 4.62e-07  depth_std 0.7503
2026-08-29 03:47:28,493 saved -> work_dirs/probe-m0-s0/latest.pt
