2026-07-30 20:33:36,434 work dir: work_dirs/t1-bin128  seed 0  commit 684cb7b7
2026-07-30 20:33:36,915 partial init from work_dirs/main_v8/latest.pt: 4 new tensors kept at init, 0 checkpoint tensors unused
2026-07-30 20:33:37,750 mixed dataset: 208720 clips from 5 sources (size 256)
2026-07-30 20:33:39,765 step    0  loss 4.7083  skip 0.00  lr 3.00e-07  depth_std 11.6727
2026-07-30 20:34:26,791 step   50  loss 4.6403  skip 0.01  lr 1.53e-05  depth_std 4.5820
2026-07-30 20:35:18,165 step  100  loss 3.6463  skip 0.01  lr 3.03e-05  depth_std 8.6769
2026-07-30 20:36:10,058 step  150  loss 2.8035  skip 0.02  lr 4.53e-05  depth_std 23.7234
2026-07-30 20:37:01,657 step  200  loss 2.9425  skip 0.03  lr 6.03e-05  depth_std 18.0546
2026-07-30 20:37:53,318 step  250  loss 2.4055  skip 0.03  lr 7.53e-05  depth_std 30.5344
2026-07-30 20:38:45,004 step  300  loss 1.5645  skip 0.04  lr 9.03e-05  depth_std 21.1867
2026-07-30 20:39:36,566 step  350  loss 1.8691  skip 0.04  lr 1.05e-04  depth_std 4.1938
2026-07-30 20:40:27,994 step  400  loss 1.3546  skip 0.05  lr 1.20e-04  depth_std 22.1723
2026-07-30 20:41:18,980 step  450  loss 1.4921  skip 0.06  lr 1.35e-04  depth_std 6.3378
2026-07-30 20:42:09,588 step  500  loss 1.1936  skip 0.06  lr 1.50e-04  depth_std 14.6730
2026-07-30 20:42:59,837 step  550  loss 0.8244  skip 0.07  lr 1.65e-04  depth_std 2.1426
2026-07-30 20:43:49,757 step  600  loss 1.4991  skip 0.07  lr 1.80e-04  depth_std 18.9285
2026-07-30 20:44:39,306 step  650  loss 0.7804  skip 0.08  lr 1.95e-04  depth_std 16.6867
2026-07-30 20:45:28,807 step  700  loss 1.2382  skip 0.09  lr 2.10e-04  depth_std 27.9808
2026-07-30 20:46:18,132 step  750  loss 1.9754  skip 0.09  lr 2.25e-04  depth_std 2.6588
2026-07-30 20:47:07,235 step  800  loss 1.4585  skip 0.10  lr 2.40e-04  depth_std 22.7367
2026-07-30 20:47:56,142 step  850  loss 1.3176  skip 0.11  lr 2.55e-04  depth_std 3.7947
2026-07-30 20:48:44,866 step  900  loss 0.6331  skip 0.11  lr 2.70e-04  depth_std 5.8724
2026-07-30 20:49:33,123 step  950  loss 0.5620  skip 0.12  lr 2.85e-04  depth_std 1.4209
2026-07-30 20:50:21,181 step 1000  loss 0.8186  skip 0.12  lr 3.00e-04  depth_std 13.9780
2026-07-30 20:51:09,021 step 1050  loss 1.0758  skip 0.13  lr 3.00e-04  depth_std 7.9428
2026-07-30 20:51:56,592 step 1100  loss 1.2077  skip 0.14  lr 3.00e-04  depth_std 1.6120
2026-07-30 20:52:43,775 step 1150  loss 3.8928  skip 0.14  lr 3.00e-04  depth_std 28.2176
2026-07-30 20:53:30,834 step 1200  loss 0.8281  skip 0.15  lr 2.99e-04  depth_std 5.7673
2026-07-30 20:54:17,755 step 1250  loss 1.8972  skip 0.16  lr 2.99e-04  depth_std 10.2866
2026-07-30 20:55:04,499 step 1300  loss 0.9168  skip 0.16  lr 2.99e-04  depth_std 1.4321
2026-07-30 20:55:50,960 step 1350  loss 5.3469  skip 0.17  lr 2.98e-04  depth_std 12.7467
2026-07-30 20:56:37,115 step 1400  loss 0.6221  skip 0.17  lr 2.98e-04  depth_std 3.4212
2026-07-30 20:57:23,063 step 1450  loss 1.4982  skip 0.18  lr 2.97e-04  depth_std 22.5869
2026-07-30 20:58:08,769 step 1500  loss 1.7421  skip 0.19  lr 2.96e-04  depth_std 26.1810
2026-07-30 20:58:54,166 step 1550  loss 0.7622  skip 0.19  lr 2.95e-04  depth_std 14.7517
2026-07-30 20:59:39,241 step 1600  loss 1.2770  skip 0.20  lr 2.95e-04  depth_std 6.1105
2026-07-30 21:00:24,244 step 1650  loss 1.2649  skip 0.21  lr 2.94e-04  depth_std 4.1372
2026-07-30 21:01:08,982 step 1700  loss 1.5170  skip 0.21  lr 2.93e-04  depth_std 13.3421
2026-07-30 21:01:53,461 step 1750  loss 1.3422  skip 0.22  lr 2.92e-04  depth_std 15.0844
2026-07-30 21:02:37,725 step 1800  loss 2.5899  skip 0.23  lr 2.90e-04  depth_std 13.5402
2026-07-30 21:03:21,874 step 1850  loss 1.2369  skip 0.23  lr 2.89e-04  depth_std 10.1782
2026-07-30 21:04:05,675 step 1900  loss 1.4614  skip 0.24  lr 2.88e-04  depth_std 28.2892
2026-07-30 21:04:49,063 step 1950  loss 0.6250  skip 0.24  lr 2.87e-04  depth_std 1.6288
2026-07-30 21:05:32,421 step 2000  loss 3.2685  skip 0.25  lr 2.85e-04  depth_std 21.1782
2026-07-30 21:06:15,533 step 2050  loss 0.6128  skip 0.26  lr 2.84e-04  depth_std 7.3640
2026-07-30 21:06:58,213 step 2100  loss 0.7347  skip 0.26  lr 2.82e-04  depth_std 1.2085
2026-07-30 21:07:40,706 step 2150  loss 1.9009  skip 0.27  lr 2.80e-04  depth_std 21.1543
2026-07-30 21:08:22,962 step 2200  loss 0.9517  skip 0.28  lr 2.79e-04  depth_std 5.9620
2026-07-30 21:09:05,097 step 2250  loss 0.7311  skip 0.28  lr 2.77e-04  depth_std 1.7662
2026-07-30 21:09:46,916 step 2300  loss 0.5855  skip 0.29  lr 2.75e-04  depth_std 0.6521
2026-07-30 21:10:28,287 step 2350  loss 1.3688  skip 0.29  lr 2.73e-04  depth_std 31.9909
2026-07-30 21:11:09,512 step 2400  loss 2.0027  skip 0.30  lr 2.71e-04  depth_std 26.5244
2026-07-30 21:11:50,435 step 2450  loss 0.8136  skip 0.31  lr 2.69e-04  depth_std 4.6406
2026-07-30 21:12:31,233 step 2500  loss 4.6718  skip 0.31  lr 2.67e-04  depth_std 26.4592
2026-07-30 21:13:11,697 step 2550  loss 0.8182  skip 0.32  lr 2.65e-04  depth_std 7.5349
2026-07-30 21:13:52,089 step 2600  loss 3.1997  skip 0.33  lr 2.63e-04  depth_std 13.4282
2026-07-30 21:14:32,062 step 2650  loss 2.8307  skip 0.33  lr 2.61e-04  depth_std 36.4476
2026-07-30 21:15:11,970 step 2700  loss 0.9662  skip 0.34  lr 2.58e-04  depth_std 10.5584
2026-07-30 21:15:51,496 step 2750  loss 0.7611  skip 0.34  lr 2.56e-04  depth_std 3.5550
2026-07-30 21:16:30,762 step 2800  loss 0.6882  skip 0.35  lr 2.54e-04  depth_std 1.4717
2026-07-30 21:17:09,872 step 2850  loss 1.1101  skip 0.36  lr 2.51e-04  depth_std 0.9465
2026-07-30 21:17:48,687 step 2900  loss 2.4438  skip 0.36  lr 2.49e-04  depth_std 10.3302
2026-07-30 21:18:27,462 step 2950  loss 1.5456  skip 0.37  lr 2.46e-04  depth_std 27.9080
2026-07-30 21:19:06,011 step 3000  loss 3.4296  skip 0.38  lr 2.44e-04  depth_std 11.7843
2026-07-30 21:19:44,200 step 3050  loss 1.0240  skip 0.38  lr 2.41e-04  depth_std 10.8708
2026-07-30 21:20:22,125 step 3100  loss 1.2076  skip 0.39  lr 2.38e-04  depth_std 8.9443
2026-07-30 21:20:59,635 step 3150  loss 1.0904  skip 0.39  lr 2.35e-04  depth_std 1.7464
2026-07-30 21:21:37,156 step 3200  loss 3.7452  skip 0.40  lr 2.33e-04  depth_std 31.9794
2026-07-30 21:22:14,353 step 3250  loss 2.0082  skip 0.41  lr 2.30e-04  depth_std 16.4422
2026-07-30 21:22:51,219 step 3300  loss 1.6959  skip 0.41  lr 2.27e-04  depth_std 11.5408
2026-07-30 21:23:27,772 step 3350  loss 0.6961  skip 0.42  lr 2.24e-04  depth_std 1.0938
2026-07-30 21:24:04,194 step 3400  loss 0.8278  skip 0.42  lr 2.21e-04  depth_std 6.5628
2026-07-30 21:24:40,417 step 3450  loss 1.3324  skip 0.43  lr 2.18e-04  depth_std 27.8841
2026-07-30 21:25:16,381 step 3500  loss 5.8128  skip 0.44  lr 2.15e-04  depth_std 8.2001
2026-07-30 21:25:51,893 step 3550  loss 0.8735  skip 0.44  lr 2.12e-04  depth_std 7.7619
2026-07-30 21:26:27,263 step 3600  loss 1.3387  skip 0.45  lr 2.09e-04  depth_std 29.1335
2026-07-30 21:27:02,306 step 3650  loss 4.9484  skip 0.46  lr 2.06e-04  depth_std 16.7085
2026-07-30 21:27:37,069 step 3700  loss 0.8805  skip 0.46  lr 2.03e-04  depth_std 4.7772
2026-07-30 21:28:11,823 step 3750  loss 2.0052  skip 0.47  lr 2.00e-04  depth_std 23.0494
2026-07-30 21:28:46,278 step 3800  loss 1.5251  skip 0.47  lr 1.96e-04  depth_std 33.3161
2026-07-30 21:29:20,414 step 3850  loss 0.9806  skip 0.48  lr 1.93e-04  depth_std 26.1633
2026-07-30 21:29:54,328 step 3900  loss 1.1782  skip 0.49  lr 1.90e-04  depth_std 9.7841
2026-07-30 21:30:27,994 step 3950  loss 1.8076  skip 0.49  lr 1.87e-04  depth_std 29.1427
2026-07-30 21:31:01,535 step 4000  loss 3.0346  skip 0.50  lr 1.83e-04  depth_std 13.1133
2026-07-30 21:31:34,950 step 4050  loss 0.8279  skip 0.50  lr 1.80e-04  depth_std 4.4272
2026-07-30 21:32:08,181 step 4100  loss 1.7414  skip 0.50  lr 1.77e-04  depth_std 18.5793
2026-07-30 21:32:41,492 step 4150  loss 0.6553  skip 0.50  lr 1.73e-04  depth_std 13.6099
2026-07-30 21:33:14,942 step 4200  loss 8.3157  skip 0.50  lr 1.70e-04  depth_std 12.5654
2026-07-30 21:33:48,268 step 4250  loss 1.3050  skip 0.50  lr 1.67e-04  depth_std 12.5432
2026-07-30 21:34:21,622 step 4300  loss 0.7212  skip 0.50  lr 1.63e-04  depth_std 32.2113
2026-07-30 21:34:54,998 step 4350  loss 1.0207  skip 0.50  lr 1.60e-04  depth_std 9.7065
2026-07-30 21:35:28,426 step 4400  loss 1.0459  skip 0.50  lr 1.57e-04  depth_std 17.1110
2026-07-30 21:36:01,796 step 4450  loss 1.8660  skip 0.50  lr 1.53e-04  depth_std 15.5186
2026-07-30 21:36:35,326 step 4500  loss 0.6878  skip 0.50  lr 1.50e-04  depth_std 11.3014
2026-07-30 21:37:08,674 step 4550  loss 1.3390  skip 0.50  lr 1.47e-04  depth_std 14.2443
2026-07-30 21:37:42,128 step 4600  loss 1.8671  skip 0.50  lr 1.43e-04  depth_std 24.9235
2026-07-30 21:38:15,563 step 4650  loss 1.1105  skip 0.50  lr 1.40e-04  depth_std 4.8258
2026-07-30 21:38:49,005 step 4700  loss 0.8919  skip 0.50  lr 1.37e-04  depth_std 14.8090
2026-07-30 21:39:22,353 step 4750  loss 2.0113  skip 0.50  lr 1.33e-04  depth_std 32.6051
2026-07-30 21:39:55,672 step 4800  loss 0.9134  skip 0.50  lr 1.30e-04  depth_std 1.1469
2026-07-30 21:40:29,059 step 4850  loss 1.6667  skip 0.50  lr 1.27e-04  depth_std 29.1466
2026-07-30 21:41:02,371 step 4900  loss 0.9222  skip 0.50  lr 1.23e-04  depth_std 1.6303
2026-07-30 21:41:35,815 step 4950  loss 0.6238  skip 0.50  lr 1.20e-04  depth_std 2.6584
2026-07-30 21:42:09,136 step 5000  loss 0.8738  skip 0.50  lr 1.17e-04  depth_std 14.7909
2026-07-30 21:42:42,464 step 5050  loss 1.0474  skip 0.50  lr 1.13e-04  depth_std 5.7464
2026-07-30 21:43:15,867 step 5100  loss 0.5654  skip 0.50  lr 1.10e-04  depth_std 1.4103
2026-07-30 21:43:49,180 step 5150  loss 0.6438  skip 0.50  lr 1.07e-04  depth_std 2.9219
2026-07-30 21:44:22,513 step 5200  loss 0.4614  skip 0.50  lr 1.04e-04  depth_std 1.4390
2026-07-30 21:44:55,778 step 5250  loss 1.4049  skip 0.50  lr 1.00e-04  depth_std 12.8953
2026-07-30 21:45:29,100 step 5300  loss 1.1135  skip 0.50  lr 9.73e-05  depth_std 1.9085
2026-07-30 21:46:02,552 step 5350  loss 1.7409  skip 0.50  lr 9.42e-05  depth_std 4.7759
2026-07-30 21:46:35,771 step 5400  loss 0.4190  skip 0.50  lr 9.10e-05  depth_std 1.6284
2026-07-30 21:47:09,093 step 5450  loss 0.8175  skip 0.50  lr 8.80e-05  depth_std 4.3580
2026-07-30 21:47:42,634 step 5500  loss 1.0387  skip 0.50  lr 8.49e-05  depth_std 14.8268
2026-07-30 21:48:15,862 step 5550  loss 1.5124  skip 0.50  lr 8.19e-05  depth_std 5.9225
2026-07-30 21:48:49,121 step 5600  loss 0.5976  skip 0.50  lr 7.89e-05  depth_std 3.4636
2026-07-30 21:49:22,553 step 5650  loss 1.2649  skip 0.50  lr 7.60e-05  depth_std 29.6612
2026-07-30 21:49:55,923 step 5700  loss 0.8949  skip 0.50  lr 7.31e-05  depth_std 6.0083
2026-07-30 21:50:29,364 step 5750  loss 0.4700  skip 0.50  lr 7.02e-05  depth_std 3.2064
2026-07-30 21:51:02,736 step 5800  loss 1.5184  skip 0.50  lr 6.74e-05  depth_std 24.2228
2026-07-30 21:51:36,125 step 5850  loss 2.6372  skip 0.50  lr 6.46e-05  depth_std 39.2064
2026-07-30 21:52:09,515 step 5900  loss 1.0457  skip 0.50  lr 6.18e-05  depth_std 6.5506
2026-07-30 21:52:42,884 step 5950  loss 0.9680  skip 0.50  lr 5.91e-05  depth_std 9.6348
2026-07-30 21:53:16,335 step 6000  loss 1.1325  skip 0.50  lr 5.65e-05  depth_std 18.8794
2026-07-30 21:53:49,729 step 6050  loss 1.1898  skip 0.50  lr 5.39e-05  depth_std 20.7312
2026-07-30 21:54:23,125 step 6100  loss 1.2129  skip 0.50  lr 5.13e-05  depth_std 2.5959
2026-07-30 21:54:56,542 step 6150  loss 0.7050  skip 0.50  lr 4.88e-05  depth_std 1.7118
2026-07-30 21:55:29,842 step 6200  loss 0.5277  skip 0.50  lr 4.63e-05  depth_std 5.6528
2026-07-30 21:56:03,206 step 6250  loss 1.1121  skip 0.50  lr 4.39e-05  depth_std 2.5879
2026-07-30 21:56:36,444 step 6300  loss 0.8354  skip 0.50  lr 4.16e-05  depth_std 3.2216
2026-07-30 21:57:09,833 step 6350  loss 0.5987  skip 0.50  lr 3.93e-05  depth_std 7.0612
2026-07-30 21:57:43,218 step 6400  loss 1.2296  skip 0.50  lr 3.70e-05  depth_std 30.6911
2026-07-30 21:58:16,478 step 6450  loss 3.0470  skip 0.50  lr 3.49e-05  depth_std 10.5577
2026-07-30 21:58:49,912 step 6500  loss 0.6764  skip 0.50  lr 3.27e-05  depth_std 1.8066
2026-07-30 21:59:23,078 step 6550  loss 1.7547  skip 0.50  lr 3.07e-05  depth_std 29.3156
2026-07-30 21:59:56,316 step 6600  loss 1.2913  skip 0.50  lr 2.86e-05  depth_std 10.5146
2026-07-30 22:00:29,531 step 6650  loss 0.6966  skip 0.50  lr 2.67e-05  depth_std 0.6319
2026-07-30 22:01:02,799 step 6700  loss 0.3347  skip 0.50  lr 2.48e-05  depth_std 1.7106
2026-07-30 22:01:36,153 step 6750  loss 1.2072  skip 0.50  lr 2.30e-05  depth_std 26.8813
2026-07-30 22:02:09,599 step 6800  loss 1.8602  skip 0.50  lr 2.12e-05  depth_std 24.2242
2026-07-30 22:02:42,899 step 6850  loss 0.8453  skip 0.50  lr 1.95e-05  depth_std 4.5625
2026-07-30 22:03:16,163 step 6900  loss 0.7113  skip 0.50  lr 1.79e-05  depth_std 13.9700
2026-07-30 22:03:49,566 step 6950  loss 0.6132  skip 0.50  lr 1.63e-05  depth_std 1.7559
2026-07-30 22:04:22,865 step 7000  loss 0.8032  skip 0.50  lr 1.49e-05  depth_std 4.2919
2026-07-30 22:04:56,276 step 7050  loss 1.3061  skip 0.50  lr 1.34e-05  depth_std 2.3718
2026-07-30 22:05:29,643 step 7100  loss 0.9182  skip 0.50  lr 1.21e-05  depth_std 9.5905
2026-07-30 22:06:03,068 step 7150  loss 1.8265  skip 0.50  lr 1.08e-05  depth_std 3.3866
2026-07-30 22:06:36,470 step 7200  loss 0.7718  skip 0.50  lr 9.56e-06  depth_std 3.6550
2026-07-30 22:07:09,848 step 7250  loss 0.4193  skip 0.50  lr 8.42e-06  depth_std 3.2617
2026-07-30 22:07:43,298 step 7300  loss 3.2058  skip 0.50  lr 7.34e-06  depth_std 10.9647
2026-07-30 22:08:16,713 step 7350  loss 1.2695  skip 0.50  lr 6.34e-06  depth_std 8.6467
2026-07-30 22:08:50,165 step 7400  loss 1.2924  skip 0.50  lr 5.41e-06  depth_std 27.9601
2026-07-30 22:09:23,542 step 7450  loss 0.5579  skip 0.50  lr 4.55e-06  depth_std 2.0009
2026-07-30 22:09:56,907 step 7500  loss 1.3065  skip 0.50  lr 3.76e-06  depth_std 30.2739
2026-07-30 22:10:30,475 step 7550  loss 2.5129  skip 0.50  lr 3.05e-06  depth_std 15.2281
2026-07-30 22:11:03,775 step 7600  loss 0.6805  skip 0.50  lr 2.41e-06  depth_std 1.0075
2026-07-30 22:11:37,086 step 7650  loss 1.0192  skip 0.50  lr 1.85e-06  depth_std 10.7462
2026-07-30 22:12:10,554 step 7700  loss 0.7031  skip 0.50  lr 1.36e-06  depth_std 9.7067
2026-07-30 22:12:43,919 step 7750  loss 3.5463  skip 0.50  lr 9.43e-07  depth_std 32.9229
2026-07-30 22:13:17,259 step 7800  loss 0.6589  skip 0.50  lr 6.04e-07  depth_std 1.8867
2026-07-30 22:13:50,602 step 7850  loss 1.5809  skip 0.50  lr 3.40e-07  depth_std 28.2682
2026-07-30 22:14:23,961 step 7900  loss 0.4200  skip 0.50  lr 1.51e-07  depth_std 1.8535
2026-07-30 22:14:57,366 step 7950  loss 1.0197  skip 0.50  lr 3.78e-08  depth_std 27.1998
2026-07-30 22:15:30,388 saved -> work_dirs/t1-bin128/latest.pt
