2026-07-31 01:50:40,875 work dir: work_dirs/t1-edge0.5  seed 0  commit 684cb7b7
2026-07-31 01:50:41,330 partial init from work_dirs/main_v8/latest.pt: 1 new tensors kept at init, 0 checkpoint tensors unused
2026-07-31 01:50:42,156 mixed dataset: 208720 clips from 5 sources (size 256)
2026-07-31 01:50:44,128 step    0  loss 2.7099  skip 0.00  lr 3.00e-07  depth_std 25.3118
2026-07-31 01:51:30,867 step   50  loss 1.7557  skip 0.01  lr 1.53e-05  depth_std 6.3970
2026-07-31 01:52:21,991 step  100  loss 2.4238  skip 0.01  lr 3.03e-05  depth_std 10.8714
2026-07-31 01:53:13,353 step  150  loss 1.0858  skip 0.02  lr 4.53e-05  depth_std 18.2640
2026-07-31 01:54:04,808 step  200  loss 1.2172  skip 0.03  lr 6.03e-05  depth_std 15.8788
2026-07-31 01:54:56,288 step  250  loss 1.7707  skip 0.03  lr 7.53e-05  depth_std 15.1395
2026-07-31 01:55:47,729 step  300  loss 2.4685  skip 0.04  lr 9.03e-05  depth_std 20.5794
2026-07-31 01:56:39,167 step  350  loss 0.6150  skip 0.04  lr 1.05e-04  depth_std 2.4126
2026-07-31 01:57:30,311 step  400  loss 2.3561  skip 0.05  lr 1.20e-04  depth_std 26.0943
2026-07-31 01:58:21,182 step  450  loss 0.6237  skip 0.06  lr 1.35e-04  depth_std 0.5299
2026-07-31 01:59:11,681 step  500  loss 1.3477  skip 0.06  lr 1.50e-04  depth_std 23.3326
2026-07-31 02:00:01,810 step  550  loss 2.1045  skip 0.07  lr 1.65e-04  depth_std 11.6062
2026-07-31 02:00:51,550 step  600  loss 1.1547  skip 0.07  lr 1.80e-04  depth_std 1.7889
2026-07-31 02:01:41,098 step  650  loss 1.2696  skip 0.08  lr 1.95e-04  depth_std 6.6575
2026-07-31 02:02:30,458 step  700  loss 1.9895  skip 0.09  lr 2.10e-04  depth_std 28.8265
2026-07-31 02:03:19,598 step  750  loss 1.0333  skip 0.09  lr 2.25e-04  depth_std 25.9779
2026-07-31 02:04:08,690 step  800  loss 1.4118  skip 0.10  lr 2.40e-04  depth_std 2.2763
2026-07-31 02:04:57,461 step  850  loss 1.0924  skip 0.11  lr 2.55e-04  depth_std 0.7195
2026-07-31 02:05:46,073 step  900  loss 1.4006  skip 0.11  lr 2.70e-04  depth_std 20.5168
2026-07-31 02:06:34,395 step  950  loss 1.1486  skip 0.12  lr 2.85e-04  depth_std 3.0955
2026-07-31 02:07:22,408 step 1000  loss 2.3682  skip 0.12  lr 3.00e-04  depth_std 26.9206
2026-07-31 02:08:09,910 step 1050  loss 1.0239  skip 0.13  lr 3.00e-04  depth_std 2.1910
2026-07-31 02:08:57,164 step 1100  loss 1.6325  skip 0.14  lr 3.00e-04  depth_std 29.3277
2026-07-31 02:09:44,141 step 1150  loss 1.2883  skip 0.14  lr 3.00e-04  depth_std 24.6674
2026-07-31 02:10:30,957 step 1200  loss 2.2006  skip 0.15  lr 2.99e-04  depth_std 32.7687
2026-07-31 02:11:17,649 step 1250  loss 1.8120  skip 0.16  lr 2.99e-04  depth_std 6.6221
2026-07-31 02:12:04,076 step 1300  loss 1.2460  skip 0.16  lr 2.99e-04  depth_std 2.9538
2026-07-31 02:12:50,250 step 1350  loss 0.8671  skip 0.17  lr 2.98e-04  depth_std 1.4484
2026-07-31 02:13:36,148 step 1400  loss 2.0699  skip 0.17  lr 2.98e-04  depth_std 27.2907
2026-07-31 02:14:21,976 step 1450  loss 1.4360  skip 0.18  lr 2.97e-04  depth_std 15.7486
2026-07-31 02:15:07,438 step 1500  loss 1.3944  skip 0.19  lr 2.96e-04  depth_std 33.1969
2026-07-31 02:15:52,610 step 1550  loss 1.6536  skip 0.19  lr 2.95e-04  depth_std 6.4575
2026-07-31 02:16:37,385 step 1600  loss 1.2522  skip 0.20  lr 2.95e-04  depth_std 8.3054
2026-07-31 02:17:22,075 step 1650  loss 2.5551  skip 0.21  lr 2.94e-04  depth_std 10.0780
2026-07-31 02:18:06,606 step 1700  loss 0.9387  skip 0.21  lr 2.93e-04  depth_std 4.6417
2026-07-31 02:18:50,878 step 1750  loss 1.7552  skip 0.22  lr 2.92e-04  depth_std 3.5036
2026-07-31 02:19:34,798 step 1800  loss 2.2060  skip 0.23  lr 2.90e-04  depth_std 21.6338
2026-07-31 02:20:18,622 step 1850  loss 1.2975  skip 0.23  lr 2.89e-04  depth_std 10.0551
2026-07-31 02:21:02,072 step 1900  loss 3.9857  skip 0.24  lr 2.88e-04  depth_std 15.7310
2026-07-31 02:21:45,266 step 1950  loss 3.0154  skip 0.24  lr 2.87e-04  depth_std 42.9421
2026-07-31 02:22:28,441 step 2000  loss 1.3917  skip 0.25  lr 2.85e-04  depth_std 18.0839
2026-07-31 02:23:11,281 step 2050  loss 2.3936  skip 0.26  lr 2.84e-04  depth_std 5.0722
2026-07-31 02:23:53,743 step 2100  loss 2.6623  skip 0.26  lr 2.82e-04  depth_std 35.0210
2026-07-31 02:24:36,000 step 2150  loss 1.4324  skip 0.27  lr 2.80e-04  depth_std 2.3172
2026-07-31 02:25:17,988 step 2200  loss 1.6937  skip 0.28  lr 2.79e-04  depth_std 8.8088
2026-07-31 02:25:59,853 step 2250  loss 1.3246  skip 0.28  lr 2.77e-04  depth_std 2.4899
2026-07-31 02:26:41,420 step 2300  loss 1.8172  skip 0.29  lr 2.75e-04  depth_std 32.4153
2026-07-31 02:27:22,768 step 2350  loss 2.6694  skip 0.29  lr 2.73e-04  depth_std 5.1737
2026-07-31 02:28:03,725 step 2400  loss 1.0141  skip 0.30  lr 2.71e-04  depth_std 1.6041
2026-07-31 02:28:44,538 step 2450  loss 0.9323  skip 0.31  lr 2.69e-04  depth_std 1.2337
2026-07-31 02:29:25,155 step 2500  loss 2.0322  skip 0.31  lr 2.67e-04  depth_std 31.8101
2026-07-31 02:30:05,418 step 2550  loss 0.4639  skip 0.32  lr 2.65e-04  depth_std 1.7570
2026-07-31 02:30:45,492 step 2600  loss 0.6933  skip 0.33  lr 2.63e-04  depth_std 1.6815
2026-07-31 02:31:25,411 step 2650  loss 1.3642  skip 0.33  lr 2.61e-04  depth_std 10.8004
2026-07-31 02:32:05,114 step 2700  loss 0.7858  skip 0.34  lr 2.58e-04  depth_std 13.1978
2026-07-31 02:32:44,512 step 2750  loss 1.3557  skip 0.34  lr 2.56e-04  depth_std 28.8196
2026-07-31 02:33:23,606 step 2800  loss 1.1289  skip 0.35  lr 2.54e-04  depth_std 1.1787
2026-07-31 02:34:02,541 step 2850  loss 0.6175  skip 0.36  lr 2.51e-04  depth_std 1.1947
2026-07-31 02:34:41,223 step 2900  loss 1.1674  skip 0.36  lr 2.49e-04  depth_std 4.5549
2026-07-31 02:35:19,672 step 2950  loss 2.2319  skip 0.37  lr 2.46e-04  depth_std 21.8256
2026-07-31 02:35:57,974 step 3000  loss 2.5302  skip 0.38  lr 2.44e-04  depth_std 3.7577
2026-07-31 02:36:35,856 step 3050  loss 1.4885  skip 0.38  lr 2.41e-04  depth_std 36.6950
2026-07-31 02:37:13,670 step 3100  loss 2.0853  skip 0.39  lr 2.38e-04  depth_std 2.0971
2026-07-31 02:37:51,041 step 3150  loss 1.5036  skip 0.39  lr 2.35e-04  depth_std 6.0714
2026-07-31 02:38:28,228 step 3200  loss 1.5716  skip 0.40  lr 2.33e-04  depth_std 13.7332
2026-07-31 02:39:05,211 step 3250  loss 0.5546  skip 0.41  lr 2.30e-04  depth_std 1.5551
2026-07-31 02:39:41,839 step 3300  loss 1.4698  skip 0.41  lr 2.27e-04  depth_std 17.8133
2026-07-31 02:40:18,244 step 3350  loss 0.5351  skip 0.42  lr 2.24e-04  depth_std 1.5247
2026-07-31 02:40:54,500 step 3400  loss 1.1330  skip 0.42  lr 2.21e-04  depth_std 21.9041
2026-07-31 02:41:30,489 step 3450  loss 0.8657  skip 0.43  lr 2.18e-04  depth_std 1.3845
2026-07-31 02:42:06,225 step 3500  loss 1.3613  skip 0.44  lr 2.15e-04  depth_std 32.0969
2026-07-31 02:42:41,632 step 3550  loss 0.4888  skip 0.44  lr 2.12e-04  depth_std 5.6439
2026-07-31 02:43:16,823 step 3600  loss 1.2690  skip 0.45  lr 2.09e-04  depth_std 30.4464
2026-07-31 02:43:51,707 step 3650  loss 1.2551  skip 0.46  lr 2.06e-04  depth_std 18.1591
2026-07-31 02:44:26,357 step 3700  loss 1.0707  skip 0.46  lr 2.03e-04  depth_std 25.7709
2026-07-31 02:45:00,853 step 3750  loss 3.0156  skip 0.47  lr 2.00e-04  depth_std 31.6112
2026-07-31 02:45:35,170 step 3800  loss 1.7080  skip 0.47  lr 1.96e-04  depth_std 9.9543
2026-07-31 02:46:09,149 step 3850  loss 1.0372  skip 0.48  lr 1.93e-04  depth_std 13.7594
2026-07-31 02:46:42,822 step 3900  loss 1.3023  skip 0.49  lr 1.90e-04  depth_std 15.2913
2026-07-31 02:47:16,262 step 3950  loss 1.1167  skip 0.49  lr 1.87e-04  depth_std 17.8931
2026-07-31 02:47:49,574 step 4000  loss 0.7703  skip 0.50  lr 1.83e-04  depth_std 1.7647
2026-07-31 02:48:22,653 step 4050  loss 1.4652  skip 0.50  lr 1.80e-04  depth_std 21.6724
2026-07-31 02:48:55,591 step 4100  loss 1.4544  skip 0.50  lr 1.77e-04  depth_std 3.6917
2026-07-31 02:49:28,760 step 4150  loss 1.5334  skip 0.50  lr 1.73e-04  depth_std 38.4704
2026-07-31 02:50:01,990 step 4200  loss 1.1337  skip 0.50  lr 1.70e-04  depth_std 14.3310
2026-07-31 02:50:35,098 step 4250  loss 1.0487  skip 0.50  lr 1.67e-04  depth_std 13.4621
2026-07-31 02:51:08,264 step 4300  loss 0.6645  skip 0.50  lr 1.63e-04  depth_std 5.0905
2026-07-31 02:51:41,401 step 4350  loss 0.8900  skip 0.50  lr 1.60e-04  depth_std 17.2696
2026-07-31 02:52:14,606 step 4400  loss 0.9488  skip 0.50  lr 1.57e-04  depth_std 4.3094
2026-07-31 02:52:47,659 step 4450  loss 1.2613  skip 0.50  lr 1.53e-04  depth_std 2.8274
2026-07-31 02:53:21,001 step 4500  loss 1.5443  skip 0.50  lr 1.50e-04  depth_std 14.5825
2026-07-31 02:53:54,151 step 4550  loss 1.3641  skip 0.50  lr 1.47e-04  depth_std 18.3099
2026-07-31 02:54:27,369 step 4600  loss 0.5493  skip 0.50  lr 1.43e-04  depth_std 0.5640
2026-07-31 02:55:00,624 step 4650  loss 1.9705  skip 0.50  lr 1.40e-04  depth_std 5.0691
2026-07-31 02:55:33,886 step 4700  loss 1.1288  skip 0.50  lr 1.37e-04  depth_std 30.5232
2026-07-31 02:56:06,946 step 4750  loss 1.3555  skip 0.50  lr 1.33e-04  depth_std 5.7994
2026-07-31 02:56:40,001 step 4800  loss 0.9186  skip 0.50  lr 1.30e-04  depth_std 9.2003
2026-07-31 02:57:13,104 step 4850  loss 1.3373  skip 0.50  lr 1.27e-04  depth_std 29.5741
2026-07-31 02:57:46,204 step 4900  loss 0.4849  skip 0.50  lr 1.23e-04  depth_std 1.7176
2026-07-31 02:58:19,357 step 4950  loss 1.0062  skip 0.50  lr 1.20e-04  depth_std 24.1954
2026-07-31 02:58:52,513 step 5000  loss 2.6248  skip 0.50  lr 1.17e-04  depth_std 4.6717
2026-07-31 02:59:25,497 step 5050  loss 1.5977  skip 0.50  lr 1.13e-04  depth_std 7.8206
2026-07-31 02:59:58,649 step 5100  loss 1.2926  skip 0.50  lr 1.10e-04  depth_std 11.2942
2026-07-31 03:00:31,715 step 5150  loss 0.9136  skip 0.50  lr 1.07e-04  depth_std 4.9838
2026-07-31 03:01:04,871 step 5200  loss 1.5759  skip 0.50  lr 1.04e-04  depth_std 21.3986
2026-07-31 03:01:37,936 step 5250  loss 0.7170  skip 0.50  lr 1.00e-04  depth_std 4.4839
2026-07-31 03:02:11,033 step 5300  loss 1.8355  skip 0.50  lr 9.73e-05  depth_std 38.7902
2026-07-31 03:02:44,230 step 5350  loss 1.1048  skip 0.50  lr 9.42e-05  depth_std 28.1326
2026-07-31 03:03:17,377 step 5400  loss 0.9780  skip 0.50  lr 9.10e-05  depth_std 12.4747
2026-07-31 03:03:50,555 step 5450  loss 0.7670  skip 0.50  lr 8.80e-05  depth_std 1.3472
2026-07-31 03:04:23,816 step 5500  loss 0.9204  skip 0.50  lr 8.49e-05  depth_std 2.6921
2026-07-31 03:04:56,852 step 5550  loss 1.6685  skip 0.50  lr 8.19e-05  depth_std 9.2434
2026-07-31 03:05:29,995 step 5600  loss 0.5644  skip 0.50  lr 7.89e-05  depth_std 3.4178
2026-07-31 03:06:03,200 step 5650  loss 1.0860  skip 0.50  lr 7.60e-05  depth_std 14.8261
2026-07-31 03:06:36,302 step 5700  loss 0.8137  skip 0.50  lr 7.31e-05  depth_std 1.7370
2026-07-31 03:07:09,499 step 5750  loss 1.2616  skip 0.50  lr 7.02e-05  depth_std 33.8612
2026-07-31 03:07:42,597 step 5800  loss 1.8366  skip 0.50  lr 6.74e-05  depth_std 32.9909
2026-07-31 03:08:15,784 step 5850  loss 1.7397  skip 0.50  lr 6.46e-05  depth_std 25.4216
2026-07-31 03:08:48,971 step 5900  loss 2.1595  skip 0.50  lr 6.18e-05  depth_std 5.1386
2026-07-31 03:09:22,148 step 5950  loss 0.5248  skip 0.50  lr 5.91e-05  depth_std 1.8242
2026-07-31 03:09:55,347 step 6000  loss 1.0999  skip 0.50  lr 5.65e-05  depth_std 2.4964
2026-07-31 03:10:28,452 step 6050  loss 1.6001  skip 0.50  lr 5.39e-05  depth_std 6.2596
2026-07-31 03:11:01,648 step 6100  loss 0.7243  skip 0.50  lr 5.13e-05  depth_std 1.2798
2026-07-31 03:11:34,777 step 6150  loss 4.2874  skip 0.50  lr 4.88e-05  depth_std 34.6263
2026-07-31 03:12:07,961 step 6200  loss 1.7782  skip 0.50  lr 4.63e-05  depth_std 26.9784
2026-07-31 03:12:41,378 step 6250  loss 2.5444  skip 0.50  lr 4.39e-05  depth_std 6.2174
2026-07-31 03:13:14,557 step 6300  loss 1.0384  skip 0.50  lr 4.16e-05  depth_std 38.1913
2026-07-31 03:13:47,846 step 6350  loss 1.6618  skip 0.50  lr 3.93e-05  depth_std 26.3031
2026-07-31 03:14:21,039 step 6400  loss 4.2801  skip 0.50  lr 3.70e-05  depth_std 36.0401
2026-07-31 03:14:54,243 step 6450  loss 1.9724  skip 0.50  lr 3.49e-05  depth_std 30.3956
2026-07-31 03:15:27,400 step 6500  loss 4.8530  skip 0.50  lr 3.27e-05  depth_std 30.9631
2026-07-31 03:16:00,470 step 6550  loss 0.7039  skip 0.50  lr 3.07e-05  depth_std 8.7463
2026-07-31 03:16:33,524 step 6600  loss 2.1358  skip 0.50  lr 2.86e-05  depth_std 20.0167
2026-07-31 03:17:06,698 step 6650  loss 3.2009  skip 0.50  lr 2.67e-05  depth_std 16.4654
2026-07-31 03:17:39,865 step 6700  loss 1.6036  skip 0.50  lr 2.48e-05  depth_std 7.4780
2026-07-31 03:18:13,031 step 6750  loss 1.0157  skip 0.50  lr 2.30e-05  depth_std 3.5351
2026-07-31 03:18:46,224 step 6800  loss 1.5037  skip 0.50  lr 2.12e-05  depth_std 35.8930
2026-07-31 03:19:19,303 step 6850  loss 1.3613  skip 0.50  lr 1.95e-05  depth_std 29.5498
2026-07-31 03:19:52,380 step 6900  loss 2.0527  skip 0.50  lr 1.79e-05  depth_std 33.9896
2026-07-31 03:20:25,513 step 6950  loss 0.8737  skip 0.50  lr 1.63e-05  depth_std 9.3474
2026-07-31 03:20:58,639 step 7000  loss 1.2092  skip 0.50  lr 1.49e-05  depth_std 33.5148
2026-07-31 03:21:31,800 step 7050  loss 4.4649  skip 0.50  lr 1.34e-05  depth_std 6.2367
2026-07-31 03:22:04,947 step 7100  loss 1.0936  skip 0.50  lr 1.21e-05  depth_std 6.3276
2026-07-31 03:22:38,096 step 7150  loss 1.2028  skip 0.50  lr 1.08e-05  depth_std 12.4556
2026-07-31 03:23:11,230 step 7200  loss 2.1872  skip 0.50  lr 9.56e-06  depth_std 4.4929
2026-07-31 03:23:44,317 step 7250  loss 1.6939  skip 0.50  lr 8.42e-06  depth_std 2.5461
2026-07-31 03:24:17,551 step 7300  loss 1.0948  skip 0.50  lr 7.34e-06  depth_std 7.6199
2026-07-31 03:24:50,649 step 7350  loss 1.6509  skip 0.50  lr 6.34e-06  depth_std 6.5828
2026-07-31 03:25:23,859 step 7400  loss 2.6749  skip 0.50  lr 5.41e-06  depth_std 28.9197
2026-07-31 03:25:56,935 step 7450  loss 2.2633  skip 0.50  lr 4.55e-06  depth_std 16.5545
2026-07-31 03:26:30,107 step 7500  loss 1.1972  skip 0.50  lr 3.76e-06  depth_std 9.2619
2026-07-31 03:27:03,243 step 7550  loss 2.2041  skip 0.50  lr 3.05e-06  depth_std 23.9229
2026-07-31 03:27:36,299 step 7600  loss 0.8924  skip 0.50  lr 2.41e-06  depth_std 8.7296
2026-07-31 03:28:09,337 step 7650  loss 4.2868  skip 0.50  lr 1.85e-06  depth_std 9.7395
2026-07-31 03:28:42,384 step 7700  loss 1.4276  skip 0.50  lr 1.36e-06  depth_std 25.6026
2026-07-31 03:29:15,509 step 7750  loss 0.6743  skip 0.50  lr 9.43e-07  depth_std 2.7797
2026-07-31 03:29:48,710 step 7800  loss 2.8961  skip 0.50  lr 6.04e-07  depth_std 8.4752
2026-07-31 03:30:21,771 step 7850  loss 2.3435  skip 0.50  lr 3.40e-07  depth_std 35.9525
2026-07-31 03:30:54,945 step 7900  loss 1.4927  skip 0.50  lr 1.51e-07  depth_std 30.7194
2026-07-31 03:31:28,102 step 7950  loss 0.6520  skip 0.50  lr 3.78e-08  depth_std 16.5257
2026-07-31 03:32:00,865 saved -> work_dirs/t1-edge0.5/latest.pt
