2026-08-31 11:50:11,030 work dir: work_dirs/qt-stream-s0  commit 1d4d01a6
2026-08-31 11:50:12,525 HTTP Request: HEAD https://huggingface.co/depth-anything/Depth-Anything-V2-Small-hf/resolve/main/config.json "HTTP/1.1 307 Temporary Redirect"
2026-08-31 11:50:12,526 Warning: You are sending unauthenticated requests to the HF Hub. Please set a HF_TOKEN to enable higher rate limits and faster downloads.
2026-08-31 11:50:12,715 HTTP Request: HEAD https://huggingface.co/api/resolve-cache/models/depth-anything/Depth-Anything-V2-Small-hf/5426e4f0f36572d16453bbda7a8389317b1bef99/config.json "HTTP/1.1 200 OK"
2026-08-31 11:50:13,061 trainable 1.207M of 25.99M
2026-08-31 11:50:13,149 mixed dataset: 13197 clips from 2 sources
2026-08-31 11:50:13,799 step      0  loss 1.9118  median 3.33 m
2026-08-31 11:50:18,347 step     50  loss 1.5078  median 3.29 m
2026-08-31 11:50:22,891 step    100  loss 2.2461  median 3.18 m
2026-08-31 11:50:27,432 step    150  loss 0.1056  median 2.49 m
2026-08-31 11:50:31,976 step    200  loss 0.0628  median 2.29 m
2026-08-31 11:50:36,522 step    250  loss 0.0562  median 2.64 m
2026-08-31 11:50:41,065 step    300  loss 0.0393  median 2.45 m
2026-08-31 11:50:45,611 step    350  loss 0.0361  median 2.39 m
2026-08-31 11:50:50,157 step    400  loss 0.0378  median 2.14 m
2026-08-31 11:50:54,704 step    450  loss 0.0936  median 2.01 m
2026-08-31 11:50:59,255 step    500  loss 0.0526  median 2.78 m
2026-08-31 11:51:03,806 step    550  loss 0.0344  median 2.39 m
2026-08-31 11:51:08,360 step    600  loss 0.0515  median 2.92 m
2026-08-31 11:51:12,915 step    650  loss 0.0385  median 2.85 m
2026-08-31 11:51:17,467 step    700  loss 0.0341  median 2.17 m
2026-08-31 11:51:22,040 step    750  loss 0.0571  median 1.76 m
2026-08-31 11:51:26,614 step    800  loss 0.0589  median 2.26 m
2026-08-31 11:51:31,179 step    850  loss 0.0956  median 2.20 m
2026-08-31 11:51:35,740 step    900  loss 0.1492  median 1.72 m
2026-08-31 11:51:40,293 step    950  loss 0.0911  median 2.42 m
2026-08-31 11:51:44,845 step   1000  loss 0.0618  median 2.95 m
2026-08-31 11:51:49,399 step   1050  loss 0.0273  median 2.55 m
2026-08-31 11:51:53,955 step   1100  loss 0.0301  median 1.49 m
2026-08-31 11:51:58,508 step   1150  loss 0.0533  median 2.73 m
2026-08-31 11:52:03,070 step   1200  loss 0.0813  median 1.63 m
2026-08-31 11:52:07,636 step   1250  loss 0.0579  median 2.74 m
2026-08-31 11:52:12,190 step   1300  loss 0.0894  median 2.29 m
2026-08-31 11:52:16,739 step   1350  loss 0.0388  median 2.80 m
2026-08-31 11:52:21,291 step   1400  loss 0.0247  median 2.50 m
2026-08-31 11:52:25,861 step   1450  loss 0.0548  median 1.40 m
2026-08-31 11:52:30,425 step   1500  loss 0.0511  median 2.45 m
2026-08-31 11:52:34,978 step   1550  loss 0.0641  median 2.80 m
2026-08-31 11:52:39,533 step   1600  loss 0.0306  median 2.21 m
2026-08-31 11:52:44,086 step   1650  loss 0.0675  median 3.07 m
2026-08-31 11:52:48,641 step   1700  loss 0.0494  median 2.71 m
2026-08-31 11:52:53,193 step   1750  loss 0.0261  median 2.85 m
2026-08-31 11:52:57,746 step   1800  loss 0.0239  median 2.23 m
2026-08-31 11:53:02,298 step   1850  loss 0.0444  median 2.25 m
2026-08-31 11:53:06,856 step   1900  loss 0.0340  median 2.69 m
2026-08-31 11:53:11,410 step   1950  loss 0.1322  median 1.94 m
2026-08-31 11:53:15,971 step   2000  loss 0.0510  median 3.05 m
2026-08-31 11:53:20,529 step   2050  loss 0.0383  median 2.73 m
2026-08-31 11:53:25,088 step   2100  loss 0.0877  median 2.44 m
2026-08-31 11:53:29,641 step   2150  loss 0.0560  median 3.00 m
2026-08-31 11:53:34,195 step   2200  loss 0.0725  median 3.05 m
2026-08-31 11:53:38,747 step   2250  loss 0.0206  median 2.58 m
2026-08-31 11:53:43,301 step   2300  loss 0.0396  median 1.79 m
2026-08-31 11:53:47,851 step   2350  loss 0.0449  median 2.38 m
2026-08-31 11:53:52,403 step   2400  loss 0.0388  median 2.86 m
2026-08-31 11:53:56,955 step   2450  loss 0.0397  median 1.74 m
2026-08-31 11:54:01,510 step   2500  loss 0.0816  median 2.62 m
2026-08-31 11:54:06,076 step   2550  loss 0.0391  median 2.72 m
2026-08-31 11:54:10,636 step   2600  loss 0.0423  median 2.85 m
2026-08-31 11:54:15,195 step   2650  loss 0.0398  median 3.03 m
2026-08-31 11:54:19,747 step   2700  loss 0.0706  median 3.04 m
2026-08-31 11:54:24,300 step   2750  loss 0.0405  median 2.70 m
2026-08-31 11:54:28,855 step   2800  loss 0.0965  median 3.56 m
2026-08-31 11:54:33,408 step   2850  loss 0.0619  median 2.79 m
2026-08-31 11:54:37,969 step   2900  loss 0.0709  median 1.45 m
2026-08-31 11:54:42,524 step   2950  loss 0.0181  median 1.72 m
2026-08-31 11:54:47,079 step   3000  loss 0.0314  median 2.79 m
2026-08-31 11:54:51,634 step   3050  loss 0.0291  median 2.84 m
2026-08-31 11:54:56,206 step   3100  loss 0.0359  median 2.11 m
2026-08-31 11:55:00,761 step   3150  loss 0.0536  median 1.69 m
2026-08-31 11:55:05,318 step   3200  loss 0.0910  median 2.13 m
2026-08-31 11:55:09,873 step   3250  loss 0.0279  median 2.65 m
2026-08-31 11:55:14,428 step   3300  loss 0.0361  median 2.75 m
2026-08-31 11:55:18,981 step   3350  loss 0.0510  median 2.47 m
2026-08-31 11:55:23,538 step   3400  loss 0.0296  median 2.78 m
2026-08-31 11:55:28,096 step   3450  loss 0.0188  median 2.45 m
2026-08-31 11:55:32,661 step   3500  loss 0.0426  median 2.71 m
2026-08-31 11:55:37,217 step   3550  loss 0.0292  median 2.75 m
2026-08-31 11:55:41,774 step   3600  loss 0.0468  median 2.64 m
2026-08-31 11:55:46,335 step   3650  loss 0.0313  median 2.55 m
2026-08-31 11:55:50,891 step   3700  loss 0.0312  median 2.95 m
2026-08-31 11:55:55,449 step   3750  loss 0.0318  median 2.68 m
2026-08-31 11:56:00,005 step   3800  loss 0.0915  median 1.30 m
2026-08-31 11:56:04,561 step   3850  loss 0.2228  median 2.54 m
2026-08-31 11:56:09,125 step   3900  loss 0.0489  median 2.73 m
2026-08-31 11:56:13,698 step   3950  loss 0.0485  median 3.24 m
2026-08-31 11:56:18,221 saved -> work_dirs/qt-stream-s0/latest.pt
2026-09-01 21:08:46,125 work dir: work_dirs/qt-stream-s0  commit 1d4d01a6
2026-09-01 21:08:47,129 HTTP Request: HEAD https://huggingface.co/depth-anything/Depth-Anything-V2-Small-hf/resolve/main/config.json "HTTP/1.1 307 Temporary Redirect"
2026-09-01 21:08:47,138 HTTP Request: HEAD https://huggingface.co/api/resolve-cache/models/depth-anything/Depth-Anything-V2-Small-hf/5426e4f0f36572d16453bbda7a8389317b1bef99/config.json "HTTP/1.1 200 OK"
2026-09-01 21:08:47,465 trainable 1.207M of 25.99M
2026-09-01 21:08:47,563 mixed dataset: 13197 clips from 2 sources
2026-09-01 21:08:48,189 step      0  loss 1.9118  median 3.33 m
2026-09-01 21:08:52,670 step     50  loss 1.5112  median 3.29 m
2026-09-01 21:08:57,150 step    100  loss 2.3508  median 3.18 m
2026-09-01 21:09:01,625 step    150  loss 0.1096  median 2.50 m
2026-09-01 21:09:06,098 step    200  loss 0.0603  median 2.28 m
2026-09-01 21:09:10,570 step    250  loss 0.0545  median 2.70 m
2026-09-01 21:09:15,046 step    300  loss 0.0386  median 2.40 m
2026-09-01 21:09:19,524 step    350  loss 0.0364  median 2.42 m
2026-09-01 21:09:24,001 step    400  loss 0.0356  median 2.18 m
2026-09-01 21:09:28,479 step    450  loss 0.0907  median 2.08 m
2026-09-01 21:09:32,954 step    500  loss 0.0546  median 2.84 m
2026-09-01 21:09:37,426 step    550  loss 0.0362  median 2.41 m
2026-09-01 21:09:41,899 step    600  loss 0.0488  median 2.93 m
2026-09-01 21:09:46,371 step    650  loss 0.0414  median 2.71 m
2026-09-01 21:09:50,857 step    700  loss 0.0265  median 2.30 m
2026-09-01 21:09:55,336 step    750  loss 0.0585  median 1.78 m
2026-09-01 21:09:59,806 step    800  loss 0.0691  median 2.38 m
2026-09-01 21:10:04,288 step    850  loss 0.0886  median 2.24 m
2026-09-01 21:10:08,771 step    900  loss 0.0940  median 1.76 m
2026-09-01 21:10:13,236 step    950  loss 0.1054  median 2.31 m
2026-09-01 21:10:17,705 step   1000  loss 0.0698  median 2.70 m
2026-09-01 21:10:22,176 step   1050  loss 0.0248  median 2.53 m
2026-09-01 21:10:26,652 step   1100  loss 0.0376  median 1.43 m
2026-09-01 21:10:31,147 step   1150  loss 0.0642  median 2.58 m
2026-09-01 21:10:35,617 step   1200  loss 0.0734  median 1.60 m
2026-09-01 21:10:40,083 step   1250  loss 0.0592  median 2.60 m
2026-09-01 21:10:44,546 step   1300  loss 0.0703  median 2.36 m
2026-09-01 21:10:49,010 step   1350  loss 0.0410  median 2.83 m
2026-09-01 21:10:53,474 step   1400  loss 0.0274  median 2.40 m
2026-09-01 21:10:57,941 step   1450  loss 0.0534  median 1.36 m
2026-09-01 21:11:02,406 step   1500  loss 0.0593  median 2.62 m
2026-09-01 21:11:06,867 step   1550  loss 0.0345  median 2.67 m
2026-09-01 21:11:11,332 step   1600  loss 0.0392  median 2.16 m
2026-09-01 21:11:15,799 step   1650  loss 0.0719  median 2.89 m
2026-09-01 21:11:20,272 step   1700  loss 0.0471  median 2.70 m
2026-09-01 21:11:24,743 step   1750  loss 0.0305  median 2.77 m
2026-09-01 21:11:29,205 step   1800  loss 0.0263  median 2.10 m
2026-09-01 21:11:33,670 step   1850  loss 0.0401  median 2.32 m
2026-09-01 21:11:38,130 step   1900  loss 0.0348  median 2.54 m
2026-09-01 21:11:42,590 step   1950  loss 0.1958  median 2.22 m
2026-09-01 21:11:47,059 step   2000  loss 0.0370  median 2.82 m
2026-09-01 21:11:51,522 step   2050  loss 0.0360  median 2.64 m
2026-09-01 21:11:55,986 step   2100  loss 0.0715  median 2.59 m
2026-09-01 21:12:00,451 step   2150  loss 0.0564  median 2.67 m
2026-09-01 21:12:04,917 step   2200  loss 0.0353  median 2.88 m
2026-09-01 21:12:09,382 step   2250  loss 0.0247  median 2.45 m
2026-09-01 21:12:13,846 step   2300  loss 0.0343  median 1.85 m
2026-09-01 21:12:18,309 step   2350  loss 0.0491  median 2.30 m
2026-09-01 21:12:22,771 step   2400  loss 0.0455  median 2.73 m
2026-09-01 21:12:27,233 step   2450  loss 0.0350  median 1.80 m
2026-09-01 21:12:31,697 step   2500  loss 0.0569  median 2.43 m
2026-09-01 21:12:36,159 step   2550  loss 0.0369  median 2.80 m
2026-09-01 21:12:40,622 step   2600  loss 0.0412  median 2.83 m
2026-09-01 21:12:45,084 step   2650  loss 0.0407  median 2.98 m
2026-09-01 21:12:49,557 step   2700  loss 0.0429  median 2.81 m
2026-09-01 21:12:54,019 step   2750  loss 0.0381  median 2.59 m
2026-09-01 21:12:58,481 step   2800  loss 0.0670  median 3.42 m
2026-09-01 21:13:02,946 step   2850  loss 0.0444  median 2.92 m
2026-09-01 21:13:07,409 step   2900  loss 0.0433  median 1.70 m
2026-09-01 21:13:11,905 step   2950  loss 0.0222  median 1.65 m
2026-09-01 21:13:16,387 step   3000  loss 0.0369  median 2.68 m
2026-09-01 21:13:20,852 step   3050  loss 0.0287  median 2.78 m
2026-09-01 21:13:25,316 step   3100  loss 0.0216  median 2.30 m
2026-09-01 21:13:29,779 step   3150  loss 0.0545  median 1.67 m
2026-09-01 21:13:34,259 step   3200  loss 0.0851  median 2.29 m
2026-09-01 21:13:38,724 step   3250  loss 0.0279  median 2.62 m
2026-09-01 21:13:43,188 step   3300  loss 0.0349  median 2.87 m
2026-09-01 21:13:47,654 step   3350  loss 0.0476  median 2.55 m
2026-09-01 21:13:52,130 step   3400  loss 0.0328  median 2.87 m
2026-09-01 21:13:56,601 step   3450  loss 0.0173  median 2.57 m
2026-09-01 21:14:01,068 step   3500  loss 0.0407  median 2.74 m
2026-09-01 21:14:05,531 step   3550  loss 0.0325  median 2.77 m
2026-09-01 21:14:09,997 step   3600  loss 0.0392  median 2.82 m
2026-09-01 21:14:14,460 step   3650  loss 0.0325  median 2.70 m
2026-09-01 21:14:18,929 step   3700  loss 0.0322  median 2.90 m
2026-09-01 21:14:23,395 step   3750  loss 0.0349  median 2.69 m
2026-09-01 21:14:27,860 step   3800  loss 0.1004  median 1.38 m
2026-09-01 21:14:32,325 step   3850  loss 0.2114  median 2.56 m
2026-09-01 21:14:36,790 step   3900  loss 0.0464  median 2.78 m
2026-09-01 21:14:41,256 step   3950  loss 0.0479  median 3.00 m
2026-09-01 21:14:45,716 saved -> work_dirs/qt-stream-s0/latest.pt
