2026-08-29 20:30:35,198 work dir: work_dirs/s3-overshoot-s0  seed 0  commit 1d4d01a6
2026-08-29 20:30:35,634 partial init from work_dirs/v11-longclip-spread-s0/latest.pt: 7 new tensors kept at init, 0 checkpoint tensors unused
2026-08-29 20:30:36,487 mixed dataset: 208720 clips from 5 sources (size 256)
2026-08-29 20:30:38,939 step    0  loss 7.1961  skip 0.00  lr 2.00e-07  depth_std 28.4354
2026-08-29 20:31:29,927 step   50  loss 5.0960  skip 0.01  lr 1.02e-05  depth_std 11.1366
2026-08-29 20:32:23,121 step  100  loss 3.6163  skip 0.03  lr 2.02e-05  depth_std 44.2508
2026-08-29 20:33:16,467 step  150  loss 6.1911  skip 0.04  lr 3.02e-05  depth_std 1.7218
2026-08-29 20:34:09,510 step  200  loss 8.4619  skip 0.05  lr 4.02e-05  depth_std 11.7289
2026-08-29 20:35:02,078 step  250  loss 5.0110  skip 0.06  lr 5.02e-05  depth_std 6.0377
2026-08-29 20:35:53,845 step  300  loss 3.6591  skip 0.07  lr 6.02e-05  depth_std 14.7264
2026-08-29 20:36:45,040 step  350  loss 2.8721  skip 0.09  lr 7.02e-05  depth_std 11.5457
2026-08-29 20:37:36,034 step  400  loss 5.5537  skip 0.10  lr 8.02e-05  depth_std 16.7383
2026-08-29 20:38:26,591 step  450  loss 3.4540  skip 0.11  lr 9.02e-05  depth_std 8.0219
2026-08-29 20:39:16,658 step  500  loss 5.2224  skip 0.12  lr 1.00e-04  depth_std 26.3501
2026-08-29 20:40:06,033 step  550  loss 4.6833  skip 0.14  lr 9.99e-05  depth_std 29.3244
2026-08-29 20:40:55,027 step  600  loss 4.2964  skip 0.15  lr 9.98e-05  depth_std 27.2018
2026-08-29 20:41:43,624 step  650  loss 5.9151  skip 0.16  lr 9.95e-05  depth_std 8.7402
2026-08-29 20:42:31,765 step  700  loss 3.5153  skip 0.17  lr 9.92e-05  depth_std 29.4765
2026-08-29 20:43:19,223 step  750  loss 6.2731  skip 0.19  lr 9.87e-05  depth_std 23.8134
2026-08-29 20:44:06,195 step  800  loss 22.6982  skip 0.20  lr 9.82e-05  depth_std 1.3604
2026-08-29 20:44:52,635 step  850  loss 2.1450  skip 0.21  lr 9.76e-05  depth_std 1.8438
2026-08-29 20:45:38,681 step  900  loss 1.8216  skip 0.23  lr 9.68e-05  depth_std 1.5362
2026-08-29 20:46:24,293 step  950  loss 5.5782  skip 0.24  lr 9.60e-05  depth_std 14.5865
2026-08-29 20:47:09,289 step 1000  loss 11.1742  skip 0.25  lr 9.50e-05  depth_std 27.9216
2026-08-29 20:47:53,955 step 1050  loss 3.6629  skip 0.26  lr 9.40e-05  depth_std 30.3705
2026-08-29 20:48:38,049 step 1100  loss 3.0848  skip 0.28  lr 9.29e-05  depth_std 26.2102
2026-08-29 20:49:21,682 step 1150  loss 16.6469  skip 0.29  lr 9.17e-05  depth_std 22.1098
2026-08-29 20:50:04,850 step 1200  loss 12.1176  skip 0.30  lr 9.05e-05  depth_std 9.9134
2026-08-29 20:50:47,608 step 1250  loss 3.8405  skip 0.31  lr 8.91e-05  depth_std 5.6970
2026-08-29 20:51:29,966 step 1300  loss 5.3155  skip 0.33  lr 8.77e-05  depth_std 15.0661
2026-08-29 20:52:11,759 step 1350  loss 16.1959  skip 0.34  lr 8.61e-05  depth_std 2.5170
2026-08-29 20:52:53,168 step 1400  loss 3.9109  skip 0.35  lr 8.46e-05  depth_std 17.4972
2026-08-29 20:53:34,029 step 1450  loss 26.8265  skip 0.36  lr 8.29e-05  depth_std 13.4379
2026-08-29 20:54:14,259 step 1500  loss 4.6113  skip 0.38  lr 8.12e-05  depth_std 1.9970
2026-08-29 20:54:54,153 step 1550  loss 15.7767  skip 0.39  lr 7.94e-05  depth_std 18.0132
2026-08-29 20:55:33,390 step 1600  loss 6.1760  skip 0.40  lr 7.75e-05  depth_std 19.6232
2026-08-29 20:56:12,342 step 1650  loss 2.7577  skip 0.41  lr 7.56e-05  depth_std 11.3818
2026-08-29 20:56:50,585 step 1700  loss 6.3491  skip 0.42  lr 7.37e-05  depth_std 8.2730
2026-08-29 20:57:28,238 step 1750  loss 5.9157  skip 0.44  lr 7.17e-05  depth_std 12.2406
2026-08-29 20:58:05,538 step 1800  loss 8.9729  skip 0.45  lr 6.97e-05  depth_std 33.2879
2026-08-29 20:58:42,313 step 1850  loss 16.9041  skip 0.46  lr 6.76e-05  depth_std 31.1681
2026-08-29 20:59:18,572 step 1900  loss 15.5938  skip 0.47  lr 6.55e-05  depth_std 2.0744
2026-08-29 20:59:54,328 step 1950  loss 62.7808  skip 0.49  lr 6.33e-05  depth_std 5.2371
2026-08-29 21:00:29,727 step 2000  loss 6.9489  skip 0.50  lr 6.11e-05  depth_std 15.7192
2026-08-29 21:01:04,935 step 2050  loss 5.8218  skip 0.50  lr 5.89e-05  depth_std 20.3497
2026-08-29 21:01:39,954 step 2100  loss 3.5734  skip 0.50  lr 5.67e-05  depth_std 20.3670
2026-08-29 21:02:15,088 step 2150  loss 5.1123  skip 0.50  lr 5.45e-05  depth_std 13.6275
2026-08-29 21:02:50,128 step 2200  loss 10.2120  skip 0.50  lr 5.22e-05  depth_std 36.1594
2026-08-29 21:03:25,185 step 2250  loss 2.1958  skip 0.50  lr 5.00e-05  depth_std 2.4666
2026-08-29 21:04:00,227 step 2300  loss 3.4852  skip 0.50  lr 4.78e-05  depth_std 33.4200
2026-08-29 21:04:35,363 step 2350  loss 3.8188  skip 0.50  lr 4.55e-05  depth_std 25.2733
2026-08-29 21:05:10,521 step 2400  loss 30.9053  skip 0.50  lr 4.33e-05  depth_std 30.1664
2026-08-29 21:05:45,734 step 2450  loss 8.4132  skip 0.50  lr 4.11e-05  depth_std 21.9597
2026-08-29 21:06:20,781 step 2500  loss 11.3368  skip 0.50  lr 3.89e-05  depth_std 12.4616
2026-08-29 21:06:55,828 step 2550  loss 2.3250  skip 0.50  lr 3.67e-05  depth_std 36.1203
2026-08-29 21:07:30,917 step 2600  loss 14.9292  skip 0.50  lr 3.45e-05  depth_std 2.2165
2026-08-29 21:08:06,087 step 2650  loss 34.6533  skip 0.50  lr 3.24e-05  depth_std 5.1521
2026-08-29 21:08:41,266 step 2700  loss 2.2501  skip 0.50  lr 3.03e-05  depth_std 4.0768
2026-08-29 21:09:16,426 step 2750  loss 2.1328  skip 0.50  lr 2.83e-05  depth_std 10.1795
2026-08-29 21:09:51,450 step 2800  loss 4.5812  skip 0.50  lr 2.63e-05  depth_std 13.2298
2026-08-29 21:10:26,593 step 2850  loss 23.9246  skip 0.50  lr 2.44e-05  depth_std 6.7005
2026-08-29 21:11:01,622 step 2900  loss 4.6485  skip 0.50  lr 2.25e-05  depth_std 11.9854
2026-08-29 21:11:36,676 step 2950  loss 5.0885  skip 0.50  lr 2.06e-05  depth_std 37.7725
2026-08-29 21:12:11,884 step 3000  loss 29.1635  skip 0.50  lr 1.88e-05  depth_std 1.0354
2026-08-29 21:12:46,980 step 3050  loss 19.8806  skip 0.50  lr 1.71e-05  depth_std 11.5256
2026-08-29 21:13:22,164 step 3100  loss 14.3435  skip 0.50  lr 1.54e-05  depth_std 39.2713
2026-08-29 21:13:57,161 step 3150  loss 4.7076  skip 0.50  lr 1.39e-05  depth_std 2.7619
2026-08-29 21:14:32,293 step 3200  loss 10.2522  skip 0.50  lr 1.23e-05  depth_std 4.2783
2026-08-29 21:15:07,437 step 3250  loss 3.4015  skip 0.50  lr 1.09e-05  depth_std 7.9923
2026-08-29 21:15:42,444 step 3300  loss 3.7481  skip 0.50  lr 9.55e-06  depth_std 30.3812
2026-08-29 21:16:17,525 step 3350  loss 4.0505  skip 0.50  lr 8.27e-06  depth_std 32.0329
2026-08-29 21:16:52,550 step 3400  loss 24.8567  skip 0.50  lr 7.08e-06  depth_std 15.7536
2026-08-29 21:17:27,750 step 3450  loss 1.7297  skip 0.50  lr 5.97e-06  depth_std 4.2910
2026-08-29 21:18:02,893 step 3500  loss 3.9366  skip 0.50  lr 4.95e-06  depth_std 1.4998
2026-08-29 21:18:37,810 step 3550  loss 6.1043  skip 0.50  lr 4.02e-06  depth_std 24.5375
2026-08-29 21:19:12,929 step 3600  loss 3.4185  skip 0.50  lr 3.19e-06  depth_std 36.9206
2026-08-29 21:19:48,020 step 3650  loss 10.5382  skip 0.50  lr 2.45e-06  depth_std 1.7906
2026-08-29 21:20:23,027 step 3700  loss 16.2499  skip 0.50  lr 1.80e-06  depth_std 27.5556
2026-08-29 21:20:58,261 step 3750  loss 4.7062  skip 0.50  lr 1.25e-06  depth_std 40.0025
2026-08-29 21:21:33,394 step 3800  loss 2.4891  skip 0.50  lr 8.04e-07  depth_std 2.9490
2026-08-29 21:22:08,541 step 3850  loss 2.6247  skip 0.50  lr 4.53e-07  depth_std 37.4033
2026-08-29 21:22:43,535 step 3900  loss 5.4304  skip 0.50  lr 2.01e-07  depth_std 17.5498
2026-08-29 21:23:18,670 step 3950  loss 8.0492  skip 0.50  lr 5.03e-08  depth_std 38.8164
2026-08-29 21:23:53,246 saved -> work_dirs/s3-overshoot-s0/latest.pt
