2026-07-30 12:37:02,160 work dir: work_dirs/t0-seed2-bin0.0  seed 2  commit 396d5514
2026-07-30 12:37:02,651 partial init from work_dirs/main_v8/latest.pt: 0 new tensors kept at init, 0 checkpoint tensors unused
2026-07-30 12:37:03,509 mixed dataset: 208720 clips from 5 sources (size 256)
2026-07-30 12:37:05,479 step    0  loss 1.6293  skip 0.00  lr 3.00e-07  depth_std 28.8035
2026-07-30 12:37:52,059 step   50  loss 1.4331  skip 0.01  lr 1.53e-05  depth_std 27.1948
2026-07-30 12:38:43,615 step  100  loss 0.4075  skip 0.01  lr 3.03e-05  depth_std 15.5126
2026-07-30 12:39:35,622 step  150  loss 0.2035  skip 0.02  lr 4.53e-05  depth_std 4.1709
2026-07-30 12:40:27,409 step  200  loss 0.5371  skip 0.03  lr 6.03e-05  depth_std 5.7156
2026-07-30 12:41:19,148 step  250  loss 0.4134  skip 0.03  lr 7.53e-05  depth_std 5.3154
2026-07-30 12:42:10,974 step  300  loss 0.4351  skip 0.04  lr 9.03e-05  depth_std 1.0413
2026-07-30 12:43:02,552 step  350  loss 0.3677  skip 0.04  lr 1.05e-04  depth_std 3.2413
2026-07-30 12:43:53,955 step  400  loss 0.0733  skip 0.05  lr 1.20e-04  depth_std 0.6124
2026-07-30 12:44:45,025 step  450  loss 0.4338  skip 0.06  lr 1.35e-04  depth_std 23.7250
2026-07-30 12:45:35,670 step  500  loss 1.8379  skip 0.06  lr 1.50e-04  depth_std 28.8924
2026-07-30 12:46:25,974 step  550  loss 0.1591  skip 0.07  lr 1.65e-04  depth_std 0.7839
2026-07-30 12:47:15,907 step  600  loss 1.1266  skip 0.07  lr 1.80e-04  depth_std 7.0410
2026-07-30 12:48:05,512 step  650  loss 1.5755  skip 0.08  lr 1.95e-04  depth_std 12.0031
2026-07-30 12:48:55,175 step  700  loss 0.0898  skip 0.09  lr 2.10e-04  depth_std 1.0193
2026-07-30 12:49:44,611 step  750  loss 0.3542  skip 0.09  lr 2.25e-04  depth_std 3.6777
2026-07-30 12:50:33,944 step  800  loss 0.8908  skip 0.10  lr 2.40e-04  depth_std 26.7491
2026-07-30 12:51:22,973 step  850  loss 0.6197  skip 0.11  lr 2.55e-04  depth_std 15.2821
2026-07-30 12:52:11,813 step  900  loss 0.3832  skip 0.11  lr 2.70e-04  depth_std 4.9129
2026-07-30 12:53:00,584 step  950  loss 0.4292  skip 0.12  lr 2.85e-04  depth_std 25.6950
2026-07-30 12:53:49,009 step 1000  loss 0.7598  skip 0.12  lr 3.00e-04  depth_std 19.0978
2026-07-30 12:54:37,027 step 1050  loss 0.3557  skip 0.13  lr 3.00e-04  depth_std 8.8298
2026-07-30 12:55:24,704 step 1100  loss 1.0454  skip 0.14  lr 3.00e-04  depth_std 4.2711
2026-07-30 12:56:12,210 step 1150  loss 0.7755  skip 0.14  lr 3.00e-04  depth_std 26.7854
2026-07-30 12:56:59,440 step 1200  loss 0.3544  skip 0.15  lr 2.99e-04  depth_std 2.8553
2026-07-30 12:57:46,404 step 1250  loss 0.4090  skip 0.16  lr 2.99e-04  depth_std 2.6497
2026-07-30 12:58:33,195 step 1300  loss 2.4876  skip 0.16  lr 2.99e-04  depth_std 3.8459
2026-07-30 12:59:19,662 step 1350  loss 0.4337  skip 0.17  lr 2.98e-04  depth_std 11.5776
2026-07-30 13:00:05,764 step 1400  loss 0.4847  skip 0.17  lr 2.98e-04  depth_std 12.6976
2026-07-30 13:00:51,621 step 1450  loss 0.5768  skip 0.18  lr 2.97e-04  depth_std 22.3140
2026-07-30 13:01:37,517 step 1500  loss 2.0360  skip 0.19  lr 2.96e-04  depth_std 16.4081
2026-07-30 13:02:23,023 step 1550  loss 1.0089  skip 0.19  lr 2.95e-04  depth_std 12.4015
2026-07-30 13:03:08,202 step 1600  loss 0.7678  skip 0.20  lr 2.95e-04  depth_std 17.0609
2026-07-30 13:03:53,203 step 1650  loss 0.4240  skip 0.21  lr 2.94e-04  depth_std 11.3133
2026-07-30 13:04:37,926 step 1700  loss 1.6647  skip 0.21  lr 2.93e-04  depth_std 17.4523
2026-07-30 13:05:22,538 step 1750  loss 0.7549  skip 0.22  lr 2.92e-04  depth_std 24.6086
2026-07-30 13:06:06,964 step 1800  loss 0.5580  skip 0.23  lr 2.90e-04  depth_std 29.3286
2026-07-30 13:06:51,162 step 1850  loss 0.3279  skip 0.23  lr 2.89e-04  depth_std 3.3681
2026-07-30 13:07:35,029 step 1900  loss 0.3034  skip 0.24  lr 2.88e-04  depth_std 2.6795
2026-07-30 13:08:18,758 step 1950  loss 0.4646  skip 0.24  lr 2.87e-04  depth_std 6.2228
2026-07-30 13:09:02,074 step 2000  loss 0.5503  skip 0.25  lr 2.85e-04  depth_std 8.8691
2026-07-30 13:09:45,153 step 2050  loss 0.7460  skip 0.26  lr 2.84e-04  depth_std 22.7647
2026-07-30 13:10:27,939 step 2100  loss 0.0793  skip 0.26  lr 2.82e-04  depth_std 1.6779
2026-07-30 13:11:10,524 step 2150  loss 0.2394  skip 0.27  lr 2.80e-04  depth_std 4.7605
2026-07-30 13:11:52,985 step 2200  loss 2.4284  skip 0.28  lr 2.79e-04  depth_std 12.4439
2026-07-30 13:12:35,064 step 2250  loss 2.3826  skip 0.28  lr 2.77e-04  depth_std 14.4918
2026-07-30 13:13:17,001 step 2300  loss 0.2572  skip 0.29  lr 2.75e-04  depth_std 5.1028
2026-07-30 13:13:58,764 step 2350  loss 0.5139  skip 0.29  lr 2.73e-04  depth_std 4.9459
2026-07-30 13:14:40,292 step 2400  loss 1.2366  skip 0.30  lr 2.71e-04  depth_std 29.2040
2026-07-30 13:15:21,357 step 2450  loss 0.9369  skip 0.31  lr 2.69e-04  depth_std 23.3191
2026-07-30 13:16:02,248 step 2500  loss 0.6864  skip 0.31  lr 2.67e-04  depth_std 9.9004
2026-07-30 13:16:42,989 step 2550  loss 0.6746  skip 0.32  lr 2.65e-04  depth_std 6.0068
2026-07-30 13:17:23,618 step 2600  loss 0.2287  skip 0.33  lr 2.63e-04  depth_std 2.0097
2026-07-30 13:18:03,711 step 2650  loss 3.4574  skip 0.33  lr 2.61e-04  depth_std 9.2485
2026-07-30 13:18:43,672 step 2700  loss 0.8277  skip 0.34  lr 2.58e-04  depth_std 16.2923
2026-07-30 13:19:23,311 step 2750  loss 1.0929  skip 0.34  lr 2.56e-04  depth_std 14.2884
2026-07-30 13:20:02,736 step 2800  loss 0.4933  skip 0.35  lr 2.54e-04  depth_std 7.2722
2026-07-30 13:20:41,977 step 2850  loss 0.7678  skip 0.36  lr 2.51e-04  depth_std 18.1069
2026-07-30 13:21:21,032 step 2900  loss 1.1559  skip 0.36  lr 2.49e-04  depth_std 21.7303
2026-07-30 13:21:59,773 step 2950  loss 0.1286  skip 0.37  lr 2.46e-04  depth_std 2.0061
2026-07-30 13:22:38,297 step 3000  loss 0.4145  skip 0.38  lr 2.44e-04  depth_std 2.7223
2026-07-30 13:23:16,590 step 3050  loss 0.2839  skip 0.38  lr 2.41e-04  depth_std 1.6170
2026-07-30 13:23:54,646 step 3100  loss 1.6668  skip 0.39  lr 2.38e-04  depth_std 1.6685
2026-07-30 13:24:32,602 step 3150  loss 0.5266  skip 0.39  lr 2.35e-04  depth_std 13.6439
2026-07-30 13:25:10,143 step 3200  loss 3.1871  skip 0.40  lr 2.33e-04  depth_std 18.3462
2026-07-30 13:25:47,330 step 3250  loss 0.1494  skip 0.41  lr 2.30e-04  depth_std 0.9373
2026-07-30 13:26:24,301 step 3300  loss 0.6120  skip 0.41  lr 2.27e-04  depth_std 5.2449
2026-07-30 13:27:00,965 step 3350  loss 3.5252  skip 0.42  lr 2.24e-04  depth_std 21.4115
2026-07-30 13:27:37,372 step 3400  loss 0.8953  skip 0.42  lr 2.21e-04  depth_std 4.8902
2026-07-30 13:28:13,552 step 3450  loss 0.8575  skip 0.43  lr 2.18e-04  depth_std 9.3595
2026-07-30 13:28:49,439 step 3500  loss 0.6738  skip 0.44  lr 2.15e-04  depth_std 13.4677
2026-07-30 13:29:25,153 step 3550  loss 0.7462  skip 0.44  lr 2.12e-04  depth_std 24.1184
2026-07-30 13:30:00,506 step 3600  loss 0.5609  skip 0.45  lr 2.09e-04  depth_std 2.5039
2026-07-30 13:30:35,615 step 3650  loss 0.4176  skip 0.46  lr 2.06e-04  depth_std 5.9102
2026-07-30 13:31:10,453 step 3700  loss 0.1605  skip 0.46  lr 2.03e-04  depth_std 7.0893
2026-07-30 13:31:45,146 step 3750  loss 0.9210  skip 0.47  lr 2.00e-04  depth_std 6.6561
2026-07-30 13:32:19,827 step 3800  loss 0.5895  skip 0.47  lr 1.96e-04  depth_std 10.0941
2026-07-30 13:32:53,945 step 3850  loss 4.2367  skip 0.48  lr 1.93e-04  depth_std 20.8034
2026-07-30 13:33:28,131 step 3900  loss 0.3864  skip 0.49  lr 1.90e-04  depth_std 1.3480
2026-07-30 13:34:01,788 step 3950  loss 1.2709  skip 0.49  lr 1.87e-04  depth_std 19.8049
2026-07-30 13:34:35,475 step 4000  loss 1.0569  skip 0.50  lr 1.83e-04  depth_std 20.4338
2026-07-30 13:35:08,893 step 4050  loss 0.7695  skip 0.50  lr 1.80e-04  depth_std 2.5608
2026-07-30 13:35:42,443 step 4100  loss 0.2362  skip 0.50  lr 1.77e-04  depth_std 7.0390
2026-07-30 13:36:15,784 step 4150  loss 1.2960  skip 0.50  lr 1.73e-04  depth_std 6.9315
2026-07-30 13:36:49,230 step 4200  loss 2.3151  skip 0.50  lr 1.70e-04  depth_std 16.0256
2026-07-30 13:37:22,760 step 4250  loss 9.1071  skip 0.50  lr 1.67e-04  depth_std 13.7508
2026-07-30 13:37:56,170 step 4300  loss 0.7336  skip 0.50  lr 1.63e-04  depth_std 25.0009
2026-07-30 13:38:29,558 step 4350  loss 0.3273  skip 0.50  lr 1.60e-04  depth_std 1.6346
2026-07-30 13:39:02,958 step 4400  loss 0.4979  skip 0.50  lr 1.57e-04  depth_std 9.9569
2026-07-30 13:39:36,213 step 4450  loss 0.3375  skip 0.50  lr 1.53e-04  depth_std 0.6874
2026-07-30 13:40:09,612 step 4500  loss 0.9130  skip 0.50  lr 1.50e-04  depth_std 25.6856
2026-07-30 13:40:43,017 step 4550  loss 5.5715  skip 0.50  lr 1.47e-04  depth_std 19.1594
2026-07-30 13:41:16,496 step 4600  loss 1.4096  skip 0.50  lr 1.43e-04  depth_std 18.2241
2026-07-30 13:41:49,967 step 4650  loss 0.4679  skip 0.50  lr 1.40e-04  depth_std 3.3852
2026-07-30 13:42:23,244 step 4700  loss 0.1880  skip 0.50  lr 1.37e-04  depth_std 2.1424
2026-07-30 13:42:56,522 step 4750  loss 0.5817  skip 0.50  lr 1.33e-04  depth_std 8.7222
2026-07-30 13:43:29,714 step 4800  loss 1.3718  skip 0.50  lr 1.30e-04  depth_std 26.4782
2026-07-30 13:44:02,990 step 4850  loss 0.2285  skip 0.50  lr 1.27e-04  depth_std 1.1004
2026-07-30 13:44:36,294 step 4900  loss 4.0765  skip 0.50  lr 1.23e-04  depth_std 26.3313
2026-07-30 13:45:09,564 step 4950  loss 0.3956  skip 0.50  lr 1.20e-04  depth_std 9.7328
2026-07-30 13:45:42,665 step 5000  loss 0.6648  skip 0.50  lr 1.17e-04  depth_std 4.9278
2026-07-30 13:46:16,086 step 5050  loss 0.2678  skip 0.50  lr 1.13e-04  depth_std 8.7392
2026-07-30 13:46:49,407 step 5100  loss 0.8102  skip 0.50  lr 1.10e-04  depth_std 25.4915
2026-07-30 13:47:22,651 step 5150  loss 0.4939  skip 0.50  lr 1.07e-04  depth_std 2.7116
2026-07-30 13:47:55,800 step 5200  loss 0.6185  skip 0.50  lr 1.04e-04  depth_std 4.6183
2026-07-30 13:48:29,089 step 5250  loss 0.1954  skip 0.50  lr 1.00e-04  depth_std 1.8387
2026-07-30 13:49:02,323 step 5300  loss 2.3359  skip 0.50  lr 9.73e-05  depth_std 6.8324
2026-07-30 13:49:35,512 step 5350  loss 1.2561  skip 0.50  lr 9.42e-05  depth_std 27.2230
2026-07-30 13:50:08,811 step 5400  loss 0.4534  skip 0.50  lr 9.10e-05  depth_std 26.4003
2026-07-30 13:50:42,079 step 5450  loss 0.6956  skip 0.50  lr 8.80e-05  depth_std 17.5521
2026-07-30 13:51:15,321 step 5500  loss 2.7900  skip 0.50  lr 8.49e-05  depth_std 9.0414
2026-07-30 13:51:48,529 step 5550  loss 0.6424  skip 0.50  lr 8.19e-05  depth_std 11.4069
2026-07-30 13:52:21,741 step 5600  loss 0.1507  skip 0.50  lr 7.89e-05  depth_std 1.9618
2026-07-30 13:52:55,037 step 5650  loss 0.5430  skip 0.50  lr 7.60e-05  depth_std 4.7381
2026-07-30 13:53:28,456 step 5700  loss 0.8787  skip 0.50  lr 7.31e-05  depth_std 29.4776
2026-07-30 13:54:01,625 step 5750  loss 0.8131  skip 0.50  lr 7.02e-05  depth_std 27.2581
2026-07-30 13:54:35,026 step 5800  loss 0.1486  skip 0.50  lr 6.74e-05  depth_std 1.2632
2026-07-30 13:55:08,350 step 5850  loss 1.8479  skip 0.50  lr 6.46e-05  depth_std 11.4147
2026-07-30 13:55:41,546 step 5900  loss 0.7830  skip 0.50  lr 6.18e-05  depth_std 21.7417
2026-07-30 13:56:14,794 step 5950  loss 0.7389  skip 0.50  lr 5.91e-05  depth_std 5.3751
2026-07-30 13:56:47,984 step 6000  loss 2.9823  skip 0.50  lr 5.65e-05  depth_std 5.5500
2026-07-30 13:57:21,360 step 6050  loss 0.9652  skip 0.50  lr 5.39e-05  depth_std 28.4541
2026-07-30 13:57:54,759 step 6100  loss 0.2045  skip 0.50  lr 5.13e-05  depth_std 5.4406
2026-07-30 13:58:27,896 step 6150  loss 0.1884  skip 0.50  lr 4.88e-05  depth_std 1.0086
2026-07-30 13:59:01,055 step 6200  loss 0.1461  skip 0.50  lr 4.63e-05  depth_std 4.3107
2026-07-30 13:59:34,191 step 6250  loss 0.1265  skip 0.50  lr 4.39e-05  depth_std 2.5406
2026-07-30 14:00:07,452 step 6300  loss 0.9516  skip 0.50  lr 4.16e-05  depth_std 8.4379
2026-07-30 14:00:40,762 step 6350  loss 1.0341  skip 0.50  lr 3.93e-05  depth_std 30.7076
2026-07-30 14:01:14,042 step 6400  loss 1.1693  skip 0.50  lr 3.70e-05  depth_std 13.8076
2026-07-30 14:01:47,288 step 6450  loss 0.7930  skip 0.50  lr 3.49e-05  depth_std 31.1514
2026-07-30 14:02:20,471 step 6500  loss 1.8926  skip 0.50  lr 3.27e-05  depth_std 15.7814
2026-07-30 14:02:53,813 step 6550  loss 1.4994  skip 0.50  lr 3.07e-05  depth_std 14.4712
2026-07-30 14:03:27,040 step 6600  loss 0.4587  skip 0.50  lr 2.86e-05  depth_std 2.3825
2026-07-30 14:04:00,146 step 6650  loss 0.3854  skip 0.50  lr 2.67e-05  depth_std 3.2907
2026-07-30 14:04:33,195 step 6700  loss 2.2936  skip 0.50  lr 2.48e-05  depth_std 13.4128
2026-07-30 14:05:06,447 step 6750  loss 0.3222  skip 0.50  lr 2.30e-05  depth_std 13.2566
2026-07-30 14:05:39,744 step 6800  loss 0.4938  skip 0.50  lr 2.12e-05  depth_std 14.6123
2026-07-30 14:06:13,093 step 6850  loss 1.4499  skip 0.50  lr 1.95e-05  depth_std 38.0959
2026-07-30 14:06:46,435 step 6900  loss 4.5054  skip 0.50  lr 1.79e-05  depth_std 3.9886
2026-07-30 14:07:19,639 step 6950  loss 0.2250  skip 0.50  lr 1.63e-05  depth_std 1.0469
2026-07-30 14:07:53,002 step 7000  loss 0.1849  skip 0.50  lr 1.49e-05  depth_std 11.3719
2026-07-30 14:08:26,507 step 7050  loss 0.7069  skip 0.50  lr 1.34e-05  depth_std 18.4085
2026-07-30 14:08:59,697 step 7100  loss 0.6966  skip 0.50  lr 1.21e-05  depth_std 9.1218
2026-07-30 14:09:32,911 step 7150  loss 0.2533  skip 0.50  lr 1.08e-05  depth_std 3.0000
2026-07-30 14:10:06,114 step 7200  loss 0.1888  skip 0.50  lr 9.56e-06  depth_std 1.6805
2026-07-30 14:10:39,276 step 7250  loss 1.1982  skip 0.50  lr 8.42e-06  depth_std 25.6332
2026-07-30 14:11:12,673 step 7300  loss 1.7341  skip 0.50  lr 7.34e-06  depth_std 21.9012
2026-07-30 14:11:46,056 step 7350  loss 1.9870  skip 0.50  lr 6.34e-06  depth_std 24.0052
2026-07-30 14:12:19,147 step 7400  loss 0.5703  skip 0.50  lr 5.41e-06  depth_std 15.8369
2026-07-30 14:12:52,385 step 7450  loss 8.2597  skip 0.50  lr 4.55e-06  depth_std 18.0858
2026-07-30 14:13:25,564 step 7500  loss 0.3676  skip 0.50  lr 3.76e-06  depth_std 3.0152
2026-07-30 14:13:58,737 step 7550  loss 0.9017  skip 0.50  lr 3.05e-06  depth_std 5.1320
2026-07-30 14:14:32,046 step 7600  loss 0.1051  skip 0.50  lr 2.41e-06  depth_std 1.0771
2026-07-30 14:15:05,265 step 7650  loss 1.7475  skip 0.50  lr 1.85e-06  depth_std 32.5098
2026-07-30 14:15:38,456 step 7700  loss 0.0994  skip 0.50  lr 1.36e-06  depth_std 3.2525
2026-07-30 14:16:11,623 step 7750  loss 0.8199  skip 0.50  lr 9.43e-07  depth_std 14.1562
2026-07-30 14:16:44,851 step 7800  loss 0.7174  skip 0.50  lr 6.04e-07  depth_std 29.0819
2026-07-30 14:17:18,108 step 7850  loss 0.4332  skip 0.50  lr 3.40e-07  depth_std 10.5317
2026-07-30 14:17:51,298 step 7900  loss 1.2414  skip 0.50  lr 1.51e-07  depth_std 25.4591
2026-07-30 14:18:24,526 step 7950  loss 0.7034  skip 0.50  lr 3.78e-08  depth_std 6.0087
2026-07-30 14:18:57,289 saved -> work_dirs/t0-seed2-bin0.0/latest.pt
