2026-09-02 00:34:50,235 work dir: work_dirs/qt-retain-s0  commit 1d4d01a6
2026-09-02 00:34:51,200 HTTP Request: HEAD https://huggingface.co/depth-anything/Depth-Anything-V2-Small-hf/resolve/main/config.json "HTTP/1.1 307 Temporary Redirect"
2026-09-02 00:34:51,200 Warning: You are sending unauthenticated requests to the HF Hub. Please set a HF_TOKEN to enable higher rate limits and faster downloads.
2026-09-02 00:34:51,205 HTTP Request: HEAD https://huggingface.co/api/resolve-cache/models/depth-anything/Depth-Anything-V2-Small-hf/5426e4f0f36572d16453bbda7a8389317b1bef99/config.json "HTTP/1.1 200 OK"
2026-09-02 00:34:52,188 HTTP Request: HEAD https://huggingface.co/depth-anything/Depth-Anything-V2-Small-hf/resolve/main/config.json "HTTP/1.1 307 Temporary Redirect"
2026-09-02 00:34:52,194 HTTP Request: HEAD https://huggingface.co/api/resolve-cache/models/depth-anything/Depth-Anything-V2-Small-hf/5426e4f0f36572d16453bbda7a8389317b1bef99/config.json "HTTP/1.1 200 OK"
2026-09-02 00:34:52,673 trainable 1.207M of 25.99M
2026-09-02 00:34:52,765 mixed dataset: 13197 clips from 2 sources
2026-09-02 00:34:53,889 step      0  loss 1.0437  median 3.33 m
2026-09-02 00:35:08,973 step     50  loss 1.4329  median 3.30 m
2026-09-02 00:35:23,758 step    100  loss 0.3512  median 3.16 m
2026-09-02 00:35:38,638 step    150  loss 0.5470  median 2.63 m
2026-09-02 00:35:53,563 step    200  loss 0.5191  median 1.91 m
2026-09-02 00:36:08,232 step    250  loss 0.6445  median 2.01 m
2026-09-02 00:36:22,747 step    300  loss 0.5807  median 1.77 m
2026-09-02 00:36:37,465 step    350  loss 0.3967  median 1.85 m
2026-09-02 00:36:52,201 step    400  loss 0.5164  median 1.78 m
2026-09-02 00:37:06,889 step    450  loss 0.3994  median 2.29 m
2026-09-02 00:37:21,713 step    500  loss 0.6573  median 1.96 m
2026-09-02 00:37:36,610 step    550  loss 0.3321  median 2.23 m
2026-09-02 00:37:51,064 step    600  loss 0.5008  median 2.03 m
2026-09-02 00:38:05,533 step    650  loss 0.3821  median 2.11 m
2026-09-02 00:38:20,331 step    700  loss 0.3809  median 2.44 m
2026-09-02 00:38:34,925 step    750  loss 0.7409  median 2.33 m
2026-09-02 00:38:49,254 step    800  loss 0.9386  median 2.26 m
2026-09-02 00:39:03,635 step    850  loss 0.5355  median 2.42 m
2026-09-02 00:39:18,344 step    900  loss 0.5868  median 2.16 m
2026-09-02 00:39:32,630 step    950  loss 0.4934  median 2.56 m
2026-09-02 00:39:46,891 step   1000  loss 1.1739  median 2.45 m
2026-09-02 00:40:01,784 step   1050  loss 0.3822  median 2.19 m
2026-09-02 00:40:16,021 step   1100  loss 0.6824  median 2.50 m
2026-09-02 00:40:30,298 step   1150  loss 1.0814  median 2.32 m
2026-09-02 00:40:44,944 step   1200  loss 0.6531  median 2.06 m
2026-09-02 00:40:59,342 step   1250  loss 0.6735  median 2.25 m
2026-09-02 00:41:13,903 step   1300  loss 0.4724  median 2.47 m
2026-09-02 00:41:28,222 step   1350  loss 0.6355  median 2.55 m
2026-09-02 00:41:42,702 step   1400  loss 1.1140  median 2.47 m
2026-09-02 00:41:57,054 step   1450  loss 0.8298  median 2.19 m
2026-09-02 00:42:11,115 step   1500  loss 0.5940  median 2.06 m
2026-09-02 00:42:25,618 step   1550  loss 0.6309  median 2.39 m
2026-09-02 00:42:39,826 step   1600  loss 0.5316  median 2.24 m
2026-09-02 00:42:54,036 step   1650  loss 0.9533  median 2.14 m
2026-09-02 00:43:08,394 step   1700  loss 0.4927  median 2.27 m
2026-09-02 00:43:22,530 step   1750  loss 0.4293  median 2.61 m
2026-09-02 00:43:36,679 step   1800  loss 0.7476  median 2.62 m
2026-09-02 00:43:51,296 step   1850  loss 0.5964  median 2.32 m
2026-09-02 00:44:05,738 step   1900  loss 0.4591  median 2.42 m
2026-09-02 00:44:19,905 step   1950  loss 0.5089  median 1.89 m
2026-09-02 00:44:34,149 step   2000  loss 0.4743  median 2.55 m
2026-09-02 00:44:48,508 step   2050  loss 0.5381  median 2.43 m
2026-09-02 00:45:02,547 step   2100  loss 0.7193  median 2.52 m
2026-09-02 00:45:16,674 step   2150  loss 0.4437  median 2.45 m
2026-09-02 00:45:31,009 step   2200  loss 0.5660  median 2.90 m
2026-09-02 00:45:45,012 step   2250  loss 0.5387  median 2.60 m
2026-09-02 00:45:59,122 step   2300  loss 0.4898  median 1.94 m
2026-09-02 00:46:13,558 step   2350  loss 0.4956  median 2.54 m
2026-09-02 00:46:27,637 step   2400  loss 0.4554  median 2.55 m
2026-09-02 00:46:41,662 step   2450  loss 0.3977  median 2.25 m
2026-09-02 00:46:55,966 step   2500  loss 1.3404  median 2.11 m
2026-09-02 00:47:10,062 step   2550  loss 0.2279  median 2.13 m
2026-09-02 00:47:24,187 step   2600  loss 0.4496  median 2.21 m
2026-09-02 00:47:38,415 step   2650  loss 0.5378  median 2.41 m
2026-09-02 00:47:52,529 step   2700  loss 1.0065  median 2.55 m
2026-09-02 00:48:06,612 step   2750  loss 0.5936  median 2.88 m
2026-09-02 00:48:20,911 step   2800  loss 0.6330  median 2.68 m
2026-09-02 00:48:34,991 step   2850  loss 0.5631  median 2.55 m
2026-09-02 00:48:49,061 step   2900  loss 0.4800  median 2.29 m
2026-09-02 00:49:03,217 step   2950  loss 0.4000  median 2.66 m
2026-09-02 00:49:17,297 step   3000  loss 0.6291  median 2.33 m
2026-09-02 00:49:31,219 step   3050  loss 0.3127  median 2.28 m
2026-09-02 00:49:45,429 step   3100  loss 0.5476  median 2.67 m
2026-09-02 00:49:59,591 step   3150  loss 0.5117  median 2.62 m
2026-09-02 00:50:13,507 step   3200  loss 0.4439  median 2.39 m
2026-09-02 00:50:27,803 step   3250  loss 0.4176  median 2.60 m
2026-09-02 00:50:41,921 step   3300  loss 0.5541  median 2.56 m
2026-09-02 00:50:55,862 step   3350  loss 0.5661  median 2.18 m
2026-09-02 00:51:10,157 step   3400  loss 0.4636  median 3.15 m
2026-09-02 00:51:24,269 step   3450  loss 0.5502  median 2.34 m
2026-09-02 00:51:38,211 step   3500  loss 0.5974  median 2.34 m
2026-09-02 00:51:52,437 step   3550  loss 0.6051  median 2.66 m
2026-09-02 00:52:06,608 step   3600  loss 1.0272  median 3.58 m
2026-09-02 00:52:20,530 step   3650  loss 0.4931  median 2.45 m
2026-09-02 00:52:34,794 step   3700  loss 0.5747  median 2.59 m
2026-09-02 00:52:48,807 step   3750  loss 0.5556  median 2.40 m
2026-09-02 00:53:02,752 step   3800  loss 0.3200  median 2.13 m
2026-09-02 00:53:17,079 step   3850  loss 0.5242  median 2.14 m
2026-09-02 00:53:31,188 step   3900  loss 0.6305  median 2.67 m
2026-09-02 00:53:45,235 step   3950  loss 0.4269  median 1.96 m
2026-09-02 00:53:59,350 saved -> work_dirs/qt-retain-s0/latest.pt
