2026-07-26 01:53:47,045 step   50  loss 7.5829  skip 0.00  lr 7.65e-06  depth_std 0.0505
2026-07-26 01:54:02,348 step  100  loss 5.0906  skip 0.00  lr 1.51e-05  depth_std 1.6125
2026-07-26 01:54:20,374 step  150  loss 3.3516  skip 0.00  lr 2.26e-05  depth_std 2.5739
2026-07-26 01:54:35,229 step  200  loss 7.7613  skip 0.00  lr 3.01e-05  depth_std 3.8726
2026-07-26 01:54:52,447 step  250  loss 2.0472  skip 0.00  lr 3.76e-05  depth_std 4.6895
2026-07-26 01:55:08,238 step  300  loss 3.4487  skip 0.00  lr 4.51e-05  depth_std 5.4943
2026-07-26 01:55:25,474 step  350  loss 0.7897  skip 0.00  lr 5.26e-05  depth_std 2.0063
2026-07-26 01:55:41,687 step  400  loss 3.7972  skip 0.00  lr 6.01e-05  depth_std 9.3063
2026-07-26 01:55:58,190 step  450  loss 2.0765  skip 0.00  lr 6.76e-05  depth_std 2.5097
2026-07-26 01:56:15,661 step  500  loss 1.4462  skip 0.01  lr 7.51e-05  depth_std 2.4210
2026-07-26 01:56:33,494 step  550  loss 2.1469  skip 0.01  lr 8.26e-05  depth_std 3.2422
2026-07-26 01:56:49,615 step  600  loss 1.9867  skip 0.01  lr 9.01e-05  depth_std 1.3231
2026-07-26 01:57:05,210 step  650  loss 1.2218  skip 0.01  lr 9.76e-05  depth_std 9.9985
2026-07-26 01:57:23,948 step  700  loss 3.3972  skip 0.01  lr 1.05e-04  depth_std 7.2952
2026-07-26 01:57:41,832 step  750  loss 4.7380  skip 0.01  lr 1.13e-04  depth_std 5.8421
2026-07-26 01:57:56,814 step  800  loss 1.9238  skip 0.01  lr 1.20e-04  depth_std 11.2385
2026-07-26 01:58:12,242 step  850  loss 1.4597  skip 0.01  lr 1.28e-04  depth_std 10.1876
2026-07-26 01:58:30,676 step  900  loss 1.6885  skip 0.01  lr 1.35e-04  depth_std 2.2695
2026-07-26 01:58:47,331 step  950  loss 3.8019  skip 0.01  lr 1.43e-04  depth_std 5.8336
2026-07-26 01:59:03,033 step 1000  loss 7.4820  skip 0.01  lr 1.50e-04  depth_std 2.5808
2026-07-26 01:59:21,197 step 1050  loss 3.3529  skip 0.01  lr 1.58e-04  depth_std 6.0393
2026-07-26 01:59:37,876 step 1100  loss 5.9941  skip 0.01  lr 1.65e-04  depth_std 6.9669
2026-07-26 01:59:53,097 step 1150  loss 2.8308  skip 0.01  lr 1.73e-04  depth_std 2.3173
2026-07-26 02:00:10,331 step 1200  loss 2.9971  skip 0.01  lr 1.80e-04  depth_std 5.6368
2026-07-26 02:00:27,391 step 1250  loss 2.5196  skip 0.01  lr 1.88e-04  depth_std 24.3945
2026-07-26 02:00:47,105 step 1300  loss 7.3576  skip 0.01  lr 1.95e-04  depth_std 10.7590
2026-07-26 02:01:03,139 step 1350  loss 2.5000  skip 0.01  lr 2.03e-04  depth_std 3.3543
WARNING: skipping unreadable clip 43812 after retries (image file is truncated)
2026-07-26 02:01:19,296 step 1400  loss 7.5828  skip 0.01  lr 2.10e-04  depth_std 5.9536
2026-07-26 02:01:36,572 step 1450  loss 1.9886  skip 0.01  lr 2.18e-04  depth_std 3.2264
2026-07-26 02:01:53,393 step 1500  loss 3.0051  skip 0.01  lr 2.25e-04  depth_std 8.9272
2026-07-26 02:02:12,994 step 1550  loss 1.5285  skip 0.02  lr 2.33e-04  depth_std 13.6743
2026-07-26 02:02:28,371 step 1600  loss 5.4083  skip 0.02  lr 2.40e-04  depth_std 14.4413
2026-07-26 02:02:44,858 step 1650  loss 2.2615  skip 0.02  lr 2.48e-04  depth_std 7.4309
2026-07-26 02:03:02,367 step 1700  loss 1.0105  skip 0.02  lr 2.55e-04  depth_std 1.2941
2026-07-26 02:03:20,354 step 1750  loss 1.0770  skip 0.02  lr 2.63e-04  depth_std 2.5928
2026-07-26 02:03:36,958 step 1800  loss 4.7237  skip 0.02  lr 2.70e-04  depth_std 5.1211
2026-07-26 02:03:57,636 step 1850  loss 1.5529  skip 0.02  lr 2.78e-04  depth_std 4.3260
2026-07-26 02:04:15,862 step 1900  loss 1.6124  skip 0.02  lr 2.85e-04  depth_std 2.0493
2026-07-26 02:04:31,729 step 1950  loss 1.4844  skip 0.02  lr 2.93e-04  depth_std 9.3739
2026-07-26 02:04:46,631 step 2000  loss 1.2888  skip 0.02  lr 3.00e-04  depth_std 21.8733
2026-07-26 02:05:08,016 step 2050  loss 1.5486  skip 0.02  lr 3.00e-04  depth_std 9.4611
2026-07-26 02:05:23,825 step 2100  loss 2.3034  skip 0.02  lr 3.00e-04  depth_std 2.8731
2026-07-26 02:05:42,384 step 2150  loss 1.4393  skip 0.02  lr 3.00e-04  depth_std 12.6221
2026-07-26 02:05:58,119 step 2200  loss 3.4265  skip 0.02  lr 3.00e-04  depth_std 15.6928
2026-07-26 02:06:15,524 step 2250  loss 1.4174  skip 0.02  lr 3.00e-04  depth_std 9.1220
2026-07-26 02:06:33,242 step 2300  loss 1.7454  skip 0.02  lr 3.00e-04  depth_std 1.8838
2026-07-26 02:06:50,481 step 2350  loss 2.1618  skip 0.02  lr 3.00e-04  depth_std 6.5347
2026-07-26 02:07:06,610 step 2400  loss 2.7534  skip 0.02  lr 3.00e-04  depth_std 14.6969
2026-07-26 02:07:23,603 step 2450  loss 2.0967  skip 0.02  lr 3.00e-04  depth_std 11.0558
2026-07-26 02:07:42,542 step 2500  loss 1.0296  skip 0.03  lr 3.00e-04  depth_std 2.4084
2026-07-26 02:07:59,477 step 2550  loss 2.1814  skip 0.03  lr 3.00e-04  depth_std 1.9818
2026-07-26 02:08:16,385 step 2600  loss 1.2604  skip 0.03  lr 3.00e-04  depth_std 15.1315
2026-07-26 02:08:36,011 step 2650  loss 9.0649  skip 0.03  lr 3.00e-04  depth_std 3.3099
2026-07-26 02:08:54,495 step 2700  loss 1.0473  skip 0.03  lr 3.00e-04  depth_std 7.6420
2026-07-26 02:09:10,736 step 2750  loss 1.7016  skip 0.03  lr 3.00e-04  depth_std 9.6509
2026-07-26 02:09:28,883 step 2800  loss 11.5941  skip 0.03  lr 3.00e-04  depth_std 2.9736
2026-07-26 02:09:46,424 step 2850  loss 1.6188  skip 0.03  lr 3.00e-04  depth_std 14.2255
2026-07-26 02:10:04,323 step 2900  loss 2.3341  skip 0.03  lr 3.00e-04  depth_std 8.0892
2026-07-26 02:10:21,412 step 2950  loss 2.4436  skip 0.03  lr 3.00e-04  depth_std 3.1033
2026-07-26 02:10:40,507 step 3000  loss 1.1753  skip 0.03  lr 3.00e-04  depth_std 13.1467
2026-07-26 02:10:57,792 step 3050  loss 5.9139  skip 0.03  lr 3.00e-04  depth_std 3.1477
2026-07-26 02:11:15,487 step 3100  loss 2.2674  skip 0.03  lr 3.00e-04  depth_std 26.0293
2026-07-26 02:11:33,119 step 3150  loss 5.2229  skip 0.03  lr 3.00e-04  depth_std 7.1281
2026-07-26 02:11:52,563 step 3200  loss 1.8020  skip 0.03  lr 3.00e-04  depth_std 17.3410
2026-07-26 02:12:09,915 step 3250  loss 2.6917  skip 0.03  lr 3.00e-04  depth_std 4.6696
2026-07-26 02:12:26,680 step 3300  loss 2.0851  skip 0.03  lr 3.00e-04  depth_std 7.9827
2026-07-26 02:12:43,873 step 3350  loss 3.5276  skip 0.03  lr 3.00e-04  depth_std 2.2879
2026-07-26 02:13:03,294 step 3400  loss 1.0497  skip 0.03  lr 3.00e-04  depth_std 4.6276
2026-07-26 02:13:19,178 step 3450  loss 2.8037  skip 0.03  lr 3.00e-04  depth_std 9.4431
2026-07-26 02:13:38,054 step 3500  loss 2.0321  skip 0.04  lr 3.00e-04  depth_std 6.0846
2026-07-26 02:13:54,276 step 3550  loss 2.3039  skip 0.04  lr 3.00e-04  depth_std 15.3342
2026-07-26 02:14:12,088 step 3600  loss 2.5958  skip 0.04  lr 3.00e-04  depth_std 18.6882
2026-07-26 02:14:31,825 step 3650  loss 1.8935  skip 0.04  lr 3.00e-04  depth_std 7.0792
2026-07-26 02:14:49,948 step 3700  loss 1.2473  skip 0.04  lr 3.00e-04  depth_std 9.6612
2026-07-26 02:15:07,752 step 3750  loss 1.1647  skip 0.04  lr 3.00e-04  depth_std 1.7096
2026-07-26 02:15:26,403 step 3800  loss 0.5463  skip 0.04  lr 3.00e-04  depth_std 0.9616
2026-07-26 02:15:41,442 step 3850  loss 2.7685  skip 0.04  lr 3.00e-04  depth_std 11.6681
2026-07-26 02:16:00,571 step 3900  loss 0.9082  skip 0.04  lr 3.00e-04  depth_std 7.6926
2026-07-26 02:16:17,422 step 3950  loss 1.5043  skip 0.04  lr 3.00e-04  depth_std 16.6056
WARNING: skipping unreadable clip 43813 after retries (image file is truncated)
2026-07-26 02:16:31,505 step 4000  loss 2.7599  skip 0.04  lr 3.00e-04  depth_std 10.9093
2026-07-26 02:16:48,511 step 4050  loss 2.0588  skip 0.04  lr 3.00e-04  depth_std 14.0791
2026-07-26 02:17:05,170 step 4100  loss 1.9803  skip 0.04  lr 3.00e-04  depth_std 16.1340
2026-07-26 02:17:24,222 step 4150  loss 2.2527  skip 0.04  lr 3.00e-04  depth_std 5.4837
2026-07-26 02:17:40,018 step 4200  loss 0.4484  skip 0.04  lr 3.00e-04  depth_std 0.7477
2026-07-26 02:17:57,088 step 4250  loss 1.4419  skip 0.04  lr 3.00e-04  depth_std 12.9532
2026-07-26 02:18:15,480 step 4300  loss 2.6529  skip 0.04  lr 3.00e-04  depth_std 11.1337
2026-07-26 02:18:35,023 step 4350  loss 2.2595  skip 0.04  lr 3.00e-04  depth_std 5.7343
2026-07-26 02:18:54,307 step 4400  loss 4.3674  skip 0.04  lr 3.00e-04  depth_std 9.0226
2026-07-26 02:19:09,240 step 4450  loss 2.2342  skip 0.04  lr 3.00e-04  depth_std 11.4010
2026-07-26 02:19:26,864 step 4500  loss 5.0433  skip 0.04  lr 3.00e-04  depth_std 13.9381
2026-07-26 02:19:45,249 step 4550  loss 3.9462  skip 0.05  lr 2.99e-04  depth_std 15.1354
2026-07-26 02:20:05,302 step 4600  loss 1.8715  skip 0.05  lr 2.99e-04  depth_std 6.6523
2026-07-26 02:20:25,932 step 4650  loss 1.6607  skip 0.05  lr 2.99e-04  depth_std 1.2273
2026-07-26 02:20:43,973 step 4700  loss 4.3884  skip 0.05  lr 2.99e-04  depth_std 17.5909
2026-07-26 02:21:00,592 step 4750  loss 3.4027  skip 0.05  lr 2.99e-04  depth_std 14.5558
2026-07-26 02:21:19,760 step 4800  loss 1.6232  skip 0.05  lr 2.99e-04  depth_std 9.7514
2026-07-26 02:21:36,860 step 4850  loss 3.8786  skip 0.05  lr 2.99e-04  depth_std 14.8567
2026-07-26 02:21:54,039 step 4900  loss 1.9368  skip 0.05  lr 2.99e-04  depth_std 14.6586
2026-07-26 02:22:11,900 step 4950  loss 1.3132  skip 0.05  lr 2.99e-04  depth_std 2.1790
2026-07-26 02:22:31,973 step 5000  loss 1.9559  skip 0.05  lr 2.99e-04  depth_std 6.3253
2026-07-26 02:22:49,520 step 5050  loss 2.7960  skip 0.05  lr 2.99e-04  depth_std 11.9940
2026-07-26 02:23:06,923 step 5100  loss 3.4343  skip 0.05  lr 2.99e-04  depth_std 14.2640
2026-07-26 02:23:26,239 step 5150  loss 2.3591  skip 0.05  lr 2.99e-04  depth_std 7.9419
2026-07-26 02:23:45,773 step 5200  loss 1.5700  skip 0.05  lr 2.99e-04  depth_std 4.0108
2026-07-26 02:24:02,924 step 5250  loss 1.1004  skip 0.05  lr 2.99e-04  depth_std 17.1256
2026-07-26 02:24:22,721 step 5300  loss 1.9681  skip 0.05  lr 2.99e-04  depth_std 3.0272
2026-07-26 02:24:39,212 step 5350  loss 1.9711  skip 0.05  lr 2.99e-04  depth_std 3.7775
2026-07-26 02:24:56,088 step 5400  loss 1.3012  skip 0.05  lr 2.99e-04  depth_std 1.6459
2026-07-26 02:25:13,555 step 5450  loss 0.8180  skip 0.05  lr 2.99e-04  depth_std 3.7703
2026-07-26 02:25:32,491 step 5500  loss 2.2661  skip 0.06  lr 2.99e-04  depth_std 5.3662
2026-07-26 02:25:48,630 step 5550  loss 1.2120  skip 0.06  lr 2.99e-04  depth_std 17.5596
2026-07-26 02:26:06,300 step 5600  loss 1.9683  skip 0.06  lr 2.99e-04  depth_std 5.8040
2026-07-26 02:26:24,894 step 5650  loss 0.8395  skip 0.06  lr 2.99e-04  depth_std 3.1744
2026-07-26 02:26:42,679 step 5700  loss 2.1929  skip 0.06  lr 2.99e-04  depth_std 14.6131
2026-07-26 02:26:58,157 step 5750  loss 2.1566  skip 0.06  lr 2.99e-04  depth_std 24.2266
2026-07-26 02:27:20,749 step 5800  loss 0.7336  skip 0.06  lr 2.99e-04  depth_std 15.6244
2026-07-26 02:27:37,675 step 5850  loss 1.3632  skip 0.06  lr 2.99e-04  depth_std 3.5143
2026-07-26 02:27:55,678 step 5900  loss 0.9041  skip 0.06  lr 2.99e-04  depth_std 4.6726
2026-07-26 02:28:13,866 step 5950  loss 2.0808  skip 0.06  lr 2.99e-04  depth_std 9.2693
2026-07-26 02:28:32,436 step 6000  loss 1.8615  skip 0.06  lr 2.99e-04  depth_std 12.8677
2026-07-26 02:28:49,310 step 6050  loss 1.6853  skip 0.06  lr 2.99e-04  depth_std 8.3629
2026-07-26 02:29:05,384 step 6100  loss 3.4046  skip 0.06  lr 2.99e-04  depth_std 28.0488
2026-07-26 02:29:25,037 step 6150  loss 3.4516  skip 0.06  lr 2.99e-04  depth_std 2.1271
2026-07-26 02:29:43,913 step 6200  loss 2.7980  skip 0.06  lr 2.99e-04  depth_std 14.1404
2026-07-26 02:29:58,090 step 6250  loss 1.4117  skip 0.06  lr 2.99e-04  depth_std 21.8838
2026-07-26 02:30:14,418 step 6300  loss 1.3879  skip 0.06  lr 2.99e-04  depth_std 3.6364
2026-07-26 02:30:31,715 step 6350  loss 4.9687  skip 0.06  lr 2.99e-04  depth_std 17.3821
2026-07-26 02:30:49,169 step 6400  loss 8.0394  skip 0.06  lr 2.99e-04  depth_std 25.3607
2026-07-26 02:31:08,249 step 6450  loss 6.5716  skip 0.06  lr 2.98e-04  depth_std 13.0318
2026-07-26 02:31:23,606 step 6500  loss 1.0658  skip 0.07  lr 2.98e-04  depth_std 9.2654
2026-07-26 02:31:42,566 step 6550  loss 1.9228  skip 0.07  lr 2.98e-04  depth_std 23.3750
2026-07-26 02:32:01,418 step 6600  loss 3.8662  skip 0.07  lr 2.98e-04  depth_std 10.3608
2026-07-26 02:32:17,781 step 6650  loss 3.9986  skip 0.07  lr 2.98e-04  depth_std 8.2771
2026-07-26 02:32:35,676 step 6700  loss 0.8815  skip 0.07  lr 2.98e-04  depth_std 16.8494
2026-07-26 02:32:55,252 step 6750  loss 1.6443  skip 0.07  lr 2.98e-04  depth_std 9.6763
2026-07-26 02:33:11,095 step 6800  loss 1.9142  skip 0.07  lr 2.98e-04  depth_std 6.9604
2026-07-26 02:33:28,709 step 6850  loss 2.9328  skip 0.07  lr 2.98e-04  depth_std 17.8489
2026-07-26 02:33:45,828 step 6900  loss 1.2114  skip 0.07  lr 2.98e-04  depth_std 17.5339
2026-07-26 02:34:06,627 step 6950  loss 8.4495  skip 0.07  lr 2.98e-04  depth_std 5.0698
2026-07-26 02:34:23,371 step 7000  loss 1.6579  skip 0.07  lr 2.98e-04  depth_std 1.8261
2026-07-26 02:34:43,242 step 7050  loss 2.2044  skip 0.07  lr 2.98e-04  depth_std 26.8500
2026-07-26 02:34:58,874 step 7100  loss 2.8636  skip 0.07  lr 2.98e-04  depth_std 17.1113
2026-07-26 02:35:15,339 step 7150  loss 3.9817  skip 0.07  lr 2.98e-04  depth_std 21.3184
2026-07-26 02:35:32,943 step 7200  loss 1.9651  skip 0.07  lr 2.98e-04  depth_std 15.2439
WARNING: skipping unreadable clip 41624 after retries (image file is truncated)
2026-07-26 02:35:51,428 step 7250  loss 2.2816  skip 0.07  lr 2.98e-04  depth_std 27.0418
2026-07-26 02:36:05,460 step 7300  loss 1.3567  skip 0.07  lr 2.98e-04  depth_std 24.7921
2026-07-26 02:36:24,145 step 7350  loss 3.2692  skip 0.07  lr 2.98e-04  depth_std 20.4971
2026-07-26 02:36:40,845 step 7400  loss 2.1716  skip 0.07  lr 2.98e-04  depth_std 11.6647
2026-07-26 02:36:58,382 step 7450  loss 0.9587  skip 0.07  lr 2.98e-04  depth_std 19.2217
2026-07-26 02:37:16,292 step 7500  loss 2.0574  skip 0.07  lr 2.98e-04  depth_std 13.1284
2026-07-26 02:37:36,084 step 7550  loss 2.6756  skip 0.08  lr 2.98e-04  depth_std 28.2631
2026-07-26 02:37:50,660 step 7600  loss 1.4635  skip 0.08  lr 2.98e-04  depth_std 10.1997
2026-07-26 02:38:11,169 step 7650  loss 1.5374  skip 0.08  lr 2.98e-04  depth_std 11.4168
2026-07-26 02:38:28,073 step 7700  loss 1.8162  skip 0.08  lr 2.98e-04  depth_std 11.9648
2026-07-26 02:38:43,784 step 7750  loss 0.8718  skip 0.08  lr 2.97e-04  depth_std 4.3868
2026-07-26 02:38:59,222 step 7800  loss 4.9234  skip 0.08  lr 2.97e-04  depth_std 14.8965
2026-07-26 02:39:15,149 step 7850  loss 3.7503  skip 0.08  lr 2.97e-04  depth_std 14.6286
2026-07-26 02:39:32,306 step 7900  loss 2.2607  skip 0.08  lr 2.97e-04  depth_std 15.9312
2026-07-26 02:39:51,817 step 7950  loss 2.2122  skip 0.08  lr 2.97e-04  depth_std 7.8643
2026-07-26 02:40:11,084 step 8000  loss 2.3781  skip 0.08  lr 2.97e-04  depth_std 10.8023
2026-07-26 02:40:27,459 step 8050  loss 1.2360  skip 0.08  lr 2.97e-04  depth_std 18.5349
2026-07-26 02:40:46,176 step 8100  loss 1.8857  skip 0.08  lr 2.97e-04  depth_std 15.4604
2026-07-26 02:41:01,790 step 8150  loss 3.0217  skip 0.08  lr 2.97e-04  depth_std 19.4865
2026-07-26 02:41:21,506 step 8200  loss 1.0751  skip 0.08  lr 2.97e-04  depth_std 5.4587
2026-07-26 02:41:37,691 step 8250  loss 0.7186  skip 0.08  lr 2.97e-04  depth_std 1.6809
2026-07-26 02:41:55,094 step 8300  loss 7.9363  skip 0.08  lr 2.97e-04  depth_std 12.9420
2026-07-26 02:42:12,383 step 8350  loss 1.3264  skip 0.08  lr 2.97e-04  depth_std 10.4884
2026-07-26 02:42:30,574 step 8400  loss 1.9678  skip 0.08  lr 2.97e-04  depth_std 16.2333
2026-07-26 02:42:46,634 step 8450  loss 1.9517  skip 0.08  lr 2.97e-04  depth_std 15.8628
2026-07-26 02:43:06,832 step 8500  loss 4.8920  skip 0.09  lr 2.97e-04  depth_std 5.3399
2026-07-26 02:43:22,330 step 8550  loss 2.1385  skip 0.09  lr 2.97e-04  depth_std 3.2912
2026-07-26 02:43:40,259 step 8600  loss 0.8378  skip 0.09  lr 2.97e-04  depth_std 9.1194
2026-07-26 02:43:55,752 step 8650  loss 1.2476  skip 0.09  lr 2.97e-04  depth_std 15.8085
2026-07-26 02:44:15,264 step 8700  loss 2.5132  skip 0.09  lr 2.97e-04  depth_std 16.6036
2026-07-26 02:44:32,909 step 8750  loss 1.8679  skip 0.09  lr 2.97e-04  depth_std 3.0261
2026-07-26 02:44:49,688 step 8800  loss 3.6331  skip 0.09  lr 2.96e-04  depth_std 12.9747
2026-07-26 02:45:06,145 step 8850  loss 1.3827  skip 0.09  lr 2.96e-04  depth_std 8.1670
2026-07-26 02:45:24,166 step 8900  loss 4.9270  skip 0.09  lr 2.96e-04  depth_std 2.3326
2026-07-26 02:45:43,267 step 8950  loss 1.8189  skip 0.09  lr 2.96e-04  depth_std 15.9995
2026-07-26 02:46:02,374 step 9000  loss 1.5569  skip 0.09  lr 2.96e-04  depth_std 14.3063
2026-07-26 02:46:20,167 step 9050  loss 1.6017  skip 0.09  lr 2.96e-04  depth_std 13.1242
WARNING: skipping unreadable clip 41624 after retries (image file is truncated)
2026-07-26 02:46:38,303 step 9100  loss 2.6501  skip 0.09  lr 2.96e-04  depth_std 11.3898
2026-07-26 02:46:57,607 step 9150  loss 1.2930  skip 0.09  lr 2.96e-04  depth_std 22.9477
2026-07-26 02:47:16,504 step 9200  loss 2.1678  skip 0.09  lr 2.96e-04  depth_std 20.3354
2026-07-26 02:47:31,801 step 9250  loss 2.3777  skip 0.09  lr 2.96e-04  depth_std 8.8355
2026-07-26 02:47:51,149 step 9300  loss 6.0989  skip 0.09  lr 2.96e-04  depth_std 21.9912
2026-07-26 02:48:07,718 step 9350  loss 1.7964  skip 0.09  lr 2.96e-04  depth_std 11.4726
2026-07-26 02:48:26,041 step 9400  loss 1.6490  skip 0.09  lr 2.96e-04  depth_std 2.0135
2026-07-26 02:48:40,180 step 9450  loss 0.3791  skip 0.09  lr 2.96e-04  depth_std 1.4358
2026-07-26 02:48:59,187 step 9500  loss 2.0407  skip 0.10  lr 2.96e-04  depth_std 15.4356
2026-07-26 02:49:17,942 step 9550  loss 1.7782  skip 0.10  lr 2.96e-04  depth_std 15.3786
2026-07-26 02:49:36,158 step 9600  loss 5.6722  skip 0.10  lr 2.96e-04  depth_std 6.7469
2026-07-26 02:49:52,684 step 9650  loss 7.1098  skip 0.10  lr 2.96e-04  depth_std 26.8150
2026-07-26 02:50:10,459 step 9700  loss 4.5142  skip 0.10  lr 2.95e-04  depth_std 6.1096
2026-07-26 02:50:25,720 step 9750  loss 5.5647  skip 0.10  lr 2.95e-04  depth_std 10.4638
2026-07-26 02:50:45,783 step 9800  loss 1.1870  skip 0.10  lr 2.95e-04  depth_std 14.0980
2026-07-26 02:51:03,371 step 9850  loss 0.9059  skip 0.10  lr 2.95e-04  depth_std 17.1459
WARNING: skipping unreadable clip 41625 after retries (image file is truncated)
WARNING: skipping unreadable clip 43813 after retries (image file is truncated)
2026-07-26 02:51:21,502 step 9900  loss 4.5716  skip 0.10  lr 2.95e-04  depth_std 22.4428
2026-07-26 02:51:38,130 step 9950  loss 2.6981  skip 0.10  lr 2.95e-04  depth_std 15.6941
2026-07-26 02:51:56,710 step 10000  loss 3.8583  skip 0.10  lr 2.95e-04  depth_std 2.6113
2026-07-26 02:52:14,485 step 10050  loss 1.4732  skip 0.10  lr 2.95e-04  depth_std 11.7013
2026-07-26 02:52:31,347 step 10100  loss 0.7910  skip 0.10  lr 2.95e-04  depth_std 9.4451
2026-07-26 02:52:49,307 step 10150  loss 10.8254  skip 0.10  lr 2.95e-04  depth_std 11.9216
2026-07-26 02:53:06,292 step 10200  loss 1.2012  skip 0.10  lr 2.95e-04  depth_std 3.8620
2026-07-26 02:53:23,617 step 10250  loss 2.6841  skip 0.10  lr 2.95e-04  depth_std 12.2394
2026-07-26 02:53:40,736 step 10300  loss 2.0840  skip 0.10  lr 2.95e-04  depth_std 19.5987
2026-07-26 02:53:55,204 step 10350  loss 2.1499  skip 0.10  lr 2.95e-04  depth_std 12.9782
2026-07-26 02:54:15,416 step 10400  loss 2.9271  skip 0.10  lr 2.95e-04  depth_std 18.6969
2026-07-26 02:54:30,730 step 10450  loss 1.7330  skip 0.10  lr 2.95e-04  depth_std 15.0439
2026-07-26 02:54:47,750 step 10500  loss 1.8307  skip 0.10  lr 2.94e-04  depth_std 16.2543
2026-07-26 02:55:03,764 step 10550  loss 2.0319  skip 0.11  lr 2.94e-04  depth_std 19.2141
2026-07-26 02:55:19,439 step 10600  loss 1.4748  skip 0.11  lr 2.94e-04  depth_std 13.6451
2026-07-26 02:55:36,354 step 10650  loss 1.3608  skip 0.11  lr 2.94e-04  depth_std 10.8164
2026-07-26 02:55:52,773 step 10700  loss 8.6528  skip 0.11  lr 2.94e-04  depth_std 8.4888
2026-07-26 02:56:09,381 step 10750  loss 0.3224  skip 0.11  lr 2.94e-04  depth_std 2.5943
2026-07-26 02:56:26,134 step 10800  loss 3.1629  skip 0.11  lr 2.94e-04  depth_std 13.7307
2026-07-26 02:56:44,988 step 10850  loss 3.6323  skip 0.11  lr 2.94e-04  depth_std 19.8184
2026-07-26 02:57:02,736 step 10900  loss 1.3706  skip 0.11  lr 2.94e-04  depth_std 7.8157
2026-07-26 02:57:22,299 step 10950  loss 1.9741  skip 0.11  lr 2.94e-04  depth_std 10.9373
2026-07-26 02:57:43,654 step 11000  loss 1.6030  skip 0.11  lr 2.94e-04  depth_std 14.9813
2026-07-26 02:57:58,513 step 11050  loss 1.9227  skip 0.11  lr 2.94e-04  depth_std 6.7926
2026-07-26 02:58:17,912 step 11100  loss 1.6934  skip 0.11  lr 2.94e-04  depth_std 10.9462
2026-07-26 02:58:33,514 step 11150  loss 5.3151  skip 0.11  lr 2.94e-04  depth_std 20.7302
2026-07-26 02:58:51,087 step 11200  loss 3.9585  skip 0.11  lr 2.94e-04  depth_std 19.0311
2026-07-26 02:59:06,994 step 11250  loss 4.7969  skip 0.11  lr 2.93e-04  depth_std 2.3375
2026-07-26 02:59:23,281 step 11300  loss 2.0987  skip 0.11  lr 2.93e-04  depth_std 14.8089
2026-07-26 02:59:41,221 step 11350  loss 1.1918  skip 0.11  lr 2.93e-04  depth_std 4.8659
2026-07-26 02:59:58,644 step 11400  loss 3.3413  skip 0.11  lr 2.93e-04  depth_std 8.7762
2026-07-26 03:00:15,037 step 11450  loss 7.7274  skip 0.11  lr 2.93e-04  depth_std 17.6139
2026-07-26 03:00:31,583 step 11500  loss 1.6624  skip 0.12  lr 2.93e-04  depth_std 20.4890
2026-07-26 03:00:49,586 step 11550  loss 1.4558  skip 0.12  lr 2.93e-04  depth_std 3.3983
2026-07-26 03:01:05,543 step 11600  loss 2.5668  skip 0.12  lr 2.93e-04  depth_std 17.6865
2026-07-26 03:01:22,934 step 11650  loss 0.9721  skip 0.12  lr 2.93e-04  depth_std 2.5166
2026-07-26 03:01:41,293 step 11700  loss 2.2980  skip 0.12  lr 2.93e-04  depth_std 21.1568
2026-07-26 03:02:00,226 step 11750  loss 1.9105  skip 0.12  lr 2.93e-04  depth_std 11.1729
2026-07-26 03:02:14,773 step 11800  loss 3.0400  skip 0.12  lr 2.93e-04  depth_std 16.6840
2026-07-26 03:02:33,174 step 11850  loss 2.6886  skip 0.12  lr 2.93e-04  depth_std 23.4062
2026-07-26 03:02:48,638 step 11900  loss 2.0694  skip 0.12  lr 2.93e-04  depth_std 6.9747
2026-07-26 03:03:08,772 step 11950  loss 4.2184  skip 0.12  lr 2.92e-04  depth_std 14.6216
2026-07-26 03:03:24,564 step 12000  loss 4.3737  skip 0.12  lr 2.92e-04  depth_std 28.7953
2026-07-26 03:03:43,461 step 12050  loss 14.0869  skip 0.12  lr 2.92e-04  depth_std 4.3302
2026-07-26 03:03:59,513 step 12100  loss 0.6356  skip 0.12  lr 2.92e-04  depth_std 15.8312
2026-07-26 03:04:19,411 step 12150  loss 1.3206  skip 0.12  lr 2.92e-04  depth_std 17.7836
2026-07-26 03:04:35,060 step 12200  loss 3.0987  skip 0.12  lr 2.92e-04  depth_std 7.5853
2026-07-26 03:04:54,430 step 12250  loss 0.8475  skip 0.12  lr 2.92e-04  depth_std 14.9431
2026-07-26 03:05:13,326 step 12300  loss 7.7878  skip 0.12  lr 2.92e-04  depth_std 9.6482
2026-07-26 03:05:32,869 step 12350  loss 1.5488  skip 0.12  lr 2.92e-04  depth_std 20.1611
2026-07-26 03:05:50,513 step 12400  loss 1.7772  skip 0.12  lr 2.92e-04  depth_std 24.1865
2026-07-26 03:06:09,827 step 12450  loss 1.7187  skip 0.12  lr 2.92e-04  depth_std 15.9717
2026-07-26 03:06:27,102 step 12500  loss 1.7628  skip 0.12  lr 2.92e-04  depth_std 16.7312
2026-07-26 03:06:45,205 step 12550  loss 3.4699  skip 0.13  lr 2.92e-04  depth_std 4.2712
2026-07-26 03:07:04,886 step 12600  loss 0.8774  skip 0.13  lr 2.91e-04  depth_std 2.5643
2026-07-26 03:07:21,832 step 12650  loss 0.5508  skip 0.13  lr 2.91e-04  depth_std 11.1359
2026-07-26 03:07:38,315 step 12700  loss 1.6138  skip 0.13  lr 2.91e-04  depth_std 9.3969
2026-07-26 03:07:57,736 step 12750  loss 3.9406  skip 0.13  lr 2.91e-04  depth_std 12.5937
2026-07-26 03:08:14,030 step 12800  loss 1.3709  skip 0.13  lr 2.91e-04  depth_std 2.1692
2026-07-26 03:08:34,858 step 12850  loss 1.5299  skip 0.13  lr 2.91e-04  depth_std 14.1915
2026-07-26 03:08:51,285 step 12900  loss 0.4671  skip 0.13  lr 2.91e-04  depth_std 8.8381
2026-07-26 03:09:08,063 step 12950  loss 1.5922  skip 0.13  lr 2.91e-04  depth_std 4.1824
2026-07-26 03:09:27,041 step 13000  loss 2.4723  skip 0.13  lr 2.91e-04  depth_std 22.4068
2026-07-26 03:09:44,295 step 13050  loss 1.3391  skip 0.13  lr 2.91e-04  depth_std 18.0206
2026-07-26 03:10:00,722 step 13100  loss 1.0245  skip 0.13  lr 2.91e-04  depth_std 6.5460
2026-07-26 03:10:17,555 step 13150  loss 3.4245  skip 0.13  lr 2.91e-04  depth_std 14.7084
2026-07-26 03:10:32,693 step 13200  loss 11.2909  skip 0.13  lr 2.90e-04  depth_std 9.4928
2026-07-26 03:10:52,233 step 13250  loss 3.5568  skip 0.13  lr 2.90e-04  depth_std 0.8624
2026-07-26 03:11:09,088 step 13300  loss 3.6609  skip 0.13  lr 2.90e-04  depth_std 16.7186
2026-07-26 03:11:28,332 step 13350  loss 6.6533  skip 0.13  lr 2.90e-04  depth_std 4.1298
2026-07-26 03:11:45,431 step 13400  loss 1.1200  skip 0.13  lr 2.90e-04  depth_std 11.6955
2026-07-26 03:12:01,234 step 13450  loss 3.1716  skip 0.13  lr 2.90e-04  depth_std 10.2930
2026-07-26 03:12:19,291 step 13500  loss 1.3888  skip 0.14  lr 2.90e-04  depth_std 11.4610
2026-07-26 03:12:33,515 step 13550  loss 0.4648  skip 0.14  lr 2.90e-04  depth_std 2.7755
2026-07-26 03:12:52,788 step 13600  loss 4.9841  skip 0.14  lr 2.90e-04  depth_std 11.7171
2026-07-26 03:13:09,636 step 13650  loss 2.3826  skip 0.14  lr 2.90e-04  depth_std 15.8969
2026-07-26 03:13:28,114 step 13700  loss 2.0246  skip 0.14  lr 2.90e-04  depth_std 23.1057
2026-07-26 03:13:42,787 step 13750  loss 0.7241  skip 0.14  lr 2.89e-04  depth_std 4.5861
2026-07-26 03:14:02,701 step 13800  loss 0.6484  skip 0.14  lr 2.89e-04  depth_std 1.5293
2026-07-26 03:14:18,510 step 13850  loss 0.6563  skip 0.14  lr 2.89e-04  depth_std 12.6272
2026-07-26 03:14:36,445 step 13900  loss 0.2930  skip 0.14  lr 2.89e-04  depth_std 3.3998
2026-07-26 03:14:52,278 step 13950  loss 1.6949  skip 0.14  lr 2.89e-04  depth_std 14.2836
2026-07-26 03:15:08,084 step 14000  loss 1.7163  skip 0.14  lr 2.89e-04  depth_std 24.7503
2026-07-26 03:15:24,706 step 14050  loss 0.6873  skip 0.14  lr 2.89e-04  depth_std 1.8258
2026-07-26 03:15:41,057 step 14100  loss 1.2493  skip 0.14  lr 2.89e-04  depth_std 21.5260
2026-07-26 03:15:57,329 step 14150  loss 0.8925  skip 0.14  lr 2.89e-04  depth_std 1.4461
2026-07-26 03:16:13,658 step 14200  loss 1.7473  skip 0.14  lr 2.89e-04  depth_std 15.1266
2026-07-26 03:16:31,031 step 14250  loss 0.9216  skip 0.14  lr 2.89e-04  depth_std 9.2971
2026-07-26 03:16:49,448 step 14300  loss 3.9678  skip 0.14  lr 2.88e-04  depth_std 23.6437
2026-07-26 03:17:07,242 step 14350  loss 1.1588  skip 0.14  lr 2.88e-04  depth_std 14.8509
2026-07-26 03:17:23,943 step 14400  loss 0.8808  skip 0.14  lr 2.88e-04  depth_std 28.0326
2026-07-26 03:17:42,197 step 14450  loss 0.7023  skip 0.14  lr 2.88e-04  depth_std 10.5813
2026-07-26 03:17:59,206 step 14500  loss 0.9557  skip 0.14  lr 2.88e-04  depth_std 2.5840
2026-07-26 03:18:14,580 step 14550  loss 2.1375  skip 0.15  lr 2.88e-04  depth_std 18.3075
2026-07-26 03:18:34,820 step 14600  loss 1.2660  skip 0.15  lr 2.88e-04  depth_std 4.1841
2026-07-26 03:18:51,905 step 14650  loss 1.9153  skip 0.15  lr 2.88e-04  depth_std 15.0644
2026-07-26 03:19:09,385 step 14700  loss 0.6605  skip 0.15  lr 2.88e-04  depth_std 15.9850
2026-07-26 03:19:23,860 step 14750  loss 1.8265  skip 0.15  lr 2.88e-04  depth_std 3.8173
2026-07-26 03:19:41,323 step 14800  loss 6.1540  skip 0.15  lr 2.88e-04  depth_std 11.0462
2026-07-26 03:19:59,737 step 14850  loss 1.2751  skip 0.15  lr 2.87e-04  depth_std 8.7274
2026-07-26 03:20:17,329 step 14900  loss 7.6936  skip 0.15  lr 2.87e-04  depth_std 14.2739
2026-07-26 03:20:35,548 step 14950  loss 1.3242  skip 0.15  lr 2.87e-04  depth_std 13.4248
2026-07-26 03:20:53,907 step 15000  loss 1.5911  skip 0.15  lr 2.87e-04  depth_std 13.2740
2026-07-26 03:21:11,733 step 15050  loss 1.1812  skip 0.15  lr 2.87e-04  depth_std 16.9677
2026-07-26 03:21:28,002 step 15100  loss 1.7648  skip 0.15  lr 2.87e-04  depth_std 14.7965
2026-07-26 03:21:47,285 step 15150  loss 4.1046  skip 0.15  lr 2.87e-04  depth_std 16.2517
2026-07-26 03:22:01,543 step 15200  loss 0.3114  skip 0.15  lr 2.87e-04  depth_std 2.9424
2026-07-26 03:22:16,993 step 15250  loss 1.8711  skip 0.15  lr 2.87e-04  depth_std 13.8193
WARNING: skipping unreadable clip 42354 after retries (image file is truncated)
2026-07-26 03:22:36,776 step 15300  loss 1.6069  skip 0.15  lr 2.87e-04  depth_std 11.8325
2026-07-26 03:22:49,065 step 15350  loss 2.5601  skip 0.15  lr 2.86e-04  depth_std 11.8119
2026-07-26 03:23:06,339 step 15400  loss 5.4397  skip 0.15  lr 2.86e-04  depth_std 8.4824
2026-07-26 03:23:23,702 step 15450  loss 1.8919  skip 0.15  lr 2.86e-04  depth_std 8.1715
2026-07-26 03:23:42,900 step 15500  loss 0.9492  skip 0.15  lr 2.86e-04  depth_std 2.3478
2026-07-26 03:23:58,695 step 15550  loss 0.8479  skip 0.16  lr 2.86e-04  depth_std 12.1413
2026-07-26 03:24:14,305 step 15600  loss 2.0618  skip 0.16  lr 2.86e-04  depth_std 16.2150
2026-07-26 03:24:30,120 step 15650  loss 2.8777  skip 0.16  lr 2.86e-04  depth_std 21.9354
2026-07-26 03:24:52,001 step 15700  loss 1.1987  skip 0.16  lr 2.86e-04  depth_std 11.3257
2026-07-26 03:25:09,004 step 15750  loss 3.2596  skip 0.16  lr 2.86e-04  depth_std 21.5058
2026-07-26 03:25:26,955 step 15800  loss 3.8248  skip 0.16  lr 2.86e-04  depth_std 20.7088
2026-07-26 03:25:43,317 step 15850  loss 0.5911  skip 0.16  lr 2.85e-04  depth_std 3.2365
2026-07-26 03:26:00,114 step 15900  loss 1.0409  skip 0.16  lr 2.85e-04  depth_std 18.2928
2026-07-26 03:26:17,841 step 15950  loss 0.4821  skip 0.16  lr 2.85e-04  depth_std 1.3117
2026-07-26 03:26:35,880 step 16000  loss 0.5867  skip 0.16  lr 2.85e-04  depth_std 5.8554
2026-07-26 03:26:50,417 step 16050  loss 0.7376  skip 0.16  lr 2.85e-04  depth_std 5.0779
2026-07-26 03:27:08,072 step 16100  loss 11.4692  skip 0.16  lr 2.85e-04  depth_std 6.6184
2026-07-26 03:27:24,575 step 16150  loss 4.2820  skip 0.16  lr 2.85e-04  depth_std 8.4643
2026-07-26 03:27:43,283 step 16200  loss 2.3326  skip 0.16  lr 2.85e-04  depth_std 16.6754
2026-07-26 03:27:59,968 step 16250  loss 5.4693  skip 0.16  lr 2.85e-04  depth_std 8.6189
2026-07-26 03:28:18,440 step 16300  loss 1.1271  skip 0.16  lr 2.85e-04  depth_std 16.7747
2026-07-26 03:28:34,791 step 16350  loss 1.8294  skip 0.16  lr 2.84e-04  depth_std 15.5582
2026-07-26 03:28:50,193 step 16400  loss 2.1803  skip 0.16  lr 2.84e-04  depth_std 21.8310
2026-07-26 03:29:07,045 step 16450  loss 4.0746  skip 0.16  lr 2.84e-04  depth_std 20.9529
2026-07-26 03:29:24,400 step 16500  loss 8.3900  skip 0.17  lr 2.84e-04  depth_std 8.9801
2026-07-26 03:29:42,407 step 16550  loss 2.2427  skip 0.17  lr 2.84e-04  depth_std 25.0715
2026-07-26 03:30:00,799 step 16600  loss 1.7441  skip 0.17  lr 2.84e-04  depth_std 15.2146
2026-07-26 03:30:18,205 step 16650  loss 0.8052  skip 0.17  lr 2.84e-04  depth_std 3.9704
2026-07-26 03:30:35,759 step 16700  loss 1.1354  skip 0.17  lr 2.84e-04  depth_std 18.3995
2026-07-26 03:30:52,038 step 16750  loss 1.4450  skip 0.17  lr 2.84e-04  depth_std 14.8283
2026-07-26 03:31:09,045 step 16800  loss 0.8121  skip 0.17  lr 2.83e-04  depth_std 5.9429
2026-07-26 03:31:26,194 step 16850  loss 1.0486  skip 0.17  lr 2.83e-04  depth_std 8.0724
2026-07-26 03:31:44,814 step 16900  loss 1.3677  skip 0.17  lr 2.83e-04  depth_std 24.0895
2026-07-26 03:32:01,267 step 16950  loss 2.2947  skip 0.17  lr 2.83e-04  depth_std 22.9741
2026-07-26 03:32:20,419 step 17000  loss 0.8488  skip 0.17  lr 2.83e-04  depth_std 3.3403
2026-07-26 03:32:37,543 step 17050  loss 1.9911  skip 0.17  lr 2.83e-04  depth_std 20.9628
2026-07-26 03:32:53,755 step 17100  loss 2.8487  skip 0.17  lr 2.83e-04  depth_std 12.4555
2026-07-26 03:33:10,387 step 17150  loss 0.9176  skip 0.17  lr 2.83e-04  depth_std 35.3696
2026-07-26 03:33:25,453 step 17200  loss 2.0388  skip 0.17  lr 2.83e-04  depth_std 13.4275
2026-07-26 03:33:45,255 step 17250  loss 0.7608  skip 0.17  lr 2.82e-04  depth_std 4.4848
2026-07-26 03:34:01,362 step 17300  loss 1.1415  skip 0.17  lr 2.82e-04  depth_std 17.4132
2026-07-26 03:34:17,479 step 17350  loss 2.2689  skip 0.17  lr 2.82e-04  depth_std 28.8351
2026-07-26 03:34:34,173 step 17400  loss 8.4174  skip 0.17  lr 2.82e-04  depth_std 9.4516
2026-07-26 03:34:51,513 step 17450  loss 0.9367  skip 0.17  lr 2.82e-04  depth_std 9.8461
2026-07-26 03:35:10,679 step 17500  loss 1.5661  skip 0.17  lr 2.82e-04  depth_std 10.7293
2026-07-26 03:35:26,862 step 17550  loss 2.2154  skip 0.18  lr 2.82e-04  depth_std 23.7191
2026-07-26 03:35:44,201 step 17600  loss 2.2986  skip 0.18  lr 2.82e-04  depth_std 8.0971
2026-07-26 03:35:59,157 step 17650  loss 1.1383  skip 0.18  lr 2.82e-04  depth_std 14.2713
2026-07-26 03:36:14,590 step 17700  loss 2.6416  skip 0.18  lr 2.81e-04  depth_std 26.3345
2026-07-26 03:36:31,357 step 17750  loss 1.1746  skip 0.18  lr 2.81e-04  depth_std 18.6743
2026-07-26 03:36:48,895 step 17800  loss 1.1187  skip 0.18  lr 2.81e-04  depth_std 23.2784
2026-07-26 03:37:04,567 step 17850  loss 2.7239  skip 0.18  lr 2.81e-04  depth_std 28.2315
2026-07-26 03:37:21,990 step 17900  loss 0.9686  skip 0.18  lr 2.81e-04  depth_std 3.8078
2026-07-26 03:37:40,344 step 17950  loss 0.8679  skip 0.18  lr 2.81e-04  depth_std 11.4642
2026-07-26 03:37:55,580 step 18000  loss 0.8792  skip 0.18  lr 2.81e-04  depth_std 1.5655
2026-07-26 03:38:13,127 step 18050  loss 1.0924  skip 0.18  lr 2.81e-04  depth_std 9.6956
2026-07-26 03:38:28,538 step 18100  loss 3.6299  skip 0.18  lr 2.80e-04  depth_std 8.6817
2026-07-26 03:38:45,238 step 18150  loss 4.7568  skip 0.18  lr 2.80e-04  depth_std 26.0856
2026-07-26 03:39:01,080 step 18200  loss 1.3255  skip 0.18  lr 2.80e-04  depth_std 23.8855
2026-07-26 03:39:16,113 step 18250  loss 2.3233  skip 0.18  lr 2.80e-04  depth_std 28.8789
2026-07-26 03:39:34,450 step 18300  loss 0.9788  skip 0.18  lr 2.80e-04  depth_std 17.5541
2026-07-26 03:39:55,845 step 18350  loss 2.3947  skip 0.18  lr 2.80e-04  depth_std 3.1718
2026-07-26 03:40:11,031 step 18400  loss 3.1654  skip 0.18  lr 2.80e-04  depth_std 10.9366
2026-07-26 03:40:28,818 step 18450  loss 2.4031  skip 0.18  lr 2.80e-04  depth_std 16.5229
2026-07-26 03:40:45,574 step 18500  loss 0.7777  skip 0.18  lr 2.80e-04  depth_std 5.0864
2026-07-26 03:41:04,598 step 18550  loss 0.6753  skip 0.19  lr 2.79e-04  depth_std 5.9131
2026-07-26 03:41:22,119 step 18600  loss 1.2595  skip 0.19  lr 2.79e-04  depth_std 9.3354
2026-07-26 03:41:42,675 step 18650  loss 5.0088  skip 0.19  lr 2.79e-04  depth_std 8.6590
2026-07-26 03:41:58,558 step 18700  loss 1.4493  skip 0.19  lr 2.79e-04  depth_std 16.5030
2026-07-26 03:42:16,766 step 18750  loss 0.8125  skip 0.19  lr 2.79e-04  depth_std 12.9751
2026-07-26 03:42:33,696 step 18800  loss 6.6021  skip 0.19  lr 2.79e-04  depth_std 17.2174
2026-07-26 03:42:49,525 step 18850  loss 1.2178  skip 0.19  lr 2.79e-04  depth_std 23.4296
2026-07-26 03:43:06,285 step 18900  loss 1.8068  skip 0.19  lr 2.79e-04  depth_std 16.4503
2026-07-26 03:43:25,246 step 18950  loss 0.9942  skip 0.19  lr 2.78e-04  depth_std 15.6723
2026-07-26 03:43:42,357 step 19000  loss 1.2046  skip 0.19  lr 2.78e-04  depth_std 20.6342
2026-07-26 03:44:00,202 step 19050  loss 1.6172  skip 0.19  lr 2.78e-04  depth_std 22.3060
2026-07-26 03:44:19,306 step 19100  loss 8.1943  skip 0.19  lr 2.78e-04  depth_std 12.7561
2026-07-26 03:44:36,301 step 19150  loss 3.0250  skip 0.19  lr 2.78e-04  depth_std 15.2959
2026-07-26 03:44:51,954 step 19200  loss 1.7251  skip 0.19  lr 2.78e-04  depth_std 5.8309
2026-07-26 03:45:12,194 step 19250  loss 0.3413  skip 0.19  lr 2.78e-04  depth_std 2.6872
2026-07-26 03:45:28,679 step 19300  loss 1.6775  skip 0.19  lr 2.78e-04  depth_std 17.7511
2026-07-26 03:45:44,968 step 19350  loss 2.2613  skip 0.19  lr 2.77e-04  depth_std 20.0089
2026-07-26 03:46:02,661 step 19400  loss 3.8424  skip 0.19  lr 2.77e-04  depth_std 7.5822
2026-07-26 03:46:19,794 step 19450  loss 1.7523  skip 0.19  lr 2.77e-04  depth_std 11.6021
2026-07-26 03:46:36,827 step 19500  loss 1.1969  skip 0.20  lr 2.77e-04  depth_std 17.6411
2026-07-26 03:46:55,084 step 19550  loss 2.6329  skip 0.20  lr 2.77e-04  depth_std 13.8335
2026-07-26 03:47:09,280 step 19600  loss 2.0452  skip 0.20  lr 2.77e-04  depth_std 24.9984
2026-07-26 03:47:28,133 step 19650  loss 2.3554  skip 0.20  lr 2.77e-04  depth_std 32.0233
2026-07-26 03:47:47,300 step 19700  loss 1.3343  skip 0.20  lr 2.76e-04  depth_std 8.4938
2026-07-26 03:48:05,529 step 19750  loss 0.5509  skip 0.20  lr 2.76e-04  depth_std 5.4379
2026-07-26 03:48:19,388 step 19800  loss 1.9989  skip 0.20  lr 2.76e-04  depth_std 26.0608
WARNING: skipping unreadable clip 41625 after retries (image file is truncated)
2026-07-26 03:48:35,233 step 19850  loss 1.3787  skip 0.20  lr 2.76e-04  depth_std 17.7530
2026-07-26 03:48:53,507 step 19900  loss 1.2477  skip 0.20  lr 2.76e-04  depth_std 6.0605
2026-07-26 03:49:09,542 step 19950  loss 2.3178  skip 0.20  lr 2.76e-04  depth_std 25.3100
2026-07-26 03:49:32,964 mixed dataset: 195475 clips from 3 sources (size 256)
2026-07-26 03:49:35,684 step 20000  loss 2.0254  skip 0.20  lr 2.76e-04  depth_std 23.3416
2026-07-26 03:50:09,767 step 20050  loss 0.5728  skip 0.20  lr 2.76e-04  depth_std 9.6779
2026-07-26 03:50:43,851 step 20100  loss 4.5090  skip 0.20  lr 2.75e-04  depth_std 19.3148
2026-07-26 03:51:17,912 step 20150  loss 4.1371  skip 0.20  lr 2.75e-04  depth_std 13.4018
2026-07-26 03:51:51,974 step 20200  loss 1.2109  skip 0.20  lr 2.75e-04  depth_std 15.7669
2026-07-26 03:52:26,067 step 20250  loss 0.9518  skip 0.20  lr 2.75e-04  depth_std 16.3112
2026-07-26 03:53:00,125 step 20300  loss 0.8202  skip 0.20  lr 2.75e-04  depth_std 13.2833
2026-07-26 03:53:34,188 step 20350  loss 1.4273  skip 0.20  lr 2.75e-04  depth_std 15.9738
2026-07-26 03:54:08,275 step 20400  loss 2.2824  skip 0.20  lr 2.75e-04  depth_std 4.0471
2026-07-26 03:54:42,326 step 20450  loss 1.2767  skip 0.20  lr 2.75e-04  depth_std 16.9772
2026-07-26 03:55:16,372 step 20500  loss 2.2651  skip 0.20  lr 2.74e-04  depth_std 17.3307
2026-07-26 03:55:50,455 step 20550  loss 0.6069  skip 0.21  lr 2.74e-04  depth_std 3.4582
2026-07-26 03:56:24,503 step 20600  loss 1.2688  skip 0.21  lr 2.74e-04  depth_std 19.4363
2026-07-26 03:56:58,564 step 20650  loss 8.0784  skip 0.21  lr 2.74e-04  depth_std 3.9222
2026-07-26 03:57:32,591 step 20700  loss 1.3003  skip 0.21  lr 2.74e-04  depth_std 11.7826
2026-07-26 03:58:06,633 step 20750  loss 1.1053  skip 0.21  lr 2.74e-04  depth_std 13.4428
2026-07-26 03:58:40,726 step 20800  loss 2.1669  skip 0.21  lr 2.74e-04  depth_std 6.4106
2026-07-26 03:59:14,785 step 20850  loss 1.1684  skip 0.21  lr 2.73e-04  depth_std 1.6900
2026-07-26 03:59:48,848 step 20900  loss 1.8896  skip 0.21  lr 2.73e-04  depth_std 14.3358
2026-07-26 04:00:22,937 step 20950  loss 0.8395  skip 0.21  lr 2.73e-04  depth_std 16.4078
2026-07-26 04:00:57,004 step 21000  loss 1.9844  skip 0.21  lr 2.73e-04  depth_std 25.9943
2026-07-26 04:01:31,072 step 21050  loss 1.4956  skip 0.21  lr 2.73e-04  depth_std 15.8525
2026-07-26 04:02:05,164 step 21100  loss 0.6188  skip 0.21  lr 2.73e-04  depth_std 15.3761
2026-07-26 04:02:39,227 step 21150  loss 3.9115  skip 0.21  lr 2.73e-04  depth_std 12.0282
2026-07-26 04:03:13,295 step 21200  loss 1.4193  skip 0.21  lr 2.72e-04  depth_std 25.0934
2026-07-26 04:03:47,393 step 21250  loss 1.1492  skip 0.21  lr 2.72e-04  depth_std 13.8363
2026-07-26 04:04:21,459 step 21300  loss 1.5530  skip 0.21  lr 2.72e-04  depth_std 22.4477
2026-07-26 04:04:55,525 step 21350  loss 0.7373  skip 0.21  lr 2.72e-04  depth_std 17.3172
2026-07-26 04:05:29,612 step 21400  loss 3.8884  skip 0.21  lr 2.72e-04  depth_std 6.7334
2026-07-26 04:06:03,674 step 21450  loss 0.3522  skip 0.21  lr 2.72e-04  depth_std 4.2626
2026-07-26 04:06:37,742 step 21500  loss 1.0827  skip 0.21  lr 2.72e-04  depth_std 28.6503
2026-07-26 04:07:11,842 step 21550  loss 0.5051  skip 0.22  lr 2.71e-04  depth_std 2.1948
2026-07-26 04:07:45,910 step 21600  loss 0.8367  skip 0.22  lr 2.71e-04  depth_std 17.1831
2026-07-26 04:08:19,987 step 21650  loss 1.1138  skip 0.22  lr 2.71e-04  depth_std 23.7037
2026-07-26 04:08:54,075 step 21700  loss 0.6623  skip 0.22  lr 2.71e-04  depth_std 10.0237
2026-07-26 04:09:28,140 step 21750  loss 1.4959  skip 0.22  lr 2.71e-04  depth_std 24.8074
2026-07-26 04:10:02,223 step 21800  loss 0.3535  skip 0.22  lr 2.71e-04  depth_std 4.9007
2026-07-26 04:10:36,284 step 21850  loss 1.0142  skip 0.22  lr 2.71e-04  depth_std 21.0005
2026-07-26 04:11:10,346 step 21900  loss 0.4044  skip 0.22  lr 2.70e-04  depth_std 22.5466
2026-07-26 04:11:44,438 step 21950  loss 0.5823  skip 0.22  lr 2.70e-04  depth_std 6.6250
2026-07-26 04:12:18,634 step 22000  loss 0.3642  skip 0.22  lr 2.70e-04  depth_std 1.4956
2026-07-26 04:12:52,688 step 22050  loss 2.3430  skip 0.22  lr 2.70e-04  depth_std 19.1704
2026-07-26 04:13:26,780 step 22100  loss 0.9899  skip 0.22  lr 2.70e-04  depth_std 16.5729
2026-07-26 04:14:00,849 step 22150  loss 1.1719  skip 0.22  lr 2.70e-04  depth_std 13.0747
2026-07-26 04:14:34,905 step 22200  loss 1.2941  skip 0.22  lr 2.70e-04  depth_std 12.1269
2026-07-26 04:15:08,994 step 22250  loss 1.2051  skip 0.22  lr 2.69e-04  depth_std 18.2466
2026-07-26 04:15:43,048 step 22300  loss 1.1708  skip 0.22  lr 2.69e-04  depth_std 4.0775
2026-07-26 04:16:17,130 step 22350  loss 2.2593  skip 0.22  lr 2.69e-04  depth_std 19.8680
2026-07-26 04:16:51,199 step 22400  loss 1.2759  skip 0.22  lr 2.69e-04  depth_std 3.7942
2026-07-26 04:17:25,278 step 22450  loss 1.1496  skip 0.22  lr 2.69e-04  depth_std 6.5684
2026-07-26 04:17:59,370 step 22500  loss 0.5178  skip 0.23  lr 2.69e-04  depth_std 7.6857
2026-07-26 04:18:33,446 step 22550  loss 4.7082  skip 0.23  lr 2.69e-04  depth_std 23.1268
2026-07-26 04:19:07,514 step 22600  loss 1.0670  skip 0.23  lr 2.68e-04  depth_std 9.0020
2026-07-26 04:19:41,613 step 22650  loss 1.4181  skip 0.23  lr 2.68e-04  depth_std 16.0466
2026-07-26 04:20:15,684 step 22700  loss 1.2338  skip 0.23  lr 2.68e-04  depth_std 12.5769
2026-07-26 04:20:49,755 step 22750  loss 1.7223  skip 0.23  lr 2.68e-04  depth_std 22.3819
2026-07-26 04:21:23,846 step 22800  loss 0.6123  skip 0.23  lr 2.68e-04  depth_std 14.2185
2026-07-26 04:21:57,909 step 22850  loss 0.6303  skip 0.23  lr 2.68e-04  depth_std 13.4500
2026-07-26 04:22:31,977 step 22900  loss 1.7063  skip 0.23  lr 2.68e-04  depth_std 27.1942
2026-07-26 04:23:06,068 step 22950  loss 0.8805  skip 0.23  lr 2.67e-04  depth_std 1.4507
2026-07-26 04:23:40,132 step 23000  loss 0.5556  skip 0.23  lr 2.67e-04  depth_std 11.0962
2026-07-26 04:24:14,195 step 23050  loss 1.0166  skip 0.23  lr 2.67e-04  depth_std 13.6779
2026-07-26 04:24:48,299 step 23100  loss 0.4412  skip 0.23  lr 2.67e-04  depth_std 7.6520
2026-07-26 04:25:22,361 step 23150  loss 0.3579  skip 0.23  lr 2.67e-04  depth_std 4.7329
2026-07-26 04:25:56,423 step 23200  loss 0.6027  skip 0.23  lr 2.67e-04  depth_std 2.9413
2026-07-26 04:26:30,521 step 23250  loss 1.4066  skip 0.23  lr 2.67e-04  depth_std 25.7538
2026-07-26 04:27:04,579 step 23300  loss 1.1938  skip 0.23  lr 2.66e-04  depth_std 27.0912
2026-07-26 04:27:38,643 step 23350  loss 1.0562  skip 0.23  lr 2.66e-04  depth_std 17.1450
2026-07-26 04:28:12,749 step 23400  loss 1.2104  skip 0.23  lr 2.66e-04  depth_std 10.0753
2026-07-26 04:28:46,810 step 23450  loss 1.1507  skip 0.23  lr 2.66e-04  depth_std 11.7213
2026-07-26 04:29:20,904 step 23500  loss 1.3834  skip 0.23  lr 2.66e-04  depth_std 20.0675
2026-07-26 04:29:54,975 step 23550  loss 0.4001  skip 0.24  lr 2.66e-04  depth_std 2.7354
2026-07-26 04:30:29,035 step 23600  loss 2.8901  skip 0.24  lr 2.65e-04  depth_std 9.4130
2026-07-26 04:31:03,131 step 23650  loss 0.9159  skip 0.24  lr 2.65e-04  depth_std 2.6482
2026-07-26 04:31:37,200 step 23700  loss 1.5212  skip 0.24  lr 2.65e-04  depth_std 18.7395
2026-07-26 04:32:11,263 step 23750  loss 1.1052  skip 0.24  lr 2.65e-04  depth_std 16.8181
2026-07-26 04:32:45,363 step 23800  loss 1.1634  skip 0.24  lr 2.65e-04  depth_std 33.1466
2026-07-26 04:33:19,419 step 23850  loss 1.0005  skip 0.24  lr 2.65e-04  depth_std 18.6863
2026-07-26 04:33:53,487 step 23900  loss 1.4297  skip 0.24  lr 2.65e-04  depth_std 24.0401
2026-07-26 04:34:27,581 step 23950  loss 2.5268  skip 0.24  lr 2.64e-04  depth_std 20.5949
2026-07-26 04:35:01,785 step 24000  loss 0.4418  skip 0.24  lr 2.64e-04  depth_std 1.7741
2026-07-26 04:35:35,828 step 24050  loss 0.4527  skip 0.24  lr 2.64e-04  depth_std 4.6579
2026-07-26 04:36:09,918 step 24100  loss 1.2894  skip 0.24  lr 2.64e-04  depth_std 18.1285
2026-07-26 04:36:43,984 step 24150  loss 0.8069  skip 0.24  lr 2.64e-04  depth_std 17.3689
2026-07-26 04:37:18,046 step 24200  loss 1.2263  skip 0.24  lr 2.64e-04  depth_std 13.1004
2026-07-26 04:37:52,133 step 24250  loss 1.0293  skip 0.24  lr 2.63e-04  depth_std 17.9646
2026-07-26 04:38:26,209 step 24300  loss 1.7762  skip 0.24  lr 2.63e-04  depth_std 22.1207
2026-07-26 04:39:00,302 step 24350  loss 1.2666  skip 0.24  lr 2.63e-04  depth_std 19.2620
2026-07-26 04:39:34,361 step 24400  loss 4.7957  skip 0.24  lr 2.63e-04  depth_std 4.0878
2026-07-26 04:40:08,413 step 24450  loss 0.8505  skip 0.24  lr 2.63e-04  depth_std 12.8145
2026-07-26 04:40:42,499 step 24500  loss 1.3345  skip 0.24  lr 2.63e-04  depth_std 25.8790
2026-07-26 04:41:16,562 step 24550  loss 2.6165  skip 0.25  lr 2.62e-04  depth_std 26.0458
2026-07-26 04:41:50,629 step 24600  loss 0.8953  skip 0.25  lr 2.62e-04  depth_std 12.6594
2026-07-26 04:42:24,697 step 24650  loss 1.3716  skip 0.25  lr 2.62e-04  depth_std 13.7648
2026-07-26 04:42:58,756 step 24700  loss 1.2621  skip 0.25  lr 2.62e-04  depth_std 15.3784
2026-07-26 04:43:32,805 step 24750  loss 1.0427  skip 0.25  lr 2.62e-04  depth_std 19.7879
2026-07-26 04:44:06,868 step 24800  loss 0.8932  skip 0.25  lr 2.62e-04  depth_std 19.8951
2026-07-26 04:44:40,932 step 24850  loss 0.9406  skip 0.25  lr 2.62e-04  depth_std 24.8333
2026-07-26 04:45:14,994 step 24900  loss 1.2035  skip 0.25  lr 2.61e-04  depth_std 20.2039
2026-07-26 04:45:49,072 step 24950  loss 1.4938  skip 0.25  lr 2.61e-04  depth_std 24.0527
2026-07-26 04:46:23,139 step 25000  loss 0.5334  skip 0.25  lr 2.61e-04  depth_std 23.0895
2026-07-26 04:46:57,205 step 25050  loss 1.2850  skip 0.25  lr 2.61e-04  depth_std 15.0724
2026-07-26 04:47:31,283 step 25100  loss 2.1317  skip 0.25  lr 2.61e-04  depth_std 5.1937
2026-07-26 04:48:05,344 step 25150  loss 0.7892  skip 0.25  lr 2.61e-04  depth_std 2.5008
2026-07-26 04:48:39,403 step 25200  loss 1.8639  skip 0.25  lr 2.60e-04  depth_std 19.0369
2026-07-26 04:49:13,478 step 25250  loss 1.6057  skip 0.25  lr 2.60e-04  depth_std 16.3162
2026-07-26 04:49:47,546 step 25300  loss 1.7476  skip 0.25  lr 2.60e-04  depth_std 25.7726
2026-07-26 04:50:21,623 step 25350  loss 1.6730  skip 0.25  lr 2.60e-04  depth_std 11.7479
2026-07-26 04:50:55,716 step 25400  loss 0.9547  skip 0.25  lr 2.60e-04  depth_std 9.7655
2026-07-26 04:51:29,760 step 25450  loss 0.2970  skip 0.25  lr 2.60e-04  depth_std 3.2746
2026-07-26 04:52:03,819 step 25500  loss 1.4218  skip 0.26  lr 2.59e-04  depth_std 17.4129
2026-07-26 04:52:37,858 step 25550  loss 0.3857  skip 0.26  lr 2.59e-04  depth_std 1.7178
2026-07-26 04:53:11,908 step 25600  loss 1.3410  skip 0.26  lr 2.59e-04  depth_std 7.2617
2026-07-26 04:53:46,016 step 25650  loss 2.8917  skip 0.26  lr 2.59e-04  depth_std 20.8245
2026-07-26 04:54:20,089 step 25700  loss 0.4909  skip 0.26  lr 2.59e-04  depth_std 19.0151
2026-07-26 04:54:54,162 step 25750  loss 0.2781  skip 0.26  lr 2.59e-04  depth_std 9.3389
2026-07-26 04:55:28,252 step 25800  loss 0.9306  skip 0.26  lr 2.58e-04  depth_std 26.3387
2026-07-26 04:56:02,318 step 25850  loss 1.7166  skip 0.26  lr 2.58e-04  depth_std 15.1012
2026-07-26 04:56:36,392 step 25900  loss 3.1689  skip 0.26  lr 2.58e-04  depth_std 6.8437
2026-07-26 04:57:10,487 step 25950  loss 2.8788  skip 0.26  lr 2.58e-04  depth_std 20.3654
2026-07-26 04:57:44,693 step 26000  loss 1.9698  skip 0.26  lr 2.58e-04  depth_std 21.1382
2026-07-26 04:58:18,723 step 26050  loss 1.1224  skip 0.26  lr 2.58e-04  depth_std 16.1834
2026-07-26 04:58:52,806 step 26100  loss 10.3226  skip 0.26  lr 2.57e-04  depth_std 6.1391
2026-07-26 04:59:26,866 step 26150  loss 0.9076  skip 0.26  lr 2.57e-04  depth_std 23.8177
2026-07-26 05:00:00,965 step 26200  loss 1.2020  skip 0.26  lr 2.57e-04  depth_std 19.4580
2026-07-26 05:00:35,057 step 26250  loss 1.4188  skip 0.26  lr 2.57e-04  depth_std 27.2603
2026-07-26 05:01:09,144 step 26300  loss 1.8696  skip 0.26  lr 2.57e-04  depth_std 26.6247
2026-07-26 05:01:43,252 step 26350  loss 0.3777  skip 0.26  lr 2.57e-04  depth_std 1.8308
2026-07-26 05:02:18,744 step 26400  loss 0.2638  skip 0.26  lr 2.56e-04  depth_std 9.3470
2026-07-26 05:02:52,831 step 26450  loss 0.9669  skip 0.26  lr 2.56e-04  depth_std 23.2273
2026-07-26 05:03:26,917 step 26500  loss 1.6909  skip 0.27  lr 2.56e-04  depth_std 15.1284
2026-07-26 05:04:00,999 step 26550  loss 1.3121  skip 0.27  lr 2.56e-04  depth_std 25.1223
2026-07-26 05:04:35,090 step 26600  loss 1.1558  skip 0.27  lr 2.56e-04  depth_std 11.8400
2026-07-26 05:05:09,196 step 26650  loss 0.6760  skip 0.27  lr 2.56e-04  depth_std 3.8663
2026-07-26 05:05:43,260 step 26700  loss 1.9418  skip 0.27  lr 2.55e-04  depth_std 20.2119
2026-07-26 05:06:17,332 step 26750  loss 0.9365  skip 0.27  lr 2.55e-04  depth_std 20.2709
2026-07-26 05:06:52,557 step 26800  loss 1.0006  skip 0.27  lr 2.55e-04  depth_std 16.6693
2026-07-26 05:07:27,981 step 26850  loss 4.1256  skip 0.27  lr 2.55e-04  depth_std 13.4622
2026-07-26 05:08:06,249 step 26900  loss 2.7072  skip 0.27  lr 2.55e-04  depth_std 5.4500
2026-07-26 05:08:46,228 step 26950  loss 0.8559  skip 0.27  lr 2.55e-04  depth_std 3.5255
2026-07-26 05:09:25,564 step 27000  loss 0.4220  skip 0.27  lr 2.54e-04  depth_std 13.2936
2026-07-26 05:10:04,158 step 27050  loss 0.3831  skip 0.27  lr 2.54e-04  depth_std 17.7329
2026-07-26 05:10:43,421 step 27100  loss 0.3234  skip 0.27  lr 2.54e-04  depth_std 7.6410
2026-07-26 05:11:27,545 step 27150  loss 1.0706  skip 0.27  lr 2.54e-04  depth_std 3.3023
2026-07-26 05:12:08,858 step 27200  loss 0.4477  skip 0.27  lr 2.54e-04  depth_std 4.1426
2026-07-26 05:12:50,116 step 27250  loss 0.6663  skip 0.27  lr 2.53e-04  depth_std 4.6500
2026-07-26 05:13:36,279 step 27300  loss 3.3286  skip 0.27  lr 2.53e-04  depth_std 16.5106
2026-07-26 05:14:22,497 step 27350  loss 0.5263  skip 0.27  lr 2.53e-04  depth_std 17.0660
2026-07-26 05:15:06,683 step 27400  loss 3.1734  skip 0.27  lr 2.53e-04  depth_std 14.8999
2026-07-26 05:15:43,932 step 27450  loss 1.5559  skip 0.27  lr 2.53e-04  depth_std 7.5427
2026-07-26 05:16:21,786 step 27500  loss 1.5436  skip 0.28  lr 2.53e-04  depth_std 15.5618
2026-07-26 05:16:59,297 step 27550  loss 0.3557  skip 0.28  lr 2.52e-04  depth_std 14.1666
2026-07-26 05:17:36,585 step 27600  loss 1.2746  skip 0.28  lr 2.52e-04  depth_std 20.4218
2026-07-26 05:18:13,925 step 27650  loss 2.0693  skip 0.28  lr 2.52e-04  depth_std 4.8921
2026-07-26 05:18:55,575 step 27700  loss 2.1270  skip 0.28  lr 2.52e-04  depth_std 27.3146
2026-07-26 05:19:41,858 step 27750  loss 2.6740  skip 0.28  lr 2.52e-04  depth_std 26.2945
2026-07-26 05:20:28,201 step 27800  loss 4.0279  skip 0.28  lr 2.52e-04  depth_std 25.9108
2026-07-26 05:21:14,360 step 27850  loss 5.0837  skip 0.28  lr 2.51e-04  depth_std 12.9970
2026-07-26 05:21:58,622 step 27900  loss 1.3831  skip 0.28  lr 2.51e-04  depth_std 31.8748
2026-07-26 05:22:43,693 step 27950  loss 1.3935  skip 0.28  lr 2.51e-04  depth_std 27.6504
2026-07-26 05:23:30,108 step 28000  loss 1.0925  skip 0.28  lr 2.51e-04  depth_std 18.4560
2026-07-26 05:24:16,483 step 28050  loss 0.8134  skip 0.28  lr 2.51e-04  depth_std 4.4540
2026-07-26 05:25:02,853 step 28100  loss 1.0504  skip 0.28  lr 2.50e-04  depth_std 29.5040
2026-07-26 05:25:47,850 step 28150  loss 1.2193  skip 0.28  lr 2.50e-04  depth_std 19.3859
2026-07-26 05:26:32,131 step 28200  loss 0.5444  skip 0.28  lr 2.50e-04  depth_std 11.4316
2026-07-26 05:27:18,608 step 28250  loss 1.9129  skip 0.28  lr 2.50e-04  depth_std 26.4150
2026-07-26 05:28:05,265 step 28300  loss 0.9294  skip 0.28  lr 2.50e-04  depth_std 5.3080
2026-07-26 05:28:51,689 step 28350  loss 1.1641  skip 0.28  lr 2.50e-04  depth_std 3.9752
2026-07-26 05:29:37,002 step 28400  loss 0.8412  skip 0.28  lr 2.49e-04  depth_std 12.3942
2026-07-26 05:30:21,444 step 28450  loss 2.7537  skip 0.28  lr 2.49e-04  depth_std 22.5029
2026-07-26 05:31:07,618 step 28500  loss 1.3591  skip 0.28  lr 2.49e-04  depth_std 17.4399
2026-07-26 05:31:54,073 step 28550  loss 0.5369  skip 0.29  lr 2.49e-04  depth_std 14.4532
2026-07-26 05:32:40,414 step 28600  loss 2.8986  skip 0.29  lr 2.49e-04  depth_std 22.5001
2026-07-26 05:33:26,279 step 28650  loss 3.6504  skip 0.29  lr 2.49e-04  depth_std 12.8565
2026-07-26 05:34:10,470 step 28700  loss 1.5080  skip 0.29  lr 2.48e-04  depth_std 29.9632
2026-07-26 05:34:55,205 step 28750  loss 0.9561  skip 0.29  lr 2.48e-04  depth_std 13.5186
2026-07-26 05:35:39,859 step 28800  loss 0.4709  skip 0.29  lr 2.48e-04  depth_std 12.6013
2026-07-26 05:36:26,004 step 28850  loss 1.4127  skip 0.29  lr 2.48e-04  depth_std 7.9839
2026-07-26 05:37:12,088 step 28900  loss 2.3338  skip 0.29  lr 2.48e-04  depth_std 20.8161
2026-07-26 05:38:03,702 step 28950  loss 2.3759  skip 0.29  lr 2.47e-04  depth_std 18.2539
2026-07-26 05:38:48,941 step 29000  loss 2.5351  skip 0.29  lr 2.47e-04  depth_std 17.2433
2026-07-26 05:39:37,440 step 29050  loss 0.7457  skip 0.29  lr 2.47e-04  depth_std 16.5449
2026-07-26 05:40:25,304 step 29100  loss 1.2340  skip 0.29  lr 2.47e-04  depth_std 18.2310
2026-07-26 05:41:13,565 step 29150  loss 2.1531  skip 0.29  lr 2.47e-04  depth_std 25.1195
2026-07-26 05:42:01,760 step 29200  loss 1.6467  skip 0.29  lr 2.46e-04  depth_std 23.0939
2026-07-26 05:42:49,954 step 29250  loss 0.5622  skip 0.29  lr 2.46e-04  depth_std 14.5768
2026-07-26 05:43:36,510 step 29300  loss 0.7030  skip 0.29  lr 2.46e-04  depth_std 7.3449
2026-07-26 05:44:21,395 step 29350  loss 2.1656  skip 0.29  lr 2.46e-04  depth_std 23.8853
2026-07-26 05:45:05,474 step 29400  loss 1.9169  skip 0.29  lr 2.46e-04  depth_std 26.8579
2026-07-26 05:45:43,963 step 29450  loss 2.2584  skip 0.29  lr 2.46e-04  depth_std 20.0116
2026-07-26 05:46:33,626 step 29500  loss 0.7530  skip 0.29  lr 2.45e-04  depth_std 7.9381
2026-07-26 05:47:19,668 step 29550  loss 1.4345  skip 0.30  lr 2.45e-04  depth_std 23.3488
2026-07-26 05:48:05,658 step 29600  loss 1.6308  skip 0.30  lr 2.45e-04  depth_std 17.5200
2026-07-26 05:48:50,623 step 29650  loss 1.2213  skip 0.30  lr 2.45e-04  depth_std 28.8837
2026-07-26 05:49:34,819 step 29700  loss 1.7096  skip 0.30  lr 2.45e-04  depth_std 17.4765
2026-07-26 05:50:20,774 step 29750  loss 0.7860  skip 0.30  lr 2.44e-04  depth_std 16.1747
2026-07-26 05:51:06,575 step 29800  loss 1.0336  skip 0.30  lr 2.44e-04  depth_std 19.8929
2026-07-26 05:51:49,934 step 29850  loss 0.9666  skip 0.30  lr 2.44e-04  depth_std 32.1656
2026-07-26 05:52:33,333 step 29900  loss 2.4277  skip 0.30  lr 2.44e-04  depth_std 6.7474
2026-07-26 05:53:16,897 step 29950  loss 1.0005  skip 0.30  lr 2.44e-04  depth_std 20.6247
2026-07-26 05:53:59,115 step 30000  loss 0.5917  skip 0.30  lr 2.44e-04  depth_std 24.9594
2026-07-26 05:54:41,990 step 30050  loss 1.5939  skip 0.30  lr 2.43e-04  depth_std 23.5868
2026-07-26 05:55:24,378 step 30100  loss 0.7996  skip 0.30  lr 2.43e-04  depth_std 6.5208
2026-07-26 05:56:08,224 step 30150  loss 0.3804  skip 0.30  lr 2.43e-04  depth_std 4.8121
2026-07-26 05:56:50,929 step 30200  loss 1.1658  skip 0.30  lr 2.43e-04  depth_std 15.6511
2026-07-26 05:57:33,586 step 30250  loss 1.2810  skip 0.30  lr 2.43e-04  depth_std 12.5868
2026-07-26 05:58:16,332 step 30300  loss 1.4613  skip 0.30  lr 2.42e-04  depth_std 25.8310
2026-07-26 05:58:59,537 step 30350  loss 0.8010  skip 0.30  lr 2.42e-04  depth_std 16.2397
2026-07-26 05:59:42,068 step 30400  loss 1.8056  skip 0.30  lr 2.42e-04  depth_std 27.7714
2026-07-26 06:00:25,880 step 30450  loss 0.8928  skip 0.30  lr 2.42e-04  depth_std 20.6391
2026-07-26 06:01:09,155 step 30500  loss 0.9739  skip 0.30  lr 2.42e-04  depth_std 6.6383
2026-07-26 06:01:53,190 step 30550  loss 0.5545  skip 0.31  lr 2.41e-04  depth_std 20.6618
2026-07-26 06:02:35,801 step 30600  loss 2.2156  skip 0.31  lr 2.41e-04  depth_std 23.4946
2026-07-26 06:03:20,148 step 30650  loss 1.0267  skip 0.31  lr 2.41e-04  depth_std 21.4602
2026-07-26 06:04:03,098 step 30700  loss 1.3366  skip 0.31  lr 2.41e-04  depth_std 27.7546
2026-07-26 06:04:46,414 step 30750  loss 0.4883  skip 0.31  lr 2.41e-04  depth_std 13.2541
2026-07-26 06:05:29,535 step 30800  loss 2.2268  skip 0.31  lr 2.40e-04  depth_std 8.5334
2026-07-26 06:06:12,125 step 30850  loss 1.5096  skip 0.31  lr 2.40e-04  depth_std 24.6741
2026-07-26 06:06:55,139 step 30900  loss 0.7252  skip 0.31  lr 2.40e-04  depth_std 3.8010
2026-07-26 06:07:39,209 step 30950  loss 2.1160  skip 0.31  lr 2.40e-04  depth_std 27.7483
2026-07-26 06:08:23,307 step 31000  loss 0.9324  skip 0.31  lr 2.40e-04  depth_std 20.8976
2026-07-26 06:09:07,136 step 31050  loss 2.1060  skip 0.31  lr 2.40e-04  depth_std 23.0023
2026-07-26 06:09:50,691 step 31100  loss 1.3135  skip 0.31  lr 2.39e-04  depth_std 21.4651
2026-07-26 06:10:34,618 step 31150  loss 2.1522  skip 0.31  lr 2.39e-04  depth_std 20.5750
2026-07-26 06:11:19,245 step 31200  loss 1.5995  skip 0.31  lr 2.39e-04  depth_std 36.6376
2026-07-26 06:12:03,744 step 31250  loss 3.2791  skip 0.31  lr 2.39e-04  depth_std 26.5564
2026-07-26 06:12:47,625 step 31300  loss 7.1694  skip 0.31  lr 2.39e-04  depth_std 26.4833
2026-07-26 06:13:30,277 step 31350  loss 1.7581  skip 0.31  lr 2.38e-04  depth_std 16.8494
2026-07-26 06:14:14,182 step 31400  loss 1.3037  skip 0.31  lr 2.38e-04  depth_std 30.7879
2026-07-26 06:14:57,710 step 31450  loss 0.4315  skip 0.31  lr 2.38e-04  depth_std 5.2053
2026-07-26 06:15:41,924 step 31500  loss 1.3553  skip 0.32  lr 2.38e-04  depth_std 22.3473
2026-07-26 06:16:27,835 step 31550  loss 0.9480  skip 0.32  lr 2.38e-04  depth_std 13.6434
2026-07-26 06:17:13,312 step 31600  loss 1.0507  skip 0.32  lr 2.37e-04  depth_std 8.8248
2026-07-26 06:17:49,718 step 31650  loss 0.8486  skip 0.32  lr 2.37e-04  depth_std 8.1086
2026-07-26 06:18:25,599 step 31700  loss 0.5608  skip 0.32  lr 2.37e-04  depth_std 9.6402
2026-07-26 06:19:11,375 step 31750  loss 1.3893  skip 0.32  lr 2.37e-04  depth_std 26.9336
2026-07-26 06:19:57,048 step 31800  loss 6.8087  skip 0.32  lr 2.37e-04  depth_std 16.7737
2026-07-26 06:20:42,753 step 31850  loss 1.4606  skip 0.32  lr 2.36e-04  depth_std 18.6502
2026-07-26 06:21:27,275 step 31900  loss 2.3113  skip 0.32  lr 2.36e-04  depth_std 11.0485
2026-07-26 06:22:11,131 step 31950  loss 2.9472  skip 0.32  lr 2.36e-04  depth_std 14.5488
2026-07-26 06:22:56,913 step 32000  loss 0.8761  skip 0.32  lr 2.36e-04  depth_std 25.7491
2026-07-26 06:23:42,637 step 32050  loss 2.4049  skip 0.32  lr 2.36e-04  depth_std 17.7836
2026-07-26 06:24:28,482 step 32100  loss 3.6380  skip 0.32  lr 2.35e-04  depth_std 26.0363
2026-07-26 06:25:13,964 step 32150  loss 0.7373  skip 0.32  lr 2.35e-04  depth_std 22.9495
2026-07-26 06:25:58,150 step 32200  loss 0.8923  skip 0.32  lr 2.35e-04  depth_std 19.4614
2026-07-26 06:26:42,312 step 32250  loss 1.5797  skip 0.32  lr 2.35e-04  depth_std 31.3118
2026-07-26 06:27:28,168 step 32300  loss 0.2307  skip 0.32  lr 2.35e-04  depth_std 1.3141
2026-07-26 06:28:13,946 step 32350  loss 0.5806  skip 0.32  lr 2.34e-04  depth_std 26.6924
2026-07-26 06:28:59,609 step 32400  loss 1.5398  skip 0.32  lr 2.34e-04  depth_std 23.5958
2026-07-26 06:29:44,610 step 32450  loss 1.0942  skip 0.32  lr 2.34e-04  depth_std 20.0891
2026-07-26 06:30:28,452 step 32500  loss 0.9502  skip 0.33  lr 2.34e-04  depth_std 23.1414
2026-07-26 06:31:13,517 step 32550  loss 2.4895  skip 0.33  lr 2.34e-04  depth_std 14.2431
2026-07-26 06:31:59,213 step 32600  loss 1.5981  skip 0.33  lr 2.33e-04  depth_std 3.7216
2026-07-26 06:32:44,918 step 32650  loss 2.9869  skip 0.33  lr 2.33e-04  depth_std 15.1927
2026-07-26 06:33:30,540 step 32700  loss 0.6967  skip 0.33  lr 2.33e-04  depth_std 17.3401
WARNING: skipping unreadable clip 42353 after retries (image file is truncated)
2026-07-26 06:34:15,211 step 32750  loss 5.5705  skip 0.33  lr 2.33e-04  depth_std 30.4395
2026-07-26 06:34:59,256 step 32800  loss 1.5914  skip 0.33  lr 2.33e-04  depth_std 23.2085
2026-07-26 06:35:45,054 step 32850  loss 1.3313  skip 0.33  lr 2.32e-04  depth_std 17.5874
2026-07-26 06:36:30,674 step 32900  loss 1.0176  skip 0.33  lr 2.32e-04  depth_std 11.2780
2026-07-26 06:37:16,580 step 32950  loss 3.6691  skip 0.33  lr 2.32e-04  depth_std 13.2223
2026-07-26 06:38:02,005 step 33000  loss 0.8884  skip 0.33  lr 2.32e-04  depth_std 20.2395
2026-07-26 06:38:46,161 step 33050  loss 0.8288  skip 0.33  lr 2.32e-04  depth_std 22.1312
2026-07-26 06:39:30,702 step 33100  loss 4.3505  skip 0.33  lr 2.31e-04  depth_std 17.1436
2026-07-26 06:40:16,314 step 33150  loss 1.8087  skip 0.33  lr 2.31e-04  depth_std 20.6084
2026-07-26 06:41:02,153 step 33200  loss 0.0977  skip 0.33  lr 2.31e-04  depth_std 4.2867
2026-07-26 06:41:47,810 step 33250  loss 0.3889  skip 0.33  lr 2.31e-04  depth_std 3.8626
2026-07-26 06:42:32,574 step 33300  loss 2.8996  skip 0.33  lr 2.31e-04  depth_std 25.1144
2026-07-26 06:43:16,669 step 33350  loss 0.8355  skip 0.33  lr 2.30e-04  depth_std 6.4517
2026-07-26 06:44:01,920 step 33400  loss 0.5961  skip 0.33  lr 2.30e-04  depth_std 10.8139
2026-07-26 06:44:47,567 step 33450  loss 0.8642  skip 0.33  lr 2.30e-04  depth_std 18.7931
2026-07-26 06:45:33,219 step 33500  loss 3.1758  skip 0.34  lr 2.30e-04  depth_std 11.7414
2026-07-26 06:46:18,989 step 33550  loss 1.1285  skip 0.34  lr 2.30e-04  depth_std 16.6589
2026-07-26 06:47:03,329 step 33600  loss 1.0835  skip 0.34  lr 2.29e-04  depth_std 21.8793
2026-07-26 06:47:47,047 step 33650  loss 0.9614  skip 0.34  lr 2.29e-04  depth_std 20.8393
2026-07-26 06:48:31,812 step 33700  loss 2.2223  skip 0.34  lr 2.29e-04  depth_std 24.1183
2026-07-26 06:49:17,530 step 33750  loss 0.3674  skip 0.34  lr 2.29e-04  depth_std 4.5599
2026-07-26 06:50:03,103 step 33800  loss 0.3209  skip 0.34  lr 2.29e-04  depth_std 9.6079
2026-07-26 06:50:48,679 step 33850  loss 0.2372  skip 0.34  lr 2.28e-04  depth_std 5.7366
2026-07-26 06:51:32,661 step 33900  loss 1.1461  skip 0.34  lr 2.28e-04  depth_std 19.2288
2026-07-26 06:52:17,015 step 33950  loss 1.1134  skip 0.34  lr 2.28e-04  depth_std 9.7503
2026-07-26 06:53:02,962 step 34000  loss 3.5233  skip 0.34  lr 2.28e-04  depth_std 26.1101
2026-07-26 06:53:48,626 step 34050  loss 2.3267  skip 0.34  lr 2.28e-04  depth_std 29.3954
2026-07-26 06:54:34,216 step 34100  loss 0.5964  skip 0.34  lr 2.27e-04  depth_std 12.5658
2026-07-26 06:55:19,054 step 34150  loss 2.4797  skip 0.34  lr 2.27e-04  depth_std 32.4678
2026-07-26 06:56:02,966 step 34200  loss 0.8336  skip 0.34  lr 2.27e-04  depth_std 13.2502
2026-07-26 06:56:48,180 step 34250  loss 0.2318  skip 0.34  lr 2.27e-04  depth_std 1.6611
2026-07-26 06:57:33,835 step 34300  loss 0.9308  skip 0.34  lr 2.27e-04  depth_std 19.7286
2026-07-26 06:58:19,328 step 34350  loss 0.5639  skip 0.34  lr 2.26e-04  depth_std 10.3189
2026-07-26 06:59:04,989 step 34400  loss 0.7549  skip 0.34  lr 2.26e-04  depth_std 23.9095
2026-07-26 06:59:49,240 step 34450  loss 1.9040  skip 0.34  lr 2.26e-04  depth_std 15.6309
2026-07-26 07:00:33,071 step 34500  loss 2.1536  skip 0.34  lr 2.26e-04  depth_std 25.5769
2026-07-26 07:01:19,023 step 34550  loss 2.2130  skip 0.35  lr 2.25e-04  depth_std 15.2166
2026-07-26 07:02:04,760 step 34600  loss 0.5161  skip 0.35  lr 2.25e-04  depth_std 28.5227
2026-07-26 07:02:50,317 step 34650  loss 0.7584  skip 0.35  lr 2.25e-04  depth_std 20.6648
2026-07-26 07:03:35,550 step 34700  loss 0.8703  skip 0.35  lr 2.25e-04  depth_std 8.9248
2026-07-26 07:04:19,517 step 34750  loss 1.2342  skip 0.35  lr 2.25e-04  depth_std 28.7246
2026-07-26 07:05:04,185 step 34800  loss 1.1848  skip 0.35  lr 2.24e-04  depth_std 16.1242
2026-07-26 07:05:49,749 step 34850  loss 0.8303  skip 0.35  lr 2.24e-04  depth_std 19.8890
2026-07-26 07:06:35,402 step 34900  loss 1.4079  skip 0.35  lr 2.24e-04  depth_std 25.2711
2026-07-26 07:07:21,018 step 34950  loss 0.5814  skip 0.35  lr 2.24e-04  depth_std 19.6357
2026-07-26 07:08:05,658 step 35000  loss 0.6983  skip 0.35  lr 2.24e-04  depth_std 22.4972
2026-07-26 07:08:49,639 step 35050  loss 0.5363  skip 0.35  lr 2.23e-04  depth_std 3.0197
2026-07-26 07:09:34,850 step 35100  loss 4.3465  skip 0.35  lr 2.23e-04  depth_std 19.2024
2026-07-26 07:10:20,659 step 35150  loss 3.2816  skip 0.35  lr 2.23e-04  depth_std 20.7507
2026-07-26 07:11:06,284 step 35200  loss 3.6487  skip 0.35  lr 2.23e-04  depth_std 13.9446
2026-07-26 07:11:51,632 step 35250  loss 0.5880  skip 0.35  lr 2.23e-04  depth_std 21.1589
2026-07-26 07:12:35,685 step 35300  loss 0.6699  skip 0.35  lr 2.22e-04  depth_std 18.3346
2026-07-26 07:13:19,628 step 35350  loss 0.4974  skip 0.35  lr 2.22e-04  depth_std 4.9239
2026-07-26 07:14:04,048 step 35400  loss 0.2216  skip 0.35  lr 2.22e-04  depth_std 5.9576
2026-07-26 07:14:51,072 step 35450  loss 2.7262  skip 0.35  lr 2.22e-04  depth_std 32.0342
2026-07-26 07:15:37,571 step 35500  loss 2.9166  skip 0.35  lr 2.22e-04  depth_std 16.8554
2026-07-26 07:16:22,968 step 35550  loss 1.6659  skip 0.36  lr 2.21e-04  depth_std 23.3264
2026-07-26 07:17:08,263 step 35600  loss 3.1708  skip 0.36  lr 2.21e-04  depth_std 9.9792
2026-07-26 07:17:47,308 step 35650  loss 1.2459  skip 0.36  lr 2.21e-04  depth_std 25.4737
2026-07-26 07:18:34,100 step 35700  loss 1.7695  skip 0.36  lr 2.21e-04  depth_std 31.4296
2026-07-26 07:19:20,969 step 35750  loss 0.8867  skip 0.36  lr 2.20e-04  depth_std 21.4861
2026-07-26 07:20:07,390 step 35800  loss 0.3134  skip 0.36  lr 2.20e-04  depth_std 9.7916
2026-07-26 07:20:51,956 step 35850  loss 1.8282  skip 0.36  lr 2.20e-04  depth_std 29.8558
2026-07-26 07:21:38,940 step 35900  loss 1.1831  skip 0.36  lr 2.20e-04  depth_std 21.0113
2026-07-26 07:22:25,708 step 35950  loss 3.0669  skip 0.36  lr 2.20e-04  depth_std 14.1905
2026-07-26 07:23:13,110 step 36000  loss 0.8503  skip 0.36  lr 2.19e-04  depth_std 20.8015
2026-07-26 07:23:58,597 step 36050  loss 0.9347  skip 0.36  lr 2.19e-04  depth_std 2.7070
2026-07-26 07:24:43,849 step 36100  loss 0.9880  skip 0.36  lr 2.19e-04  depth_std 26.8258
2026-07-26 07:25:31,088 step 36150  loss 2.6816  skip 0.36  lr 2.19e-04  depth_std 15.3132
2026-07-26 07:26:18,265 step 36200  loss 0.9846  skip 0.36  lr 2.19e-04  depth_std 22.6706
2026-07-26 07:27:05,141 step 36250  loss 3.1163  skip 0.36  lr 2.18e-04  depth_std 21.4995
2026-07-26 07:27:49,946 step 36300  loss 1.1483  skip 0.36  lr 2.18e-04  depth_std 18.1275
2026-07-26 07:28:36,567 step 36350  loss 0.8822  skip 0.36  lr 2.18e-04  depth_std 14.6015
2026-07-26 07:29:23,529 step 36400  loss 0.4604  skip 0.36  lr 2.18e-04  depth_std 4.1794
2026-07-26 07:30:10,624 step 36450  loss 0.8656  skip 0.36  lr 2.17e-04  depth_std 24.1472
2026-07-26 07:30:56,876 step 36500  loss 1.0419  skip 0.36  lr 2.17e-04  depth_std 15.7499
2026-07-26 07:31:41,721 step 36550  loss 0.2397  skip 0.37  lr 2.17e-04  depth_std 1.1937
2026-07-26 07:32:28,870 step 36600  loss 0.5160  skip 0.37  lr 2.17e-04  depth_std 10.3769
2026-07-26 07:33:15,589 step 36650  loss 0.7001  skip 0.37  lr 2.17e-04  depth_std 17.5587
2026-07-26 07:34:02,676 step 36700  loss 1.3972  skip 0.37  lr 2.16e-04  depth_std 26.5969
2026-07-26 07:34:47,813 step 36750  loss 5.5834  skip 0.37  lr 2.16e-04  depth_std 3.3178
2026-07-26 07:35:33,080 step 36800  loss 0.4377  skip 0.37  lr 2.16e-04  depth_std 9.2493
2026-07-26 07:36:13,163 step 36850  loss 2.6024  skip 0.37  lr 2.16e-04  depth_std 17.6572
2026-07-26 07:36:48,230 step 36900  loss 1.0614  skip 0.37  lr 2.16e-04  depth_std 18.4660
2026-07-26 07:37:23,407 step 36950  loss 1.4087  skip 0.37  lr 2.15e-04  depth_std 29.0037
2026-07-26 07:37:58,786 step 37000  loss 1.0355  skip 0.37  lr 2.15e-04  depth_std 12.0219
2026-07-26 07:38:33,831 step 37050  loss 3.6014  skip 0.37  lr 2.15e-04  depth_std 20.0573
2026-07-26 07:39:16,221 step 37100  loss 0.7864  skip 0.37  lr 2.15e-04  depth_std 12.7559
2026-07-26 07:40:01,487 step 37150  loss 1.6658  skip 0.37  lr 2.14e-04  depth_std 14.5735
2026-07-26 07:40:46,897 step 37200  loss 1.6574  skip 0.37  lr 2.14e-04  depth_std 20.7766
2026-07-26 07:41:32,247 step 37250  loss 0.3488  skip 0.37  lr 2.14e-04  depth_std 8.4961
2026-07-26 07:42:17,567 step 37300  loss 1.8108  skip 0.37  lr 2.14e-04  depth_std 29.0377
2026-07-26 07:43:02,430 step 37350  loss 0.4361  skip 0.37  lr 2.14e-04  depth_std 6.4299
2026-07-26 07:43:46,689 step 37400  loss 1.4220  skip 0.37  lr 2.13e-04  depth_std 20.1061
2026-07-26 07:44:32,366 step 37450  loss 0.4876  skip 0.37  lr 2.13e-04  depth_std 0.7046
2026-07-26 07:45:18,094 step 37500  loss 0.8057  skip 0.38  lr 2.13e-04  depth_std 21.7300
2026-07-26 07:46:03,111 step 37550  loss 0.7209  skip 0.38  lr 2.13e-04  depth_std 3.2491
2026-07-26 07:46:47,066 step 37600  loss 4.1720  skip 0.38  lr 2.12e-04  depth_std 23.1053
2026-07-26 07:47:31,878 step 37650  loss 0.2854  skip 0.38  lr 2.12e-04  depth_std 2.1311
2026-07-26 07:48:17,437 step 37700  loss 1.6939  skip 0.38  lr 2.12e-04  depth_std 21.9502
2026-07-26 07:49:03,279 step 37750  loss 1.5369  skip 0.38  lr 2.12e-04  depth_std 23.6586
2026-07-26 07:49:49,064 step 37800  loss 2.0554  skip 0.38  lr 2.12e-04  depth_std 28.9678
2026-07-26 07:50:33,709 step 37850  loss 1.6329  skip 0.38  lr 2.11e-04  depth_std 19.3402
2026-07-26 07:51:17,600 step 37900  loss 0.6968  skip 0.38  lr 2.11e-04  depth_std 12.8830
2026-07-26 07:52:02,996 step 37950  loss 1.3362  skip 0.38  lr 2.11e-04  depth_std 31.0564
2026-07-26 07:52:48,983 step 38000  loss 1.5529  skip 0.38  lr 2.11e-04  depth_std 21.6243
2026-07-26 07:53:34,716 step 38050  loss 0.3463  skip 0.38  lr 2.10e-04  depth_std 2.0549
2026-07-26 07:54:20,317 step 38100  loss 0.9417  skip 0.38  lr 2.10e-04  depth_std 25.6906
2026-07-26 07:55:04,679 step 38150  loss 0.7861  skip 0.38  lr 2.10e-04  depth_std 20.8241
2026-07-26 07:55:48,503 step 38200  loss 1.6698  skip 0.38  lr 2.10e-04  depth_std 19.5082
2026-07-26 07:56:34,294 step 38250  loss 1.3799  skip 0.38  lr 2.10e-04  depth_std 24.1095
2026-07-26 07:57:19,768 step 38300  loss 0.5678  skip 0.38  lr 2.09e-04  depth_std 16.6129
2026-07-26 07:58:05,439 step 38350  loss 1.3230  skip 0.38  lr 2.09e-04  depth_std 22.4577
2026-07-26 07:58:50,679 step 38400  loss 0.7726  skip 0.38  lr 2.09e-04  depth_std 24.7916
2026-07-26 07:59:34,552 step 38450  loss 1.4924  skip 0.38  lr 2.09e-04  depth_std 27.2613
2026-07-26 08:00:19,268 step 38500  loss 1.2541  skip 0.39  lr 2.09e-04  depth_std 11.1420
2026-07-26 08:01:04,908 step 38550  loss 1.5259  skip 0.39  lr 2.08e-04  depth_std 25.9374
2026-07-26 08:01:50,334 step 38600  loss 1.1733  skip 0.39  lr 2.08e-04  depth_std 29.5126
2026-07-26 08:02:36,158 step 38650  loss 1.5253  skip 0.39  lr 2.08e-04  depth_std 26.4579
2026-07-26 08:03:20,761 step 38700  loss 0.6151  skip 0.39  lr 2.08e-04  depth_std 9.2478
2026-07-26 08:04:04,727 step 38750  loss 3.0362  skip 0.39  lr 2.07e-04  depth_std 23.3309
2026-07-26 08:04:50,140 step 38800  loss 0.9382  skip 0.39  lr 2.07e-04  depth_std 3.7316
2026-07-26 08:05:35,991 step 38850  loss 1.1100  skip 0.39  lr 2.07e-04  depth_std 22.8301
2026-07-26 08:06:21,644 step 38900  loss 1.0533  skip 0.39  lr 2.07e-04  depth_std 29.0448
2026-07-26 08:07:07,277 step 38950  loss 0.8755  skip 0.39  lr 2.07e-04  depth_std 22.8468
2026-07-26 08:07:51,330 step 39000  loss 0.8444  skip 0.39  lr 2.06e-04  depth_std 17.2555
2026-07-26 08:08:35,502 step 39050  loss 0.6199  skip 0.39  lr 2.06e-04  depth_std 27.9135
2026-07-26 08:09:21,016 step 39100  loss 0.7243  skip 0.39  lr 2.06e-04  depth_std 18.5664
2026-07-26 08:10:06,668 step 39150  loss 1.6073  skip 0.39  lr 2.06e-04  depth_std 35.5499
2026-07-26 08:10:52,364 step 39200  loss 0.7384  skip 0.39  lr 2.05e-04  depth_std 2.3088
2026-07-26 08:11:37,551 step 39250  loss 0.3424  skip 0.39  lr 2.05e-04  depth_std 14.7162
2026-07-26 08:12:21,473 step 39300  loss 1.0723  skip 0.39  lr 2.05e-04  depth_std 31.5967
2026-07-26 08:13:05,132 step 39350  loss 0.7255  skip 0.39  lr 2.05e-04  depth_std 20.0256
2026-07-26 08:13:50,681 step 39400  loss 0.7008  skip 0.39  lr 2.05e-04  depth_std 8.2681
2026-07-26 08:14:36,386 step 39450  loss 0.8074  skip 0.39  lr 2.04e-04  depth_std 18.2526
2026-07-26 08:15:21,969 step 39500  loss 1.1911  skip 0.40  lr 2.04e-04  depth_std 28.8750
2026-07-26 08:16:06,595 step 39550  loss 3.7901  skip 0.40  lr 2.04e-04  depth_std 20.3210
2026-07-26 08:16:50,576 step 39600  loss 1.0800  skip 0.40  lr 2.04e-04  depth_std 16.2935
2026-07-26 08:17:35,754 step 39650  loss 0.5657  skip 0.40  lr 2.03e-04  depth_std 16.2516
2026-07-26 08:18:21,207 step 39700  loss 0.9045  skip 0.40  lr 2.03e-04  depth_std 16.0724
2026-07-26 08:19:06,675 step 39750  loss 0.6777  skip 0.40  lr 2.03e-04  depth_std 14.3012
2026-07-26 08:19:52,369 step 39800  loss 1.3428  skip 0.40  lr 2.03e-04  depth_std 26.0281
2026-07-26 08:20:36,562 step 39850  loss 1.0280  skip 0.40  lr 2.02e-04  depth_std 24.4721
2026-07-26 08:21:20,023 step 39900  loss 0.5265  skip 0.40  lr 2.02e-04  depth_std 23.4120
2026-07-26 08:22:06,121 step 39950  loss 6.2131  skip 0.40  lr 2.02e-04  depth_std 18.9564
2026-07-26 08:22:51,799 step 40000  loss 1.3019  skip 0.40  lr 2.02e-04  depth_std 26.5944
2026-07-26 08:23:37,587 step 40050  loss 0.5600  skip 0.40  lr 2.02e-04  depth_std 12.4027
2026-07-26 08:24:22,752 step 40100  loss 1.5508  skip 0.40  lr 2.01e-04  depth_std 23.2458
2026-07-26 08:25:06,455 step 40150  loss 0.7361  skip 0.40  lr 2.01e-04  depth_std 26.1594
2026-07-26 08:25:51,220 step 40200  loss 6.9137  skip 0.40  lr 2.01e-04  depth_std 14.7780
2026-07-26 08:26:36,971 step 40250  loss 0.8686  skip 0.40  lr 2.01e-04  depth_std 11.5724
2026-07-26 08:27:22,660 step 40300  loss 0.4702  skip 0.40  lr 2.00e-04  depth_std 13.0316
2026-07-26 08:28:08,366 step 40350  loss 0.3494  skip 0.40  lr 2.00e-04  depth_std 14.4669
2026-07-26 08:28:52,841 step 40400  loss 1.0219  skip 0.40  lr 2.00e-04  depth_std 21.3501
2026-07-26 08:29:36,805 step 40450  loss 1.2098  skip 0.40  lr 2.00e-04  depth_std 10.2298
2026-07-26 08:30:22,179 step 40500  loss 0.9138  skip 0.41  lr 2.00e-04  depth_std 18.6538
2026-07-26 08:31:07,882 step 40550  loss 1.2813  skip 0.41  lr 1.99e-04  depth_std 21.8436
2026-07-26 08:31:53,464 step 40600  loss 2.6808  skip 0.41  lr 1.99e-04  depth_std 25.5316
2026-07-26 08:32:39,093 step 40650  loss 0.4948  skip 0.41  lr 1.99e-04  depth_std 10.0234
2026-07-26 08:33:23,056 step 40700  loss 0.3401  skip 0.41  lr 1.99e-04  depth_std 9.8722
2026-07-26 08:34:07,226 step 40750  loss 4.5054  skip 0.41  lr 1.98e-04  depth_std 11.1535
2026-07-26 08:34:52,980 step 40800  loss 1.0022  skip 0.41  lr 1.98e-04  depth_std 14.6392
2026-07-26 08:35:38,417 step 40850  loss 1.5672  skip 0.41  lr 1.98e-04  depth_std 17.9118
2026-07-26 08:36:24,026 step 40900  loss 2.4752  skip 0.41  lr 1.98e-04  depth_std 23.2474
2026-07-26 08:37:08,952 step 40950  loss 1.3887  skip 0.41  lr 1.97e-04  depth_std 18.8033
2026-07-26 08:37:52,768 step 41000  loss 0.4790  skip 0.41  lr 1.97e-04  depth_std 26.7008
2026-07-26 08:38:36,502 step 41050  loss 2.1969  skip 0.41  lr 1.97e-04  depth_std 20.6991
2026-07-26 08:39:23,773 step 41100  loss 1.5281  skip 0.41  lr 1.97e-04  depth_std 18.6493
2026-07-26 08:40:10,789 step 41150  loss 0.9479  skip 0.41  lr 1.97e-04  depth_std 2.2294
2026-07-26 08:40:57,103 step 41200  loss 4.0061  skip 0.41  lr 1.96e-04  depth_std 19.3361
2026-07-26 08:41:41,797 step 41250  loss 1.2402  skip 0.41  lr 1.96e-04  depth_std 24.4093
2026-07-26 08:42:28,916 step 41300  loss 0.5319  skip 0.41  lr 1.96e-04  depth_std 22.5645
2026-07-26 08:43:15,932 step 41350  loss 1.3356  skip 0.41  lr 1.96e-04  depth_std 18.6108
2026-07-26 08:44:02,868 step 41400  loss 1.0571  skip 0.41  lr 1.95e-04  depth_std 9.8305
2026-07-26 08:44:48,844 step 41450  loss 0.3955  skip 0.41  lr 1.95e-04  depth_std 7.1714
2026-07-26 08:45:34,035 step 41500  loss 0.4440  skip 0.41  lr 1.95e-04  depth_std 5.5914
2026-07-26 08:46:21,254 step 41550  loss 0.6462  skip 0.42  lr 1.95e-04  depth_std 17.2944
2026-07-26 08:47:08,309 step 41600  loss 0.8637  skip 0.42  lr 1.95e-04  depth_std 15.6135
2026-07-26 08:47:55,017 step 41650  loss 1.4251  skip 0.42  lr 1.94e-04  depth_std 33.7301
2026-07-26 08:48:39,641 step 41700  loss 1.2504  skip 0.42  lr 1.94e-04  depth_std 17.9990
2026-07-26 08:49:26,188 step 41750  loss 1.3834  skip 0.42  lr 1.94e-04  depth_std 32.6451
2026-07-26 08:50:13,396 step 41800  loss 1.1511  skip 0.42  lr 1.94e-04  depth_std 23.8100
2026-07-26 08:51:00,311 step 41850  loss 0.8022  skip 0.42  lr 1.93e-04  depth_std 11.1323
2026-07-26 08:51:46,434 step 41900  loss 0.3076  skip 0.42  lr 1.93e-04  depth_std 11.5404
2026-07-26 08:52:31,395 step 41950  loss 0.3020  skip 0.42  lr 1.93e-04  depth_std 1.9718
2026-07-26 08:53:19,073 step 42000  loss 0.6172  skip 0.42  lr 1.93e-04  depth_std 18.5511
2026-07-26 08:54:06,037 step 42050  loss 1.2057  skip 0.42  lr 1.92e-04  depth_std 27.3946
2026-07-26 08:54:52,874 step 42100  loss 0.2406  skip 0.42  lr 1.92e-04  depth_std 5.7999
2026-07-26 08:55:37,973 step 42150  loss 1.2913  skip 0.42  lr 1.92e-04  depth_std 13.8855
2026-07-26 08:56:23,637 step 42200  loss 1.3649  skip 0.42  lr 1.92e-04  depth_std 20.8824
2026-07-26 08:57:10,522 step 42250  loss 1.8224  skip 0.42  lr 1.92e-04  depth_std 23.6839
2026-07-26 08:57:57,503 step 42300  loss 2.0527  skip 0.42  lr 1.91e-04  depth_std 14.7182
2026-07-26 08:58:44,006 step 42350  loss 0.9119  skip 0.42  lr 1.91e-04  depth_std 24.6079
2026-07-26 08:59:28,664 step 42400  loss 2.7575  skip 0.42  lr 1.91e-04  depth_std 20.5263
2026-07-26 09:00:13,726 step 42450  loss 2.0786  skip 0.42  lr 1.91e-04  depth_std 21.2879
2026-07-26 09:00:58,822 step 42500  loss 0.9435  skip 0.42  lr 1.90e-04  depth_std 13.3707
2026-07-26 09:01:44,165 step 42550  loss 0.8956  skip 0.43  lr 1.90e-04  depth_std 26.9157
2026-07-26 09:02:29,353 step 42600  loss 1.3971  skip 0.43  lr 1.90e-04  depth_std 24.8328
2026-07-26 09:03:14,477 step 42650  loss 1.7772  skip 0.43  lr 1.90e-04  depth_std 29.1776
2026-07-26 09:03:59,680 step 42700  loss 1.5201  skip 0.43  lr 1.89e-04  depth_std 25.5933
2026-07-26 09:04:44,763 step 42750  loss 1.2239  skip 0.43  lr 1.89e-04  depth_std 28.4704
2026-07-26 09:05:26,594 step 42800  loss 1.3863  skip 0.43  lr 1.89e-04  depth_std 26.3406
2026-07-26 09:06:06,369 step 42850  loss 0.4942  skip 0.43  lr 1.89e-04  depth_std 13.2107
2026-07-26 09:06:46,103 step 42900  loss 4.6842  skip 0.43  lr 1.89e-04  depth_std 9.3449
2026-07-26 09:07:25,636 step 42950  loss 0.1965  skip 0.43  lr 1.88e-04  depth_std 2.8098
2026-07-26 09:08:04,979 step 43000  loss 1.0040  skip 0.43  lr 1.88e-04  depth_std 13.1584
2026-07-26 09:08:44,906 step 43050  loss 2.9335  skip 0.43  lr 1.88e-04  depth_std 22.5360
2026-07-26 09:09:24,379 step 43100  loss 1.5091  skip 0.43  lr 1.88e-04  depth_std 20.8468
2026-07-26 09:10:03,910 step 43150  loss 0.9673  skip 0.43  lr 1.87e-04  depth_std 21.6592
2026-07-26 09:10:43,475 step 43200  loss 1.2617  skip 0.43  lr 1.87e-04  depth_std 17.9444
2026-07-26 09:11:22,789 step 43250  loss 0.8374  skip 0.43  lr 1.87e-04  depth_std 26.2074
2026-07-26 09:12:02,165 step 43300  loss 2.2173  skip 0.43  lr 1.87e-04  depth_std 21.1513
2026-07-26 09:12:41,650 step 43350  loss 0.8524  skip 0.43  lr 1.86e-04  depth_std 12.5029
2026-07-26 09:13:21,643 step 43400  loss 1.7870  skip 0.43  lr 1.86e-04  depth_std 25.9584
2026-07-26 09:14:01,729 step 43450  loss 2.8861  skip 0.43  lr 1.86e-04  depth_std 21.0674
2026-07-26 09:14:43,887 step 43500  loss 0.3774  skip 0.43  lr 1.86e-04  depth_std 16.2268
2026-07-26 09:15:25,030 step 43550  loss 0.2859  skip 0.44  lr 1.85e-04  depth_std 5.7687
2026-07-26 09:16:06,770 step 43600  loss 1.0656  skip 0.44  lr 1.85e-04  depth_std 27.9530
2026-07-26 09:16:48,620 step 43650  loss 0.6146  skip 0.44  lr 1.85e-04  depth_std 11.3136
2026-07-26 09:17:29,872 step 43700  loss 3.4320  skip 0.44  lr 1.85e-04  depth_std 31.0350
2026-07-26 09:18:11,881 step 43750  loss 1.0213  skip 0.44  lr 1.85e-04  depth_std 17.7683
2026-07-26 09:18:53,292 step 43800  loss 1.2198  skip 0.44  lr 1.84e-04  depth_std 25.5005
2026-07-26 09:19:35,412 step 43850  loss 0.8103  skip 0.44  lr 1.84e-04  depth_std 7.6676
2026-07-26 09:20:17,790 step 43900  loss 0.6735  skip 0.44  lr 1.84e-04  depth_std 4.1029
2026-07-26 09:20:59,067 step 43950  loss 0.6705  skip 0.44  lr 1.84e-04  depth_std 11.1042
2026-07-26 09:21:41,058 step 44000  loss 1.0462  skip 0.44  lr 1.83e-04  depth_std 14.4516
2026-07-26 09:22:22,180 step 44050  loss 0.6852  skip 0.44  lr 1.83e-04  depth_std 11.7801
2026-07-26 09:23:04,444 step 44100  loss 1.0250  skip 0.44  lr 1.83e-04  depth_std 29.7481
2026-07-26 09:23:45,673 step 44150  loss 0.5424  skip 0.44  lr 1.83e-04  depth_std 3.3383
2026-07-26 09:24:26,535 step 44200  loss 1.0333  skip 0.44  lr 1.82e-04  depth_std 21.0310
2026-07-26 09:25:07,715 step 44250  loss 0.9270  skip 0.44  lr 1.82e-04  depth_std 10.2846
2026-07-26 09:25:46,635 step 44300  loss 1.1838  skip 0.44  lr 1.82e-04  depth_std 17.9982
2026-07-26 09:26:24,390 step 44350  loss 1.2320  skip 0.44  lr 1.82e-04  depth_std 19.8818
2026-07-26 09:27:02,204 step 44400  loss 0.9667  skip 0.44  lr 1.82e-04  depth_std 15.5333
2026-07-26 09:27:40,311 step 44450  loss 0.6946  skip 0.44  lr 1.81e-04  depth_std 7.1549
2026-07-26 09:28:18,151 step 44500  loss 0.8450  skip 0.45  lr 1.81e-04  depth_std 22.1150
2026-07-26 09:28:56,052 step 44550  loss 0.7717  skip 0.45  lr 1.81e-04  depth_std 16.8801
2026-07-26 09:29:33,958 step 44600  loss 1.8517  skip 0.45  lr 1.81e-04  depth_std 20.1028
2026-07-26 09:30:11,793 step 44650  loss 0.3024  skip 0.45  lr 1.80e-04  depth_std 1.4667
2026-07-26 09:30:49,702 step 44700  loss 1.0403  skip 0.45  lr 1.80e-04  depth_std 25.0670
2026-07-26 09:31:27,495 step 44750  loss 1.3524  skip 0.45  lr 1.80e-04  depth_std 27.7164
2026-07-26 09:32:05,009 step 44800  loss 0.9840  skip 0.45  lr 1.80e-04  depth_std 22.7491
2026-07-26 09:32:42,499 step 44850  loss 3.2977  skip 0.45  lr 1.79e-04  depth_std 7.4560
2026-07-26 09:33:19,982 step 44900  loss 1.1785  skip 0.45  lr 1.79e-04  depth_std 9.4050
2026-07-26 09:33:57,561 step 44950  loss 1.2965  skip 0.45  lr 1.79e-04  depth_std 28.0159
2026-07-26 09:34:32,383 step 45000  loss 0.9203  skip 0.45  lr 1.79e-04  depth_std 4.0170
2026-07-26 09:35:06,462 step 45050  loss 1.4222  skip 0.45  lr 1.78e-04  depth_std 26.5148
2026-07-26 09:35:40,538 step 45100  loss 0.5191  skip 0.45  lr 1.78e-04  depth_std 3.0770
2026-07-26 09:36:15,863 step 45150  loss 0.9714  skip 0.45  lr 1.78e-04  depth_std 16.4728
2026-07-26 09:36:52,686 step 45200  loss 2.2335  skip 0.45  lr 1.78e-04  depth_std 23.6841
2026-07-26 09:37:29,879 step 45250  loss 3.5674  skip 0.45  lr 1.77e-04  depth_std 24.2024
2026-07-26 09:38:06,678 step 45300  loss 0.7168  skip 0.45  lr 1.77e-04  depth_std 14.2568
2026-07-26 09:38:43,030 step 45350  loss 1.3355  skip 0.45  lr 1.77e-04  depth_std 27.5217
/tmp/tmpkkyhf3qb: line 3: 294479 Illegal instruction     (core dumped) python scripts/train.py --config configs/main.toml
ERROR conda.cli.main_run:execute(148): `conda run python scripts/train.py --config configs/main.toml` failed. (See above for error)
[?2004h[01;32mhyunsu@plass[00m:[01;34m/workspace/SOKKANAEM[00m$ 