2026-08-06 06:34:54,507 work dir: work_dirs/t1-warp1.0  seed 0  commit 684cb7b7
2026-08-06 06:34:54,958 partial init from work_dirs/main_v8/latest.pt: 1 new tensors kept at init, 0 checkpoint tensors unused
2026-08-06 06:34:55,813 mixed dataset: 208720 clips from 5 sources (size 256)
2026-08-06 06:34:57,810 step    0  loss 2.4510  skip 0.00  lr 3.00e-07  depth_std 25.3118
2026-08-06 06:35:46,949 step   50  loss 1.5685  skip 0.01  lr 1.53e-05  depth_std 6.1762
2026-08-06 06:36:40,442 step  100  loss 2.1129  skip 0.01  lr 3.03e-05  depth_std 10.3032
2026-08-06 06:37:34,587 step  150  loss 0.9118  skip 0.02  lr 4.53e-05  depth_std 15.7974
2026-08-06 06:38:28,015 step  200  loss 1.0609  skip 0.03  lr 6.03e-05  depth_std 13.9150
2026-08-06 06:39:20,908 step  250  loss 1.4693  skip 0.03  lr 7.53e-05  depth_std 13.2331
2026-08-06 06:40:13,810 step  300  loss 2.2811  skip 0.04  lr 9.03e-05  depth_std 16.9965
2026-08-06 06:41:06,692 step  350  loss 0.5470  skip 0.04  lr 1.05e-04  depth_std 2.2437
2026-08-06 06:41:59,300 step  400  loss 2.1078  skip 0.05  lr 1.20e-04  depth_std 23.0705
2026-08-06 06:42:51,934 step  450  loss 0.5586  skip 0.06  lr 1.35e-04  depth_std 0.4665
2026-08-06 06:43:43,790 step  500  loss 1.2336  skip 0.06  lr 1.50e-04  depth_std 20.1840
2026-08-06 06:44:35,458 step  550  loss 1.6686  skip 0.07  lr 1.65e-04  depth_std 10.7211
2026-08-06 06:45:26,540 step  600  loss 1.0787  skip 0.07  lr 1.80e-04  depth_std 1.5520
2026-08-06 06:46:17,484 step  650  loss 1.1216  skip 0.08  lr 1.95e-04  depth_std 6.3830
2026-08-06 06:47:08,241 step  700  loss 1.8279  skip 0.09  lr 2.10e-04  depth_std 24.8807
2026-08-06 06:47:58,763 step  750  loss 0.8625  skip 0.09  lr 2.25e-04  depth_std 23.6898
2026-08-06 06:48:49,187 step  800  loss 1.1177  skip 0.10  lr 2.40e-04  depth_std 1.9102
2026-08-06 06:49:39,395 step  850  loss 0.9870  skip 0.11  lr 2.55e-04  depth_std 0.5813
2026-08-06 06:50:29,447 step  900  loss 1.2786  skip 0.11  lr 2.70e-04  depth_std 18.0184
2026-08-06 06:51:19,127 step  950  loss 0.9466  skip 0.12  lr 2.85e-04  depth_std 3.5282
2026-08-06 06:52:08,453 step 1000  loss 2.0395  skip 0.12  lr 3.00e-04  depth_std 22.4518
2026-08-06 06:52:57,490 step 1050  loss 0.7840  skip 0.13  lr 3.00e-04  depth_std 1.9605
2026-08-06 06:53:46,290 step 1100  loss 1.4138  skip 0.14  lr 3.00e-04  depth_std 23.7977
2026-08-06 06:54:34,808 step 1150  loss 1.0904  skip 0.14  lr 3.00e-04  depth_std 23.1322
2026-08-06 06:55:23,114 step 1200  loss 4.6703  skip 0.15  lr 2.99e-04  depth_std 22.1380
2026-08-06 06:56:11,196 step 1250  loss 1.6083  skip 0.16  lr 2.99e-04  depth_std 6.2732
2026-08-06 06:56:59,109 step 1300  loss 0.9549  skip 0.16  lr 2.99e-04  depth_std 2.7721
2026-08-06 06:57:46,859 step 1350  loss 0.6569  skip 0.17  lr 2.98e-04  depth_std 1.3708
2026-08-06 06:58:34,373 step 1400  loss 1.8011  skip 0.17  lr 2.98e-04  depth_std 24.5294
2026-08-06 06:59:21,682 step 1450  loss 1.2931  skip 0.18  lr 2.97e-04  depth_std 12.7316
2026-08-06 07:00:08,704 step 1500  loss 1.2735  skip 0.19  lr 2.96e-04  depth_std 24.0530
2026-08-06 07:00:55,380 step 1550  loss 1.1382  skip 0.19  lr 2.95e-04  depth_std 5.4755
2026-08-06 07:01:41,838 step 1600  loss 0.9547  skip 0.20  lr 2.95e-04  depth_std 8.6077
2026-08-06 07:02:28,080 step 1650  loss 2.1450  skip 0.21  lr 2.94e-04  depth_std 8.3367
2026-08-06 07:03:14,190 step 1700  loss 0.6247  skip 0.21  lr 2.93e-04  depth_std 4.2062
2026-08-06 07:04:00,014 step 1750  loss 1.3279  skip 0.22  lr 2.92e-04  depth_std 3.2482
2026-08-06 07:04:45,550 step 1800  loss 1.9615  skip 0.23  lr 2.90e-04  depth_std 23.9580
2026-08-06 07:05:30,945 step 1850  loss 1.1516  skip 0.23  lr 2.89e-04  depth_std 7.6644
2026-08-06 07:06:15,928 step 1900  loss 1.9001  skip 0.24  lr 2.88e-04  depth_std 15.4439
2026-08-06 07:07:00,669 step 1950  loss 2.7543  skip 0.24  lr 2.87e-04  depth_std 37.4721
2026-08-06 07:07:45,394 step 2000  loss 1.1578  skip 0.25  lr 2.85e-04  depth_std 20.3888
2026-08-06 07:08:29,687 step 2050  loss 2.0160  skip 0.26  lr 2.84e-04  depth_std 3.1446
2026-08-06 07:09:13,560 step 2100  loss 2.3716  skip 0.26  lr 2.82e-04  depth_std 37.7197
2026-08-06 07:09:57,278 step 2150  loss 1.0226  skip 0.27  lr 2.80e-04  depth_std 1.6272
2026-08-06 07:10:40,712 step 2200  loss 1.3358  skip 0.28  lr 2.79e-04  depth_std 8.6716
2026-08-06 07:11:23,996 step 2250  loss 1.0831  skip 0.28  lr 2.77e-04  depth_std 2.3491
2026-08-06 07:12:06,951 step 2300  loss 1.5421  skip 0.29  lr 2.75e-04  depth_std 23.9733
2026-08-06 07:12:49,703 step 2350  loss 2.2165  skip 0.29  lr 2.73e-04  depth_std 5.1837
2026-08-06 07:13:32,230 step 2400  loss 0.7721  skip 0.30  lr 2.71e-04  depth_std 1.5049
2026-08-06 07:14:14,499 step 2450  loss 0.8161  skip 0.31  lr 2.69e-04  depth_std 1.1316
2026-08-06 07:14:56,630 step 2500  loss 1.6437  skip 0.31  lr 2.67e-04  depth_std 26.4121
2026-08-06 07:15:38,394 step 2550  loss 0.4172  skip 0.32  lr 2.65e-04  depth_std 1.6210
2026-08-06 07:16:20,048 step 2600  loss 0.5529  skip 0.33  lr 2.63e-04  depth_std 1.5560
2026-08-06 07:17:01,362 step 2650  loss 0.9945  skip 0.33  lr 2.61e-04  depth_std 8.5389
2026-08-06 07:17:42,464 step 2700  loss 0.7022  skip 0.34  lr 2.58e-04  depth_std 10.7564
2026-08-06 07:18:23,362 step 2750  loss 1.1520  skip 0.34  lr 2.56e-04  depth_std 24.7705
2026-08-06 07:19:04,135 step 2800  loss 0.8506  skip 0.35  lr 2.54e-04  depth_std 1.0588
2026-08-06 07:19:44,770 step 2850  loss 0.5235  skip 0.36  lr 2.51e-04  depth_std 1.1303
2026-08-06 07:20:24,972 step 2900  loss 1.0029  skip 0.36  lr 2.49e-04  depth_std 2.4580
2026-08-06 07:21:05,171 step 2950  loss 1.9622  skip 0.37  lr 2.46e-04  depth_std 20.8834
2026-08-06 07:21:45,020 step 3000  loss 2.3607  skip 0.38  lr 2.44e-04  depth_std 4.0280
2026-08-06 07:22:24,479 step 3050  loss 1.2591  skip 0.38  lr 2.41e-04  depth_std 34.2962
2026-08-06 07:23:03,685 step 3100  loss 1.8913  skip 0.39  lr 2.38e-04  depth_std 1.7687
2026-08-06 07:23:42,590 step 3150  loss 1.1827  skip 0.39  lr 2.35e-04  depth_std 4.6487
2026-08-06 07:24:21,733 step 3200  loss 1.3345  skip 0.40  lr 2.33e-04  depth_std 9.2937
2026-08-06 07:25:01,022 step 3250  loss 0.4916  skip 0.41  lr 2.30e-04  depth_std 1.4177
2026-08-06 07:25:39,883 step 3300  loss 1.2564  skip 0.41  lr 2.27e-04  depth_std 19.7194
2026-08-06 07:26:18,387 step 3350  loss 0.5088  skip 0.42  lr 2.24e-04  depth_std 1.3948
2026-08-06 07:26:56,812 step 3400  loss 0.9222  skip 0.42  lr 2.21e-04  depth_std 21.0703
2026-08-06 07:27:35,032 step 3450  loss 0.7229  skip 0.43  lr 2.18e-04  depth_std 1.5944
2026-08-06 07:28:12,987 step 3500  loss 1.1232  skip 0.44  lr 2.15e-04  depth_std 26.4496
2026-08-06 07:28:50,496 step 3550  loss 0.4278  skip 0.44  lr 2.12e-04  depth_std 5.3027
2026-08-06 07:29:27,868 step 3600  loss 1.0609  skip 0.45  lr 2.09e-04  depth_std 28.0617
2026-08-06 07:30:04,911 step 3650  loss 0.9959  skip 0.46  lr 2.06e-04  depth_std 14.1082
2026-08-06 07:30:41,697 step 3700  loss 0.9414  skip 0.46  lr 2.03e-04  depth_std 30.2546
2026-08-06 07:31:18,315 step 3750  loss 2.6733  skip 0.47  lr 2.00e-04  depth_std 26.7525
2026-08-06 07:31:54,704 step 3800  loss 1.4704  skip 0.47  lr 1.96e-04  depth_std 9.4277
2026-08-06 07:32:30,786 step 3850  loss 0.8768  skip 0.48  lr 1.93e-04  depth_std 13.5587
2026-08-06 07:33:06,592 step 3900  loss 1.1453  skip 0.49  lr 1.90e-04  depth_std 14.1469
2026-08-06 07:33:42,093 step 3950  loss 0.8652  skip 0.49  lr 1.87e-04  depth_std 14.4543
2026-08-06 07:34:17,469 step 4000  loss 0.5860  skip 0.50  lr 1.83e-04  depth_std 1.7657
2026-08-06 07:34:52,632 step 4050  loss 1.2828  skip 0.50  lr 1.80e-04  depth_std 21.2651
2026-08-06 07:35:27,808 step 4100  loss 1.1049  skip 0.50  lr 1.77e-04  depth_std 2.9416
2026-08-06 07:36:02,977 step 4150  loss 1.2615  skip 0.50  lr 1.73e-04  depth_std 34.4369
2026-08-06 07:36:38,257 step 4200  loss 1.0088  skip 0.50  lr 1.70e-04  depth_std 14.1044
2026-08-06 07:37:13,442 step 4250  loss 0.8636  skip 0.50  lr 1.67e-04  depth_std 12.4025
2026-08-06 07:37:48,785 step 4300  loss 0.5469  skip 0.50  lr 1.63e-04  depth_std 5.6153
2026-08-06 07:38:23,948 step 4350  loss 0.6985  skip 0.50  lr 1.60e-04  depth_std 14.6496
2026-08-06 07:38:59,197 step 4400  loss 0.7343  skip 0.50  lr 1.57e-04  depth_std 3.6367
2026-08-06 07:39:34,490 step 4450  loss 1.0843  skip 0.50  lr 1.53e-04  depth_std 2.6126
2026-08-06 07:40:09,871 step 4500  loss 1.3371  skip 0.50  lr 1.50e-04  depth_std 11.2537
2026-08-06 07:40:45,177 step 4550  loss 1.1545  skip 0.50  lr 1.47e-04  depth_std 15.9364
2026-08-06 07:41:20,394 step 4600  loss 0.5002  skip 0.50  lr 1.43e-04  depth_std 0.5324
2026-08-06 07:41:55,676 step 4650  loss 1.6640  skip 0.50  lr 1.40e-04  depth_std 4.5061
2026-08-06 07:42:31,041 step 4700  loss 0.8418  skip 0.50  lr 1.37e-04  depth_std 25.6071
2026-08-06 07:43:06,356 step 4750  loss 1.2074  skip 0.50  lr 1.33e-04  depth_std 4.4149
2026-08-06 07:43:41,658 step 4800  loss 0.7139  skip 0.50  lr 1.30e-04  depth_std 8.5069
2026-08-06 07:44:16,902 step 4850  loss 1.1662  skip 0.50  lr 1.27e-04  depth_std 25.7181
2026-08-06 07:44:52,176 step 4900  loss 0.4523  skip 0.50  lr 1.23e-04  depth_std 1.7239
2026-08-06 07:45:27,467 step 4950  loss 0.7844  skip 0.50  lr 1.20e-04  depth_std 21.1156
2026-08-06 07:46:02,773 step 5000  loss 2.1464  skip 0.50  lr 1.17e-04  depth_std 4.5871
2026-08-06 07:46:37,956 step 5050  loss 1.2200  skip 0.50  lr 1.13e-04  depth_std 6.9149
2026-08-06 07:47:13,276 step 5100  loss 1.1202  skip 0.50  lr 1.10e-04  depth_std 10.7235
2026-08-06 07:47:48,463 step 5150  loss 0.9045  skip 0.50  lr 1.07e-04  depth_std 4.0946
2026-08-06 07:48:23,733 step 5200  loss 1.3545  skip 0.50  lr 1.04e-04  depth_std 18.9031
2026-08-06 07:48:58,855 step 5250  loss 0.5572  skip 0.50  lr 1.00e-04  depth_std 4.5419
2026-08-06 07:49:34,219 step 5300  loss 1.6678  skip 0.50  lr 9.73e-05  depth_std 33.2229
2026-08-06 07:50:09,426 step 5350  loss 0.9580  skip 0.50  lr 9.42e-05  depth_std 23.9175
2026-08-06 07:50:44,632 step 5400  loss 0.7458  skip 0.50  lr 9.10e-05  depth_std 10.6663
2026-08-06 07:51:19,870 step 5450  loss 0.6730  skip 0.50  lr 8.80e-05  depth_std 1.1851
2026-08-06 07:51:55,187 step 5500  loss 0.6511  skip 0.50  lr 8.49e-05  depth_std 2.6971
2026-08-06 07:52:30,426 step 5550  loss 1.3157  skip 0.50  lr 8.19e-05  depth_std 9.7444
2026-08-06 07:53:05,603 step 5600  loss 0.4493  skip 0.50  lr 7.89e-05  depth_std 3.1736
2026-08-06 07:53:40,893 step 5650  loss 0.9480  skip 0.50  lr 7.60e-05  depth_std 14.7513
2026-08-06 07:54:16,124 step 5700  loss 0.6456  skip 0.50  lr 7.31e-05  depth_std 1.6873
2026-08-06 07:54:51,492 step 5750  loss 1.0121  skip 0.50  lr 7.02e-05  depth_std 28.4051
2026-08-06 07:55:26,674 step 5800  loss 1.6661  skip 0.50  lr 6.74e-05  depth_std 30.3593
2026-08-06 07:56:01,966 step 5850  loss 1.4893  skip 0.50  lr 6.46e-05  depth_std 21.9071
2026-08-06 07:56:37,187 step 5900  loss 1.8798  skip 0.50  lr 6.18e-05  depth_std 3.9634
2026-08-06 07:57:12,467 step 5950  loss 0.4530  skip 0.50  lr 5.91e-05  depth_std 1.8401
2026-08-06 07:57:47,798 step 6000  loss 0.8065  skip 0.50  lr 5.65e-05  depth_std 1.9572
2026-08-06 07:58:23,091 step 6050  loss 1.2357  skip 0.50  lr 5.39e-05  depth_std 5.8149
2026-08-06 07:58:58,472 step 6100  loss 0.5368  skip 0.50  lr 5.13e-05  depth_std 1.2603
2026-08-06 07:59:33,726 step 6150  loss 3.8644  skip 0.50  lr 4.88e-05  depth_std 30.3490
2026-08-06 08:00:08,915 step 6200  loss 1.5182  skip 0.50  lr 4.63e-05  depth_std 24.0839
2026-08-06 08:00:44,228 step 6250  loss 2.2093  skip 0.50  lr 4.39e-05  depth_std 5.6203
2026-08-06 08:01:19,403 step 6300  loss 0.9033  skip 0.50  lr 4.16e-05  depth_std 32.2100
2026-08-06 08:01:54,724 step 6350  loss 1.3286  skip 0.50  lr 3.93e-05  depth_std 21.3728
2026-08-06 08:02:30,026 step 6400  loss 3.9181  skip 0.50  lr 3.70e-05  depth_std 32.6375
2026-08-06 08:03:05,237 step 6450  loss 1.7740  skip 0.50  lr 3.49e-05  depth_std 28.2163
2026-08-06 08:03:40,642 step 6500  loss 4.4696  skip 0.50  lr 3.27e-05  depth_std 26.8900
2026-08-06 08:04:15,748 step 6550  loss 0.5759  skip 0.50  lr 3.07e-05  depth_std 8.3910
2026-08-06 08:04:50,895 step 6600  loss 1.7677  skip 0.50  lr 2.86e-05  depth_std 18.0770
2026-08-06 08:05:26,077 step 6650  loss 2.8199  skip 0.50  lr 2.67e-05  depth_std 15.7953
2026-08-06 08:06:01,447 step 6700  loss 1.2713  skip 0.50  lr 2.48e-05  depth_std 6.9368
2026-08-06 08:06:36,818 step 6750  loss 0.8277  skip 0.50  lr 2.30e-05  depth_std 3.2723
2026-08-06 08:07:12,173 step 6800  loss 1.2933  skip 0.50  lr 2.12e-05  depth_std 31.8721
2026-08-06 08:07:47,281 step 6850  loss 1.1267  skip 0.50  lr 1.95e-05  depth_std 26.0126
2026-08-06 08:08:22,458 step 6900  loss 1.8167  skip 0.50  lr 1.79e-05  depth_std 30.1567
2026-08-06 08:08:57,717 step 6950  loss 0.7955  skip 0.50  lr 1.63e-05  depth_std 8.9076
2026-08-06 08:09:32,900 step 7000  loss 0.9493  skip 0.50  lr 1.49e-05  depth_std 30.1300
2026-08-06 08:10:08,262 step 7050  loss 4.0886  skip 0.50  lr 1.34e-05  depth_std 5.0855
2026-08-06 08:10:43,534 step 7100  loss 0.8692  skip 0.50  lr 1.21e-05  depth_std 5.1989
2026-08-06 08:11:18,759 step 7150  loss 0.9945  skip 0.50  lr 1.08e-05  depth_std 11.2530
2026-08-06 08:11:53,721 step 7200  loss 1.7320  skip 0.50  lr 9.56e-06  depth_std 3.6992
2026-08-06 08:12:28,484 step 7250  loss 1.4112  skip 0.50  lr 8.42e-06  depth_std 2.4251
2026-08-06 08:13:03,237 step 7300  loss 0.8292  skip 0.50  lr 7.34e-06  depth_std 7.4670
2026-08-06 08:13:37,876 step 7350  loss 1.3723  skip 0.50  lr 6.34e-06  depth_std 5.3626
2026-08-06 08:14:12,614 step 7400  loss 2.4350  skip 0.50  lr 5.41e-06  depth_std 24.7871
2026-08-06 08:14:47,354 step 7450  loss 2.0614  skip 0.50  lr 4.55e-06  depth_std 14.0499
2026-08-06 08:15:22,052 step 7500  loss 0.8692  skip 0.50  lr 3.76e-06  depth_std 8.7822
2026-08-06 08:15:56,783 step 7550  loss 1.8035  skip 0.50  lr 3.05e-06  depth_std 20.9306
2026-08-06 08:16:31,362 step 7600  loss 0.7656  skip 0.50  lr 2.41e-06  depth_std 8.2019
2026-08-06 08:17:06,018 step 7650  loss 3.8697  skip 0.50  lr 1.85e-06  depth_std 9.1911
2026-08-06 08:17:40,711 step 7700  loss 1.2617  skip 0.50  lr 1.36e-06  depth_std 23.7062
2026-08-06 08:18:15,431 step 7750  loss 0.5380  skip 0.50  lr 9.43e-07  depth_std 2.3287
2026-08-06 08:18:50,258 step 7800  loss 2.5350  skip 0.50  lr 6.04e-07  depth_std 7.3063
2026-08-06 08:19:25,093 step 7850  loss 2.0741  skip 0.50  lr 3.40e-07  depth_std 30.8442
2026-08-06 08:19:59,956 step 7900  loss 1.2953  skip 0.50  lr 1.51e-07  depth_std 27.4224
2026-08-06 08:20:34,807 step 7950  loss 0.5459  skip 0.50  lr 3.78e-08  depth_std 16.7588
2026-08-06 08:21:09,086 saved -> work_dirs/t1-warp1.0/latest.pt
