2026-08-29 21:25:12,106 work dir: work_dirs/s1-synthshape-s0  seed 0  commit 1d4d01a6
2026-08-29 21:25:12,526 partial init from work_dirs/v11-longclip-spread-s0/latest.pt: 7 new tensors kept at init, 0 checkpoint tensors unused
2026-08-29 21:25:13,363 mixed dataset: 208720 clips from 5 sources (size 256)
2026-08-29 21:25:15,391 step    0  loss 3.2275  skip 0.00  lr 2.00e-07  depth_std 28.4354
2026-08-29 21:26:06,187 step   50  loss 2.3500  skip 0.01  lr 1.02e-05  depth_std 11.2195
2026-08-29 21:26:59,350 step  100  loss 2.8031  skip 0.03  lr 2.02e-05  depth_std 41.9415
2026-08-29 21:27:52,554 step  150  loss 6.6834  skip 0.04  lr 3.02e-05  depth_std 1.7343
2026-08-29 21:28:45,490 step  200  loss 7.8331  skip 0.05  lr 4.02e-05  depth_std 11.1978
2026-08-29 21:29:37,892 step  250  loss 5.4226  skip 0.06  lr 5.02e-05  depth_std 5.9480
2026-08-29 21:30:29,556 step  300  loss 2.1468  skip 0.07  lr 6.02e-05  depth_std 13.9644
2026-08-29 21:31:20,635 step  350  loss 3.4608  skip 0.09  lr 7.02e-05  depth_std 11.6099
2026-08-29 21:32:11,460 step  400  loss 5.2523  skip 0.10  lr 8.02e-05  depth_std 16.0286
2026-08-29 21:33:01,843 step  450  loss 2.8935  skip 0.11  lr 9.02e-05  depth_std 9.1277
2026-08-29 21:33:51,878 step  500  loss 3.6214  skip 0.12  lr 1.00e-04  depth_std 25.0015
2026-08-29 21:34:41,129 step  550  loss 3.4733  skip 0.14  lr 9.99e-05  depth_std 27.9132
2026-08-29 21:35:29,921 step  600  loss 2.4229  skip 0.15  lr 9.98e-05  depth_std 27.7540
2026-08-29 21:36:18,309 step  650  loss 4.0820  skip 0.16  lr 9.95e-05  depth_std 10.5393
2026-08-29 21:37:06,234 step  700  loss 3.8660  skip 0.17  lr 9.92e-05  depth_std 31.9819
2026-08-29 21:37:53,739 step  750  loss 2.6474  skip 0.19  lr 9.87e-05  depth_std 21.9659
2026-08-29 21:38:40,758 step  800  loss 1.9858  skip 0.20  lr 9.82e-05  depth_std 1.0468
2026-08-29 21:39:27,212 step  850  loss 1.7112  skip 0.21  lr 9.76e-05  depth_std 2.0644
2026-08-29 21:40:13,251 step  900  loss 0.4264  skip 0.23  lr 9.68e-05  depth_std 1.4933
2026-08-29 21:40:58,870 step  950  loss 4.8791  skip 0.24  lr 9.60e-05  depth_std 14.6985
2026-08-29 21:41:43,914 step 1000  loss 10.1562  skip 0.25  lr 9.50e-05  depth_std 31.5829
2026-08-29 21:42:28,484 step 1050  loss 3.8325  skip 0.26  lr 9.40e-05  depth_std 32.3089
2026-08-29 21:43:12,538 step 1100  loss 3.7399  skip 0.28  lr 9.29e-05  depth_std 24.2593
2026-08-29 21:43:56,123 step 1150  loss 3.0988  skip 0.29  lr 9.17e-05  depth_std 24.1815
2026-08-29 21:44:39,141 step 1200  loss 2.4224  skip 0.30  lr 9.05e-05  depth_std 10.4413
2026-08-29 21:45:21,860 step 1250  loss 4.5169  skip 0.31  lr 8.91e-05  depth_std 5.7405
2026-08-29 21:46:04,137 step 1300  loss 3.9930  skip 0.33  lr 8.77e-05  depth_std 14.8955
2026-08-29 21:46:45,720 step 1350  loss 2.3248  skip 0.34  lr 8.61e-05  depth_std 1.9660
2026-08-29 21:47:26,930 step 1400  loss 2.5235  skip 0.35  lr 8.46e-05  depth_std 15.5739
2026-08-29 21:48:07,753 step 1450  loss 3.4771  skip 0.36  lr 8.29e-05  depth_std 15.8710
2026-08-29 21:48:47,905 step 1500  loss 3.6005  skip 0.38  lr 8.12e-05  depth_std 2.0404
2026-08-29 21:49:27,656 step 1550  loss 3.5335  skip 0.39  lr 7.94e-05  depth_std 17.2943
2026-08-29 21:50:06,727 step 1600  loss 9.2207  skip 0.40  lr 7.75e-05  depth_std 16.9820
2026-08-29 21:50:45,425 step 1650  loss 1.7464  skip 0.41  lr 7.56e-05  depth_std 11.3963
2026-08-29 21:51:23,653 step 1700  loss 4.2221  skip 0.42  lr 7.37e-05  depth_std 7.6401
2026-08-29 21:52:01,368 step 1750  loss 4.9833  skip 0.44  lr 7.17e-05  depth_std 13.0106
2026-08-29 21:52:38,500 step 1800  loss 3.7433  skip 0.45  lr 6.97e-05  depth_std 28.2067
2026-08-29 21:53:15,243 step 1850  loss 3.7794  skip 0.46  lr 6.76e-05  depth_std 30.9163
2026-08-29 21:53:51,386 step 1900  loss 2.2171  skip 0.47  lr 6.55e-05  depth_std 1.8662
2026-08-29 21:54:27,026 step 1950  loss 2.6864  skip 0.49  lr 6.33e-05  depth_std 5.0266
2026-08-29 21:55:02,303 step 2000  loss 5.7692  skip 0.50  lr 6.11e-05  depth_std 16.6293
2026-08-29 21:55:37,264 step 2050  loss 2.5845  skip 0.50  lr 5.89e-05  depth_std 18.2241
2026-08-29 21:56:12,227 step 2100  loss 3.7535  skip 0.50  lr 5.67e-05  depth_std 19.9028
2026-08-29 21:56:47,309 step 2150  loss 1.6821  skip 0.50  lr 5.45e-05  depth_std 13.4681
2026-08-29 21:57:22,266 step 2200  loss 3.4434  skip 0.50  lr 5.22e-05  depth_std 36.8338
2026-08-29 21:57:57,197 step 2250  loss 1.8525  skip 0.50  lr 5.00e-05  depth_std 2.2797
2026-08-29 21:58:32,107 step 2300  loss 5.9446  skip 0.50  lr 4.78e-05  depth_std 34.2012
2026-08-29 21:59:07,076 step 2350  loss 3.8821  skip 0.50  lr 4.55e-05  depth_std 25.9092
2026-08-29 21:59:42,079 step 2400  loss 8.2307  skip 0.50  lr 4.33e-05  depth_std 31.4498
2026-08-29 22:00:17,045 step 2450  loss 5.7386  skip 0.50  lr 4.11e-05  depth_std 19.0327
2026-08-29 22:00:51,976 step 2500  loss 2.8260  skip 0.50  lr 3.89e-05  depth_std 10.6337
2026-08-29 22:01:26,860 step 2550  loss 1.9195  skip 0.50  lr 3.67e-05  depth_std 34.8598
2026-08-29 22:02:01,788 step 2600  loss 8.5832  skip 0.50  lr 3.45e-05  depth_std 2.3308
2026-08-29 22:02:36,754 step 2650  loss 2.3287  skip 0.50  lr 3.24e-05  depth_std 5.3880
2026-08-29 22:03:11,859 step 2700  loss 1.2570  skip 0.50  lr 3.03e-05  depth_std 3.8716
2026-08-29 22:03:46,880 step 2750  loss 2.0718  skip 0.50  lr 2.83e-05  depth_std 8.8774
2026-08-29 22:04:21,743 step 2800  loss 2.1350  skip 0.50  lr 2.63e-05  depth_std 14.1920
2026-08-29 22:04:56,738 step 2850  loss 3.7089  skip 0.50  lr 2.44e-05  depth_std 6.1632
2026-08-29 22:05:31,692 step 2900  loss 3.5707  skip 0.50  lr 2.25e-05  depth_std 12.3986
2026-08-29 22:06:06,669 step 2950  loss 5.7821  skip 0.50  lr 2.06e-05  depth_std 37.1768
2026-08-29 22:06:41,734 step 3000  loss 3.3578  skip 0.50  lr 1.88e-05  depth_std 0.9287
2026-08-29 22:07:16,796 step 3050  loss 3.1937  skip 0.50  lr 1.71e-05  depth_std 9.0641
2026-08-29 22:07:51,760 step 3100  loss 7.0250  skip 0.50  lr 1.54e-05  depth_std 35.1076
2026-08-29 22:08:26,661 step 3150  loss 2.8151  skip 0.50  lr 1.39e-05  depth_std 3.9497
2026-08-29 22:09:01,776 step 3200  loss 2.0901  skip 0.50  lr 1.23e-05  depth_std 3.9240
2026-08-29 22:09:36,795 step 3250  loss 2.8149  skip 0.50  lr 1.09e-05  depth_std 7.5970
2026-08-29 22:10:11,706 step 3300  loss 2.9310  skip 0.50  lr 9.55e-06  depth_std 27.8573
2026-08-29 22:10:46,664 step 3350  loss 2.5335  skip 0.50  lr 8.27e-06  depth_std 27.8609
2026-08-29 22:11:21,558 step 3400  loss 2.0223  skip 0.50  lr 7.08e-06  depth_std 15.5136
2026-08-29 22:11:56,630 step 3450  loss 1.2655  skip 0.50  lr 5.97e-06  depth_std 4.5557
2026-08-29 22:12:31,653 step 3500  loss 3.2461  skip 0.50  lr 4.95e-06  depth_std 1.3935
2026-08-29 22:13:06,454 step 3550  loss 6.0025  skip 0.50  lr 4.02e-06  depth_std 23.8537
2026-08-29 22:13:41,495 step 3600  loss 3.3792  skip 0.50  lr 3.19e-06  depth_std 32.1788
2026-08-29 22:14:16,465 step 3650  loss 3.8300  skip 0.50  lr 2.45e-06  depth_std 1.7423
2026-08-29 22:14:51,357 step 3700  loss 3.4965  skip 0.50  lr 1.80e-06  depth_std 25.0271
2026-08-29 22:15:26,432 step 3750  loss 3.6345  skip 0.50  lr 1.25e-06  depth_std 38.8949
2026-08-29 22:16:01,501 step 3800  loss 2.4365  skip 0.50  lr 8.04e-07  depth_std 2.5130
2026-08-29 22:16:36,442 step 3850  loss 5.5319  skip 0.50  lr 4.53e-07  depth_std 32.8235
2026-08-29 22:17:11,342 step 3900  loss 3.7784  skip 0.50  lr 2.01e-07  depth_std 16.5487
2026-08-29 22:17:46,208 step 3950  loss 3.7840  skip 0.50  lr 5.03e-08  depth_std 36.8662
2026-08-29 22:18:20,580 saved -> work_dirs/s1-synthshape-s0/latest.pt
