/home/hyunsu/miniforge3/envs/mambavision/lib/python3.13/site-packages/timm/models/registry.py:4: FutureWarning: Importing from timm.models.registry is deprecated, please import via timm.models
  warnings.warn(f"Importing from {__name__} is deprecated, please import via timm.models", FutureWarning)
/home/hyunsu/miniforge3/envs/mambavision/lib/python3.13/site-packages/timm/models/layers/__init__.py:48: FutureWarning: Importing from timm.models.layers is deprecated, please import via timm.layers
  warnings.warn(f"Importing from {__name__} is deprecated, please import via timm.layers", FutureWarning)
step 1 loss 1.4024 lr 2.00e-08/2.00e-07 depth_std 1.869 elapsed 2s mem 9.5GiB
step 50 loss 3.8511 lr 1.00e-06/1.00e-05 depth_std 32.756 elapsed 32s mem 9.6GiB
step 100 loss 4.1328 lr 2.00e-06/2.00e-05 depth_std 33.169 elapsed 62s mem 9.6GiB
step 150 loss 2.9619 lr 3.00e-06/3.00e-05 depth_std 22.066 elapsed 93s mem 9.6GiB
step 200 loss 8.7597 lr 4.00e-06/4.00e-05 depth_std 1.723 elapsed 123s mem 9.6GiB
step 250 loss 3.8536 lr 5.00e-06/5.00e-05 depth_std 15.518 elapsed 154s mem 9.6GiB
step 300 loss 3.4666 lr 6.00e-06/6.00e-05 depth_std 13.694 elapsed 184s mem 9.6GiB
step 350 loss 25.6381 lr 7.00e-06/7.00e-05 depth_std 2.764 elapsed 215s mem 9.6GiB
step 400 loss 3.7167 lr 8.00e-06/8.00e-05 depth_std 7.623 elapsed 229s mem 9.6GiB
step 450 loss 9.8766 lr 9.00e-06/9.00e-05 depth_std 7.405 elapsed 254s mem 9.6GiB
step 500 loss 1.8616 lr 1.00e-05/1.00e-04 depth_std 1.716 elapsed 267s mem 9.6GiB
step 550 loss 14.1147 lr 1.00e-05/1.00e-04 depth_std 34.257 elapsed 279s mem 9.6GiB
step 600 loss 19.4783 lr 9.98e-06/9.98e-05 depth_std 5.268 elapsed 292s mem 9.6GiB
step 650 loss 5.7606 lr 9.96e-06/9.96e-05 depth_std 34.530 elapsed 304s mem 9.6GiB
step 700 loss 10.3970 lr 9.92e-06/9.92e-05 depth_std 8.014 elapsed 317s mem 9.6GiB
step 750 loss 1.2111 lr 9.88e-06/9.88e-05 depth_std 1.713 elapsed 329s mem 9.6GiB
step 800 loss 4.3041 lr 9.82e-06/9.82e-05 depth_std 27.888 elapsed 342s mem 9.6GiB
step 850 loss 4.0396 lr 9.76e-06/9.76e-05 depth_std 27.004 elapsed 354s mem 9.6GiB
step 900 loss 2.5721 lr 9.68e-06/9.68e-05 depth_std 30.038 elapsed 367s mem 9.6GiB
step 950 loss 2.7496 lr 9.60e-06/9.60e-05 depth_std 22.034 elapsed 379s mem 9.6GiB
step 1000 loss 2.5373 lr 9.51e-06/9.51e-05 depth_std 46.450 elapsed 391s mem 9.6GiB
step 1050 loss 3.6837 lr 9.41e-06/9.41e-05 depth_std 25.946 elapsed 404s mem 9.6GiB
step 1100 loss 6.1371 lr 9.29e-06/9.29e-05 depth_std 8.851 elapsed 416s mem 9.6GiB
step 1150 loss 5.1526 lr 9.18e-06/9.18e-05 depth_std 16.678 elapsed 429s mem 9.6GiB
step 1200 loss 3.0148 lr 9.05e-06/9.05e-05 depth_std 16.603 elapsed 441s mem 9.6GiB
step 1250 loss 1.8036 lr 8.91e-06/8.91e-05 depth_std 2.444 elapsed 454s mem 9.6GiB
step 1300 loss 12.0715 lr 8.77e-06/8.77e-05 depth_std 31.450 elapsed 466s mem 9.6GiB
step 1350 loss 4.0266 lr 8.62e-06/8.62e-05 depth_std 34.126 elapsed 479s mem 9.6GiB
step 1400 loss 4.4349 lr 8.46e-06/8.46e-05 depth_std 6.611 elapsed 491s mem 9.6GiB
step 1450 loss 10.1540 lr 8.29e-06/8.29e-05 depth_std 35.421 elapsed 504s mem 9.6GiB
step 1500 loss 13.1652 lr 8.12e-06/8.12e-05 depth_std 28.348 elapsed 516s mem 9.6GiB
step 1550 loss 3.4195 lr 7.94e-06/7.94e-05 depth_std 31.643 elapsed 529s mem 9.6GiB
step 1600 loss 4.8074 lr 7.76e-06/7.76e-05 depth_std 39.796 elapsed 541s mem 9.6GiB
step 1650 loss 3.2015 lr 7.57e-06/7.57e-05 depth_std 11.481 elapsed 554s mem 9.6GiB
step 1700 loss 1.0394 lr 7.37e-06/7.37e-05 depth_std 1.940 elapsed 566s mem 9.6GiB
step 1750 loss 2.0536 lr 7.17e-06/7.17e-05 depth_std 31.293 elapsed 579s mem 9.6GiB
step 1800 loss 6.9548 lr 6.97e-06/6.97e-05 depth_std 23.266 elapsed 591s mem 9.6GiB
step 1850 loss 1.1090 lr 6.76e-06/6.76e-05 depth_std 1.911 elapsed 603s mem 9.6GiB
step 1900 loss 2.8601 lr 6.55e-06/6.55e-05 depth_std 1.720 elapsed 616s mem 9.6GiB
step 1950 loss 2.7746 lr 6.33e-06/6.33e-05 depth_std 31.021 elapsed 628s mem 9.6GiB
step 2000 loss 21.9269 lr 6.12e-06/6.12e-05 depth_std 9.014 elapsed 641s mem 9.6GiB
step 2050 loss 3.4950 lr 5.90e-06/5.90e-05 depth_std 27.905 elapsed 653s mem 9.6GiB
step 2100 loss 2.8409 lr 5.68e-06/5.68e-05 depth_std 33.380 elapsed 666s mem 9.6GiB
step 2150 loss 2.9314 lr 5.45e-06/5.45e-05 depth_std 24.619 elapsed 678s mem 9.6GiB
step 2200 loss 2.1081 lr 5.23e-06/5.23e-05 depth_std 8.329 elapsed 691s mem 9.6GiB
step 2250 loss 2.1913 lr 5.00e-06/5.00e-05 depth_std 2.709 elapsed 703s mem 9.6GiB
step 2300 loss 4.0569 lr 4.78e-06/4.78e-05 depth_std 4.988 elapsed 715s mem 9.6GiB
step 2350 loss 2.0315 lr 4.56e-06/4.56e-05 depth_std 13.959 elapsed 728s mem 9.6GiB
step 2400 loss 10.6122 lr 4.33e-06/4.33e-05 depth_std 32.922 elapsed 740s mem 9.6GiB
step 2450 loss 2.3656 lr 4.11e-06/4.11e-05 depth_std 6.444 elapsed 753s mem 9.6GiB
step 2500 loss 1.8002 lr 3.89e-06/3.89e-05 depth_std 16.258 elapsed 765s mem 9.6GiB
step 2550 loss 2.8515 lr 3.67e-06/3.67e-05 depth_std 30.340 elapsed 778s mem 9.6GiB
step 2600 loss 4.7759 lr 3.46e-06/3.46e-05 depth_std 12.843 elapsed 790s mem 9.6GiB
step 2650 loss 5.4005 lr 3.25e-06/3.25e-05 depth_std 25.145 elapsed 803s mem 9.6GiB
step 2700 loss 4.7871 lr 3.04e-06/3.04e-05 depth_std 1.907 elapsed 815s mem 9.6GiB
step 2750 loss 1.3329 lr 2.83e-06/2.83e-05 depth_std 2.448 elapsed 828s mem 9.6GiB
step 2800 loss 7.7355 lr 2.63e-06/2.63e-05 depth_std 4.168 elapsed 840s mem 9.6GiB
step 2850 loss 2.7862 lr 2.44e-06/2.44e-05 depth_std 19.205 elapsed 852s mem 9.6GiB
step 2900 loss 10.8422 lr 2.25e-06/2.25e-05 depth_std 10.440 elapsed 865s mem 9.6GiB
step 2950 loss 10.3821 lr 2.06e-06/2.06e-05 depth_std 2.422 elapsed 877s mem 9.6GiB
step 3000 loss 43.8507 lr 1.89e-06/1.89e-05 depth_std 24.253 elapsed 890s mem 9.6GiB
step 3050 loss 4.5975 lr 1.71e-06/1.71e-05 depth_std 18.522 elapsed 902s mem 9.6GiB
step 3100 loss 1.3659 lr 1.55e-06/1.55e-05 depth_std 4.082 elapsed 915s mem 9.6GiB
step 3150 loss 1.8364 lr 1.39e-06/1.39e-05 depth_std 18.158 elapsed 927s mem 9.6GiB
step 3200 loss 4.1937 lr 1.24e-06/1.24e-05 depth_std 42.531 elapsed 940s mem 9.6GiB
step 3250 loss 7.2336 lr 1.09e-06/1.09e-05 depth_std 49.026 elapsed 952s mem 9.6GiB
step 3300 loss 1.0537 lr 9.58e-07/9.58e-06 depth_std 1.408 elapsed 965s mem 9.6GiB
step 3350 loss 6.6333 lr 8.30e-07/8.30e-06 depth_std 28.083 elapsed 977s mem 9.6GiB
step 3400 loss 3.1461 lr 7.10e-07/7.10e-06 depth_std 26.433 elapsed 989s mem 9.6GiB
step 3450 loss 3.0874 lr 5.99e-07/5.99e-06 depth_std 7.918 elapsed 1002s mem 9.6GiB
step 3500 loss 5.2087 lr 4.97e-07/4.97e-06 depth_std 35.738 elapsed 1014s mem 9.6GiB
step 3550 loss 1.4267 lr 4.04e-07/4.04e-06 depth_std 1.682 elapsed 1027s mem 9.6GiB
step 3600 loss 3.4830 lr 3.20e-07/3.20e-06 depth_std 1.719 elapsed 1039s mem 9.6GiB
step 3650 loss 23.4944 lr 2.46e-07/2.46e-06 depth_std 39.225 elapsed 1052s mem 9.6GiB
step 3700 loss 7.8980 lr 1.81e-07/1.81e-06 depth_std 11.335 elapsed 1064s mem 9.6GiB
step 3750 loss 4.1969 lr 1.26e-07/1.26e-06 depth_std 2.674 elapsed 1077s mem 9.6GiB
step 3800 loss 16.7127 lr 8.12e-08/8.12e-07 depth_std 13.039 elapsed 1089s mem 9.6GiB
step 3850 loss 2.6367 lr 4.59e-08/4.59e-07 depth_std 17.870 elapsed 1102s mem 9.6GiB
step 3900 loss 2.8265 lr 2.05e-08/2.05e-07 depth_std 47.977 elapsed 1114s mem 9.6GiB
step 3950 loss 2.7802 lr 5.24e-09/5.24e-08 depth_std 3.034 elapsed 1127s mem 9.6GiB
step 4000 loss 10.0792 lr 2.01e-12/2.01e-11 depth_std 2.244 elapsed 1139s mem 9.6GiB
FINETUNE_DONE mambavision_da2_hr_ft 4000
