2026-08-30 21:50:01,938 work dir: work_dirs/q1-unfrozen-s0  commit 1d4d01a6
2026-08-30 21:50:03,053 HTTP Request: HEAD https://huggingface.co/depth-anything/Depth-Anything-V2-Small-hf/resolve/main/config.json "HTTP/1.1 307 Temporary Redirect"
2026-08-30 21:50:03,118 HTTP Request: HEAD https://huggingface.co/api/resolve-cache/models/depth-anything/Depth-Anything-V2-Small-hf/5426e4f0f36572d16453bbda7a8389317b1bef99/config.json "HTTP/1.1 200 OK"
2026-08-30 21:50:03,702 HTTP Request: HEAD https://huggingface.co/depth-anything/Depth-Anything-V2-Small-hf/resolve/main/config.json "HTTP/1.1 307 Temporary Redirect"
2026-08-30 21:50:03,703 Warning: You are sending unauthenticated requests to the HF Hub. Please set a HF_TOKEN to enable higher rate limits and faster downloads.
2026-08-30 21:50:03,768 HTTP Request: HEAD https://huggingface.co/api/resolve-cache/models/depth-anything/Depth-Anything-V2-Small-hf/5426e4f0f36572d16453bbda7a8389317b1bef99/config.json "HTTP/1.1 200 OK"
2026-08-30 21:50:03,853 trainable 24.811M of 24.81M  (shape lr 1e-05)
2026-08-30 21:50:03,943 mixed dataset: 13245 clips from 2 sources
2026-08-30 21:50:04,642 step      0  loss 3.1001  median 3.33 m
2026-08-30 21:50:13,973 step     50  loss 3.0093  median 3.30 m
2026-08-30 21:50:23,311 step    100  loss 1.1325  median 3.12 m
2026-08-30 21:50:32,652 step    150  loss 0.9328  median 2.65 m
2026-08-30 21:50:41,990 step    200  loss 1.2450  median 2.04 m
2026-08-30 21:50:51,319 step    250  loss 0.3032  median 1.99 m
2026-08-30 21:51:00,659 step    300  loss 0.8664  median 1.86 m
2026-08-30 21:51:09,997 step    350  loss 0.5149  median 2.20 m
2026-08-30 21:51:19,351 step    400  loss 0.6110  median 1.97 m
2026-08-30 21:51:28,690 step    450  loss 0.3689  median 1.98 m
2026-08-30 21:51:38,038 step    500  loss 0.4297  median 2.27 m
2026-08-30 21:51:47,391 step    550  loss 0.5068  median 2.43 m
2026-08-30 21:51:56,730 step    600  loss 0.3395  median 3.14 m
2026-08-30 21:52:06,080 step    650  loss 0.3621  median 2.36 m
2026-08-30 21:52:15,424 step    700  loss 0.4421  median 2.31 m
2026-08-30 21:52:24,760 step    750  loss 0.3792  median 2.54 m
2026-08-30 21:52:34,092 step    800  loss 0.4586  median 1.96 m
2026-08-30 21:52:43,435 step    850  loss 1.0229  median 2.80 m
2026-08-30 21:52:52,776 step    900  loss 0.5412  median 2.10 m
2026-08-30 21:53:02,117 step    950  loss 0.6000  median 2.17 m
2026-08-30 21:53:11,470 step   1000  loss 0.6294  median 3.39 m
2026-08-30 21:53:20,818 step   1050  loss 0.3959  median 2.38 m
2026-08-30 21:53:30,159 step   1100  loss 0.4583  median 2.14 m
2026-08-30 21:53:39,496 step   1150  loss 0.4259  median 2.24 m
2026-08-30 21:53:48,827 step   1200  loss 0.2876  median 2.35 m
2026-08-30 21:53:58,170 step   1250  loss 0.4852  median 2.55 m
2026-08-30 21:54:07,505 step   1300  loss 0.3678  median 2.86 m
2026-08-30 21:54:16,840 step   1350  loss 0.6458  median 2.83 m
2026-08-30 21:54:26,183 step   1400  loss 0.4262  median 2.24 m
2026-08-30 21:54:35,521 step   1450  loss 0.5217  median 2.05 m
2026-08-30 21:54:44,859 step   1500  loss 0.4930  median 2.92 m
2026-08-30 21:54:54,201 step   1550  loss 0.3475  median 2.09 m
2026-08-30 21:55:03,540 step   1600  loss 0.9508  median 2.21 m
2026-08-30 21:55:12,890 step   1650  loss 0.4749  median 1.89 m
2026-08-30 21:55:22,225 step   1700  loss 0.4235  median 2.35 m
2026-08-30 21:55:31,555 step   1750  loss 0.8901  median 2.06 m
2026-08-30 21:55:40,887 step   1800  loss 0.3215  median 2.47 m
2026-08-30 21:55:50,235 step   1850  loss 0.4228  median 2.56 m
2026-08-30 21:55:59,580 step   1900  loss 0.9411  median 2.44 m
2026-08-30 21:56:08,924 step   1950  loss 0.3611  median 2.50 m
2026-08-30 21:56:18,254 step   2000  loss 0.5211  median 2.45 m
2026-08-30 21:56:27,591 step   2050  loss 0.7307  median 2.25 m
2026-08-30 21:56:36,928 step   2100  loss 0.5776  median 2.12 m
2026-08-30 21:56:46,260 step   2150  loss 0.5150  median 2.14 m
2026-08-30 21:56:55,604 step   2200  loss 0.4026  median 2.86 m
2026-08-30 21:57:04,945 step   2250  loss 0.4898  median 2.51 m
2026-08-30 21:57:14,288 step   2300  loss 0.4989  median 2.16 m
2026-08-30 21:57:23,627 step   2350  loss 0.4334  median 2.78 m
2026-08-30 21:57:32,973 step   2400  loss 0.6799  median 2.44 m
2026-08-30 21:57:42,314 step   2450  loss 0.4646  median 2.55 m
2026-08-30 21:57:51,652 step   2500  loss 0.2842  median 2.71 m
2026-08-30 21:58:00,982 step   2550  loss 0.4943  median 2.41 m
2026-08-30 21:58:10,313 step   2600  loss 0.6504  median 3.12 m
2026-08-30 21:58:19,657 step   2650  loss 0.4546  median 2.08 m
2026-08-30 21:58:29,008 step   2700  loss 0.5600  median 2.79 m
2026-08-30 21:58:38,354 step   2750  loss 0.5661  median 3.22 m
2026-08-30 21:58:47,688 step   2800  loss 0.3364  median 2.19 m
2026-08-30 21:58:57,039 step   2850  loss 0.7813  median 2.58 m
2026-08-30 21:59:06,376 step   2900  loss 0.5340  median 2.41 m
2026-08-30 21:59:15,715 step   2950  loss 0.4581  median 2.58 m
2026-08-30 21:59:25,049 step   3000  loss 0.4088  median 2.30 m
2026-08-30 21:59:34,391 step   3050  loss 0.4022  median 2.89 m
2026-08-30 21:59:43,744 step   3100  loss 0.3660  median 2.62 m
2026-08-30 21:59:53,088 step   3150  loss 0.5532  median 2.72 m
2026-08-30 22:00:02,436 step   3200  loss 0.3554  median 2.87 m
2026-08-30 22:00:11,788 step   3250  loss 0.7006  median 2.54 m
2026-08-30 22:00:21,134 step   3300  loss 0.3840  median 2.44 m
2026-08-30 22:00:30,490 step   3350  loss 0.5417  median 2.09 m
2026-08-30 22:00:39,846 step   3400  loss 0.6801  median 2.00 m
2026-08-30 22:00:49,198 step   3450  loss 0.4017  median 2.64 m
2026-08-30 22:00:58,544 step   3500  loss 0.4062  median 2.25 m
2026-08-30 22:01:07,891 step   3550  loss 0.7740  median 3.09 m
2026-08-30 22:01:17,243 step   3600  loss 0.3594  median 2.21 m
2026-08-30 22:01:26,604 step   3650  loss 0.4505  median 2.39 m
2026-08-30 22:01:35,956 step   3700  loss 0.4175  median 2.28 m
2026-08-30 22:01:45,306 step   3750  loss 0.5368  median 2.41 m
2026-08-30 22:01:54,659 step   3800  loss 0.6034  median 2.61 m
2026-08-30 22:02:04,011 step   3850  loss 0.3962  median 2.21 m
2026-08-30 22:02:13,365 step   3900  loss 0.4181  median 2.31 m
2026-08-30 22:02:22,722 step   3950  loss 0.5024  median 2.72 m
2026-08-30 22:02:31,947 saved -> work_dirs/q1-unfrozen-s0/latest.pt
