2026-07-30 22:16:48,473 work dir: work_dirs/t1-warp0.5  seed 0  commit 684cb7b7
2026-07-30 22:16:48,936 partial init from work_dirs/main_v8/latest.pt: 1 new tensors kept at init, 0 checkpoint tensors unused
2026-07-30 22:16:49,764 mixed dataset: 208720 clips from 5 sources (size 256)
2026-07-30 22:16:51,865 step    0  loss 2.4295  skip 0.00  lr 3.00e-07  depth_std 25.3118
2026-07-30 22:17:40,360 step   50  loss 1.5402  skip 0.01  lr 1.53e-05  depth_std 6.1925
2026-07-30 22:18:33,238 step  100  loss 2.0762  skip 0.01  lr 3.03e-05  depth_std 10.3690
2026-07-30 22:19:26,208 step  150  loss 0.8964  skip 0.02  lr 4.53e-05  depth_std 15.8246
2026-07-30 22:20:19,281 step  200  loss 1.0529  skip 0.03  lr 6.03e-05  depth_std 13.9246
2026-07-30 22:21:12,242 step  250  loss 1.4604  skip 0.03  lr 7.53e-05  depth_std 13.2391
2026-07-30 22:22:05,463 step  300  loss 2.2578  skip 0.04  lr 9.03e-05  depth_std 17.1698
2026-07-30 22:22:58,462 step  350  loss 0.5366  skip 0.04  lr 1.05e-04  depth_std 2.2679
2026-07-30 22:23:51,057 step  400  loss 2.0858  skip 0.05  lr 1.20e-04  depth_std 23.1971
2026-07-30 22:24:43,486 step  450  loss 0.5489  skip 0.06  lr 1.35e-04  depth_std 0.4822
2026-07-30 22:25:35,420 step  500  loss 1.1724  skip 0.06  lr 1.50e-04  depth_std 20.3319
2026-07-30 22:26:27,136 step  550  loss 1.6347  skip 0.07  lr 1.65e-04  depth_std 10.6949
2026-07-30 22:27:18,310 step  600  loss 1.0399  skip 0.07  lr 1.80e-04  depth_std 1.5752
2026-07-30 22:28:09,309 step  650  loss 1.0798  skip 0.08  lr 1.95e-04  depth_std 6.5784
2026-07-30 22:29:00,060 step  700  loss 1.8146  skip 0.09  lr 2.10e-04  depth_std 25.4623
2026-07-30 22:29:50,670 step  750  loss 0.8602  skip 0.09  lr 2.25e-04  depth_std 24.2517
2026-07-30 22:30:41,206 step  800  loss 1.0897  skip 0.10  lr 2.40e-04  depth_std 2.0972
2026-07-30 22:31:31,346 step  850  loss 1.0073  skip 0.11  lr 2.55e-04  depth_std 0.6323
2026-07-30 22:32:21,308 step  900  loss 1.2481  skip 0.11  lr 2.70e-04  depth_std 18.8698
2026-07-30 22:33:11,150 step  950  loss 0.9090  skip 0.12  lr 2.85e-04  depth_std 3.5923
2026-07-30 22:34:00,503 step 1000  loss 2.0278  skip 0.12  lr 3.00e-04  depth_std 21.9184
2026-07-30 22:34:49,660 step 1050  loss 0.7431  skip 0.13  lr 3.00e-04  depth_std 2.0783
2026-07-30 22:35:38,474 step 1100  loss 1.4099  skip 0.14  lr 3.00e-04  depth_std 23.1165
2026-07-30 22:36:27,067 step 1150  loss 1.1064  skip 0.14  lr 3.00e-04  depth_std 21.2242
2026-07-30 22:37:15,601 step 1200  loss 3.9483  skip 0.15  lr 2.99e-04  depth_std 25.3348
2026-07-30 22:38:03,916 step 1250  loss 1.5294  skip 0.16  lr 2.99e-04  depth_std 6.8566
2026-07-30 22:38:51,960 step 1300  loss 0.9737  skip 0.16  lr 2.99e-04  depth_std 2.9254
2026-07-30 22:39:39,830 step 1350  loss 0.6479  skip 0.17  lr 2.98e-04  depth_std 1.4569
2026-07-30 22:40:27,395 step 1400  loss 1.7492  skip 0.17  lr 2.98e-04  depth_std 22.8644
2026-07-30 22:41:14,768 step 1450  loss 1.2214  skip 0.18  lr 2.97e-04  depth_std 16.4145
2026-07-30 22:42:01,837 step 1500  loss 1.2514  skip 0.19  lr 2.96e-04  depth_std 28.4893
2026-07-30 22:42:48,690 step 1550  loss 1.2161  skip 0.19  lr 2.95e-04  depth_std 5.6071
2026-07-30 22:43:35,156 step 1600  loss 0.9382  skip 0.20  lr 2.95e-04  depth_std 7.1956
2026-07-30 22:44:21,512 step 1650  loss 2.1192  skip 0.21  lr 2.94e-04  depth_std 9.6157
2026-07-30 22:45:07,667 step 1700  loss 0.6358  skip 0.21  lr 2.93e-04  depth_std 5.3145
2026-07-30 22:45:53,534 step 1750  loss 1.3106  skip 0.22  lr 2.92e-04  depth_std 3.9133
2026-07-30 22:46:39,054 step 1800  loss 1.9157  skip 0.23  lr 2.90e-04  depth_std 20.6773
2026-07-30 22:47:24,493 step 1850  loss 1.1320  skip 0.23  lr 2.89e-04  depth_std 8.4998
2026-07-30 22:48:09,655 step 1900  loss 2.2014  skip 0.24  lr 2.88e-04  depth_std 15.4589
2026-07-30 22:48:54,388 step 1950  loss 2.5836  skip 0.24  lr 2.87e-04  depth_std 36.9157
2026-07-30 22:49:39,172 step 2000  loss 1.1213  skip 0.25  lr 2.85e-04  depth_std 17.9104
2026-07-30 22:50:23,595 step 2050  loss 1.8091  skip 0.26  lr 2.84e-04  depth_std 3.3279
2026-07-30 22:51:07,621 step 2100  loss 2.3503  skip 0.26  lr 2.82e-04  depth_std 35.7089
2026-07-30 22:51:51,499 step 2150  loss 0.9885  skip 0.27  lr 2.80e-04  depth_std 1.8598
2026-07-30 22:52:35,098 step 2200  loss 1.2655  skip 0.28  lr 2.79e-04  depth_std 8.1007
2026-07-30 22:53:18,436 step 2250  loss 1.0439  skip 0.28  lr 2.77e-04  depth_std 2.4048
2026-07-30 22:54:01,629 step 2300  loss 1.5606  skip 0.29  lr 2.75e-04  depth_std 21.4431
2026-07-30 22:54:44,514 step 2350  loss 2.0131  skip 0.29  lr 2.73e-04  depth_std 5.4786
2026-07-30 22:55:27,121 step 2400  loss 0.7327  skip 0.30  lr 2.71e-04  depth_std 1.6587
2026-07-30 22:56:09,407 step 2450  loss 0.8075  skip 0.31  lr 2.69e-04  depth_std 1.0964
2026-07-30 22:56:51,687 step 2500  loss 1.5936  skip 0.31  lr 2.67e-04  depth_std 26.5071
2026-07-30 22:57:33,486 step 2550  loss 0.4152  skip 0.32  lr 2.65e-04  depth_std 1.5506
2026-07-30 22:58:15,248 step 2600  loss 0.5231  skip 0.33  lr 2.63e-04  depth_std 1.5118
2026-07-30 22:58:56,701 step 2650  loss 0.9843  skip 0.33  lr 2.61e-04  depth_std 7.7480
2026-07-30 22:59:37,982 step 2700  loss 0.6534  skip 0.34  lr 2.58e-04  depth_std 11.8716
2026-07-30 23:00:18,977 step 2750  loss 1.0914  skip 0.34  lr 2.56e-04  depth_std 24.8986
2026-07-30 23:00:59,682 step 2800  loss 0.8381  skip 0.35  lr 2.54e-04  depth_std 1.2480
2026-07-30 23:01:40,265 step 2850  loss 0.4997  skip 0.36  lr 2.51e-04  depth_std 1.1285
2026-07-30 23:02:20,518 step 2900  loss 0.9279  skip 0.36  lr 2.49e-04  depth_std 3.7301
2026-07-30 23:03:00,650 step 2950  loss 1.9796  skip 0.37  lr 2.46e-04  depth_std 19.6535
2026-07-30 23:03:40,575 step 3000  loss 2.2411  skip 0.38  lr 2.44e-04  depth_std 4.3281
2026-07-30 23:04:20,143 step 3050  loss 1.2165  skip 0.38  lr 2.41e-04  depth_std 33.1636
2026-07-30 23:04:59,467 step 3100  loss 1.5682  skip 0.39  lr 2.38e-04  depth_std 1.6990
2026-07-30 23:05:38,396 step 3150  loss 1.1394  skip 0.39  lr 2.35e-04  depth_std 6.2081
2026-07-30 23:06:17,329 step 3200  loss 1.2700  skip 0.40  lr 2.33e-04  depth_std 10.4272
2026-07-30 23:06:55,931 step 3250  loss 0.4825  skip 0.41  lr 2.30e-04  depth_std 1.4284
2026-07-30 23:07:34,276 step 3300  loss 1.2274  skip 0.41  lr 2.27e-04  depth_std 18.7360
2026-07-30 23:08:12,335 step 3350  loss 0.4782  skip 0.42  lr 2.24e-04  depth_std 1.3873
2026-07-30 23:08:50,144 step 3400  loss 0.9355  skip 0.42  lr 2.21e-04  depth_std 17.5374
2026-07-30 23:09:27,747 step 3450  loss 0.6681  skip 0.43  lr 2.18e-04  depth_std 1.1745
2026-07-30 23:10:05,187 step 3500  loss 1.1027  skip 0.44  lr 2.15e-04  depth_std 26.3115
2026-07-30 23:10:42,211 step 3550  loss 0.4130  skip 0.44  lr 2.12e-04  depth_std 5.6170
2026-07-30 23:11:19,116 step 3600  loss 1.0496  skip 0.45  lr 2.09e-04  depth_std 28.5067
2026-07-30 23:11:55,570 step 3650  loss 1.0926  skip 0.46  lr 2.06e-04  depth_std 16.9732
2026-07-30 23:12:31,818 step 3700  loss 0.9242  skip 0.46  lr 2.03e-04  depth_std 27.5875
2026-07-30 23:13:07,939 step 3750  loss 2.6729  skip 0.47  lr 2.00e-04  depth_std 29.1648
2026-07-30 23:13:43,761 step 3800  loss 1.4132  skip 0.47  lr 1.96e-04  depth_std 8.7532
2026-07-30 23:14:19,281 step 3850  loss 0.8711  skip 0.48  lr 1.93e-04  depth_std 13.2889
2026-07-30 23:14:54,626 step 3900  loss 1.0605  skip 0.49  lr 1.90e-04  depth_std 13.5469
2026-07-30 23:15:29,623 step 3950  loss 0.8358  skip 0.49  lr 1.87e-04  depth_std 16.1909
2026-07-30 23:16:04,572 step 4000  loss 0.5827  skip 0.50  lr 1.83e-04  depth_std 1.5785
2026-07-30 23:16:39,335 step 4050  loss 1.2894  skip 0.50  lr 1.80e-04  depth_std 19.4904
2026-07-30 23:17:13,911 step 4100  loss 1.0612  skip 0.50  lr 1.77e-04  depth_std 2.7770
2026-07-30 23:17:48,633 step 4150  loss 1.3124  skip 0.50  lr 1.73e-04  depth_std 34.8375
2026-07-30 23:18:23,420 step 4200  loss 0.9630  skip 0.50  lr 1.70e-04  depth_std 15.2624
2026-07-30 23:18:58,137 step 4250  loss 0.8416  skip 0.50  lr 1.67e-04  depth_std 12.9293
2026-07-30 23:19:32,915 step 4300  loss 0.5296  skip 0.50  lr 1.63e-04  depth_std 6.2059
2026-07-30 23:20:07,588 step 4350  loss 0.6648  skip 0.50  lr 1.60e-04  depth_std 15.4751
2026-07-30 23:20:42,369 step 4400  loss 0.6924  skip 0.50  lr 1.57e-04  depth_std 3.5075
2026-07-30 23:21:17,022 step 4450  loss 0.9678  skip 0.50  lr 1.53e-04  depth_std 2.5950
2026-07-30 23:21:51,971 step 4500  loss 1.2678  skip 0.50  lr 1.50e-04  depth_std 11.2497
2026-07-30 23:22:26,676 step 4550  loss 1.1188  skip 0.50  lr 1.47e-04  depth_std 16.2414
2026-07-30 23:23:01,433 step 4600  loss 0.4605  skip 0.50  lr 1.43e-04  depth_std 0.5306
2026-07-30 23:23:36,150 step 4650  loss 1.6115  skip 0.50  lr 1.40e-04  depth_std 4.6525
2026-07-30 23:24:10,965 step 4700  loss 0.8546  skip 0.50  lr 1.37e-04  depth_std 26.5090
2026-07-30 23:24:45,696 step 4750  loss 1.0889  skip 0.50  lr 1.33e-04  depth_std 3.9941
2026-07-30 23:25:20,402 step 4800  loss 0.6955  skip 0.50  lr 1.30e-04  depth_std 8.2470
2026-07-30 23:25:55,058 step 4850  loss 1.1271  skip 0.50  lr 1.27e-04  depth_std 25.8019
2026-07-30 23:26:29,770 step 4900  loss 0.4280  skip 0.50  lr 1.23e-04  depth_std 1.7539
2026-07-30 23:27:04,576 step 4950  loss 0.7657  skip 0.50  lr 1.20e-04  depth_std 19.7474
2026-07-30 23:27:39,358 step 5000  loss 2.1591  skip 0.50  lr 1.17e-04  depth_std 4.5275
2026-07-30 23:28:14,033 step 5050  loss 1.2189  skip 0.50  lr 1.13e-04  depth_std 7.3125
2026-07-30 23:28:48,872 step 5100  loss 1.1046  skip 0.50  lr 1.10e-04  depth_std 10.4174
2026-07-30 23:29:23,562 step 5150  loss 0.7657  skip 0.50  lr 1.07e-04  depth_std 4.5615
2026-07-30 23:29:58,219 step 5200  loss 1.3201  skip 0.50  lr 1.04e-04  depth_std 18.5643
2026-07-30 23:30:32,915 step 5250  loss 0.5441  skip 0.50  lr 1.00e-04  depth_std 4.5796
2026-07-30 23:31:07,554 step 5300  loss 1.5981  skip 0.50  lr 9.73e-05  depth_std 32.9792
2026-07-30 23:31:42,307 step 5350  loss 0.9524  skip 0.50  lr 9.42e-05  depth_std 23.8299
2026-07-30 23:32:16,973 step 5400  loss 0.7375  skip 0.50  lr 9.10e-05  depth_std 10.3932
2026-07-30 23:32:51,795 step 5450  loss 0.7170  skip 0.50  lr 8.80e-05  depth_std 1.1644
2026-07-30 23:33:26,644 step 5500  loss 0.6296  skip 0.50  lr 8.49e-05  depth_std 2.5108
2026-07-30 23:34:01,358 step 5550  loss 1.2773  skip 0.50  lr 8.19e-05  depth_std 9.7229
2026-07-30 23:34:36,094 step 5600  loss 0.4427  skip 0.50  lr 7.89e-05  depth_std 2.9558
2026-07-30 23:35:10,875 step 5650  loss 0.8950  skip 0.50  lr 7.60e-05  depth_std 14.6501
2026-07-30 23:35:45,639 step 5700  loss 0.7375  skip 0.50  lr 7.31e-05  depth_std 1.8121
2026-07-30 23:36:20,461 step 5750  loss 1.0140  skip 0.50  lr 7.02e-05  depth_std 26.7255
2026-07-30 23:36:55,163 step 5800  loss 1.6238  skip 0.50  lr 6.74e-05  depth_std 29.7409
2026-07-30 23:37:29,976 step 5850  loss 1.5077  skip 0.50  lr 6.46e-05  depth_std 22.3533
2026-07-30 23:38:04,717 step 5900  loss 1.8500  skip 0.50  lr 6.18e-05  depth_std 3.8712
2026-07-30 23:38:39,516 step 5950  loss 0.4433  skip 0.50  lr 5.91e-05  depth_std 1.8886
2026-07-30 23:39:14,289 step 6000  loss 0.8160  skip 0.50  lr 5.65e-05  depth_std 2.1104
2026-07-30 23:39:49,061 step 6050  loss 1.2062  skip 0.50  lr 5.39e-05  depth_std 5.6759
2026-07-30 23:40:23,869 step 6100  loss 0.5439  skip 0.50  lr 5.13e-05  depth_std 1.3017
2026-07-30 23:40:58,678 step 6150  loss 3.8023  skip 0.50  lr 4.88e-05  depth_std 30.5121
2026-07-30 23:41:33,417 step 6200  loss 1.5071  skip 0.50  lr 4.63e-05  depth_std 24.2319
2026-07-30 23:42:08,181 step 6250  loss 2.1591  skip 0.50  lr 4.39e-05  depth_std 5.6777
2026-07-30 23:42:42,869 step 6300  loss 0.9261  skip 0.50  lr 4.16e-05  depth_std 32.4922
2026-07-30 23:43:17,728 step 6350  loss 1.3316  skip 0.50  lr 3.93e-05  depth_std 21.3072
2026-07-30 23:43:52,437 step 6400  loss 3.8901  skip 0.50  lr 3.70e-05  depth_std 32.3505
2026-07-30 23:44:27,097 step 6450  loss 1.7630  skip 0.50  lr 3.49e-05  depth_std 28.4925
2026-07-30 23:45:01,840 step 6500  loss 4.3282  skip 0.50  lr 3.27e-05  depth_std 26.3986
2026-07-30 23:45:36,512 step 6550  loss 0.5752  skip 0.50  lr 3.07e-05  depth_std 8.0657
2026-07-30 23:46:11,200 step 6600  loss 1.7244  skip 0.50  lr 2.86e-05  depth_std 16.1411
2026-07-30 23:46:45,943 step 6650  loss 2.7521  skip 0.50  lr 2.67e-05  depth_std 15.1959
2026-07-30 23:47:20,787 step 6700  loss 1.2240  skip 0.50  lr 2.48e-05  depth_std 7.0703
2026-07-30 23:47:55,488 step 6750  loss 0.7654  skip 0.50  lr 2.30e-05  depth_std 3.1636
2026-07-30 23:48:30,327 step 6800  loss 1.2352  skip 0.50  lr 2.12e-05  depth_std 31.5799
2026-07-30 23:49:04,921 step 6850  loss 1.0915  skip 0.50  lr 1.95e-05  depth_std 25.4717
2026-07-30 23:49:39,636 step 6900  loss 1.7807  skip 0.50  lr 1.79e-05  depth_std 30.1544
2026-07-30 23:50:14,426 step 6950  loss 0.7860  skip 0.50  lr 1.63e-05  depth_std 9.0231
2026-07-30 23:50:49,087 step 7000  loss 0.9243  skip 0.50  lr 1.49e-05  depth_std 29.9093
2026-07-30 23:51:23,924 step 7050  loss 3.9886  skip 0.50  lr 1.34e-05  depth_std 5.1530
2026-07-30 23:51:58,657 step 7100  loss 0.8226  skip 0.50  lr 1.21e-05  depth_std 6.0944
2026-07-30 23:52:33,452 step 7150  loss 0.9835  skip 0.50  lr 1.08e-05  depth_std 11.2465
2026-07-30 23:53:08,235 step 7200  loss 1.5242  skip 0.50  lr 9.56e-06  depth_std 3.6129
2026-07-30 23:53:42,994 step 7250  loss 1.3584  skip 0.50  lr 8.42e-06  depth_std 2.4778
2026-07-30 23:54:17,881 step 7300  loss 0.7716  skip 0.50  lr 7.34e-06  depth_std 7.5164
2026-07-30 23:54:52,619 step 7350  loss 1.3422  skip 0.50  lr 6.34e-06  depth_std 5.5036
2026-07-30 23:55:27,463 step 7400  loss 2.3887  skip 0.50  lr 5.41e-06  depth_std 24.3133
2026-07-30 23:56:02,170 step 7450  loss 2.0372  skip 0.50  lr 4.55e-06  depth_std 13.9930
2026-07-30 23:56:36,915 step 7500  loss 0.8295  skip 0.50  lr 3.76e-06  depth_std 9.1680
2026-07-30 23:57:11,769 step 7550  loss 1.7985  skip 0.50  lr 3.05e-06  depth_std 20.4711
2026-07-30 23:57:46,441 step 7600  loss 0.7244  skip 0.50  lr 2.41e-06  depth_std 8.2853
2026-07-30 23:58:21,135 step 7650  loss 3.8013  skip 0.50  lr 1.85e-06  depth_std 8.7532
2026-07-30 23:58:55,802 step 7700  loss 1.2251  skip 0.50  lr 1.36e-06  depth_std 23.8662
2026-07-30 23:59:30,563 step 7750  loss 0.5352  skip 0.50  lr 9.43e-07  depth_std 2.7639
2026-07-31 00:00:05,253 step 7800  loss 2.5249  skip 0.50  lr 6.04e-07  depth_std 7.2431
2026-07-31 00:00:39,953 step 7850  loss 2.0640  skip 0.50  lr 3.40e-07  depth_std 30.7522
2026-07-31 00:01:14,745 step 7900  loss 1.2724  skip 0.50  lr 1.51e-07  depth_std 27.3071
2026-07-31 00:01:49,529 step 7950  loss 0.5274  skip 0.50  lr 3.78e-08  depth_std 16.3061
2026-07-31 00:02:23,675 saved -> work_dirs/t1-warp0.5/latest.pt
