2026-08-29 08:23:50,884 work dir: work_dirs/e2-rank-s0  seed 0  commit 1d4d01a6
2026-08-29 08:23:51,313 partial init from work_dirs/v11-longclip-spread-s0/latest.pt: 1 new tensors kept at init, 0 checkpoint tensors unused
2026-08-29 08:23:52,141 mixed dataset: 208720 clips from 5 sources (size 256)
2026-08-29 08:23:54,192 step    0  loss 2.8499  skip 0.00  lr 2.00e-07  depth_std 29.5725
2026-08-29 08:24:44,864 step   50  loss 2.1515  skip 0.01  lr 1.02e-05  depth_std 7.7858
2026-08-29 08:25:37,922 step  100  loss 3.5165  skip 0.03  lr 2.02e-05  depth_std 14.3587
2026-08-29 08:26:31,187 step  150  loss 1.6976  skip 0.04  lr 3.02e-05  depth_std 21.2958
2026-08-29 08:27:24,139 step  200  loss 1.3834  skip 0.05  lr 4.02e-05  depth_std 20.9393
2026-08-29 08:28:16,427 step  250  loss 2.5705  skip 0.06  lr 5.02e-05  depth_std 29.0102
2026-08-29 08:29:08,040 step  300  loss 2.9465  skip 0.07  lr 6.02e-05  depth_std 34.5262
2026-08-29 08:29:59,081 step  350  loss 0.7007  skip 0.09  lr 7.02e-05  depth_std 1.9088
2026-08-29 08:30:49,785 step  400  loss 3.2277  skip 0.10  lr 8.02e-05  depth_std 40.5094
2026-08-29 08:31:40,293 step  450  loss 0.8707  skip 0.11  lr 9.02e-05  depth_std 0.6296
2026-08-29 08:32:30,042 step  500  loss 2.5130  skip 0.12  lr 1.00e-04  depth_std 21.9134
2026-08-29 08:33:19,408 step  550  loss 3.6024  skip 0.14  lr 9.99e-05  depth_std 11.7205
2026-08-29 08:34:08,293 step  600  loss 2.6923  skip 0.15  lr 9.98e-05  depth_std 1.5960
2026-08-29 08:34:56,618 step  650  loss 2.4639  skip 0.16  lr 9.95e-05  depth_std 4.0609
2026-08-29 08:35:44,652 step  700  loss 2.4789  skip 0.17  lr 9.92e-05  depth_std 40.1879
2026-08-29 08:36:32,017 step  750  loss 2.0184  skip 0.19  lr 9.87e-05  depth_std 27.0154
2026-08-29 08:37:18,937 step  800  loss 2.8755  skip 0.20  lr 9.82e-05  depth_std 3.2746
2026-08-29 08:38:05,232 step  850  loss 2.1638  skip 0.21  lr 9.76e-05  depth_std 0.7914
2026-08-29 08:38:51,253 step  900  loss 2.2116  skip 0.23  lr 9.68e-05  depth_std 23.9977
2026-08-29 08:39:36,776 step  950  loss 1.9346  skip 0.24  lr 9.60e-05  depth_std 3.3923
2026-08-29 08:40:21,831 step 1000  loss 3.3666  skip 0.25  lr 9.50e-05  depth_std 31.1713
2026-08-29 08:41:06,279 step 1050  loss 1.6222  skip 0.26  lr 9.40e-05  depth_std 2.3807
2026-08-29 08:41:50,227 step 1100  loss 2.0731  skip 0.28  lr 9.29e-05  depth_std 39.3288
2026-08-29 08:42:33,662 step 1150  loss 1.6312  skip 0.29  lr 9.17e-05  depth_std 32.8096
2026-08-29 08:43:16,743 step 1200  loss 3.4128  skip 0.30  lr 9.05e-05  depth_std 32.3491
2026-08-29 08:43:59,368 step 1250  loss 2.7753  skip 0.31  lr 8.91e-05  depth_std 11.2704
2026-08-29 08:44:41,336 step 1300  loss 2.3551  skip 0.33  lr 8.77e-05  depth_std 7.4953
2026-08-29 08:45:22,841 step 1350  loss 1.9726  skip 0.34  lr 8.61e-05  depth_std 1.4911
2026-08-29 08:46:03,931 step 1400  loss 3.0240  skip 0.35  lr 8.46e-05  depth_std 28.8970
2026-08-29 08:46:44,401 step 1450  loss 2.5458  skip 0.36  lr 8.29e-05  depth_std 15.4830
2026-08-29 08:47:24,561 step 1500  loss 1.7233  skip 0.38  lr 8.12e-05  depth_std 28.7331
2026-08-29 08:48:04,192 step 1550  loss 3.1642  skip 0.39  lr 7.94e-05  depth_std 8.4811
2026-08-29 08:48:43,219 step 1600  loss 2.1278  skip 0.40  lr 7.75e-05  depth_std 11.4159
2026-08-29 08:49:21,905 step 1650  loss 4.2503  skip 0.41  lr 7.56e-05  depth_std 10.7868
2026-08-29 08:50:00,118 step 1700  loss 2.0115  skip 0.42  lr 7.37e-05  depth_std 5.0115
2026-08-29 08:50:37,630 step 1750  loss 2.9680  skip 0.44  lr 7.17e-05  depth_std 5.1413
2026-08-29 08:51:14,567 step 1800  loss 3.7745  skip 0.45  lr 6.97e-05  depth_std 26.3245
2026-08-29 08:51:50,992 step 1850  loss 2.3269  skip 0.46  lr 6.76e-05  depth_std 10.3200
2026-08-29 08:52:27,044 step 1900  loss 2.8240  skip 0.47  lr 6.55e-05  depth_std 28.5808
2026-08-29 08:53:02,669 step 1950  loss 4.3274  skip 0.49  lr 6.33e-05  depth_std 34.4958
2026-08-29 08:53:37,760 step 2000  loss 2.0811  skip 0.50  lr 6.11e-05  depth_std 25.1614
2026-08-29 08:54:12,606 step 2050  loss 3.6798  skip 0.50  lr 5.89e-05  depth_std 5.6436
2026-08-29 08:54:47,467 step 2100  loss 3.4741  skip 0.50  lr 5.67e-05  depth_std 54.4225
2026-08-29 08:55:22,349 step 2150  loss 2.8582  skip 0.50  lr 5.45e-05  depth_std 3.1723
2026-08-29 08:55:57,138 step 2200  loss 2.4541  skip 0.50  lr 5.22e-05  depth_std 8.5867
2026-08-29 08:56:32,053 step 2250  loss 2.3519  skip 0.50  lr 5.00e-05  depth_std 3.5910
2026-08-29 08:57:06,831 step 2300  loss 3.0010  skip 0.50  lr 4.78e-05  depth_std 29.9319
2026-08-29 08:57:41,784 step 2350  loss 4.4381  skip 0.50  lr 4.55e-05  depth_std 6.8846
2026-08-29 08:58:16,660 step 2400  loss 2.0082  skip 0.50  lr 4.33e-05  depth_std 1.8808
2026-08-29 08:58:51,625 step 2450  loss 1.8923  skip 0.50  lr 4.11e-05  depth_std 1.2462
2026-08-29 08:59:26,405 step 2500  loss 3.4256  skip 0.50  lr 3.89e-05  depth_std 39.3911
2026-08-29 09:00:01,278 step 2550  loss 0.8337  skip 0.50  lr 3.67e-05  depth_std 1.8171
2026-08-29 09:00:36,140 step 2600  loss 1.4899  skip 0.50  lr 3.45e-05  depth_std 1.6433
2026-08-29 09:01:11,004 step 2650  loss 2.6041  skip 0.50  lr 3.24e-05  depth_std 8.6805
2026-08-29 09:01:46,002 step 2700  loss 1.8378  skip 0.50  lr 3.03e-05  depth_std 17.4581
2026-08-29 09:02:20,856 step 2750  loss 2.6026  skip 0.50  lr 2.83e-05  depth_std 34.1282
2026-08-29 09:02:55,742 step 2800  loss 2.5330  skip 0.50  lr 2.63e-05  depth_std 1.7721
2026-08-29 09:03:30,706 step 2850  loss 1.0625  skip 0.50  lr 2.44e-05  depth_std 1.3144
2026-08-29 09:04:05,544 step 2900  loss 2.4391  skip 0.50  lr 2.25e-05  depth_std 5.4989
2026-08-29 09:04:40,334 step 2950  loss 3.4512  skip 0.50  lr 2.06e-05  depth_std 20.8191
2026-08-29 09:05:15,126 step 3000  loss 4.5816  skip 0.50  lr 1.88e-05  depth_std 5.5652
2026-08-29 09:05:50,120 step 3050  loss 2.2400  skip 0.50  lr 1.71e-05  depth_std 31.0924
2026-08-29 09:06:25,002 step 3100  loss 4.7804  skip 0.50  lr 1.54e-05  depth_std 2.0400
2026-08-29 09:06:59,685 step 3150  loss 2.5711  skip 0.50  lr 1.39e-05  depth_std 7.0197
2026-08-29 09:07:34,566 step 3200  loss 2.9254  skip 0.50  lr 1.23e-05  depth_std 9.8492
2026-08-29 09:08:09,410 step 3250  loss 0.9344  skip 0.50  lr 1.09e-05  depth_std 1.5825
2026-08-29 09:08:44,234 step 3300  loss 1.6755  skip 0.50  lr 9.55e-06  depth_std 23.7123
2026-08-29 09:09:19,133 step 3350  loss 0.9370  skip 0.50  lr 8.27e-06  depth_std 1.5452
2026-08-29 09:09:54,017 step 3400  loss 1.7819  skip 0.50  lr 7.08e-06  depth_std 28.3652
2026-08-29 09:10:28,832 step 3450  loss 1.8630  skip 0.50  lr 5.97e-06  depth_std 1.9614
2026-08-29 09:11:03,718 step 3500  loss 2.1183  skip 0.50  lr 4.95e-06  depth_std 29.6910
2026-08-29 09:11:38,552 step 3550  loss 0.7484  skip 0.50  lr 4.02e-06  depth_std 5.7228
2026-08-29 09:12:13,424 step 3600  loss 1.8246  skip 0.50  lr 3.19e-06  depth_std 32.9685
2026-08-29 09:12:48,299 step 3650  loss 2.3519  skip 0.50  lr 2.45e-06  depth_std 17.5316
2026-08-29 09:13:23,117 step 3700  loss 1.5164  skip 0.50  lr 1.80e-06  depth_std 32.8790
2026-08-29 09:13:57,853 step 3750  loss 5.2761  skip 0.50  lr 1.25e-06  depth_std 33.0093
2026-08-29 09:14:32,661 step 3800  loss 2.5541  skip 0.50  lr 8.04e-07  depth_std 11.9743
2026-08-29 09:15:07,556 step 3850  loss 1.4697  skip 0.50  lr 4.53e-07  depth_std 15.4079
2026-08-29 09:15:42,421 step 3900  loss 1.8919  skip 0.50  lr 2.01e-07  depth_std 13.8622
2026-08-29 09:16:17,320 step 3950  loss 1.7062  skip 0.50  lr 5.03e-08  depth_std 25.8690
2026-08-29 09:16:51,666 saved -> work_dirs/e2-rank-s0/latest.pt
