2026-07-27 07:17:02,968 work dir: work_dirs/probe-p1-aug
2026-07-27 07:17:04,254 mixed dataset: 208720 clips from 5 sources (size 128)
2026-07-27 07:17:05,547 step    0  loss 2.9674  skip 0.00  lr 6.00e-07  depth_std 0.0016
2026-07-27 07:17:12,290 step   50  loss 0.6281  skip 0.00  lr 3.06e-05  depth_std 0.4239
2026-07-27 07:17:19,029 step  100  loss 2.9557  skip 0.01  lr 6.06e-05  depth_std 1.2188
2026-07-27 07:17:25,760 step  150  loss 1.7427  skip 0.01  lr 9.06e-05  depth_std 3.0625
2026-07-27 07:17:32,440 step  200  loss 0.9923  skip 0.01  lr 1.21e-04  depth_std 1.7468
2026-07-27 07:17:39,164 step  250  loss 1.0205  skip 0.02  lr 1.51e-04  depth_std 3.5091
2026-07-27 07:17:45,900 step  300  loss 1.5766  skip 0.02  lr 1.81e-04  depth_std 2.8210
2026-07-27 07:17:52,576 step  350  loss 2.1856  skip 0.02  lr 2.11e-04  depth_std 7.0489
2026-07-27 07:17:59,328 step  400  loss 1.0957  skip 0.03  lr 2.41e-04  depth_std 4.1570
2026-07-27 07:18:06,051 step  450  loss 6.0113  skip 0.03  lr 2.71e-04  depth_std 0.8482
2026-07-27 07:18:12,759 step  500  loss 2.0166  skip 0.03  lr 3.00e-04  depth_std 1.6513
2026-07-27 07:18:19,488 step  550  loss 0.5685  skip 0.04  lr 3.00e-04  depth_std 1.2254
2026-07-27 07:18:26,172 step  600  loss 1.9373  skip 0.04  lr 3.00e-04  depth_std 1.1104
2026-07-27 07:18:32,907 step  650  loss 2.0943  skip 0.04  lr 3.00e-04  depth_std 6.0642
2026-07-27 07:18:39,591 step  700  loss 5.1714  skip 0.05  lr 3.00e-04  depth_std 2.6326
2026-07-27 07:18:46,309 step  750  loss 2.0911  skip 0.05  lr 3.00e-04  depth_std 4.6725
2026-07-27 07:18:53,017 step  800  loss 0.6085  skip 0.05  lr 3.00e-04  depth_std 0.6761
2026-07-27 07:18:59,737 step  850  loss 1.1738  skip 0.06  lr 3.00e-04  depth_std 4.6160
2026-07-27 07:19:06,416 step  900  loss 1.0096  skip 0.06  lr 2.99e-04  depth_std 4.1792
2026-07-27 07:19:13,149 step  950  loss 1.2661  skip 0.06  lr 2.99e-04  depth_std 7.5643
2026-07-27 07:19:19,879 step 1000  loss 1.7090  skip 0.07  lr 2.99e-04  depth_std 4.4464
2026-07-27 07:19:26,598 step 1050  loss 3.2736  skip 0.07  lr 2.99e-04  depth_std 4.4111
2026-07-27 07:19:33,341 step 1100  loss 1.5498  skip 0.07  lr 2.99e-04  depth_std 10.2831
2026-07-27 07:19:40,035 step 1150  loss 2.1372  skip 0.08  lr 2.99e-04  depth_std 7.9050
2026-07-27 07:19:46,761 step 1200  loss 1.2452  skip 0.08  lr 2.98e-04  depth_std 5.3453
2026-07-27 07:19:53,484 step 1250  loss 0.6666  skip 0.08  lr 2.98e-04  depth_std 10.2139
2026-07-27 07:20:00,211 step 1300  loss 1.6905  skip 0.09  lr 2.98e-04  depth_std 13.1224
2026-07-27 07:20:06,895 step 1350  loss 0.2677  skip 0.09  lr 2.97e-04  depth_std 0.3532
2026-07-27 07:20:13,636 step 1400  loss 0.8616  skip 0.09  lr 2.97e-04  depth_std 1.7610
2026-07-27 07:20:20,318 step 1450  loss 3.8384  skip 0.10  lr 2.97e-04  depth_std 7.0976
2026-07-27 07:20:27,051 step 1500  loss 1.9583  skip 0.10  lr 2.96e-04  depth_std 5.8798
2026-07-27 07:20:33,771 step 1550  loss 1.2845  skip 0.10  lr 2.96e-04  depth_std 0.8246
2026-07-27 07:20:40,512 step 1600  loss 1.0020  skip 0.11  lr 2.96e-04  depth_std 2.0225
2026-07-27 07:20:47,196 step 1650  loss 1.5076  skip 0.11  lr 2.95e-04  depth_std 5.3095
2026-07-27 07:20:53,917 step 1700  loss 0.8710  skip 0.11  lr 2.95e-04  depth_std 2.5879
2026-07-27 07:21:00,643 step 1750  loss 5.0334  skip 0.12  lr 2.95e-04  depth_std 7.3894
2026-07-27 07:21:07,404 step 1800  loss 3.6308  skip 0.12  lr 2.94e-04  depth_std 4.5214
2026-07-27 07:21:14,099 step 1850  loss 1.0238  skip 0.12  lr 2.94e-04  depth_std 3.1906
2026-07-27 07:21:20,820 step 1900  loss 1.3326  skip 0.13  lr 2.93e-04  depth_std 9.4564
2026-07-27 07:21:27,582 step 1950  loss 4.2453  skip 0.13  lr 2.93e-04  depth_std 6.1291
2026-07-27 07:21:34,300 step 2000  loss 0.8859  skip 0.13  lr 2.92e-04  depth_std 5.6264
2026-07-27 07:21:41,042 step 2050  loss 0.8745  skip 0.14  lr 2.92e-04  depth_std 5.7983
2026-07-27 07:21:47,767 step 2100  loss 1.7125  skip 0.14  lr 2.91e-04  depth_std 3.9833
2026-07-27 07:21:54,504 step 2150  loss 1.2929  skip 0.14  lr 2.91e-04  depth_std 4.0976
2026-07-27 07:22:01,249 step 2200  loss 3.5950  skip 0.15  lr 2.90e-04  depth_std 5.0891
2026-07-27 07:22:07,949 step 2250  loss 2.1748  skip 0.15  lr 2.89e-04  depth_std 17.0312
2026-07-27 07:22:14,677 step 2300  loss 5.9746  skip 0.15  lr 2.89e-04  depth_std 4.0926
2026-07-27 07:22:21,365 step 2350  loss 1.1822  skip 0.16  lr 2.88e-04  depth_std 2.0845
2026-07-27 07:22:28,102 step 2400  loss 0.9768  skip 0.16  lr 2.87e-04  depth_std 6.9955
2026-07-27 07:22:34,834 step 2450  loss 3.6701  skip 0.16  lr 2.87e-04  depth_std 16.5194
2026-07-27 07:22:41,565 step 2500  loss 1.2992  skip 0.17  lr 2.86e-04  depth_std 4.3868
2026-07-27 07:22:48,248 step 2550  loss 1.2900  skip 0.17  lr 2.85e-04  depth_std 7.1238
2026-07-27 07:22:54,972 step 2600  loss 2.3022  skip 0.17  lr 2.85e-04  depth_std 7.3885
2026-07-27 07:23:01,706 step 2650  loss 0.9893  skip 0.18  lr 2.84e-04  depth_std 5.3859
2026-07-27 07:23:08,421 step 2700  loss 1.8761  skip 0.18  lr 2.83e-04  depth_std 0.8106
2026-07-27 07:23:15,145 step 2750  loss 1.7443  skip 0.18  lr 2.83e-04  depth_std 6.1300
2026-07-27 07:23:21,826 step 2800  loss 1.8483  skip 0.19  lr 2.82e-04  depth_std 7.4433
2026-07-27 07:23:28,551 step 2850  loss 1.7114  skip 0.19  lr 2.81e-04  depth_std 9.0110
2026-07-27 07:23:35,232 step 2900  loss 0.3585  skip 0.19  lr 2.80e-04  depth_std 0.8519
2026-07-27 07:23:41,954 step 2950  loss 1.9173  skip 0.20  lr 2.79e-04  depth_std 5.8716
2026-07-27 07:23:48,688 step 3000  loss 4.2700  skip 0.20  lr 2.79e-04  depth_std 18.4972
2026-07-27 07:23:55,426 step 3050  loss 0.8493  skip 0.20  lr 2.78e-04  depth_std 16.0032
2026-07-27 07:24:02,118 step 3100  loss 1.2008  skip 0.21  lr 2.77e-04  depth_std 1.5204
2026-07-27 07:24:08,850 step 3150  loss 3.9738  skip 0.21  lr 2.76e-04  depth_std 8.2991
2026-07-27 07:24:15,605 step 3200  loss 0.9547  skip 0.21  lr 2.75e-04  depth_std 10.4006
2026-07-27 07:24:22,338 step 3250  loss 1.2476  skip 0.22  lr 2.74e-04  depth_std 9.8592
2026-07-27 07:24:29,042 step 3300  loss 0.8253  skip 0.22  lr 2.73e-04  depth_std 1.6508
2026-07-27 07:24:35,773 step 3350  loss 1.0249  skip 0.22  lr 2.72e-04  depth_std 14.4466
2026-07-27 07:24:42,515 step 3400  loss 1.6965  skip 0.23  lr 2.71e-04  depth_std 7.4889
2026-07-27 07:24:49,207 step 3450  loss 0.9113  skip 0.23  lr 2.70e-04  depth_std 11.0313
2026-07-27 07:24:55,930 step 3500  loss 0.9856  skip 0.23  lr 2.69e-04  depth_std 6.6415
2026-07-27 07:25:02,668 step 3550  loss 1.3454  skip 0.24  lr 2.68e-04  depth_std 3.6573
2026-07-27 07:25:09,426 step 3600  loss 1.3936  skip 0.24  lr 2.67e-04  depth_std 7.7886
2026-07-27 07:25:16,133 step 3650  loss 1.4934  skip 0.24  lr 2.66e-04  depth_std 10.1459
2026-07-27 07:25:22,885 step 3700  loss 3.1202  skip 0.25  lr 2.65e-04  depth_std 11.9494
2026-07-27 07:25:29,639 step 3750  loss 1.0558  skip 0.25  lr 2.64e-04  depth_std 8.9302
2026-07-27 07:25:36,323 step 3800  loss 0.7705  skip 0.25  lr 2.63e-04  depth_std 6.0091
2026-07-27 07:25:43,052 step 3850  loss 4.0618  skip 0.26  lr 2.62e-04  depth_std 6.2398
2026-07-27 07:25:49,789 step 3900  loss 0.9410  skip 0.26  lr 2.61e-04  depth_std 8.4953
2026-07-27 07:25:56,478 step 3950  loss 1.2464  skip 0.26  lr 2.60e-04  depth_std 15.5647
2026-07-27 07:26:03,267 step 4000  loss 1.3779  skip 0.27  lr 2.59e-04  depth_std 18.5787
2026-07-27 07:26:09,999 step 4050  loss 1.4405  skip 0.27  lr 2.58e-04  depth_std 4.4498
2026-07-27 07:26:16,751 step 4100  loss 1.8837  skip 0.27  lr 2.57e-04  depth_std 5.0076
2026-07-27 07:26:23,448 step 4150  loss 1.8757  skip 0.28  lr 2.55e-04  depth_std 10.8962
2026-07-27 07:26:30,182 step 4200  loss 0.9228  skip 0.28  lr 2.54e-04  depth_std 10.8361
2026-07-27 07:26:36,930 step 4250  loss 0.8676  skip 0.28  lr 2.53e-04  depth_std 7.3807
2026-07-27 07:26:43,658 step 4300  loss 1.3767  skip 0.29  lr 2.52e-04  depth_std 8.8775
2026-07-27 07:26:50,397 step 4350  loss 3.0147  skip 0.29  lr 2.51e-04  depth_std 5.1465
2026-07-27 07:26:57,080 step 4400  loss 1.1437  skip 0.29  lr 2.50e-04  depth_std 3.0010
2026-07-27 07:27:03,806 step 4450  loss 1.1326  skip 0.30  lr 2.48e-04  depth_std 9.3311
2026-07-27 07:27:10,493 step 4500  loss 1.6458  skip 0.30  lr 2.47e-04  depth_std 8.0865
2026-07-27 07:27:17,225 step 4550  loss 3.3272  skip 0.30  lr 2.46e-04  depth_std 4.2319
2026-07-27 07:27:23,967 step 4600  loss 0.5608  skip 0.31  lr 2.45e-04  depth_std 5.9935
2026-07-27 07:27:30,651 step 4650  loss 1.1778  skip 0.31  lr 2.43e-04  depth_std 1.9768
2026-07-27 07:27:37,368 step 4700  loss 0.4252  skip 0.31  lr 2.42e-04  depth_std 7.2000
2026-07-27 07:27:44,110 step 4750  loss 2.2321  skip 0.32  lr 2.41e-04  depth_std 20.1229
2026-07-27 07:27:50,873 step 4800  loss 2.3464  skip 0.32  lr 2.39e-04  depth_std 15.3553
2026-07-27 07:27:57,619 step 4850  loss 1.7770  skip 0.32  lr 2.38e-04  depth_std 10.2533
2026-07-27 07:28:04,305 step 4900  loss 0.9888  skip 0.33  lr 2.37e-04  depth_std 11.5973
2026-07-27 07:28:11,046 step 4950  loss 2.0102  skip 0.33  lr 2.36e-04  depth_std 12.4087
2026-07-27 07:28:17,736 step 5000  loss 1.4467  skip 0.33  lr 2.34e-04  depth_std 2.1325
2026-07-27 07:28:24,471 step 5050  loss 3.8839  skip 0.34  lr 2.33e-04  depth_std 15.9586
2026-07-27 07:28:31,208 step 5100  loss 0.1226  skip 0.34  lr 2.31e-04  depth_std 0.8416
2026-07-27 07:28:37,948 step 5150  loss 1.4152  skip 0.34  lr 2.30e-04  depth_std 19.7080
2026-07-27 07:28:44,641 step 5200  loss 2.3962  skip 0.35  lr 2.29e-04  depth_std 14.4078
2026-07-27 07:28:51,367 step 5250  loss 1.8057  skip 0.35  lr 2.27e-04  depth_std 14.6478
2026-07-27 07:28:58,095 step 5300  loss 0.7279  skip 0.35  lr 2.26e-04  depth_std 3.4093
2026-07-27 07:29:04,811 step 5350  loss 2.8034  skip 0.36  lr 2.25e-04  depth_std 15.4873
2026-07-27 07:29:11,506 step 5400  loss 1.7238  skip 0.36  lr 2.23e-04  depth_std 9.9668
2026-07-27 07:29:18,222 step 5450  loss 0.8238  skip 0.36  lr 2.22e-04  depth_std 1.8505
2026-07-27 07:29:24,950 step 5500  loss 1.5385  skip 0.37  lr 2.20e-04  depth_std 11.4293
2026-07-27 07:29:31,666 step 5550  loss 0.3778  skip 0.37  lr 2.19e-04  depth_std 13.2346
2026-07-27 07:29:38,394 step 5600  loss 0.9392  skip 0.37  lr 2.17e-04  depth_std 4.1656
2026-07-27 07:29:45,083 step 5650  loss 0.9820  skip 0.38  lr 2.16e-04  depth_std 8.8469
2026-07-27 07:29:51,826 step 5700  loss 0.7129  skip 0.38  lr 2.14e-04  depth_std 14.3315
2026-07-27 07:29:58,517 step 5750  loss 2.1768  skip 0.38  lr 2.13e-04  depth_std 14.8863
2026-07-27 07:30:05,260 step 5800  loss 1.8993  skip 0.39  lr 2.12e-04  depth_std 17.9782
2026-07-27 07:30:11,975 step 5850  loss 1.0205  skip 0.39  lr 2.10e-04  depth_std 11.2461
2026-07-27 07:30:18,703 step 5900  loss 0.9230  skip 0.39  lr 2.09e-04  depth_std 10.6199
2026-07-27 07:30:25,384 step 5950  loss 0.5253  skip 0.40  lr 2.07e-04  depth_std 0.8704
2026-07-27 07:30:32,153 step 6000  loss 1.3408  skip 0.40  lr 2.06e-04  depth_std 13.3814
2026-07-27 07:30:38,869 step 6050  loss 1.1286  skip 0.40  lr 2.04e-04  depth_std 11.7465
2026-07-27 07:30:45,594 step 6100  loss 1.1379  skip 0.41  lr 2.02e-04  depth_std 10.6732
2026-07-27 07:30:52,275 step 6150  loss 0.2336  skip 0.41  lr 2.01e-04  depth_std 3.7903
2026-07-27 07:30:58,988 step 6200  loss 0.5610  skip 0.41  lr 1.99e-04  depth_std 7.2504
2026-07-27 07:31:05,712 step 6250  loss 1.1522  skip 0.42  lr 1.98e-04  depth_std 6.3289
2026-07-27 07:31:12,394 step 6300  loss 0.9078  skip 0.42  lr 1.96e-04  depth_std 18.9986
2026-07-27 07:31:19,110 step 6350  loss 1.1691  skip 0.42  lr 1.95e-04  depth_std 15.6818
2026-07-27 07:31:25,844 step 6400  loss 0.4128  skip 0.43  lr 1.93e-04  depth_std 9.2833
2026-07-27 07:31:32,560 step 6450  loss 1.1069  skip 0.43  lr 1.92e-04  depth_std 18.0882
2026-07-27 07:31:39,246 step 6500  loss 1.2970  skip 0.43  lr 1.90e-04  depth_std 6.5252
2026-07-27 07:31:45,983 step 6550  loss 2.1824  skip 0.44  lr 1.89e-04  depth_std 14.4482
2026-07-27 07:31:52,714 step 6600  loss 0.6034  skip 0.44  lr 1.87e-04  depth_std 12.4085
2026-07-27 07:31:59,463 step 6650  loss 1.3517  skip 0.44  lr 1.85e-04  depth_std 5.5877
2026-07-27 07:32:06,152 step 6700  loss 0.5796  skip 0.45  lr 1.84e-04  depth_std 12.1052
2026-07-27 07:32:12,897 step 6750  loss 0.4080  skip 0.45  lr 1.82e-04  depth_std 8.7537
2026-07-27 07:32:19,634 step 6800  loss 2.9804  skip 0.45  lr 1.81e-04  depth_std 15.6412
2026-07-27 07:32:26,325 step 6850  loss 1.6756  skip 0.46  lr 1.79e-04  depth_std 9.1237
2026-07-27 07:32:33,062 step 6900  loss 2.0128  skip 0.46  lr 1.77e-04  depth_std 2.3515
2026-07-27 07:32:39,805 step 6950  loss 1.1265  skip 0.46  lr 1.76e-04  depth_std 11.4814
2026-07-27 07:32:46,512 step 7000  loss 2.7394  skip 0.47  lr 1.74e-04  depth_std 9.4981
2026-07-27 07:32:53,236 step 7050  loss 0.7592  skip 0.47  lr 1.73e-04  depth_std 8.0104
2026-07-27 07:32:59,961 step 7100  loss 3.3011  skip 0.47  lr 1.71e-04  depth_std 4.2285
2026-07-27 07:33:06,690 step 7150  loss 0.8311  skip 0.48  lr 1.69e-04  depth_std 15.0227
2026-07-27 07:33:13,433 step 7200  loss 0.5982  skip 0.48  lr 1.68e-04  depth_std 1.7972
2026-07-27 07:33:20,115 step 7250  loss 1.5109  skip 0.48  lr 1.66e-04  depth_std 18.2869
2026-07-27 07:33:26,838 step 7300  loss 0.5284  skip 0.49  lr 1.65e-04  depth_std 4.9340
2026-07-27 07:33:33,523 step 7350  loss 0.7717  skip 0.49  lr 1.63e-04  depth_std 16.8187
2026-07-27 07:33:40,252 step 7400  loss 3.5863  skip 0.49  lr 1.61e-04  depth_std 12.5489
2026-07-27 07:33:46,973 step 7450  loss 1.3004  skip 0.50  lr 1.60e-04  depth_std 12.0134
2026-07-27 07:33:53,701 step 7500  loss 1.1954  skip 0.50  lr 1.58e-04  depth_std 3.7892
2026-07-27 07:34:00,385 step 7550  loss 0.2877  skip 0.50  lr 1.56e-04  depth_std 3.7100
2026-07-27 07:34:07,114 step 7600  loss 0.9056  skip 0.50  lr 1.55e-04  depth_std 13.5851
2026-07-27 07:34:13,867 step 7650  loss 0.1877  skip 0.50  lr 1.53e-04  depth_std 3.3270
2026-07-27 07:34:20,591 step 7700  loss 1.4041  skip 0.50  lr 1.52e-04  depth_std 12.4734
2026-07-27 07:34:27,346 step 7750  loss 1.2571  skip 0.50  lr 1.50e-04  depth_std 4.3166
2026-07-27 07:34:34,029 step 7800  loss 0.8630  skip 0.50  lr 1.48e-04  depth_std 8.8936
2026-07-27 07:34:40,759 step 7850  loss 1.3064  skip 0.50  lr 1.47e-04  depth_std 19.3096
2026-07-27 07:34:47,494 step 7900  loss 2.1053  skip 0.50  lr 1.45e-04  depth_std 16.7447
2026-07-27 07:34:54,249 step 7950  loss 4.2909  skip 0.50  lr 1.44e-04  depth_std 17.4291
2026-07-27 07:35:01,009 step 8000  loss 0.7298  skip 0.50  lr 1.42e-04  depth_std 6.7590
2026-07-27 07:35:07,735 step 8050  loss 0.6871  skip 0.50  lr 1.40e-04  depth_std 11.5882
2026-07-27 07:35:14,460 step 8100  loss 2.3767  skip 0.50  lr 1.39e-04  depth_std 9.6774
2026-07-27 07:35:21,202 step 8150  loss 1.4422  skip 0.50  lr 1.37e-04  depth_std 19.9544
2026-07-27 07:35:27,886 step 8200  loss 2.8067  skip 0.50  lr 1.35e-04  depth_std 1.7946
2026-07-27 07:35:34,616 step 8250  loss 1.1540  skip 0.50  lr 1.34e-04  depth_std 10.4258
2026-07-27 07:35:41,299 step 8300  loss 2.0833  skip 0.50  lr 1.32e-04  depth_std 12.8478
2026-07-27 07:35:48,052 step 8350  loss 1.1813  skip 0.50  lr 1.31e-04  depth_std 11.9412
2026-07-27 07:35:54,767 step 8400  loss 0.7260  skip 0.50  lr 1.29e-04  depth_std 13.5485
2026-07-27 07:36:01,508 step 8450  loss 1.2875  skip 0.50  lr 1.27e-04  depth_std 17.1806
2026-07-27 07:36:08,194 step 8500  loss 1.3840  skip 0.50  lr 1.26e-04  depth_std 18.8927
2026-07-27 07:36:14,912 step 8550  loss 0.7404  skip 0.50  lr 1.24e-04  depth_std 6.0705
2026-07-27 07:36:21,647 step 8600  loss 1.9817  skip 0.50  lr 1.23e-04  depth_std 13.1316
2026-07-27 07:36:28,361 step 8650  loss 1.5071  skip 0.50  lr 1.21e-04  depth_std 9.8929
2026-07-27 07:36:35,043 step 8700  loss 0.7908  skip 0.50  lr 1.19e-04  depth_std 9.0984
2026-07-27 07:36:41,774 step 8750  loss 2.6236  skip 0.50  lr 1.18e-04  depth_std 12.2977
2026-07-27 07:36:48,488 step 8800  loss 0.1587  skip 0.50  lr 1.16e-04  depth_std 4.2464
2026-07-27 07:36:55,168 step 8850  loss 1.8353  skip 0.50  lr 1.15e-04  depth_std 11.9212
2026-07-27 07:37:01,895 step 8900  loss 1.2729  skip 0.50  lr 1.13e-04  depth_std 2.5759
2026-07-27 07:37:08,615 step 8950  loss 0.8231  skip 0.50  lr 1.11e-04  depth_std 5.0999
2026-07-27 07:37:15,342 step 9000  loss 0.2825  skip 0.50  lr 1.10e-04  depth_std 8.3274
2026-07-27 07:37:22,023 step 9050  loss 1.2873  skip 0.50  lr 1.08e-04  depth_std 9.9537
2026-07-27 07:37:28,740 step 9100  loss 0.8225  skip 0.50  lr 1.07e-04  depth_std 16.8307
2026-07-27 07:37:35,463 step 9150  loss 0.5111  skip 0.50  lr 1.05e-04  depth_std 5.8237
2026-07-27 07:37:42,145 step 9200  loss 0.6815  skip 0.50  lr 1.04e-04  depth_std 7.0886
2026-07-27 07:37:48,862 step 9250  loss 0.3759  skip 0.50  lr 1.02e-04  depth_std 3.8288
2026-07-27 07:37:55,589 step 9300  loss 0.4170  skip 0.50  lr 1.01e-04  depth_std 3.2199
2026-07-27 07:38:02,270 step 9350  loss 0.7651  skip 0.50  lr 9.90e-05  depth_std 8.7616
2026-07-27 07:38:08,995 step 9400  loss 0.9564  skip 0.50  lr 9.75e-05  depth_std 13.9101
2026-07-27 07:38:15,717 step 9450  loss 2.7008  skip 0.50  lr 9.60e-05  depth_std 3.2048
2026-07-27 07:38:22,432 step 9500  loss 3.1658  skip 0.50  lr 9.45e-05  depth_std 17.5756
2026-07-27 07:38:29,156 step 9550  loss 1.2734  skip 0.50  lr 9.30e-05  depth_std 15.0458
2026-07-27 07:38:35,836 step 9600  loss 1.3451  skip 0.50  lr 9.15e-05  depth_std 19.2475
2026-07-27 07:38:42,553 step 9650  loss 1.9819  skip 0.50  lr 9.00e-05  depth_std 17.5151
2026-07-27 07:38:49,233 step 9700  loss 3.2700  skip 0.50  lr 8.85e-05  depth_std 15.7212
2026-07-27 07:38:55,955 step 9750  loss 0.5818  skip 0.50  lr 8.70e-05  depth_std 6.2389
2026-07-27 07:39:02,671 step 9800  loss 0.2483  skip 0.50  lr 8.55e-05  depth_std 0.9439
2026-07-27 07:39:09,399 step 9850  loss 0.8918  skip 0.50  lr 8.41e-05  depth_std 9.9543
2026-07-27 07:39:16,089 step 9900  loss 1.5124  skip 0.50  lr 8.26e-05  depth_std 7.7086
2026-07-27 07:39:22,810 step 9950  loss 1.4954  skip 0.50  lr 8.12e-05  depth_std 13.4658
2026-07-27 07:39:29,595 step 10000  loss 0.6509  skip 0.50  lr 7.97e-05  depth_std 2.4956
2026-07-27 07:39:36,324 step 10050  loss 3.1200  skip 0.50  lr 7.83e-05  depth_std 6.1426
2026-07-27 07:39:43,011 step 10100  loss 0.8600  skip 0.50  lr 7.69e-05  depth_std 17.8373
2026-07-27 07:39:49,727 step 10150  loss 0.5216  skip 0.50  lr 7.55e-05  depth_std 11.5732
2026-07-27 07:39:56,408 step 10200  loss 1.7861  skip 0.50  lr 7.41e-05  depth_std 20.5293
2026-07-27 07:40:03,129 step 10250  loss 0.9480  skip 0.50  lr 7.27e-05  depth_std 11.9643
2026-07-27 07:40:09,842 step 10300  loss 0.4664  skip 0.50  lr 7.13e-05  depth_std 14.7546
2026-07-27 07:40:16,574 step 10350  loss 1.5342  skip 0.50  lr 6.99e-05  depth_std 10.8876
2026-07-27 07:40:23,264 step 10400  loss 1.8999  skip 0.50  lr 6.85e-05  depth_std 14.8491
2026-07-27 07:40:29,991 step 10450  loss 0.9774  skip 0.50  lr 6.72e-05  depth_std 8.6993
2026-07-27 07:40:36,729 step 10500  loss 0.4150  skip 0.50  lr 6.58e-05  depth_std 1.9923
2026-07-27 07:40:43,457 step 10550  loss 3.9634  skip 0.50  lr 6.45e-05  depth_std 15.3732
2026-07-27 07:40:50,198 step 10600  loss 0.3772  skip 0.50  lr 6.32e-05  depth_std 4.6886
2026-07-27 07:40:56,886 step 10650  loss 1.2848  skip 0.50  lr 6.18e-05  depth_std 17.5349
2026-07-27 07:41:03,623 step 10700  loss 1.0835  skip 0.50  lr 6.05e-05  depth_std 10.1343
2026-07-27 07:41:10,309 step 10750  loss 0.3953  skip 0.50  lr 5.92e-05  depth_std 6.3895
2026-07-27 07:41:17,047 step 10800  loss 0.5095  skip 0.50  lr 5.79e-05  depth_std 12.1729
2026-07-27 07:41:23,775 step 10850  loss 0.6606  skip 0.50  lr 5.67e-05  depth_std 10.2732
2026-07-27 07:41:30,524 step 10900  loss 0.7371  skip 0.50  lr 5.54e-05  depth_std 9.4604
2026-07-27 07:41:37,212 step 10950  loss 0.1197  skip 0.50  lr 5.41e-05  depth_std 1.9417
2026-07-27 07:41:43,943 step 11000  loss 1.0414  skip 0.50  lr 5.29e-05  depth_std 12.9130
2026-07-27 07:41:50,679 step 11050  loss 0.6171  skip 0.50  lr 5.17e-05  depth_std 5.4910
2026-07-27 07:41:57,411 step 11100  loss 1.5240  skip 0.50  lr 5.04e-05  depth_std 24.3396
2026-07-27 07:42:04,151 step 11150  loss 0.5716  skip 0.50  lr 4.92e-05  depth_std 9.8654
2026-07-27 07:42:10,840 step 11200  loss 1.8018  skip 0.50  lr 4.80e-05  depth_std 20.3572
2026-07-27 07:42:17,567 step 11250  loss 0.8783  skip 0.50  lr 4.68e-05  depth_std 15.5918
2026-07-27 07:42:24,267 step 11300  loss 0.9391  skip 0.50  lr 4.57e-05  depth_std 14.7507
2026-07-27 07:42:31,005 step 11350  loss 4.2882  skip 0.50  lr 4.45e-05  depth_std 15.8886
2026-07-27 07:42:37,742 step 11400  loss 0.8163  skip 0.50  lr 4.34e-05  depth_std 9.9989
2026-07-27 07:42:44,483 step 11450  loss 0.7199  skip 0.50  lr 4.22e-05  depth_std 17.3646
2026-07-27 07:42:51,166 step 11500  loss 1.1522  skip 0.50  lr 4.11e-05  depth_std 16.7409
2026-07-27 07:42:57,906 step 11550  loss 0.4573  skip 0.50  lr 4.00e-05  depth_std 6.2614
2026-07-27 07:43:04,629 step 11600  loss 1.0178  skip 0.50  lr 3.89e-05  depth_std 18.9834
2026-07-27 07:43:11,367 step 11650  loss 1.0061  skip 0.50  lr 3.78e-05  depth_std 19.4784
2026-07-27 07:43:18,053 step 11700  loss 1.6728  skip 0.50  lr 3.67e-05  depth_std 8.1438
2026-07-27 07:43:24,785 step 11750  loss 4.1564  skip 0.50  lr 3.57e-05  depth_std 4.2346
2026-07-27 07:43:31,510 step 11800  loss 0.5655  skip 0.50  lr 3.46e-05  depth_std 7.9154
2026-07-27 07:43:38,246 step 11850  loss 0.6713  skip 0.50  lr 3.36e-05  depth_std 12.8583
2026-07-27 07:43:44,945 step 11900  loss 1.2165  skip 0.50  lr 3.26e-05  depth_std 16.0493
2026-07-27 07:43:51,662 step 11950  loss 0.3890  skip 0.50  lr 3.16e-05  depth_std 1.1656
2026-07-27 07:43:58,437 step 12000  loss 0.2641  skip 0.50  lr 3.06e-05  depth_std 2.5685
2026-07-27 07:44:05,182 step 12050  loss 3.4050  skip 0.50  lr 2.96e-05  depth_std 15.1541
2026-07-27 07:44:11,871 step 12100  loss 0.6273  skip 0.50  lr 2.86e-05  depth_std 7.9552
2026-07-27 07:44:18,593 step 12150  loss 1.1400  skip 0.50  lr 2.77e-05  depth_std 3.2170
2026-07-27 07:44:25,281 step 12200  loss 0.1942  skip 0.50  lr 2.68e-05  depth_std 1.1014
2026-07-27 07:44:32,021 step 12250  loss 1.6379  skip 0.50  lr 2.58e-05  depth_std 6.4802
2026-07-27 07:44:38,753 step 12300  loss 1.6640  skip 0.50  lr 2.49e-05  depth_std 9.3696
2026-07-27 07:44:45,491 step 12350  loss 1.0297  skip 0.50  lr 2.41e-05  depth_std 7.7479
2026-07-27 07:44:52,180 step 12400  loss 0.8133  skip 0.50  lr 2.32e-05  depth_std 14.9420
2026-07-27 07:44:58,909 step 12450  loss 2.1454  skip 0.50  lr 2.23e-05  depth_std 19.3345
2026-07-27 07:45:05,644 step 12500  loss 0.7629  skip 0.50  lr 2.15e-05  depth_std 19.8455
2026-07-27 07:45:12,331 step 12550  loss 3.4278  skip 0.50  lr 2.06e-05  depth_std 15.6331
2026-07-27 07:45:19,052 step 12600  loss 0.8825  skip 0.50  lr 1.98e-05  depth_std 18.9212
2026-07-27 07:45:25,791 step 12650  loss 0.4405  skip 0.50  lr 1.90e-05  depth_std 12.8321
2026-07-27 07:45:32,521 step 12700  loss 4.0474  skip 0.50  lr 1.82e-05  depth_std 1.6384
2026-07-27 07:45:39,207 step 12750  loss 2.8665  skip 0.50  lr 1.75e-05  depth_std 13.2893
2026-07-27 07:45:45,939 step 12800  loss 1.7325  skip 0.50  lr 1.67e-05  depth_std 19.7222
2026-07-27 07:45:52,663 step 12850  loss 0.4523  skip 0.50  lr 1.60e-05  depth_std 17.6380
2026-07-27 07:45:59,388 step 12900  loss 1.6681  skip 0.50  lr 1.53e-05  depth_std 17.7643
2026-07-27 07:46:06,069 step 12950  loss 0.7455  skip 0.50  lr 1.46e-05  depth_std 11.1527
2026-07-27 07:46:12,785 step 13000  loss 0.8577  skip 0.50  lr 1.39e-05  depth_std 20.2038
2026-07-27 07:46:19,467 step 13050  loss 0.9745  skip 0.50  lr 1.32e-05  depth_std 10.4746
2026-07-27 07:46:26,187 step 13100  loss 1.3799  skip 0.50  lr 1.25e-05  depth_std 21.0921
2026-07-27 07:46:32,902 step 13150  loss 1.0709  skip 0.50  lr 1.19e-05  depth_std 13.3784
2026-07-27 07:46:39,626 step 13200  loss 1.6404  skip 0.50  lr 1.13e-05  depth_std 16.4473
2026-07-27 07:46:46,307 step 13250  loss 1.2178  skip 0.50  lr 1.07e-05  depth_std 12.6060
2026-07-27 07:46:53,029 step 13300  loss 0.0927  skip 0.50  lr 1.01e-05  depth_std 1.2253
2026-07-27 07:46:59,760 step 13350  loss 1.1820  skip 0.50  lr 9.48e-06  depth_std 17.8315
2026-07-27 07:47:06,474 step 13400  loss 0.9022  skip 0.50  lr 8.92e-06  depth_std 15.6520
2026-07-27 07:47:13,201 step 13450  loss 1.3168  skip 0.50  lr 8.38e-06  depth_std 21.9828
2026-07-27 07:47:19,881 step 13500  loss 0.6549  skip 0.50  lr 7.85e-06  depth_std 10.0513
2026-07-27 07:47:26,610 step 13550  loss 0.8300  skip 0.50  lr 7.34e-06  depth_std 13.9004
2026-07-27 07:47:33,291 step 13600  loss 0.7608  skip 0.50  lr 6.85e-06  depth_std 5.7238
2026-07-27 07:47:40,027 step 13650  loss 0.7524  skip 0.50  lr 6.37e-06  depth_std 18.1332
2026-07-27 07:47:46,749 step 13700  loss 0.4814  skip 0.50  lr 5.91e-06  depth_std 0.9320
2026-07-27 07:47:53,484 step 13750  loss 0.6276  skip 0.50  lr 5.47e-06  depth_std 20.6318
2026-07-27 07:48:00,177 step 13800  loss 1.5668  skip 0.50  lr 5.04e-06  depth_std 14.9741
2026-07-27 07:48:06,911 step 13850  loss 0.2447  skip 0.50  lr 4.63e-06  depth_std 3.0601
2026-07-27 07:48:13,645 step 13900  loss 0.8911  skip 0.50  lr 4.24e-06  depth_std 11.0749
2026-07-27 07:48:20,371 step 13950  loss 1.4643  skip 0.50  lr 3.86e-06  depth_std 12.2741
2026-07-27 07:48:27,154 step 14000  loss 1.6420  skip 0.50  lr 3.51e-06  depth_std 23.7451
2026-07-27 07:48:33,837 step 14050  loss 0.7971  skip 0.50  lr 3.17e-06  depth_std 12.9230
2026-07-27 07:48:40,572 step 14100  loss 1.2516  skip 0.50  lr 2.84e-06  depth_std 12.4877
2026-07-27 07:48:47,291 step 14150  loss 0.4308  skip 0.50  lr 2.54e-06  depth_std 8.2085
2026-07-27 07:48:54,023 step 14200  loss 1.2693  skip 0.50  lr 2.25e-06  depth_std 16.6297
2026-07-27 07:49:00,704 step 14250  loss 1.0562  skip 0.50  lr 1.98e-06  depth_std 8.2233
2026-07-27 07:49:07,418 step 14300  loss 0.3811  skip 0.50  lr 1.72e-06  depth_std 8.9687
2026-07-27 07:49:14,139 step 14350  loss 1.6166  skip 0.50  lr 1.49e-06  depth_std 20.4863
2026-07-27 07:49:20,830 step 14400  loss 0.8103  skip 0.50  lr 1.27e-06  depth_std 16.2130
2026-07-27 07:49:27,560 step 14450  loss 1.4553  skip 0.50  lr 1.06e-06  depth_std 23.6868
2026-07-27 07:49:34,328 step 14500  loss 0.7886  skip 0.50  lr 8.79e-07  depth_std 8.0340
2026-07-27 07:49:41,009 step 14550  loss 1.7361  skip 0.50  lr 7.12e-07  depth_std 16.3356
2026-07-27 07:49:47,738 step 14600  loss 0.8945  skip 0.50  lr 5.63e-07  depth_std 9.6738
2026-07-27 07:49:54,467 step 14650  loss 1.2016  skip 0.50  lr 4.31e-07  depth_std 7.7918
2026-07-27 07:50:01,203 step 14700  loss 1.3920  skip 0.50  lr 3.17e-07  depth_std 10.6835
2026-07-27 07:50:07,886 step 14750  loss 0.4017  skip 0.50  lr 2.20e-07  depth_std 0.7431
2026-07-27 07:50:14,605 step 14800  loss 1.0221  skip 0.50  lr 1.41e-07  depth_std 20.4934
2026-07-27 07:50:21,288 step 14850  loss 1.2136  skip 0.50  lr 7.92e-08  depth_std 14.4809
2026-07-27 07:50:28,016 step 14900  loss 0.9992  skip 0.50  lr 3.52e-08  depth_std 15.2433
2026-07-27 07:50:34,750 step 14950  loss 1.5497  skip 0.50  lr 8.80e-09  depth_std 13.2464
2026-07-27 07:50:41,410 saved -> work_dirs/probe-p1-aug/latest.pt
