2026-08-27 02:43:13,533 work dir: work_dirs/v13-near1.0-s0  seed 0  commit 1d4d01a6
2026-08-27 02:43:14,196 partial init from work_dirs/v10-longclip/latest.pt: 1 new tensors kept at init, 0 checkpoint tensors unused
2026-08-27 02:43:15,354 mixed dataset: 205650 clips from 5 sources (size 256)
2026-08-27 02:43:21,766 step    0  loss 4.3987  skip 0.00  lr 3.00e-07  depth_std 37.5223
2026-08-27 02:47:20,008 step   50  loss 1.6597  skip 0.01  lr 1.53e-05  depth_std 6.0449
2026-08-27 02:51:36,485 step  100  loss 2.4400  skip 0.01  lr 3.03e-05  depth_std 22.4912
2026-08-27 02:56:08,140 step  150  loss 2.2916  skip 0.02  lr 4.53e-05  depth_std 47.0802
2026-08-27 03:00:13,835 step  200  loss 4.9425  skip 0.03  lr 6.03e-05  depth_std 12.6089
2026-08-27 03:04:37,123 step  250  loss 8.6563  skip 0.03  lr 7.53e-05  depth_std 46.2171
2026-08-27 03:08:52,426 step  300  loss 1.8456  skip 0.04  lr 9.03e-05  depth_std 31.6815
2026-08-27 03:13:14,712 step  350  loss 0.5446  skip 0.04  lr 1.05e-04  depth_std 2.3192
2026-08-27 03:17:33,963 step  400  loss 1.4223  skip 0.05  lr 1.20e-04  depth_std 50.0972
2026-08-27 03:21:35,026 step  450  loss 4.0228  skip 0.06  lr 1.35e-04  depth_std 10.3610
2026-08-27 03:25:55,383 step  500  loss 2.6675  skip 0.06  lr 1.50e-04  depth_std 51.7126
2026-08-27 03:29:49,133 step  550  loss 1.7274  skip 0.07  lr 1.65e-04  depth_std 1.6661
2026-08-27 03:34:01,578 step  600  loss 2.2207  skip 0.07  lr 1.80e-04  depth_std 15.0764
2026-08-27 03:38:10,303 step  650  loss 1.5418  skip 0.08  lr 1.95e-04  depth_std 9.1572
2026-08-27 03:42:10,441 step  700  loss 0.7058  skip 0.09  lr 2.10e-04  depth_std 1.8291
2026-08-27 03:46:15,388 step  750  loss 2.8043  skip 0.09  lr 2.25e-04  depth_std 1.3837
2026-08-27 03:50:10,535 step  800  loss 0.8160  skip 0.10  lr 2.40e-04  depth_std 0.4432
2026-08-27 03:54:09,809 step  850  loss 2.5082  skip 0.11  lr 2.55e-04  depth_std 1.1744
2026-08-27 03:57:55,376 step  900  loss 0.9412  skip 0.11  lr 2.70e-04  depth_std 0.8410
2026-08-27 04:01:54,344 step  950  loss 4.2051  skip 0.12  lr 2.85e-04  depth_std 9.8598
2026-08-27 04:06:00,374 step 1000  loss 1.9670  skip 0.12  lr 3.00e-04  depth_std 15.6856
2026-08-27 04:09:44,586 step 1050  loss 2.5492  skip 0.13  lr 3.00e-04  depth_std 2.7522
2026-08-27 04:13:32,862 step 1100  loss 2.7384  skip 0.14  lr 3.00e-04  depth_std 34.4307
2026-08-27 04:17:22,792 step 1150  loss 3.7404  skip 0.14  lr 3.00e-04  depth_std 23.1655
2026-08-27 04:21:20,520 step 1200  loss 3.8577  skip 0.15  lr 2.99e-04  depth_std 7.6251
2026-08-27 04:25:02,690 step 1250  loss 2.9473  skip 0.16  lr 2.99e-04  depth_std 46.6216
2026-08-27 04:28:53,042 step 1300  loss 1.6348  skip 0.16  lr 2.99e-04  depth_std 4.0036
2026-08-27 04:32:34,438 step 1350  loss 1.0972  skip 0.17  lr 2.98e-04  depth_std 0.5348
2026-08-27 04:36:20,423 step 1400  loss 2.2365  skip 0.17  lr 2.98e-04  depth_std 7.3039
2026-08-27 04:40:12,651 step 1450  loss 2.9921  skip 0.18  lr 2.97e-04  depth_std 5.8600
2026-08-27 04:43:43,921 step 1500  loss 2.0950  skip 0.19  lr 2.96e-04  depth_std 43.8471
2026-08-27 04:47:14,546 step 1550  loss 2.6078  skip 0.19  lr 2.95e-04  depth_std 5.3366
2026-08-27 04:50:42,389 step 1600  loss 2.9628  skip 0.20  lr 2.95e-04  depth_std 1.8701
2026-08-27 04:54:19,533 step 1650  loss 1.4031  skip 0.21  lr 2.94e-04  depth_std 3.1275
2026-08-27 04:57:48,945 step 1700  loss 3.7634  skip 0.21  lr 2.93e-04  depth_std 0.9219
2026-08-27 05:01:16,325 step 1750  loss 6.5499  skip 0.22  lr 2.92e-04  depth_std 6.9051
2026-08-27 05:04:47,908 step 1800  loss 2.1099  skip 0.23  lr 2.90e-04  depth_std 1.4597
2026-08-27 05:08:10,041 step 1850  loss 0.8385  skip 0.23  lr 2.89e-04  depth_std 1.4965
2026-08-27 05:11:39,730 step 1900  loss 1.9241  skip 0.24  lr 2.88e-04  depth_std 4.8928
2026-08-27 05:15:09,045 step 1950  loss 0.8412  skip 0.24  lr 2.87e-04  depth_std 2.4711
2026-08-27 05:18:28,925 step 2000  loss 6.4108  skip 0.25  lr 2.85e-04  depth_std 21.3383
2026-08-27 05:22:03,143 step 2050  loss 3.8119  skip 0.26  lr 2.84e-04  depth_std 35.4844
2026-08-27 05:25:22,031 step 2100  loss 2.1233  skip 0.26  lr 2.82e-04  depth_std 2.6225
2026-08-27 05:28:36,361 step 2150  loss 2.5365  skip 0.27  lr 2.80e-04  depth_std 6.8520
2026-08-27 05:31:57,254 step 2200  loss 0.6203  skip 0.28  lr 2.79e-04  depth_std 2.1276
2026-08-27 05:35:10,717 step 2250  loss 0.9725  skip 0.28  lr 2.77e-04  depth_std 1.1579
2026-08-27 05:38:35,307 step 2300  loss 0.6200  skip 0.29  lr 2.75e-04  depth_std 1.9906
2026-08-27 05:41:44,690 step 2350  loss 2.2099  skip 0.29  lr 2.73e-04  depth_std 0.6460
2026-08-27 05:44:59,868 step 2400  loss 2.6410  skip 0.30  lr 2.71e-04  depth_std 3.4352
2026-08-27 05:48:20,982 step 2450  loss 3.5173  skip 0.31  lr 2.69e-04  depth_std 6.1132
2026-08-27 05:51:27,123 step 2500  loss 2.6058  skip 0.31  lr 2.67e-04  depth_std 4.0654
2026-08-27 05:54:27,872 step 2550  loss 6.4764  skip 0.32  lr 2.65e-04  depth_std 7.2646
2026-08-27 05:57:49,127 step 2600  loss 4.1112  skip 0.33  lr 2.63e-04  depth_std 0.4283
2026-08-27 06:00:48,707 step 2650  loss 2.6402  skip 0.33  lr 2.61e-04  depth_std 23.7224
2026-08-27 06:04:03,759 step 2700  loss 0.6799  skip 0.34  lr 2.58e-04  depth_std 1.5633
2026-08-27 06:07:03,028 step 2750  loss 2.9796  skip 0.34  lr 2.56e-04  depth_std 2.1397
2026-08-27 06:10:11,769 step 2800  loss 1.9915  skip 0.35  lr 2.54e-04  depth_std 34.0362
2026-08-27 06:13:22,882 step 2850  loss 1.4333  skip 0.36  lr 2.51e-04  depth_std 1.2009
2026-08-27 06:16:18,737 step 2900  loss 1.3392  skip 0.36  lr 2.49e-04  depth_std 8.9193
2026-08-27 06:19:14,658 step 2950  loss 2.0918  skip 0.37  lr 2.46e-04  depth_std 22.8457
2026-08-27 06:22:17,146 step 3000  loss 0.6257  skip 0.38  lr 2.44e-04  depth_std 2.1008
2026-08-27 06:25:04,762 step 3050  loss 0.6915  skip 0.38  lr 2.41e-04  depth_std 0.6636
2026-08-27 06:28:01,390 step 3100  loss 2.8535  skip 0.39  lr 2.38e-04  depth_std 1.8621
2026-08-27 06:31:04,183 step 3150  loss 3.7304  skip 0.39  lr 2.35e-04  depth_std 5.4558
2026-08-27 06:33:47,819 step 3200  loss 2.4299  skip 0.40  lr 2.33e-04  depth_std 42.3844
2026-08-27 06:36:38,195 step 3250  loss 2.6093  skip 0.41  lr 2.30e-04  depth_std 0.9226
2026-08-27 06:39:41,831 step 3300  loss 6.5399  skip 0.41  lr 2.27e-04  depth_std 14.2781
2026-08-27 06:42:28,729 step 3350  loss 3.5099  skip 0.42  lr 2.24e-04  depth_std 0.5625
2026-08-27 06:45:06,363 step 3400  loss 1.4548  skip 0.42  lr 2.21e-04  depth_std 2.0606
2026-08-27 06:47:42,286 step 3450  loss 8.6031  skip 0.43  lr 2.18e-04  depth_std 29.1747
2026-08-27 06:50:46,630 step 3500  loss 2.5401  skip 0.44  lr 2.15e-04  depth_std 2.1125
2026-08-27 06:53:25,150 step 3550  loss 1.1080  skip 0.44  lr 2.12e-04  depth_std 1.9598
2026-08-27 06:55:57,297 step 3600  loss 3.8997  skip 0.45  lr 2.09e-04  depth_std 11.4910
2026-08-27 06:58:38,277 step 3650  loss 1.3583  skip 0.46  lr 2.06e-04  depth_std 0.7834
2026-08-27 07:01:22,190 step 3700  loss 2.9837  skip 0.46  lr 2.03e-04  depth_std 13.4876
2026-08-27 07:03:53,215 step 3750  loss 0.8350  skip 0.47  lr 2.00e-04  depth_std 0.6440
2026-08-27 07:06:29,953 step 3800  loss 2.9055  skip 0.47  lr 1.96e-04  depth_std 28.2410
2026-08-27 07:09:10,539 step 3850  loss 2.5874  skip 0.48  lr 1.93e-04  depth_std 15.8037
2026-08-27 07:11:34,795 step 3900  loss 1.6734  skip 0.49  lr 1.90e-04  depth_std 40.3096
2026-08-27 07:14:13,760 step 3950  loss 2.2785  skip 0.49  lr 1.87e-04  depth_std 8.2711
2026-08-27 07:16:36,595 step 4000  loss 1.0161  skip 0.50  lr 1.83e-04  depth_std 15.5083
2026-08-27 07:18:57,621 step 4050  loss 1.9068  skip 0.50  lr 1.80e-04  depth_std 18.2974
2026-08-27 07:21:35,705 step 4100  loss 4.0555  skip 0.50  lr 1.77e-04  depth_std 2.6768
2026-08-27 07:24:14,089 step 4150  loss 2.0210  skip 0.50  lr 1.73e-04  depth_std 3.4462
2026-08-27 07:26:38,273 step 4200  loss 2.6701  skip 0.50  lr 1.70e-04  depth_std 45.4599
2026-08-27 07:28:59,325 step 4250  loss 1.1863  skip 0.50  lr 1.67e-04  depth_std 16.5997
2026-08-27 07:31:19,657 step 4300  loss 3.7448  skip 0.50  lr 1.63e-04  depth_std 7.7434
2026-08-27 07:34:09,690 step 4350  loss 2.4786  skip 0.50  lr 1.60e-04  depth_std 0.8480
2026-08-27 07:36:36,959 step 4400  loss 2.9987  skip 0.50  lr 1.57e-04  depth_std 29.8150
2026-08-27 07:38:57,638 step 4450  loss 2.8950  skip 0.50  lr 1.53e-04  depth_std 17.7869
2026-08-27 07:41:21,779 step 4500  loss 1.4872  skip 0.50  lr 1.50e-04  depth_std 2.0829
2026-08-27 07:44:05,565 step 4550  loss 1.0509  skip 0.50  lr 1.47e-04  depth_std 1.8101
2026-08-27 07:46:29,964 step 4600  loss 2.9762  skip 0.50  lr 1.43e-04  depth_std 46.8282
2026-08-27 07:48:50,593 step 4650  loss 2.0980  skip 0.50  lr 1.40e-04  depth_std 3.0834
2026-08-27 07:51:28,038 step 4700  loss 6.9108  skip 0.50  lr 1.37e-04  depth_std 16.2616
2026-08-27 07:53:51,070 step 4750  loss 4.5607  skip 0.50  lr 1.33e-04  depth_std 33.5057
2026-08-27 07:56:14,376 step 4800  loss 0.7429  skip 0.50  lr 1.30e-04  depth_std 1.4430
2026-08-27 07:58:51,250 step 4850  loss 2.1519  skip 0.50  lr 1.27e-04  depth_std 45.7531
2026-08-27 08:01:13,085 step 4900  loss 2.6402  skip 0.50  lr 1.23e-04  depth_std 0.4544
2026-08-27 08:03:34,214 step 4950  loss 3.0421  skip 0.50  lr 1.20e-04  depth_std 2.4571
2026-08-27 08:06:18,459 step 5000  loss 6.1902  skip 0.50  lr 1.17e-04  depth_std 40.1812
2026-08-27 08:09:00,857 step 5050  loss 1.6780  skip 0.50  lr 1.13e-04  depth_std 2.2388
2026-08-27 08:11:26,787 step 5100  loss 0.5914  skip 0.50  lr 1.10e-04  depth_std 1.7608
2026-08-27 08:13:49,098 step 5150  loss 5.5325  skip 0.50  lr 1.07e-04  depth_std 5.6293
2026-08-27 08:16:23,539 step 5200  loss 2.2617  skip 0.50  lr 1.04e-04  depth_std 1.1450
2026-08-27 08:18:59,269 step 5250  loss 7.1730  skip 0.50  lr 1.00e-04  depth_std 16.2180
2026-08-27 08:21:22,056 step 5300  loss 2.1423  skip 0.50  lr 9.73e-05  depth_std 4.1025
2026-08-27 08:23:43,209 step 5350  loss 3.8133  skip 0.50  lr 9.42e-05  depth_std 31.2857
2026-08-27 08:26:24,167 step 5400  loss 1.8104  skip 0.50  lr 9.10e-05  depth_std 1.1276
2026-08-27 08:28:47,033 step 5450  loss 1.0347  skip 0.50  lr 8.80e-05  depth_std 1.2528
2026-08-27 08:31:08,118 step 5500  loss 3.4525  skip 0.50  lr 8.49e-05  depth_std 41.0404
2026-08-27 08:33:52,770 step 5550  loss 1.8541  skip 0.50  lr 8.19e-05  depth_std 10.7102
2026-08-27 08:36:18,484 step 5600  loss 3.2580  skip 0.50  lr 7.89e-05  depth_std 2.2730
2026-08-27 08:38:39,309 step 5650  loss 2.6017  skip 0.50  lr 7.60e-05  depth_std 29.1146
2026-08-27 08:41:21,489 step 5700  loss 0.5725  skip 0.50  lr 7.31e-05  depth_std 2.4381
2026-08-27 08:44:04,614 step 5750  loss 3.7915  skip 0.50  lr 7.02e-05  depth_std 42.7747
2026-08-27 08:46:30,415 step 5800  loss 2.6495  skip 0.50  lr 6.74e-05  depth_std 6.6453
2026-08-27 08:48:51,826 step 5850  loss 1.7437  skip 0.50  lr 6.46e-05  depth_std 9.7649
2026-08-27 08:51:30,675 step 5900  loss 5.0235  skip 0.50  lr 6.18e-05  depth_std 10.7634
2026-08-27 08:53:54,757 step 5950  loss 1.0619  skip 0.50  lr 5.91e-05  depth_std 1.7388
2026-08-27 08:56:15,981 step 6000  loss 1.8396  skip 0.50  lr 5.65e-05  depth_std 6.1825
2026-08-27 08:58:55,094 step 6050  loss 2.0468  skip 0.50  lr 5.39e-05  depth_std 1.0280
2026-08-27 09:01:39,448 step 6100  loss 1.1532  skip 0.50  lr 5.13e-05  depth_std 5.5263
2026-08-27 09:04:03,303 step 6150  loss 1.2208  skip 0.50  lr 4.88e-05  depth_std 0.6732
2026-08-27 09:06:23,996 step 6200  loss 1.3266  skip 0.50  lr 4.63e-05  depth_std 1.7702
2026-08-27 09:08:53,389 step 6250  loss 3.3085  skip 0.50  lr 4.39e-05  depth_std 34.3371
2026-08-27 09:11:27,979 step 6300  loss 0.6756  skip 0.50  lr 4.16e-05  depth_std 1.9868
2026-08-27 09:13:52,852 step 6350  loss 0.8221  skip 0.50  lr 3.93e-05  depth_std 0.9791
2026-08-27 09:16:14,177 step 6400  loss 2.1197  skip 0.50  lr 3.70e-05  depth_std 20.7944
2026-08-27 09:19:01,151 step 6450  loss 1.7704  skip 0.50  lr 3.49e-05  depth_std 2.1792
2026-08-27 09:21:31,507 step 6500  loss 0.6707  skip 0.50  lr 3.27e-05  depth_std 1.4195
2026-08-27 09:23:53,768 step 6550  loss 3.5023  skip 0.50  lr 3.07e-05  depth_std 44.3898
2026-08-27 09:26:15,321 step 6600  loss 2.8698  skip 0.50  lr 2.86e-05  depth_std 39.2193
2026-08-27 09:28:56,325 step 6650  loss 1.7899  skip 0.50  lr 2.67e-05  depth_std 1.8347
2026-08-27 09:31:21,206 step 6700  loss 0.8916  skip 0.50  lr 2.48e-05  depth_std 1.5976
2026-08-27 09:33:41,410 step 6750  loss 1.2834  skip 0.50  lr 2.30e-05  depth_std 9.1238
2026-08-27 09:36:13,882 step 6800  loss 0.6750  skip 0.50  lr 2.12e-05  depth_std 0.3343
2026-08-27 09:38:51,270 step 6850  loss 1.0894  skip 0.50  lr 1.95e-05  depth_std 1.6076
2026-08-27 09:41:15,684 step 6900  loss 2.4501  skip 0.50  lr 1.79e-05  depth_std 2.9990
2026-08-27 09:43:36,981 step 6950  loss 1.9721  skip 0.50  lr 1.63e-05  depth_std 5.2597
2026-08-27 09:46:06,174 step 7000  loss 1.9568  skip 0.50  lr 1.49e-05  depth_std 26.5230
2026-08-27 09:48:46,474 step 7050  loss 0.7533  skip 0.50  lr 1.34e-05  depth_std 1.6624
2026-08-27 09:51:16,868 step 7100  loss 0.9321  skip 0.50  lr 1.21e-05  depth_std 1.7143
2026-08-27 09:53:39,795 step 7150  loss 1.6248  skip 0.50  lr 1.08e-05  depth_std 34.6788
2026-08-27 09:56:14,385 step 7200  loss 1.1054  skip 0.50  lr 9.56e-06  depth_std 14.5303
2026-08-27 09:58:37,542 step 7250  loss 0.7716  skip 0.50  lr 8.42e-06  depth_std 2.0147
2026-08-27 10:01:15,533 step 7300  loss 1.5694  skip 0.50  lr 7.34e-06  depth_std 0.8903
2026-08-27 10:03:38,268 step 7350  loss 2.6453  skip 0.50  lr 6.34e-06  depth_std 4.7369
2026-08-27 10:06:19,511 step 7400  loss 1.5121  skip 0.50  lr 5.41e-06  depth_std 15.5112
2026-08-27 10:08:46,748 step 7450  loss 6.8418  skip 0.50  lr 4.55e-06  depth_std 26.1961
2026-08-27 10:11:07,705 step 7500  loss 8.1852  skip 0.50  lr 3.76e-06  depth_std 43.0340
2026-08-27 10:13:44,925 step 7550  loss 2.5575  skip 0.50  lr 3.05e-06  depth_std 38.6277
2026-08-27 10:16:21,437 step 7600  loss 2.7356  skip 0.50  lr 2.41e-06  depth_std 6.9117
2026-08-27 10:18:43,204 step 7650  loss 4.2052  skip 0.50  lr 1.85e-06  depth_std 12.7534
2026-08-27 10:21:09,888 step 7700  loss 1.9851  skip 0.50  lr 1.36e-06  depth_std 37.0836
2026-08-27 10:23:47,249 step 7750  loss 2.4865  skip 0.50  lr 9.43e-07  depth_std 16.0782
2026-08-27 10:26:09,265 step 7800  loss 2.1675  skip 0.50  lr 6.04e-07  depth_std 27.4423
2026-08-27 10:28:29,521 step 7850  loss 0.5408  skip 0.50  lr 3.40e-07  depth_std 2.3262
2026-08-27 10:31:04,287 step 7900  loss 1.3935  skip 0.50  lr 1.51e-07  depth_std 1.8017
2026-08-27 10:33:27,269 step 7950  loss 4.2927  skip 0.50  lr 3.78e-08  depth_std 34.2871
2026-08-27 10:35:45,519 saved -> work_dirs/v13-near1.0-s0/latest.pt
