2026-07-30 07:27:01,525 work dir: work_dirs/t0-seed1-bin0.2  seed 1  commit 396d5514
2026-07-30 07:27:02,047 partial init from work_dirs/main_v8/latest.pt: 0 new tensors kept at init, 0 checkpoint tensors unused
2026-07-30 07:27:03,033 mixed dataset: 208720 clips from 5 sources (size 256)
2026-07-30 07:27:05,017 step    0  loss 0.9294  skip 0.00  lr 3.00e-07  depth_std 4.8894
2026-07-30 07:27:51,741 step   50  loss 1.6387  skip 0.01  lr 1.53e-05  depth_std 21.9519
2026-07-30 07:28:42,954 step  100  loss 0.7893  skip 0.01  lr 3.03e-05  depth_std 11.5314
2026-07-30 07:29:34,712 step  150  loss 2.5272  skip 0.02  lr 4.53e-05  depth_std 22.7461
2026-07-30 07:30:26,443 step  200  loss 1.7131  skip 0.03  lr 6.03e-05  depth_std 19.0685
2026-07-30 07:31:18,289 step  250  loss 1.5334  skip 0.03  lr 7.53e-05  depth_std 16.8249
2026-07-30 07:32:10,032 step  300  loss 0.9362  skip 0.04  lr 9.03e-05  depth_std 2.7836
2026-07-30 07:33:01,679 step  350  loss 0.8160  skip 0.04  lr 1.05e-04  depth_std 2.2533
2026-07-30 07:33:53,103 step  400  loss 1.7515  skip 0.05  lr 1.20e-04  depth_std 5.2874
2026-07-30 07:34:44,219 step  450  loss 2.7948  skip 0.06  lr 1.35e-04  depth_std 22.3704
2026-07-30 07:35:34,906 step  500  loss 1.6833  skip 0.06  lr 1.50e-04  depth_std 8.8857
2026-07-30 07:36:25,193 step  550  loss 1.0796  skip 0.07  lr 1.65e-04  depth_std 14.4141
2026-07-30 07:37:15,229 step  600  loss 0.8496  skip 0.07  lr 1.80e-04  depth_std 16.1102
2026-07-30 07:38:05,127 step  650  loss 1.5228  skip 0.08  lr 1.95e-04  depth_std 19.1498
2026-07-30 07:38:54,561 step  700  loss 0.9361  skip 0.09  lr 2.10e-04  depth_std 23.3847
2026-07-30 07:39:43,820 step  750  loss 1.6414  skip 0.09  lr 2.25e-04  depth_std 12.7112
2026-07-30 07:40:32,937 step  800  loss 1.1372  skip 0.10  lr 2.40e-04  depth_std 8.8016
2026-07-30 07:41:21,810 step  850  loss 1.2875  skip 0.11  lr 2.55e-04  depth_std 5.3248
2026-07-30 07:42:10,472 step  900  loss 0.6352  skip 0.11  lr 2.70e-04  depth_std 6.6531
2026-07-30 07:42:59,079 step  950  loss 1.5898  skip 0.12  lr 2.85e-04  depth_std 25.4979
2026-07-30 07:43:47,401 step 1000  loss 3.2396  skip 0.12  lr 3.00e-04  depth_std 8.3937
2026-07-30 07:44:35,592 step 1050  loss 1.5409  skip 0.13  lr 3.00e-04  depth_std 12.7752
2026-07-30 07:45:23,450 step 1100  loss 0.7996  skip 0.14  lr 3.00e-04  depth_std 1.5129
2026-07-30 07:46:10,996 step 1150  loss 0.8395  skip 0.14  lr 3.00e-04  depth_std 1.8415
2026-07-30 07:46:58,248 step 1200  loss 0.6613  skip 0.15  lr 2.99e-04  depth_std 1.0838
2026-07-30 07:47:44,967 step 1250  loss 1.8200  skip 0.16  lr 2.99e-04  depth_std 8.2583
2026-07-30 07:48:31,474 step 1300  loss 1.4788  skip 0.16  lr 2.99e-04  depth_std 18.1508
2026-07-30 07:49:17,767 step 1350  loss 0.6708  skip 0.17  lr 2.98e-04  depth_std 3.9520
2026-07-30 07:50:03,951 step 1400  loss 0.6432  skip 0.17  lr 2.98e-04  depth_std 1.8199
2026-07-30 07:50:50,006 step 1450  loss 0.8774  skip 0.18  lr 2.97e-04  depth_std 5.1611
2026-07-30 07:51:35,824 step 1500  loss 0.8342  skip 0.19  lr 2.96e-04  depth_std 3.8010
2026-07-30 07:52:21,277 step 1550  loss 1.2903  skip 0.19  lr 2.95e-04  depth_std 33.7580
2026-07-30 07:53:06,599 step 1600  loss 0.4770  skip 0.20  lr 2.95e-04  depth_std 3.9333
2026-07-30 07:53:51,598 step 1650  loss 0.7177  skip 0.21  lr 2.94e-04  depth_std 9.1739
2026-07-30 07:54:36,375 step 1700  loss 0.7028  skip 0.21  lr 2.93e-04  depth_std 5.2708
2026-07-30 07:55:20,924 step 1750  loss 1.9004  skip 0.22  lr 2.92e-04  depth_std 8.3214
2026-07-30 07:56:05,066 step 1800  loss 1.0922  skip 0.23  lr 2.90e-04  depth_std 19.9817
2026-07-30 07:56:49,032 step 1850  loss 3.0258  skip 0.23  lr 2.89e-04  depth_std 8.3031
2026-07-30 07:57:32,705 step 1900  loss 4.0159  skip 0.24  lr 2.88e-04  depth_std 8.2519
2026-07-30 07:58:16,169 step 1950  loss 0.9064  skip 0.24  lr 2.87e-04  depth_std 2.8742
2026-07-30 07:58:59,490 step 2000  loss 0.8065  skip 0.25  lr 2.85e-04  depth_std 6.3277
2026-07-30 07:59:42,472 step 2050  loss 1.0324  skip 0.26  lr 2.84e-04  depth_std 5.1520
2026-07-30 08:00:25,157 step 2100  loss 1.8391  skip 0.26  lr 2.82e-04  depth_std 23.2116
2026-07-30 08:01:07,781 step 2150  loss 0.7427  skip 0.27  lr 2.80e-04  depth_std 3.0584
2026-07-30 08:01:50,130 step 2200  loss 1.8325  skip 0.28  lr 2.79e-04  depth_std 19.8008
2026-07-30 08:02:32,217 step 2250  loss 2.0663  skip 0.28  lr 2.77e-04  depth_std 7.9197
2026-07-30 08:03:14,166 step 2300  loss 0.7219  skip 0.29  lr 2.75e-04  depth_std 6.5206
2026-07-30 08:03:55,865 step 2350  loss 0.7302  skip 0.29  lr 2.73e-04  depth_std 1.8206
2026-07-30 08:04:37,153 step 2400  loss 1.6981  skip 0.30  lr 2.71e-04  depth_std 20.4858
2026-07-30 08:05:18,132 step 2450  loss 1.0407  skip 0.31  lr 2.69e-04  depth_std 26.8041
2026-07-30 08:05:58,961 step 2500  loss 1.2634  skip 0.31  lr 2.67e-04  depth_std 12.0037
2026-07-30 08:06:39,554 step 2550  loss 0.6647  skip 0.32  lr 2.65e-04  depth_std 1.9000
2026-07-30 08:07:19,931 step 2600  loss 1.0892  skip 0.33  lr 2.63e-04  depth_std 12.1993
2026-07-30 08:07:59,964 step 2650  loss 1.1167  skip 0.33  lr 2.61e-04  depth_std 10.1436
2026-07-30 08:08:39,836 step 2700  loss 1.0410  skip 0.34  lr 2.58e-04  depth_std 8.4794
2026-07-30 08:09:19,410 step 2750  loss 1.3371  skip 0.34  lr 2.56e-04  depth_std 3.9683
2026-07-30 08:09:58,763 step 2800  loss 1.3093  skip 0.35  lr 2.54e-04  depth_std 14.5716
2026-07-30 08:10:37,745 step 2850  loss 0.7308  skip 0.36  lr 2.51e-04  depth_std 5.2305
2026-07-30 08:11:16,673 step 2900  loss 2.0116  skip 0.36  lr 2.49e-04  depth_std 24.8612
2026-07-30 08:11:55,350 step 2950  loss 1.7765  skip 0.37  lr 2.46e-04  depth_std 9.6302
2026-07-30 08:12:33,639 step 3000  loss 0.8845  skip 0.38  lr 2.44e-04  depth_std 1.6096
2026-07-30 08:13:11,619 step 3050  loss 1.2763  skip 0.38  lr 2.41e-04  depth_std 9.0116
2026-07-30 08:13:49,455 step 3100  loss 0.5176  skip 0.39  lr 2.38e-04  depth_std 1.6358
2026-07-30 08:14:27,017 step 3150  loss 1.4943  skip 0.39  lr 2.35e-04  depth_std 19.7577
2026-07-30 08:15:04,475 step 3200  loss 1.4437  skip 0.40  lr 2.33e-04  depth_std 10.1993
2026-07-30 08:15:41,676 step 3250  loss 0.9161  skip 0.41  lr 2.30e-04  depth_std 24.0134
2026-07-30 08:16:18,729 step 3300  loss 2.3183  skip 0.41  lr 2.27e-04  depth_std 15.1880
2026-07-30 08:16:55,557 step 3350  loss 0.6923  skip 0.42  lr 2.24e-04  depth_std 2.6484
2026-07-30 08:17:31,886 step 3400  loss 0.7675  skip 0.42  lr 2.21e-04  depth_std 6.5413
2026-07-30 08:18:07,965 step 3450  loss 1.0931  skip 0.43  lr 2.18e-04  depth_std 4.6486
2026-07-30 08:18:43,628 step 3500  loss 0.5668  skip 0.44  lr 2.15e-04  depth_std 1.6215
2026-07-30 08:19:19,290 step 3550  loss 0.9071  skip 0.44  lr 2.12e-04  depth_std 8.1509
2026-07-30 08:19:54,747 step 3600  loss 0.9433  skip 0.45  lr 2.09e-04  depth_std 8.1957
2026-07-30 08:20:29,900 step 3650  loss 1.1905  skip 0.46  lr 2.06e-04  depth_std 24.1022
2026-07-30 08:21:04,852 step 3700  loss 2.0555  skip 0.46  lr 2.03e-04  depth_std 24.8725
2026-07-30 08:21:39,646 step 3750  loss 0.4404  skip 0.47  lr 2.00e-04  depth_std 2.0073
2026-07-30 08:22:14,079 step 3800  loss 0.8047  skip 0.47  lr 1.96e-04  depth_std 8.5495
2026-07-30 08:22:48,293 step 3850  loss 1.2569  skip 0.48  lr 1.93e-04  depth_std 25.1079
2026-07-30 08:23:22,315 step 3900  loss 1.8387  skip 0.49  lr 1.90e-04  depth_std 21.0632
2026-07-30 08:23:56,095 step 3950  loss 1.6557  skip 0.49  lr 1.87e-04  depth_std 27.0746
2026-07-30 08:24:29,694 step 4000  loss 0.4880  skip 0.50  lr 1.83e-04  depth_std 9.3509
2026-07-30 08:25:03,118 step 4050  loss 1.3921  skip 0.50  lr 1.80e-04  depth_std 21.2352
2026-07-30 08:25:36,619 step 4100  loss 0.7609  skip 0.50  lr 1.77e-04  depth_std 8.4609
2026-07-30 08:26:10,042 step 4150  loss 1.0854  skip 0.50  lr 1.73e-04  depth_std 18.5511
2026-07-30 08:26:43,553 step 4200  loss 0.9770  skip 0.50  lr 1.70e-04  depth_std 3.4265
2026-07-30 08:27:16,946 step 4250  loss 1.7286  skip 0.50  lr 1.67e-04  depth_std 6.6358
2026-07-30 08:27:50,049 step 4300  loss 1.2891  skip 0.50  lr 1.63e-04  depth_std 26.0056
2026-07-30 08:28:23,373 step 4350  loss 0.9749  skip 0.50  lr 1.60e-04  depth_std 35.3159
2026-07-30 08:28:56,733 step 4400  loss 1.5217  skip 0.50  lr 1.57e-04  depth_std 28.1229
2026-07-30 08:29:30,117 step 4450  loss 0.7959  skip 0.50  lr 1.53e-04  depth_std 9.5334
2026-07-30 08:30:03,447 step 4500  loss 0.6201  skip 0.50  lr 1.50e-04  depth_std 1.3889
2026-07-30 08:30:36,799 step 4550  loss 4.7273  skip 0.50  lr 1.47e-04  depth_std 16.9492
2026-07-30 08:31:10,160 step 4600  loss 3.0430  skip 0.50  lr 1.43e-04  depth_std 34.0361
2026-07-30 08:31:43,685 step 4650  loss 0.5811  skip 0.50  lr 1.40e-04  depth_std 1.3043
2026-07-30 08:32:16,917 step 4700  loss 2.7605  skip 0.50  lr 1.37e-04  depth_std 13.7673
2026-07-30 08:32:50,198 step 4750  loss 1.1604  skip 0.50  lr 1.33e-04  depth_std 2.6543
2026-07-30 08:33:23,667 step 4800  loss 0.7513  skip 0.50  lr 1.30e-04  depth_std 7.9566
2026-07-30 08:33:56,845 step 4850  loss 3.2874  skip 0.50  lr 1.27e-04  depth_std 17.0621
2026-07-30 08:34:30,245 step 4900  loss 0.6514  skip 0.50  lr 1.23e-04  depth_std 5.4200
2026-07-30 08:35:03,512 step 4950  loss 1.0403  skip 0.50  lr 1.20e-04  depth_std 25.9242
2026-07-30 08:35:36,747 step 5000  loss 1.0413  skip 0.50  lr 1.17e-04  depth_std 9.6796
2026-07-30 08:36:10,053 step 5050  loss 0.3790  skip 0.50  lr 1.13e-04  depth_std 1.5477
2026-07-30 08:36:43,381 step 5100  loss 1.6625  skip 0.50  lr 1.10e-04  depth_std 10.8512
2026-07-30 08:37:16,589 step 5150  loss 1.1116  skip 0.50  lr 1.07e-04  depth_std 23.8647
2026-07-30 08:37:50,111 step 5200  loss 0.7525  skip 0.50  lr 1.04e-04  depth_std 9.1360
2026-07-30 08:38:23,409 step 5250  loss 0.5543  skip 0.50  lr 1.00e-04  depth_std 5.1642
2026-07-30 08:38:56,857 step 5300  loss 2.5017  skip 0.50  lr 9.73e-05  depth_std 12.0402
2026-07-30 08:39:30,223 step 5350  loss 2.2730  skip 0.50  lr 9.42e-05  depth_std 28.9126
2026-07-30 08:40:03,724 step 5400  loss 0.7957  skip 0.50  lr 9.10e-05  depth_std 21.4650
2026-07-30 08:40:37,180 step 5450  loss 1.1006  skip 0.50  lr 8.80e-05  depth_std 1.5081
2026-07-30 08:41:10,548 step 5500  loss 1.0601  skip 0.50  lr 8.49e-05  depth_std 32.0010
2026-07-30 08:41:44,076 step 5550  loss 0.9902  skip 0.50  lr 8.19e-05  depth_std 15.9931
2026-07-30 08:42:17,647 step 5600  loss 0.8533  skip 0.50  lr 7.89e-05  depth_std 18.6180
2026-07-30 08:42:50,962 step 5650  loss 1.0695  skip 0.50  lr 7.60e-05  depth_std 3.3647
2026-07-30 08:43:24,144 step 5700  loss 0.6307  skip 0.50  lr 7.31e-05  depth_std 33.9535
2026-07-30 08:43:57,496 step 5750  loss 0.3688  skip 0.50  lr 7.02e-05  depth_std 1.7312
2026-07-30 08:44:30,838 step 5800  loss 1.5648  skip 0.50  lr 6.74e-05  depth_std 12.6752
2026-07-30 08:45:04,099 step 5850  loss 0.9405  skip 0.50  lr 6.46e-05  depth_std 27.4431
2026-07-30 08:45:37,434 step 5900  loss 1.7077  skip 0.50  lr 6.18e-05  depth_std 4.8926
2026-07-30 08:46:10,844 step 5950  loss 0.5088  skip 0.50  lr 5.91e-05  depth_std 4.6910
2026-07-30 08:46:44,378 step 6000  loss 1.3978  skip 0.50  lr 5.65e-05  depth_std 11.9761
2026-07-30 08:47:17,843 step 6050  loss 1.7201  skip 0.50  lr 5.39e-05  depth_std 7.5357
2026-07-30 08:47:51,149 step 6100  loss 0.4081  skip 0.50  lr 5.13e-05  depth_std 1.4630
2026-07-30 08:48:24,389 step 6150  loss 0.6327  skip 0.50  lr 4.88e-05  depth_std 6.5482
2026-07-30 08:48:57,759 step 6200  loss 0.6085  skip 0.50  lr 4.63e-05  depth_std 4.7320
2026-07-30 08:49:31,212 step 6250  loss 1.4568  skip 0.50  lr 4.39e-05  depth_std 23.3543
2026-07-30 08:50:04,654 step 6300  loss 1.0269  skip 0.50  lr 4.16e-05  depth_std 2.4576
2026-07-30 08:50:38,019 step 6350  loss 0.4570  skip 0.50  lr 3.93e-05  depth_std 6.3132
2026-07-30 08:51:11,465 step 6400  loss 1.4280  skip 0.50  lr 3.70e-05  depth_std 24.1385
2026-07-30 08:51:44,902 step 6450  loss 2.2436  skip 0.50  lr 3.49e-05  depth_std 7.7812
2026-07-30 08:52:18,269 step 6500  loss 1.1571  skip 0.50  lr 3.27e-05  depth_std 15.5572
2026-07-30 08:52:51,780 step 6550  loss 1.0793  skip 0.50  lr 3.07e-05  depth_std 25.4998
2026-07-30 08:53:25,268 step 6600  loss 1.6550  skip 0.50  lr 2.86e-05  depth_std 35.3188
2026-07-30 08:53:58,635 step 6650  loss 1.0469  skip 0.50  lr 2.67e-05  depth_std 30.1546
2026-07-30 08:54:31,888 step 6700  loss 0.7758  skip 0.50  lr 2.48e-05  depth_std 25.1789
2026-07-30 08:55:05,402 step 6750  loss 1.2324  skip 0.50  lr 2.30e-05  depth_std 15.6660
2026-07-30 08:55:38,757 step 6800  loss 0.3576  skip 0.50  lr 2.12e-05  depth_std 5.0637
2026-07-30 08:56:12,140 step 6850  loss 0.8176  skip 0.50  lr 1.95e-05  depth_std 11.5869
2026-07-30 08:56:45,483 step 6900  loss 0.6289  skip 0.50  lr 1.79e-05  depth_std 5.2611
2026-07-30 08:57:18,956 step 6950  loss 0.9866  skip 0.50  lr 1.63e-05  depth_std 29.4745
2026-07-30 08:57:52,379 step 7000  loss 0.5576  skip 0.50  lr 1.49e-05  depth_std 1.9690
2026-07-30 08:58:25,895 step 7050  loss 1.1437  skip 0.50  lr 1.34e-05  depth_std 2.2520
2026-07-30 08:58:59,356 step 7100  loss 1.4545  skip 0.50  lr 1.21e-05  depth_std 21.6048
2026-07-30 08:59:32,663 step 7150  loss 0.6283  skip 0.50  lr 1.08e-05  depth_std 1.8328
2026-07-30 09:00:06,062 step 7200  loss 0.7063  skip 0.50  lr 9.56e-06  depth_std 24.6785
2026-07-30 09:00:39,538 step 7250  loss 1.0037  skip 0.50  lr 8.42e-06  depth_std 14.5650
2026-07-30 09:01:12,880 step 7300  loss 1.5790  skip 0.50  lr 7.34e-06  depth_std 19.6629
2026-07-30 09:01:46,217 step 7350  loss 1.1679  skip 0.50  lr 6.34e-06  depth_std 24.9470
2026-07-30 09:02:19,585 step 7400  loss 0.9361  skip 0.50  lr 5.41e-06  depth_std 5.5706
2026-07-30 09:02:53,027 step 7450  loss 1.2043  skip 0.50  lr 4.55e-06  depth_std 11.9987
2026-07-30 09:03:26,406 step 7500  loss 1.4569  skip 0.50  lr 3.76e-06  depth_std 5.7496
2026-07-30 09:03:59,693 step 7550  loss 1.0150  skip 0.50  lr 3.05e-06  depth_std 9.8152
2026-07-30 09:04:32,899 step 7600  loss 1.9232  skip 0.50  lr 2.41e-06  depth_std 30.4454
2026-07-30 09:05:06,349 step 7650  loss 1.5335  skip 0.50  lr 1.85e-06  depth_std 13.2159
2026-07-30 09:05:39,786 step 7700  loss 0.5745  skip 0.50  lr 1.36e-06  depth_std 2.5006
2026-07-30 09:06:13,258 step 7750  loss 1.9070  skip 0.50  lr 9.43e-07  depth_std 26.3633
2026-07-30 09:06:46,669 step 7800  loss 1.9298  skip 0.50  lr 6.04e-07  depth_std 3.3388
2026-07-30 09:07:20,093 step 7850  loss 0.8283  skip 0.50  lr 3.40e-07  depth_std 5.1114
2026-07-30 09:07:53,428 step 7900  loss 0.5304  skip 0.50  lr 1.51e-07  depth_std 6.4143
2026-07-30 09:08:26,943 step 7950  loss 0.5303  skip 0.50  lr 3.78e-08  depth_std 1.8683
2026-07-30 09:08:59,791 saved -> work_dirs/t0-seed1-bin0.2/latest.pt
