2026-09-05 23:23:20,477 work dir: work_dirs/qt-balanced-s0  commit 3675d792
2026-09-05 23:23:22,010 HTTP Request: HEAD https://huggingface.co/depth-anything/Depth-Anything-V2-Small-hf/resolve/main/config.json "HTTP/1.1 307 Temporary Redirect"
2026-09-05 23:23:22,011 Warning: You are sending unauthenticated requests to the HF Hub. Please set a HF_TOKEN to enable higher rate limits and faster downloads.
2026-09-05 23:23:22,189 HTTP Request: HEAD https://huggingface.co/api/resolve-cache/models/depth-anything/Depth-Anything-V2-Small-hf/5426e4f0f36572d16453bbda7a8389317b1bef99/config.json "HTTP/1.1 200 OK"
2026-09-05 23:23:22,917 HTTP Request: HEAD https://huggingface.co/depth-anything/Depth-Anything-V2-Small-hf/resolve/main/config.json "HTTP/1.1 307 Temporary Redirect"
2026-09-05 23:23:23,098 HTTP Request: HEAD https://huggingface.co/api/resolve-cache/models/depth-anything/Depth-Anything-V2-Small-hf/5426e4f0f36572d16453bbda7a8389317b1bef99/config.json "HTTP/1.1 200 OK"
2026-09-05 23:23:23,161 trainable 1.207M of 25.99M
2026-09-05 23:23:23,247 mixed dataset: 13197 clips from 2 sources
2026-09-05 23:23:23,975 step      0  loss 1.9662  median 3.33 m
2026-09-05 23:23:30,526 step     50  loss 2.1319  median 3.30 m
2026-09-05 23:23:37,078 step    100  loss 0.4276  median 3.12 m
2026-09-05 23:23:43,635 step    150  loss 0.8925  median 2.48 m
2026-09-05 23:23:50,192 step    200  loss 0.6248  median 1.93 m
2026-09-05 23:23:56,749 step    250  loss 0.8613  median 2.14 m
2026-09-05 23:24:03,309 step    300  loss 0.8559  median 2.13 m
2026-09-05 23:24:09,865 step    350  loss 0.5916  median 2.33 m
2026-09-05 23:24:16,420 step    400  loss 0.6092  median 2.40 m
2026-09-05 23:24:22,975 step    450  loss 0.7543  median 2.63 m
2026-09-05 23:24:29,533 step    500  loss 0.5829  median 2.51 m
2026-09-05 23:24:36,090 step    550  loss 0.4303  median 2.30 m
2026-09-05 23:24:42,648 step    600  loss 0.5013  median 2.04 m
2026-09-05 23:24:49,203 step    650  loss 0.5841  median 2.74 m
2026-09-05 23:24:55,761 step    700  loss 0.5724  median 2.54 m
2026-09-05 23:25:02,316 step    750  loss 0.7726  median 2.56 m
2026-09-05 23:25:08,875 step    800  loss 0.8237  median 2.72 m
2026-09-05 23:25:15,431 step    850  loss 0.6610  median 2.67 m
2026-09-05 23:25:21,988 step    900  loss 0.7585  median 2.53 m
2026-09-05 23:25:28,546 step    950  loss 0.6108  median 2.47 m
2026-09-05 23:25:35,106 step   1000  loss 1.2363  median 2.83 m
2026-09-05 23:25:41,665 step   1050  loss 0.5198  median 2.06 m
2026-09-05 23:25:48,222 step   1100  loss 0.5750  median 2.33 m
2026-09-05 23:25:54,780 step   1150  loss 0.5600  median 2.19 m
2026-09-05 23:26:01,341 step   1200  loss 0.5431  median 1.85 m
2026-09-05 23:26:07,898 step   1250  loss 0.9491  median 2.93 m
2026-09-05 23:26:14,457 step   1300  loss 0.4895  median 2.33 m
2026-09-05 23:26:21,014 step   1350  loss 0.9150  median 2.95 m
2026-09-05 23:26:27,576 step   1400  loss 1.1922  median 2.44 m
2026-09-05 23:26:34,133 step   1450  loss 0.9450  median 1.90 m
2026-09-05 23:26:40,693 step   1500  loss 0.6792  median 2.59 m
2026-09-05 23:26:47,251 step   1550  loss 0.8637  median 2.25 m
2026-09-05 23:26:53,810 step   1600  loss 0.8238  median 2.27 m
2026-09-05 23:27:00,366 step   1650  loss 0.6193  median 2.61 m
2026-09-05 23:27:06,923 step   1700  loss 0.5318  median 2.69 m
2026-09-05 23:27:13,477 step   1750  loss 0.4227  median 2.87 m
2026-09-05 23:27:20,037 step   1800  loss 1.1033  median 2.50 m
2026-09-05 23:27:26,595 step   1850  loss 0.5911  median 2.52 m
2026-09-05 23:27:33,151 step   1900  loss 0.5986  median 2.51 m
2026-09-05 23:27:39,707 step   1950  loss 0.9179  median 2.07 m
2026-09-05 23:27:46,266 step   2000  loss 0.5504  median 3.04 m
2026-09-05 23:27:52,822 step   2050  loss 0.6275  median 2.52 m
2026-09-05 23:27:59,379 step   2100  loss 0.5764  median 2.35 m
2026-09-05 23:28:05,936 step   2150  loss 0.7442  median 3.09 m
2026-09-05 23:28:12,495 step   2200  loss 0.6121  median 2.62 m
2026-09-05 23:28:19,050 step   2250  loss 0.5876  median 2.77 m
2026-09-05 23:28:25,608 step   2300  loss 0.4368  median 2.19 m
2026-09-05 23:28:32,165 step   2350  loss 0.3790  median 2.76 m
2026-09-05 23:28:38,721 step   2400  loss 0.4666  median 2.89 m
2026-09-05 23:28:45,279 step   2450  loss 0.5227  median 2.51 m
2026-09-05 23:28:51,834 step   2500  loss 1.4510  median 2.14 m
2026-09-05 23:28:58,390 step   2550  loss 0.3101  median 1.81 m
2026-09-05 23:29:04,948 step   2600  loss 0.5311  median 2.62 m
2026-09-05 23:29:11,504 step   2650  loss 0.5375  median 2.65 m
2026-09-05 23:29:18,064 step   2700  loss 0.7681  median 1.80 m
2026-09-05 23:29:24,620 step   2750  loss 1.0046  median 2.12 m
2026-09-05 23:29:31,176 step   2800  loss 0.9672  median 2.67 m
2026-09-05 23:29:37,733 step   2850  loss 0.4493  median 3.10 m
2026-09-05 23:29:44,291 step   2900  loss 0.4878  median 2.43 m
2026-09-05 23:29:50,850 step   2950  loss 0.5449  median 2.73 m
2026-09-05 23:29:57,408 step   3000  loss 0.5111  median 2.91 m
2026-09-05 23:30:03,966 step   3050  loss 0.2819  median 1.93 m
2026-09-05 23:30:10,526 step   3100  loss 0.4594  median 3.18 m
2026-09-05 23:30:17,085 step   3150  loss 0.4861  median 1.95 m
2026-09-05 23:30:23,645 step   3200  loss 0.5134  median 2.22 m
2026-09-05 23:30:30,204 step   3250  loss 0.5564  median 2.50 m
2026-09-05 23:30:36,770 step   3300  loss 0.5830  median 2.02 m
2026-09-05 23:30:43,329 step   3350  loss 0.3935  median 2.17 m
2026-09-05 23:30:49,888 step   3400  loss 0.5320  median 2.91 m
2026-09-05 23:30:56,447 step   3450  loss 0.4423  median 2.98 m
2026-09-05 23:31:03,009 step   3500  loss 0.5464  median 2.82 m
2026-09-05 23:31:09,567 step   3550  loss 0.6533  median 2.79 m
2026-09-05 23:31:16,129 step   3600  loss 0.7040  median 2.96 m
2026-09-05 23:31:22,693 step   3650  loss 0.6162  median 3.18 m
2026-09-05 23:31:29,262 step   3700  loss 0.5168  median 2.39 m
2026-09-05 23:31:35,827 step   3750  loss 0.6463  median 2.72 m
2026-09-05 23:31:42,391 step   3800  loss 0.5670  median 2.44 m
2026-09-05 23:31:48,957 step   3850  loss 0.5008  median 2.90 m
2026-09-05 23:31:55,524 step   3900  loss 0.6988  median 2.37 m
2026-09-05 23:32:02,090 step   3950  loss 0.5810  median 2.14 m
2026-09-05 23:32:08,579 saved -> work_dirs/qt-balanced-s0/latest.pt
