2026-08-29 16:47:28,901 work dir: work_dirs/d1-boundary-long-s0  seed 0  commit 1d4d01a6
2026-08-29 16:47:29,333 partial init from work_dirs/v11-longclip-spread-s0/latest.pt: 7 new tensors kept at init, 0 checkpoint tensors unused
2026-08-29 16:47:30,167 mixed dataset: 208720 clips from 5 sources (size 256)
2026-08-29 16:47:32,219 step    0  loss 2.8215  skip 0.00  lr 2.00e-07  depth_std 28.4354
2026-08-29 16:48:17,823 step   50  loss 2.1549  skip 0.00  lr 1.02e-05  depth_std 11.2282
2026-08-29 16:49:10,572 step  100  loss 2.8000  skip 0.01  lr 2.02e-05  depth_std 42.5776
2026-08-29 16:50:03,514 step  150  loss 5.1263  skip 0.01  lr 3.02e-05  depth_std 1.7187
2026-08-29 16:50:56,647 step  200  loss 6.7206  skip 0.02  lr 4.02e-05  depth_std 11.5550
2026-08-29 16:51:49,654 step  250  loss 3.7655  skip 0.02  lr 5.02e-05  depth_std 6.1771
2026-08-29 16:52:42,889 step  300  loss 1.7595  skip 0.03  lr 6.02e-05  depth_std 14.3984
2026-08-29 16:53:36,098 step  350  loss 1.7481  skip 0.03  lr 7.02e-05  depth_std 10.8175
2026-08-29 16:54:29,152 step  400  loss 3.6430  skip 0.03  lr 8.02e-05  depth_std 16.9681
2026-08-29 16:55:22,189 step  450  loss 2.2401  skip 0.04  lr 9.02e-05  depth_std 8.5393
2026-08-29 16:56:15,293 step  500  loss 3.1393  skip 0.04  lr 1.00e-04  depth_std 26.1817
2026-08-29 16:57:08,157 step  550  loss 2.9626  skip 0.05  lr 1.00e-04  depth_std 29.8961
2026-08-29 16:58:00,831 step  600  loss 2.4876  skip 0.05  lr 1.00e-04  depth_std 28.2472
2026-08-29 16:58:53,246 step  650  loss 3.6966  skip 0.05  lr 1.00e-04  depth_std 11.1475
2026-08-29 16:59:45,433 step  700  loss 2.5700  skip 0.06  lr 9.99e-05  depth_std 31.3140
2026-08-29 17:00:37,199 step  750  loss 2.3825  skip 0.06  lr 9.99e-05  depth_std 22.6463
2026-08-29 17:01:28,813 step  800  loss 1.9469  skip 0.07  lr 9.98e-05  depth_std 0.9921
2026-08-29 17:02:20,131 step  850  loss 1.4095  skip 0.07  lr 9.98e-05  depth_std 2.1908
2026-08-29 17:03:11,359 step  900  loss 1.0416  skip 0.07  lr 9.97e-05  depth_std 1.5138
2026-08-29 17:04:02,448 step  950  loss 3.9263  skip 0.08  lr 9.96e-05  depth_std 14.2874
2026-08-29 17:04:53,410 step 1000  loss 8.3653  skip 0.08  lr 9.95e-05  depth_std 30.8042
2026-08-29 17:05:44,253 step 1050  loss 2.5900  skip 0.09  lr 9.94e-05  depth_std 35.6853
2026-08-29 17:06:34,988 step 1100  loss 2.0114  skip 0.09  lr 9.93e-05  depth_std 22.9566
2026-08-29 17:07:25,589 step 1150  loss 2.6868  skip 0.10  lr 9.92e-05  depth_std 24.8609
2026-08-29 17:08:16,128 step 1200  loss 2.4516  skip 0.10  lr 9.91e-05  depth_std 9.2361
2026-08-29 17:09:06,741 step 1250  loss 2.1355  skip 0.10  lr 9.90e-05  depth_std 5.7268
2026-08-29 17:09:56,954 step 1300  loss 3.5250  skip 0.11  lr 9.88e-05  depth_std 14.8458
2026-08-29 17:10:47,032 step 1350  loss 1.8571  skip 0.11  lr 9.87e-05  depth_std 1.8779
2026-08-29 17:11:37,005 step 1400  loss 2.3018  skip 0.12  lr 9.85e-05  depth_std 15.9234
2026-08-29 17:12:26,702 step 1450  loss 3.0046  skip 0.12  lr 9.83e-05  depth_std 15.3673
2026-08-29 17:13:16,294 step 1500  loss 2.9709  skip 0.12  lr 9.81e-05  depth_std 1.9937
2026-08-29 17:14:05,697 step 1550  loss 3.6121  skip 0.13  lr 9.80e-05  depth_std 18.5332
2026-08-29 17:14:54,801 step 1600  loss 4.2195  skip 0.13  lr 9.78e-05  depth_std 17.5903
2026-08-29 17:15:43,850 step 1650  loss 1.5604  skip 0.14  lr 9.76e-05  depth_std 12.3512
2026-08-29 17:16:32,584 step 1700  loss 3.5049  skip 0.14  lr 9.73e-05  depth_std 8.0191
2026-08-29 17:17:21,260 step 1750  loss 3.8934  skip 0.15  lr 9.71e-05  depth_std 14.7445
2026-08-29 17:18:09,728 step 1800  loss 3.3377  skip 0.15  lr 9.69e-05  depth_std 27.7145
2026-08-29 17:18:58,186 step 1850  loss 3.3919  skip 0.15  lr 9.66e-05  depth_std 30.6683
2026-08-29 17:19:46,393 step 1900  loss 1.7781  skip 0.16  lr 9.64e-05  depth_std 1.9687
2026-08-29 17:20:34,565 step 1950  loss 2.8006  skip 0.16  lr 9.61e-05  depth_std 4.4228
2026-08-29 17:21:22,687 step 2000  loss 4.1771  skip 0.17  lr 9.59e-05  depth_std 16.9834
2026-08-29 17:22:10,477 step 2050  loss 2.3477  skip 0.17  lr 9.56e-05  depth_std 20.7390
2026-08-29 17:22:58,171 step 2100  loss 2.6351  skip 0.17  lr 9.53e-05  depth_std 18.9637
2026-08-29 17:23:45,741 step 2150  loss 1.5859  skip 0.18  lr 9.50e-05  depth_std 12.1097
2026-08-29 17:24:33,135 step 2200  loss 3.3146  skip 0.18  lr 9.47e-05  depth_std 38.7996
2026-08-29 17:25:20,337 step 2250  loss 1.4578  skip 0.19  lr 9.44e-05  depth_std 2.2550
2026-08-29 17:26:07,294 step 2300  loss 2.3100  skip 0.19  lr 9.41e-05  depth_std 32.7841
2026-08-29 17:26:54,082 step 2350  loss 2.8214  skip 0.20  lr 9.37e-05  depth_std 28.3588
2026-08-29 17:27:40,752 step 2400  loss 8.1901  skip 0.20  lr 9.34e-05  depth_std 31.6662
2026-08-29 17:28:27,215 step 2450  loss 5.9066  skip 0.20  lr 9.31e-05  depth_std 22.2095
2026-08-29 17:29:13,595 step 2500  loss 2.2614  skip 0.21  lr 9.27e-05  depth_std 10.4534
2026-08-29 17:29:59,611 step 2550  loss 1.6663  skip 0.21  lr 9.24e-05  depth_std 37.1567
2026-08-29 17:30:45,812 step 2600  loss 7.5686  skip 0.22  lr 9.20e-05  depth_std 2.4230
2026-08-29 17:31:31,699 step 2650  loss 2.2509  skip 0.22  lr 9.16e-05  depth_std 5.1271
2026-08-29 17:32:17,369 step 2700  loss 1.6077  skip 0.23  lr 9.12e-05  depth_std 2.7828
2026-08-29 17:33:02,944 step 2750  loss 1.3943  skip 0.23  lr 9.08e-05  depth_std 9.6033
2026-08-29 17:33:48,411 step 2800  loss 1.7689  skip 0.23  lr 9.05e-05  depth_std 14.3044
2026-08-29 17:34:33,585 step 2850  loss 3.6371  skip 0.24  lr 9.00e-05  depth_std 5.7198
2026-08-29 17:35:18,554 step 2900  loss 3.1261  skip 0.24  lr 8.96e-05  depth_std 13.8099
2026-08-29 17:36:03,547 step 2950  loss 3.7767  skip 0.25  lr 8.92e-05  depth_std 40.0183
2026-08-29 17:36:48,296 step 3000  loss 3.1314  skip 0.25  lr 8.88e-05  depth_std 0.9400
2026-08-29 17:37:32,769 step 3050  loss 2.7276  skip 0.25  lr 8.84e-05  depth_std 8.8373
2026-08-29 17:38:17,106 step 3100  loss 5.8895  skip 0.26  lr 8.79e-05  depth_std 35.0829
2026-08-29 17:39:01,176 step 3150  loss 2.9274  skip 0.26  lr 8.75e-05  depth_std 2.9138
2026-08-29 17:39:45,282 step 3200  loss 1.9148  skip 0.27  lr 8.70e-05  depth_std 4.5779
2026-08-29 17:40:29,228 step 3250  loss 2.2730  skip 0.27  lr 8.65e-05  depth_std 8.6256
2026-08-29 17:41:12,868 step 3300  loss 2.7173  skip 0.28  lr 8.61e-05  depth_std 26.5064
2026-08-29 17:41:56,369 step 3350  loss 2.4661  skip 0.28  lr 8.56e-05  depth_std 28.2254
2026-08-29 17:42:39,792 step 3400  loss 1.8944  skip 0.28  lr 8.51e-05  depth_std 15.3002
2026-08-29 17:43:23,106 step 3450  loss 1.1789  skip 0.29  lr 8.46e-05  depth_std 4.6310
2026-08-29 17:44:06,492 step 3500  loss 2.5013  skip 0.29  lr 8.41e-05  depth_std 1.4992
2026-08-29 17:44:50,046 step 3550  loss 5.1412  skip 0.30  lr 8.36e-05  depth_std 28.2150
2026-08-29 17:45:33,096 step 3600  loss 2.3999  skip 0.30  lr 8.31e-05  depth_std 35.7705
2026-08-29 17:46:15,922 step 3650  loss 2.8766  skip 0.30  lr 8.26e-05  depth_std 1.8425
2026-08-29 17:46:58,723 step 3700  loss 3.3371  skip 0.31  lr 8.21e-05  depth_std 28.3243
2026-08-29 17:47:41,455 step 3750  loss 3.3496  skip 0.31  lr 8.16e-05  depth_std 37.8599
2026-08-29 17:48:23,832 step 3800  loss 1.7404  skip 0.32  lr 8.10e-05  depth_std 2.7386
2026-08-29 17:49:06,089 step 3850  loss 2.0068  skip 0.32  lr 8.05e-05  depth_std 30.5724
2026-08-29 17:49:48,218 step 3900  loss 3.8134  skip 0.33  lr 7.99e-05  depth_std 16.0284
2026-08-29 17:50:30,238 step 3950  loss 3.1805  skip 0.33  lr 7.94e-05  depth_std 34.9641
2026-08-29 17:51:12,324 step 4000  loss 1.0147  skip 0.33  lr 7.88e-05  depth_std 1.9168
2026-08-29 17:51:54,324 step 4050  loss 2.3239  skip 0.34  lr 7.83e-05  depth_std 8.1393
2026-08-29 17:52:36,254 step 4100  loss 2.8483  skip 0.34  lr 7.77e-05  depth_std 6.8530
2026-08-29 17:53:20,068 step 4150  loss 2.1383  skip 0.35  lr 7.71e-05  depth_std 3.2429
2026-08-29 17:54:03,120 step 4200  loss 4.9046  skip 0.35  lr 7.66e-05  depth_std 33.5520
2026-08-29 17:54:45,248 step 4250  loss 1.0394  skip 0.35  lr 7.60e-05  depth_std 6.2706
2026-08-29 17:55:26,095 step 4300  loss 3.1722  skip 0.36  lr 7.54e-05  depth_std 1.8899
2026-08-29 17:56:06,762 step 4350  loss 2.5075  skip 0.36  lr 7.48e-05  depth_std 5.0500
2026-08-29 17:56:47,130 step 4400  loss 5.6334  skip 0.37  lr 7.42e-05  depth_std 1.9487
2026-08-29 17:57:27,260 step 4450  loss 1.5249  skip 0.37  lr 7.36e-05  depth_std 36.6435
2026-08-29 17:58:07,248 step 4500  loss 5.7896  skip 0.38  lr 7.30e-05  depth_std 14.9303
2026-08-29 17:58:46,965 step 4550  loss 1.7779  skip 0.38  lr 7.24e-05  depth_std 14.0680
2026-08-29 17:59:26,552 step 4600  loss 4.8100  skip 0.38  lr 7.18e-05  depth_std 4.7378
2026-08-29 18:00:06,000 step 4650  loss 1.7534  skip 0.39  lr 7.12e-05  depth_std 4.4902
2026-08-29 18:00:45,340 step 4700  loss 1.3206  skip 0.39  lr 7.05e-05  depth_std 9.8198
2026-08-29 18:01:24,500 step 4750  loss 1.0049  skip 0.40  lr 6.99e-05  depth_std 7.5164
2026-08-29 18:02:03,391 step 4800  loss 3.3211  skip 0.40  lr 6.93e-05  depth_std 24.7601
2026-08-29 18:02:42,175 step 4850  loss 3.3497  skip 0.40  lr 6.87e-05  depth_std 32.0094
2026-08-29 18:03:20,814 step 4900  loss 2.6603  skip 0.41  lr 6.80e-05  depth_std 36.3088
2026-08-29 18:03:59,301 step 4950  loss 3.9071  skip 0.41  lr 6.74e-05  depth_std 2.8897
2026-08-29 18:04:37,595 step 5000  loss 2.6311  skip 0.42  lr 6.67e-05  depth_std 6.5371
2026-08-29 18:05:15,740 step 5050  loss 3.1200  skip 0.42  lr 6.61e-05  depth_std 3.1947
2026-08-29 18:05:53,731 step 5100  loss 1.6170  skip 0.42  lr 6.55e-05  depth_std 27.0404
2026-08-29 18:06:31,340 step 5150  loss 6.0640  skip 0.43  lr 6.48e-05  depth_std 17.8214
2026-08-29 18:07:08,931 step 5200  loss 1.1639  skip 0.43  lr 6.41e-05  depth_std 13.1505
2026-08-29 18:07:46,412 step 5250  loss 2.7221  skip 0.44  lr 6.35e-05  depth_std 5.4145
2026-08-29 18:08:23,677 step 5300  loss 1.7022  skip 0.44  lr 6.28e-05  depth_std 9.3111
2026-08-29 18:09:00,983 step 5350  loss 2.5729  skip 0.45  lr 6.22e-05  depth_std 28.6850
2026-08-29 18:09:37,992 step 5400  loss 2.5803  skip 0.45  lr 6.15e-05  depth_std 0.6725
2026-08-29 18:10:14,745 step 5450  loss 1.9250  skip 0.45  lr 6.08e-05  depth_std 6.6592
2026-08-29 18:10:51,510 step 5500  loss 2.6468  skip 0.46  lr 6.02e-05  depth_std 2.7151
2026-08-29 18:11:27,943 step 5550  loss 2.2288  skip 0.46  lr 5.95e-05  depth_std 28.5856
2026-08-29 18:12:04,119 step 5600  loss 1.3009  skip 0.47  lr 5.88e-05  depth_std 2.0426
2026-08-29 18:12:40,255 step 5650  loss 2.4366  skip 0.47  lr 5.82e-05  depth_std 41.5665
2026-08-29 18:13:16,212 step 5700  loss 4.1481  skip 0.47  lr 5.75e-05  depth_std 13.7060
2026-08-29 18:13:52,097 step 5750  loss 1.9014  skip 0.48  lr 5.68e-05  depth_std 31.6788
2026-08-29 18:14:27,713 step 5800  loss 1.8381  skip 0.48  lr 5.61e-05  depth_std 11.4918
2026-08-29 18:15:03,293 step 5850  loss 3.7705  skip 0.49  lr 5.55e-05  depth_std 25.8094
2026-08-29 18:15:38,645 step 5900  loss 2.7441  skip 0.49  lr 5.48e-05  depth_std 45.7736
2026-08-29 18:16:13,757 step 5950  loss 2.5162  skip 0.50  lr 5.41e-05  depth_std 2.0520
2026-08-29 18:16:48,760 step 6000  loss 1.2059  skip 0.50  lr 5.34e-05  depth_std 2.3863
2026-08-29 18:17:23,687 step 6050  loss 2.4938  skip 0.50  lr 5.27e-05  depth_std 30.0957
2026-08-29 18:17:58,631 step 6100  loss 2.5377  skip 0.50  lr 5.20e-05  depth_std 3.5343
2026-08-29 18:18:33,606 step 6150  loss 0.9232  skip 0.50  lr 5.14e-05  depth_std 1.7276
2026-08-29 18:19:08,484 step 6200  loss 2.3938  skip 0.50  lr 5.07e-05  depth_std 34.9837
2026-08-29 18:19:43,481 step 6250  loss 1.9663  skip 0.50  lr 5.00e-05  depth_std 6.5786
2026-08-29 18:20:18,286 step 6300  loss 4.1752  skip 0.50  lr 4.93e-05  depth_std 15.6652
2026-08-29 18:20:53,287 step 6350  loss 2.9027  skip 0.50  lr 4.86e-05  depth_std 9.5608
2026-08-29 18:21:28,293 step 6400  loss 2.8664  skip 0.50  lr 4.80e-05  depth_std 46.8135
2026-08-29 18:22:03,100 step 6450  loss 1.4080  skip 0.50  lr 4.73e-05  depth_std 10.3577
2026-08-29 18:22:38,142 step 6500  loss 3.0015  skip 0.50  lr 4.66e-05  depth_std 28.7651
2026-08-29 18:23:13,092 step 6550  loss 2.2140  skip 0.50  lr 4.59e-05  depth_std 31.4445
2026-08-29 18:23:47,934 step 6600  loss 2.4995  skip 0.50  lr 4.52e-05  depth_std 32.1143
2026-08-29 18:24:22,712 step 6650  loss 1.5885  skip 0.50  lr 4.45e-05  depth_std 7.7882
2026-08-29 18:24:57,570 step 6700  loss 1.2117  skip 0.50  lr 4.39e-05  depth_std 19.0432
2026-08-29 18:25:32,417 step 6750  loss 1.8821  skip 0.50  lr 4.32e-05  depth_std 19.4739
2026-08-29 18:26:07,346 step 6800  loss 0.7451  skip 0.50  lr 4.25e-05  depth_std 1.8576
2026-08-29 18:26:42,114 step 6850  loss 3.0583  skip 0.50  lr 4.18e-05  depth_std 21.7989
2026-08-29 18:27:16,937 step 6900  loss 3.0481  skip 0.50  lr 4.12e-05  depth_std 33.3232
2026-08-29 18:27:52,035 step 6950  loss 2.1399  skip 0.50  lr 4.05e-05  depth_std 11.0970
2026-08-29 18:28:26,914 step 7000  loss 1.1902  skip 0.50  lr 3.98e-05  depth_std 2.3587
2026-08-29 18:29:01,854 step 7050  loss 3.0825  skip 0.50  lr 3.92e-05  depth_std 2.3555
2026-08-29 18:29:36,792 step 7100  loss 2.4001  skip 0.50  lr 3.85e-05  depth_std 20.9375
2026-08-29 18:30:11,716 step 7150  loss 3.1226  skip 0.50  lr 3.78e-05  depth_std 23.2288
2026-08-29 18:30:46,658 step 7200  loss 3.2242  skip 0.50  lr 3.72e-05  depth_std 2.0983
2026-08-29 18:31:21,547 step 7250  loss 1.4544  skip 0.50  lr 3.65e-05  depth_std 20.7278
2026-08-29 18:31:56,643 step 7300  loss 2.5579  skip 0.50  lr 3.59e-05  depth_std 2.3465
2026-08-29 18:32:31,454 step 7350  loss 5.5565  skip 0.50  lr 3.52e-05  depth_std 19.4808
2026-08-29 18:33:06,392 step 7400  loss 2.5071  skip 0.50  lr 3.45e-05  depth_std 15.9672
2026-08-29 18:33:41,275 step 7450  loss 2.2707  skip 0.50  lr 3.39e-05  depth_std 15.9087
2026-08-29 18:34:16,177 step 7500  loss 1.8593  skip 0.50  lr 3.33e-05  depth_std 26.0006
2026-08-29 18:34:51,139 step 7550  loss 2.3779  skip 0.50  lr 3.26e-05  depth_std 25.2564
2026-08-29 18:35:25,905 step 7600  loss 2.8527  skip 0.50  lr 3.20e-05  depth_std 11.0537
2026-08-29 18:36:00,797 step 7650  loss 2.5089  skip 0.50  lr 3.13e-05  depth_std 7.5445
2026-08-29 18:36:35,672 step 7700  loss 1.6374  skip 0.50  lr 3.07e-05  depth_std 5.9581
2026-08-29 18:37:10,511 step 7750  loss 2.0209  skip 0.50  lr 3.01e-05  depth_std 33.9408
2026-08-29 18:37:45,452 step 7800  loss 1.8279  skip 0.50  lr 2.95e-05  depth_std 7.3335
2026-08-29 18:38:20,221 step 7850  loss 3.7449  skip 0.50  lr 2.88e-05  depth_std 15.4360
2026-08-29 18:38:55,126 step 7900  loss 2.7130  skip 0.50  lr 2.82e-05  depth_std 37.2124
2026-08-29 18:39:30,081 step 7950  loss 1.7465  skip 0.50  lr 2.76e-05  depth_std 8.6826
2026-08-29 18:40:05,023 step 8000  loss 3.3556  skip 0.50  lr 2.70e-05  depth_std 42.6156
2026-08-29 18:40:40,045 step 8050  loss 3.3265  skip 0.50  lr 2.64e-05  depth_std 33.9051
2026-08-29 18:41:14,851 step 8100  loss 3.8665  skip 0.50  lr 2.58e-05  depth_std 9.1945
2026-08-29 18:41:49,702 step 8150  loss 2.8718  skip 0.50  lr 2.52e-05  depth_std 25.4888
2026-08-29 18:42:24,550 step 8200  loss 3.3637  skip 0.50  lr 2.46e-05  depth_std 9.8402
2026-08-29 18:42:59,532 step 8250  loss 0.7830  skip 0.50  lr 2.40e-05  depth_std 1.2968
2026-08-29 18:43:34,412 step 8300  loss 2.8083  skip 0.50  lr 2.34e-05  depth_std 33.2569
2026-08-29 18:44:09,312 step 8350  loss 5.5831  skip 0.50  lr 2.29e-05  depth_std 10.7672
2026-08-29 18:44:44,171 step 8400  loss 0.9951  skip 0.50  lr 2.23e-05  depth_std 1.1992
2026-08-29 18:45:19,021 step 8450  loss 2.0202  skip 0.50  lr 2.17e-05  depth_std 11.2464
2026-08-29 18:45:53,747 step 8500  loss 2.3587  skip 0.50  lr 2.12e-05  depth_std 1.5285
2026-08-29 18:46:28,671 step 8550  loss 0.8996  skip 0.50  lr 2.06e-05  depth_std 1.6150
2026-08-29 18:47:03,669 step 8600  loss 2.5022  skip 0.50  lr 2.01e-05  depth_std 2.9208
2026-08-29 18:47:38,681 step 8650  loss 5.0324  skip 0.50  lr 1.95e-05  depth_std 9.1492
2026-08-29 18:48:13,542 step 8700  loss 2.2983  skip 0.50  lr 1.90e-05  depth_std 19.8165
2026-08-29 18:48:48,373 step 8750  loss 2.9407  skip 0.50  lr 1.84e-05  depth_std 36.6010
2026-08-29 18:49:23,318 step 8800  loss 1.8083  skip 0.50  lr 1.79e-05  depth_std 27.1346
2026-08-29 18:49:58,208 step 8850  loss 2.2086  skip 0.50  lr 1.74e-05  depth_std 30.6947
2026-08-29 18:50:33,066 step 8900  loss 4.5675  skip 0.50  lr 1.69e-05  depth_std 11.2162
2026-08-29 18:51:07,864 step 8950  loss 5.2197  skip 0.50  lr 1.64e-05  depth_std 34.8802
2026-08-29 18:51:42,713 step 9000  loss 3.3547  skip 0.50  lr 1.59e-05  depth_std 38.6888
2026-08-29 18:52:17,629 step 9050  loss 1.3798  skip 0.50  lr 1.54e-05  depth_std 0.9598
2026-08-29 18:52:52,504 step 9100  loss 2.7942  skip 0.50  lr 1.49e-05  depth_std 6.0560
2026-08-29 18:53:27,420 step 9150  loss 2.5292  skip 0.50  lr 1.44e-05  depth_std 10.8869
2026-08-29 18:54:02,574 step 9200  loss 3.2789  skip 0.50  lr 1.39e-05  depth_std 20.4447
2026-08-29 18:54:37,509 step 9250  loss 1.0427  skip 0.50  lr 1.35e-05  depth_std 1.3664
2026-08-29 18:55:12,400 step 9300  loss 2.0846  skip 0.50  lr 1.30e-05  depth_std 26.2419
2026-08-29 18:55:47,327 step 9350  loss 2.4447  skip 0.50  lr 1.25e-05  depth_std 1.7687
2026-08-29 18:56:22,243 step 9400  loss 3.5001  skip 0.50  lr 1.21e-05  depth_std 2.4965
2026-08-29 18:56:57,046 step 9450  loss 1.8175  skip 0.50  lr 1.16e-05  depth_std 27.5379
2026-08-29 18:57:31,890 step 9500  loss 2.5310  skip 0.50  lr 1.12e-05  depth_std 40.7846
2026-08-29 18:58:06,763 step 9550  loss 2.4886  skip 0.50  lr 1.08e-05  depth_std 25.8109
2026-08-29 18:58:41,723 step 9600  loss 4.8998  skip 0.50  lr 1.04e-05  depth_std 20.6095
2026-08-29 18:59:16,553 step 9650  loss 1.2037  skip 0.50  lr 9.95e-06  depth_std 1.7650
2026-08-29 18:59:51,534 step 9700  loss 0.8523  skip 0.50  lr 9.55e-06  depth_std 1.8088
2026-08-29 19:00:26,554 step 9750  loss 1.2076  skip 0.50  lr 9.15e-06  depth_std 2.3931
2026-08-29 19:01:01,527 step 9800  loss 4.1380  skip 0.50  lr 8.76e-06  depth_std 15.7986
2026-08-29 19:01:36,429 step 9850  loss 2.5959  skip 0.50  lr 8.38e-06  depth_std 26.1873
2026-08-29 19:02:11,124 step 9900  loss 2.7195  skip 0.50  lr 8.00e-06  depth_std 12.4998
2026-08-29 19:02:46,023 step 9950  loss 3.5016  skip 0.50  lr 7.64e-06  depth_std 29.9095
2026-08-29 19:03:21,047 step 10000  loss 2.7857  skip 0.50  lr 7.28e-06  depth_std 9.2438
2026-08-29 19:03:55,964 step 10050  loss 0.8422  skip 0.50  lr 6.93e-06  depth_std 1.7643
2026-08-29 19:04:30,901 step 10100  loss 2.4922  skip 0.50  lr 6.59e-06  depth_std 25.4462
2026-08-29 19:05:05,773 step 10150  loss 1.5766  skip 0.50  lr 6.25e-06  depth_std 1.6862
2026-08-29 19:05:40,641 step 10200  loss 1.6824  skip 0.50  lr 5.92e-06  depth_std 27.0775
2026-08-29 19:06:15,471 step 10250  loss 3.5101  skip 0.50  lr 5.61e-06  depth_std 2.9607
2026-08-29 19:06:50,429 step 10300  loss 1.9546  skip 0.50  lr 5.30e-06  depth_std 9.6680
2026-08-29 19:07:25,113 step 10350  loss 2.4589  skip 0.50  lr 4.99e-06  depth_std 5.5090
2026-08-29 19:07:59,956 step 10400  loss 4.7586  skip 0.50  lr 4.70e-06  depth_std 24.2109
2026-08-29 19:08:34,765 step 10450  loss 1.6614  skip 0.50  lr 4.42e-06  depth_std 43.1087
2026-08-29 19:09:09,786 step 10500  loss 1.7831  skip 0.50  lr 4.14e-06  depth_std 2.9913
2026-08-29 19:09:44,665 step 10550  loss 4.1457  skip 0.50  lr 3.87e-06  depth_std 31.0533
2026-08-29 19:10:19,504 step 10600  loss 2.4003  skip 0.50  lr 3.61e-06  depth_std 7.4570
2026-08-29 19:10:54,507 step 10650  loss 1.8961  skip 0.50  lr 3.36e-06  depth_std 36.4247
2026-08-29 19:11:29,408 step 10700  loss 1.7815  skip 0.50  lr 3.12e-06  depth_std 15.0866
2026-08-29 19:12:04,281 step 10750  loss 2.1186  skip 0.50  lr 2.89e-06  depth_std 1.8866
2026-08-29 19:12:39,266 step 10800  loss 2.8737  skip 0.50  lr 2.66e-06  depth_std 5.4747
2026-08-29 19:13:14,319 step 10850  loss 1.5092  skip 0.50  lr 2.45e-06  depth_std 2.2295
2026-08-29 19:13:49,227 step 10900  loss 1.0349  skip 0.50  lr 2.24e-06  depth_std 2.1101
2026-08-29 19:14:24,140 step 10950  loss 2.4759  skip 0.50  lr 2.04e-06  depth_std 7.0234
2026-08-29 19:14:59,005 step 11000  loss 2.5105  skip 0.50  lr 1.85e-06  depth_std 20.3036
2026-08-29 19:15:34,081 step 11050  loss 1.3198  skip 0.50  lr 1.67e-06  depth_std 25.2963
2026-08-29 19:16:09,063 step 11100  loss 1.8513  skip 0.50  lr 1.50e-06  depth_std 31.1957
2026-08-29 19:16:44,042 step 11150  loss 2.1789  skip 0.50  lr 1.34e-06  depth_std 8.2660
2026-08-29 19:17:19,019 step 11200  loss 2.2490  skip 0.50  lr 1.19e-06  depth_std 34.0947
2026-08-29 19:17:53,951 step 11250  loss 2.2586  skip 0.50  lr 1.05e-06  depth_std 6.3454
2026-08-29 19:18:28,859 step 11300  loss 1.3100  skip 0.50  lr 9.11e-07  depth_std 5.5707
2026-08-29 19:19:03,803 step 11350  loss 2.3839  skip 0.50  lr 7.86e-07  depth_std 44.8486
2026-08-29 19:19:38,610 step 11400  loss 1.7243  skip 0.50  lr 6.70e-07  depth_std 3.9109
2026-08-29 19:20:13,484 step 11450  loss 5.3556  skip 0.50  lr 5.63e-07  depth_std 6.6601
2026-08-29 19:20:48,657 step 11500  loss 6.2136  skip 0.50  lr 4.66e-07  depth_std 38.8471
2026-08-29 19:21:23,755 step 11550  loss 2.9463  skip 0.50  lr 3.77e-07  depth_std 4.0159
2026-08-29 19:21:58,732 step 11600  loss 1.6900  skip 0.50  lr 2.98e-07  depth_std 35.6539
2026-08-29 19:22:33,623 step 11650  loss 3.4344  skip 0.50  lr 2.28e-07  depth_std 16.2408
2026-08-29 19:23:08,591 step 11700  loss 3.2899  skip 0.50  lr 1.68e-07  depth_std 10.8556
2026-08-29 19:23:43,550 step 11750  loss 2.0704  skip 0.50  lr 1.17e-07  depth_std 11.0097
2026-08-29 19:24:18,553 step 11800  loss 2.7370  skip 0.50  lr 7.46e-08  depth_std 9.8658
2026-08-29 19:24:53,422 step 11850  loss 2.7447  skip 0.50  lr 4.20e-08  depth_std 14.6226
2026-08-29 19:25:28,363 step 11900  loss 4.9753  skip 0.50  lr 1.87e-08  depth_std 11.8596
2026-08-29 19:26:03,259 step 11950  loss 1.6431  skip 0.50  lr 4.66e-09  depth_std 14.4608
2026-08-29 19:26:37,733 saved -> work_dirs/d1-boundary-long-s0/latest.pt
