2026-08-20 20:50:01,918 work dir: work_dirs/v11-longclip-spread-s1  seed 1  commit 8a6307d4
2026-08-20 20:50:02,349 partial init from work_dirs/v10-longclip/latest.pt: 1 new tensors kept at init, 0 checkpoint tensors unused
2026-08-20 20:50:03,215 mixed dataset: 205650 clips from 5 sources (size 256)
2026-08-20 20:50:09,341 step    0  loss 0.6451  skip 0.00  lr 3.00e-07  depth_std 0.5816
2026-08-20 20:52:51,420 step   50  loss 1.6048  skip 0.01  lr 1.53e-05  depth_std 22.6449
2026-08-20 20:56:11,337 step  100  loss 2.4754  skip 0.01  lr 3.03e-05  depth_std 10.3103
2026-08-20 20:59:29,629 step  150  loss 2.1525  skip 0.02  lr 4.53e-05  depth_std 3.6268
2026-08-20 21:02:42,832 step  200  loss 1.6798  skip 0.03  lr 6.03e-05  depth_std 0.5629
2026-08-20 21:05:55,141 step  250  loss 1.8090  skip 0.03  lr 7.53e-05  depth_std 2.1537
2026-08-20 21:09:06,772 step  300  loss 2.3626  skip 0.04  lr 9.03e-05  depth_std 19.2990
2026-08-20 21:12:18,385 step  350  loss 0.5655  skip 0.04  lr 1.05e-04  depth_std 1.8701
2026-08-20 21:15:27,664 step  400  loss 2.1068  skip 0.05  lr 1.20e-04  depth_std 27.8519
2026-08-20 21:18:35,566 step  450  loss 1.0069  skip 0.06  lr 1.35e-04  depth_std 2.4512
2026-08-20 21:21:42,288 step  500  loss 1.6042  skip 0.06  lr 1.50e-04  depth_std 14.1597
2026-08-20 21:24:47,055 step  550  loss 13.8999  skip 0.07  lr 1.65e-04  depth_std 4.7757
2026-08-20 21:27:50,394 step  600  loss 1.6346  skip 0.07  lr 1.80e-04  depth_std 3.2460
2026-08-20 21:30:53,474 step  650  loss 3.2783  skip 0.08  lr 1.95e-04  depth_std 25.8687
2026-08-20 21:33:55,910 step  700  loss 3.4759  skip 0.09  lr 2.10e-04  depth_std 1.0045
2026-08-20 21:36:57,740 step  750  loss 2.8467  skip 0.09  lr 2.25e-04  depth_std 4.8576
2026-08-20 21:39:58,977 step  800  loss 2.6981  skip 0.10  lr 2.40e-04  depth_std 6.4293
2026-08-20 21:43:00,103 step  850  loss 2.3707  skip 0.11  lr 2.55e-04  depth_std 1.9207
2026-08-20 21:45:59,521 step  900  loss 3.7660  skip 0.11  lr 2.70e-04  depth_std 46.1352
2026-08-20 21:48:57,807 step  950  loss 0.8377  skip 0.12  lr 2.85e-04  depth_std 1.2295
2026-08-20 21:51:55,057 step 1000  loss 1.8739  skip 0.12  lr 3.00e-04  depth_std 2.0643
2026-08-20 21:54:51,429 step 1050  loss 3.3646  skip 0.13  lr 3.00e-04  depth_std 45.9268
2026-08-20 21:57:45,903 step 1100  loss 2.6618  skip 0.14  lr 3.00e-04  depth_std 30.7254
2026-08-20 22:00:39,826 step 1150  loss 1.3338  skip 0.14  lr 3.00e-04  depth_std 53.6418
2026-08-20 22:03:32,658 step 1200  loss 2.7492  skip 0.15  lr 2.99e-04  depth_std 24.5624
2026-08-20 22:06:24,580 step 1250  loss 4.9665  skip 0.16  lr 2.99e-04  depth_std 22.5321
2026-08-20 22:09:15,653 step 1300  loss 1.8511  skip 0.16  lr 2.99e-04  depth_std 39.3172
2026-08-20 22:12:06,341 step 1350  loss 3.1870  skip 0.17  lr 2.98e-04  depth_std 10.4861
2026-08-20 22:14:55,305 step 1400  loss 0.5819  skip 0.17  lr 2.98e-04  depth_std 2.2459
2026-08-20 22:17:42,981 step 1450  loss 1.4234  skip 0.18  lr 2.97e-04  depth_std 0.9232
2026-08-20 22:20:29,705 step 1500  loss 0.8065  skip 0.19  lr 2.96e-04  depth_std 4.5763
2026-08-20 22:23:15,287 step 1550  loss 2.0916  skip 0.19  lr 2.95e-04  depth_std 2.2694
2026-08-20 22:25:59,940 step 1600  loss 1.2746  skip 0.20  lr 2.95e-04  depth_std 1.6160
2026-08-20 22:28:43,701 step 1650  loss 1.6124  skip 0.21  lr 2.94e-04  depth_std 2.1014
2026-08-20 22:31:26,271 step 1700  loss 2.6239  skip 0.21  lr 2.93e-04  depth_std 2.1218
2026-08-20 22:34:08,450 step 1750  loss 5.6294  skip 0.22  lr 2.92e-04  depth_std 47.9737
2026-08-20 22:36:49,692 step 1800  loss 1.2332  skip 0.23  lr 2.90e-04  depth_std 0.9032
2026-08-20 22:39:29,656 step 1850  loss 1.8852  skip 0.23  lr 2.89e-04  depth_std 38.3537
2026-08-20 22:42:09,766 step 1900  loss 0.9015  skip 0.24  lr 2.88e-04  depth_std 0.5046
2026-08-20 22:44:47,644 step 1950  loss 2.1100  skip 0.24  lr 2.87e-04  depth_std 1.0336
2026-08-20 22:47:24,824 step 2000  loss 8.8990  skip 0.25  lr 2.85e-04  depth_std 19.0894
2026-08-20 22:50:00,998 step 2050  loss 3.5731  skip 0.26  lr 2.84e-04  depth_std 43.3961
2026-08-20 22:52:36,091 step 2100  loss 2.0085  skip 0.26  lr 2.82e-04  depth_std 23.6137
2026-08-20 22:55:10,544 step 2150  loss 2.5171  skip 0.27  lr 2.80e-04  depth_std 5.5090
2026-08-20 22:57:43,449 step 2200  loss 1.0893  skip 0.28  lr 2.79e-04  depth_std 0.3992
2026-08-20 23:00:15,592 step 2250  loss 1.1772  skip 0.28  lr 2.77e-04  depth_std 14.4730
2026-08-20 23:02:46,743 step 2300  loss 1.0074  skip 0.29  lr 2.75e-04  depth_std 0.5138
2026-08-20 23:05:16,833 step 2350  loss 1.8540  skip 0.29  lr 2.73e-04  depth_std 20.8051
2026-08-20 23:07:45,945 step 2400  loss 0.5198  skip 0.30  lr 2.71e-04  depth_std 0.6757
2026-08-20 23:10:14,144 step 2450  loss 1.0105  skip 0.31  lr 2.69e-04  depth_std 1.8945
2026-08-20 23:12:41,199 step 2500  loss 1.1404  skip 0.31  lr 2.67e-04  depth_std 3.7336
2026-08-20 23:15:07,259 step 2550  loss 2.3974  skip 0.32  lr 2.65e-04  depth_std 5.1697
2026-08-20 23:17:32,265 step 2600  loss 2.9403  skip 0.33  lr 2.63e-04  depth_std 36.4696
2026-08-20 23:19:56,057 step 2650  loss 3.6043  skip 0.33  lr 2.61e-04  depth_std 0.7434
2026-08-20 23:22:18,957 step 2700  loss 2.4862  skip 0.34  lr 2.58e-04  depth_std 1.6384
2026-08-20 23:24:40,956 step 2750  loss 0.5651  skip 0.34  lr 2.56e-04  depth_std 2.4641
2026-08-20 23:27:01,966 step 2800  loss 0.5950  skip 0.35  lr 2.54e-04  depth_std 1.0403
2026-08-20 23:29:22,010 step 2850  loss 3.1783  skip 0.36  lr 2.51e-04  depth_std 4.6940
2026-08-20 23:31:42,013 step 2900  loss 2.3679  skip 0.36  lr 2.49e-04  depth_std 6.2657
2026-08-20 23:33:59,963 step 2950  loss 5.3650  skip 0.37  lr 2.46e-04  depth_std 18.7324
2026-08-20 23:36:16,990 step 3000  loss 0.9589  skip 0.38  lr 2.44e-04  depth_std 3.0194
2026-08-20 23:38:32,821 step 3050  loss 2.7255  skip 0.38  lr 2.41e-04  depth_std 7.4840
2026-08-20 23:40:47,762 step 3100  loss 3.4686  skip 0.39  lr 2.38e-04  depth_std 15.4010
2026-08-20 23:43:01,662 step 3150  loss 1.8000  skip 0.39  lr 2.35e-04  depth_std 2.3973
2026-08-20 23:45:14,522 step 3200  loss 0.7306  skip 0.40  lr 2.33e-04  depth_std 1.6576
2026-08-20 23:47:26,715 step 3250  loss 5.5856  skip 0.41  lr 2.30e-04  depth_std 4.3902
2026-08-20 23:49:37,142 step 3300  loss 0.8408  skip 0.41  lr 2.27e-04  depth_std 2.1875
2026-08-20 23:51:46,249 step 3350  loss 0.9344  skip 0.42  lr 2.24e-04  depth_std 0.4788
2026-08-20 23:53:54,057 step 3400  loss 2.6948  skip 0.42  lr 2.21e-04  depth_std 0.8329
2026-08-20 23:56:01,261 step 3450  loss 1.2187  skip 0.43  lr 2.18e-04  depth_std 1.3384
2026-08-20 23:58:07,214 step 3500  loss 3.1037  skip 0.44  lr 2.15e-04  depth_std 23.4701
2026-08-21 00:00:12,723 step 3550  loss 2.2417  skip 0.44  lr 2.12e-04  depth_std 8.5484
2026-08-21 00:02:16,533 step 3600  loss 2.2089  skip 0.45  lr 2.09e-04  depth_std 14.8258
2026-08-21 00:04:19,542 step 3650  loss 2.0107  skip 0.46  lr 2.06e-04  depth_std 22.7834
2026-08-21 00:06:21,907 step 3700  loss 3.4896  skip 0.46  lr 2.03e-04  depth_std 40.3414
2026-08-21 00:08:23,192 step 3750  loss 5.6519  skip 0.47  lr 2.00e-04  depth_std 33.7418
2026-08-21 00:10:23,743 step 3800  loss 5.8115  skip 0.47  lr 1.96e-04  depth_std 14.0904
2026-08-21 00:12:23,026 step 3850  loss 5.0385  skip 0.48  lr 1.93e-04  depth_std 11.7983
2026-08-21 00:14:21,399 step 3900  loss 0.5378  skip 0.49  lr 1.90e-04  depth_std 2.2954
2026-08-21 00:16:18,871 step 3950  loss 1.0278  skip 0.49  lr 1.87e-04  depth_std 1.3313
2026-08-21 00:18:15,412 step 4000  loss 2.2531  skip 0.50  lr 1.83e-04  depth_std 5.7899
2026-08-21 00:20:11,281 step 4050  loss 8.0096  skip 0.50  lr 1.80e-04  depth_std 17.0573
2026-08-21 00:22:07,275 step 4100  loss 1.7900  skip 0.50  lr 1.77e-04  depth_std 9.2538
2026-08-21 00:24:03,115 step 4150  loss 2.3526  skip 0.50  lr 1.73e-04  depth_std 45.8615
2026-08-21 00:25:58,356 step 4200  loss 1.0872  skip 0.50  lr 1.70e-04  depth_std 1.5996
2026-08-21 00:27:54,225 step 4250  loss 2.9977  skip 0.50  lr 1.67e-04  depth_std 8.2910
2026-08-21 00:29:49,671 step 4300  loss 2.0743  skip 0.50  lr 1.63e-04  depth_std 6.7874
2026-08-21 00:31:46,060 step 4350  loss 1.6728  skip 0.50  lr 1.60e-04  depth_std 2.1249
2026-08-21 00:33:41,682 step 4400  loss 1.6631  skip 0.50  lr 1.57e-04  depth_std 12.4972
2026-08-21 00:35:37,342 step 4450  loss 2.2925  skip 0.50  lr 1.53e-04  depth_std 1.0534
2026-08-21 00:37:33,060 step 4500  loss 0.5917  skip 0.50  lr 1.50e-04  depth_std 2.1341
2026-08-21 00:39:28,719 step 4550  loss 4.6042  skip 0.50  lr 1.47e-04  depth_std 7.4908
2026-08-21 00:41:24,125 step 4600  loss 1.8508  skip 0.50  lr 1.43e-04  depth_std 8.8161
2026-08-21 00:43:19,686 step 4650  loss 2.5587  skip 0.50  lr 1.40e-04  depth_std 5.6629
2026-08-21 00:45:15,167 step 4700  loss 1.8456  skip 0.50  lr 1.37e-04  depth_std 0.9727
2026-08-21 00:47:10,611 step 4750  loss 1.3795  skip 0.50  lr 1.33e-04  depth_std 1.8077
2026-08-21 00:49:06,383 step 4800  loss 2.6855  skip 0.50  lr 1.30e-04  depth_std 1.9694
2026-08-21 00:51:01,792 step 4850  loss 4.6513  skip 0.50  lr 1.27e-04  depth_std 6.6051
2026-08-21 00:52:57,332 step 4900  loss 1.3028  skip 0.50  lr 1.23e-04  depth_std 21.7456
2026-08-21 00:54:52,849 step 4950  loss 1.2859  skip 0.50  lr 1.20e-04  depth_std 3.3989
2026-08-21 00:56:48,077 step 5000  loss 3.0279  skip 0.50  lr 1.17e-04  depth_std 3.6561
2026-08-21 00:58:43,681 step 5050  loss 2.1950  skip 0.50  lr 1.13e-04  depth_std 3.5155
2026-08-21 01:00:39,636 step 5100  loss 1.5591  skip 0.50  lr 1.10e-04  depth_std 2.2759
2026-08-21 01:02:34,876 step 5150  loss 3.4184  skip 0.50  lr 1.07e-04  depth_std 10.3595
2026-08-21 01:04:30,674 step 5200  loss 0.8090  skip 0.50  lr 1.04e-04  depth_std 1.6404
2026-08-21 01:06:26,019 step 5250  loss 1.3429  skip 0.50  lr 1.00e-04  depth_std 0.3563
2026-08-21 01:08:21,319 step 5300  loss 2.9569  skip 0.50  lr 9.73e-05  depth_std 8.0554
2026-08-21 01:10:16,775 step 5350  loss 1.7899  skip 0.50  lr 9.42e-05  depth_std 45.0865
2026-08-21 01:12:12,101 step 5400  loss 1.9709  skip 0.50  lr 9.10e-05  depth_std 9.2572
2026-08-21 01:14:07,279 step 5450  loss 1.6017  skip 0.50  lr 8.80e-05  depth_std 2.0468
2026-08-21 01:16:03,924 step 5500  loss 2.1380  skip 0.50  lr 8.49e-05  depth_std 7.7194
2026-08-21 01:18:00,834 step 5550  loss 4.5699  skip 0.50  lr 8.19e-05  depth_std 3.0767
2026-08-21 01:19:56,789 step 5600  loss 3.7776  skip 0.50  lr 7.89e-05  depth_std 42.5706
2026-08-21 01:21:52,481 step 5650  loss 1.8694  skip 0.50  lr 7.60e-05  depth_std 9.0634
2026-08-21 01:23:48,020 step 5700  loss 0.4977  skip 0.50  lr 7.31e-05  depth_std 1.6553
2026-08-21 01:25:43,962 step 5750  loss 2.2858  skip 0.50  lr 7.02e-05  depth_std 40.8903
2026-08-21 01:27:41,817 step 5800  loss 3.9603  skip 0.50  lr 6.74e-05  depth_std 32.8768
2026-08-21 01:29:38,628 step 5850  loss 1.3069  skip 0.50  lr 6.46e-05  depth_std 0.7523
2026-08-21 01:31:34,431 step 5900  loss 5.4132  skip 0.50  lr 6.18e-05  depth_std 4.8468
2026-08-21 01:33:29,748 step 5950  loss 4.6909  skip 0.50  lr 5.91e-05  depth_std 2.8029
2026-08-21 01:35:25,228 step 6000  loss 1.8827  skip 0.50  lr 5.65e-05  depth_std 2.2492
2026-08-21 01:37:20,357 step 6050  loss 3.3986  skip 0.50  lr 5.39e-05  depth_std 44.1449
2026-08-21 01:39:15,894 step 6100  loss 3.7959  skip 0.50  lr 5.13e-05  depth_std 4.9510
2026-08-21 01:41:11,081 step 6150  loss 1.9956  skip 0.50  lr 4.88e-05  depth_std 25.3880
2026-08-21 01:43:11,434 step 6200  loss 2.2609  skip 0.50  lr 4.63e-05  depth_std 2.6055
2026-08-21 01:45:19,059 step 6250  loss 3.0455  skip 0.50  lr 4.39e-05  depth_std 8.4175
2026-08-21 01:47:27,142 step 6300  loss 3.1759  skip 0.50  lr 4.16e-05  depth_std 7.4976
2026-08-21 01:49:34,730 step 6350  loss 3.0099  skip 0.50  lr 3.93e-05  depth_std 42.4474
2026-08-21 01:51:42,718 step 6400  loss 3.0862  skip 0.50  lr 3.70e-05  depth_std 9.6206
2026-08-21 01:53:52,173 step 6450  loss 2.9404  skip 0.50  lr 3.49e-05  depth_std 46.8470
2026-08-21 01:56:06,861 step 6500  loss 0.5345  skip 0.50  lr 3.27e-05  depth_std 2.1224
2026-08-21 01:58:43,544 step 6550  loss 2.4561  skip 0.50  lr 3.07e-05  depth_std 46.7423
2026-08-21 02:01:21,523 step 6600  loss 1.3122  skip 0.50  lr 2.86e-05  depth_std 9.3138
2026-08-21 02:03:45,774 step 6650  loss 3.4528  skip 0.50  lr 2.67e-05  depth_std 2.5021
2026-08-21 02:05:53,639 step 6700  loss 2.1418  skip 0.50  lr 2.48e-05  depth_std 10.1215
2026-08-21 02:07:48,957 step 6750  loss 3.1679  skip 0.50  lr 2.30e-05  depth_std 43.0607
2026-08-21 02:09:44,273 step 6800  loss 0.4599  skip 0.50  lr 2.12e-05  depth_std 1.4751
2026-08-21 02:11:39,436 step 6850  loss 1.3223  skip 0.50  lr 1.95e-05  depth_std 1.4472
2026-08-21 02:13:34,275 step 6900  loss 1.0297  skip 0.50  lr 1.79e-05  depth_std 1.1726
2026-08-21 02:15:29,537 step 6950  loss 1.3183  skip 0.50  lr 1.63e-05  depth_std 10.1551
2026-08-21 02:17:24,520 step 7000  loss 0.6079  skip 0.50  lr 1.49e-05  depth_std 1.9597
2026-08-21 02:19:19,611 step 7050  loss 1.4236  skip 0.50  lr 1.34e-05  depth_std 19.8566
2026-08-21 02:21:15,238 step 7100  loss 1.9124  skip 0.50  lr 1.21e-05  depth_std 8.8363
2026-08-21 02:23:11,214 step 7150  loss 3.2387  skip 0.50  lr 1.08e-05  depth_std 7.0062
2026-08-21 02:25:06,995 step 7200  loss 2.1285  skip 0.50  lr 9.56e-06  depth_std 1.0311
2026-08-21 02:27:03,781 step 7250  loss 8.6625  skip 0.50  lr 8.42e-06  depth_std 33.3913
2026-08-21 02:29:00,126 step 7300  loss 3.3190  skip 0.50  lr 7.34e-06  depth_std 47.9127
2026-08-21 02:30:55,758 step 7350  loss 0.7600  skip 0.50  lr 6.34e-06  depth_std 5.3651
2026-08-21 02:32:51,534 step 7400  loss 1.9130  skip 0.50  lr 5.41e-06  depth_std 46.9460
2026-08-21 02:34:47,568 step 7450  loss 2.8909  skip 0.50  lr 4.55e-06  depth_std 6.5361
2026-08-21 02:36:43,382 step 7500  loss 0.6563  skip 0.50  lr 3.76e-06  depth_std 1.3270
2026-08-21 02:38:39,046 step 7550  loss 0.7317  skip 0.50  lr 3.05e-06  depth_std 1.9081
2026-08-21 02:40:34,511 step 7600  loss 2.3039  skip 0.50  lr 2.41e-06  depth_std 18.1819
2026-08-21 02:42:30,173 step 7650  loss 1.0544  skip 0.50  lr 1.85e-06  depth_std 3.5238
2026-08-21 02:44:25,955 step 7700  loss 2.5115  skip 0.50  lr 1.36e-06  depth_std 37.8885
2026-08-21 02:46:21,849 step 7750  loss 2.5246  skip 0.50  lr 9.43e-07  depth_std 5.2683
2026-08-21 02:48:17,613 step 7800  loss 0.8860  skip 0.50  lr 6.04e-07  depth_std 7.4906
2026-08-21 02:50:12,786 step 7850  loss 5.9252  skip 0.50  lr 3.40e-07  depth_std 14.7968
2026-08-21 02:52:08,416 step 7900  loss 1.9423  skip 0.50  lr 1.51e-07  depth_std 32.2976
2026-08-21 02:54:03,978 step 7950  loss 1.3519  skip 0.50  lr 3.78e-08  depth_std 14.2049
2026-08-21 02:55:57,521 saved -> work_dirs/v11-longclip-spread-s1/latest.pt
